--------- beginning of main
09-13 21:47:39.405  1721  1721 D SecPowerUI.Notification: showChargingNotice oldChargingType : 11 / currentChargingType : 11, oldChargingTime : 179000 / mChargingTime : 179000
09-13 21:47:39.405  1721  1721 D SecPowerUI.Notification: There is no change about charging status, so return!
09-13 21:47:39.721  1203  3220 D SemWifiUsabilityStatsMonitor: onWifiUsabilityStats - seqNum 413, isSameBssidAndFreq true
09-13 21:47:39.721  1203  1616 I SemWifiLinkQualityMonitor: Link Qos Query: 0,015 ms / 543,085 Mbps (866 / 0,005 / 1,000)
09-13 21:47:39.722  1721  1721 D NetworkController.WifiSignalController: notifyListener: visible=true, connected=true, inetCondition=1, isDefault=true, wifiTestReported=true, receivedInetCondition=-1, hideDuringMobileSwitching=false
09-13 21:47:39.722  1721  1833 D Tile.WifiTile: handleUpdateState isTransient=false transientEnabling =false cb.isTransient=false state.state = 2 mStateBeforeClick.value =false enabled =true
09-13 21:47:39.746   875   981 I VSyncReactor: Current= 60, TransitioningTo= 60, Distance= 60
09-13 21:47:40.117 19798 19981 I MeariIotController: meariIot---------------------Response:
09-13 21:47:40.933  1203  1614 I SemWifiServiceDetector: Traff. tracking started
--------- beginning of system
09-13 21:47:40.948  1782  1782 I wpa_supplicant: Heartbeat 2151
09-13 21:47:41.343  4145  5152 I SDHMS:D : SIOP:: AP:318 BAT:284 USB:292 CHG:304 PA:-777 CP:307 WIFI:309 SKIN:303 SKINF:303 SKINB:296 LRP:303 LRF:303 LRB:296 BLRF:303 BLRB:296 
09-13 21:47:41.424  1203  1571 W DeviceStorageMonitorService: updateBroadcasts(/data) oldLevel:0, newLevel:0, seq:1
09-13 21:47:41.425  1203  1571 D DeviceStorageMonitorService: Available File Node Number is [13029191]
09-13 21:47:41.425  1203  1571 W DeviceStorageMonitorService: updateBroadcasts_filenode(/data) fn_oldLevel:0, fn_newLevel:0, seq:1
09-13 21:47:41.434  1203  1614 D SemNscXgbMsL1: Probability - Cloud gaming: [0.04415229]
09-13 21:47:41.434  1203  1614 D SemNscXgbMsL1: Probability - Real time: [0.10864212]
09-13 21:47:41.434  1203  1614 D SemNscXgbMsL1: Probability - Non real time: [0.915227]
09-13 21:47:41.434  1203  1614 D SemNscXgbMsL1: 1 sample inference time: 0.24 msecs
09-13 21:47:41.434  1203  1614 D SemNscXgbL2Rt: L2 RT 1 sample inference time: 0.317616 msecs
09-13 21:47:41.435  1203  1614 D SemNscXgbL2Nrt: L2 NRT 1 sample inference time: 0.198231 msecs
09-13 21:47:41.936  1203  1614 D SemNscXgbMsL1: Probability - Cloud gaming: [0.04415229]
09-13 21:47:41.936  1203  1614 D SemNscXgbMsL1: Probability - Real time: [0.10864212]
09-13 21:47:41.936  1203  1614 D SemNscXgbMsL1: Probability - Non real time: [0.915227]
09-13 21:47:41.936  1203  1614 D SemNscXgbMsL1: 1 sample inference time: 0.248462 msecs
09-13 21:47:41.936  1203  1614 D SemNscXgbL2Rt: L2 RT 1 sample inference time: 0.315077 msecs
09-13 21:47:41.936  1203  1614 D SemNscXgbL2Nrt: L2 NRT 1 sample inference time: 0.204115 msecs
09-13 21:47:42.437  1203  1614 D SemNscXgbMsL1: Probability - Cloud gaming: [0.04415229]
09-13 21:47:42.437  1203  1614 D SemNscXgbMsL1: Probability - Real time: [0.10864212]
09-13 21:47:42.437  1203  1614 D SemNscXgbMsL1: Probability - Non real time: [0.915227]
09-13 21:47:42.437  1203  1614 D SemNscXgbMsL1: 1 sample inference time: 0.237769 msecs
09-13 21:47:42.438  1203  1614 D SemNscXgbL2Rt: L2 RT 1 sample inference time: 0.352346 msecs
09-13 21:47:42.438  1203  1614 D SemNscXgbL2Nrt: L2 NRT 1 sample inference time: 0.233115 msecs
09-13 21:47:42.803  1203  3220 D SemWifiUsabilityStatsMonitor: onWifiUsabilityStats - seqNum 414, isSameBssidAndFreq true
09-13 21:47:42.804  1203  1616 I SemWifiLinkQualityMonitor: Link Qos Query: 0,018 ms / 435,238 Mbps (866 / 0,009 / 1,000)
09-13 21:47:42.939  1203  1614 D SemNscXgbMsL1: Probability - Cloud gaming: [0.04415229]
09-13 21:47:42.939  1203  1614 D SemNscXgbMsL1: Probability - Real time: [0.10864212]
09-13 21:47:42.939  1203  1614 D SemNscXgbMsL1: Probability - Non real time: [0.915227]
09-13 21:47:42.939  1203  1614 D SemNscXgbMsL1: 1 sample inference time: 0.230231 msecs
09-13 21:47:42.939  1203  1614 D SemNscXgbL2Rt: L2 RT 1 sample inference time: 0.322692 msecs
09-13 21:47:42.939  1203  1614 D SemNscXgbL2Nrt: L2 NRT 1 sample inference time: 0.195154 msecs
09-13 21:47:43.440  1203  1614 D SemNscXgbMsL1: Probability - Cloud gaming: [0.03088493]
09-13 21:47:43.440  1203  1614 D SemNscXgbMsL1: Probability - Real time: [0.089442216]
09-13 21:47:43.440  1203  1614 D SemNscXgbMsL1: Probability - Non real time: [0.90073115]
09-13 21:47:43.440  1203  1614 D SemNscXgbMsL1: 1 sample inference time: 0.255231 msecs
09-13 21:47:43.440  1203  1614 D SemNscXgbL2Rt: L2 RT 1 sample inference time: 0.350538 msecs
09-13 21:47:43.440  1203  1614 D SemNscXgbL2Nrt: L2 NRT 1 sample inference time: 0.2025 msecs
09-13 21:47:43.883  1203  1515 D InputReader: Btn_touch(2): value=1 when=21719.010211
09-13 21:47:43.884  1203  1515 I InputReader: Touch event's action is 0x0 (id=6, t=0) [pCnt=1, s=0.216 ] when=21719.010211
09-13 21:47:43.884  1203  1514 I InputDispatcher: Delivering touch to (1721): action: 0x4, f=0x0, d=0, '60c90e4', t=1 
09-13 21:47:43.884  1203  1514 I InputDispatcher: Delivering touch to (3339): action: 0x0, f=0x0, d=0, '38fb6f6', t=1 *(0.75)
09-13 21:47:43.884  1203  1514 D PowerManagerService: [api] userActivityFromNative :  (event: 2 flags: 0 displayId: 0) eventTime = 21719010
09-13 21:47:43.884  3339  3339 I ViewRootImpl@600473e[GalaxyFinderActivity]: ViewPostIme pointer 0
09-13 21:47:43.885  1203  1284 I GestureDetector: obtain mCurrentDownEvent. id: 736965555 caller: com.android.server.wm.SystemGesturesPointerEventListener.onPointerEvent:203 com.android.server.wm.PointerEventDispatcher.onInputEvent:53 android.view.InputEventReceiver.dispatchInputEvent:285 
09-13 21:47:43.885  1203  1284 I GestureDetector: obtain mCurrentDownEvent. id: 736965555 caller: com.android.server.wm.SystemPerformancePointerEventListener.onPointerEvent:89 com.android.server.wm.PointerEventDispatcher.onInputEvent:53 android.view.InputEventReceiver.dispatchInputEvent:285 
09-13 21:47:43.885  1203  1514 D PowerManagerService: UserActivityStateListenerState: 1
09-13 21:47:43.908  1203  1284 I GestureDetector: obtain mCurrentMotionEventRaw. action: 2 id: 118874375
09-13 21:47:43.908  1203  1284 I GestureDetector: obtain mCurrentMotionEventRaw. action: 2 id: 118874375
09-13 21:47:43.914   875   981 I VSyncReactor: Current= 60, TransitioningTo= 60, Distance= 60
09-13 21:47:43.937  1203  1614 I SemWifiServiceDetector: Traff. tracking stopped
09-13 21:47:43.939   549   549 D io_stats: !@   8,0 r 3146037 46904992 w 539291 3982060 d 248719 2758440 f 0 0 iot 553236 0 th 0 0 0 pt 0 inp 0 0 21719.066
09-13 21:47:43.949  1203  1515 D InputReader: Btn_touch(2): value=0 when=21719.076120
09-13 21:47:43.949  1203  1515 I InputReader: Touch event's action is 0x1 (id=6, t=0) [pCnt=1, s=] when=21719.076120
09-13 21:47:43.949  1203  1514 I InputDispatcher: Delivering touch to (3339): action: 0x1, f=0x0, d=0, '38fb6f6', t=1 *(0.75)
09-13 21:47:43.951  3339  3339 I ViewRootImpl@600473e[GalaxyFinderActivity]: ViewPostIme pointer 1
09-13 21:47:43.966  1203  1754 D CompatibilityChangeReporter: Compat change id reported: 161252188; UID 10492; state: DISABLED
09-13 21:47:43.969  1203  3900 I InputMethodManagerService: isInputMethodShown: isShown=false
09-13 21:47:43.970  1203  3900 D ActivityTaskManager: startActivityAsUser: callingPid=3339, callingUid=10079, caller=com.android.server.wm.ActivityTaskManagerService.startActivityAsUser:1816 com.android.server.wm.ActivityTaskManagerService.startActivity:1767 android.app.IActivityTaskManager$Stub.onTransact:1244 com.android.server.wm.ActivityTaskManagerService.onTransact:6599 android.os.Binder.execTransactInternal:1316 android.os.Binder.execTransact:1280 <bottom of call stack> 
09-13 21:47:43.970  1203  3900 D ActivityTaskManager: SafeActivityOptions created, mOriginalCallingPid=3339, mOriginalCallingUid=10079, options=ActivityOptions(262290893), mPackageName=null, mAnimationType=-1, mStartX=0, mStartY=0, mWidth=0, mHeight=0, caller=com.android.server.wm.SafeActivityOptions.fromBundle:82 com.android.server.wm.ActivityStarter.setActivityOptions:4708 com.android.server.wm.ActivityTaskManagerService.startActivityAsUser:1941 com.android.server.wm.ActivityTaskManagerService.startActivityAsUser:1816 com.android.server.wm.ActivityTaskManagerService.startActivity:1767 android.app.IActivityTaskManager$Stub.onTransact:1244 com.android.server.wm.ActivityTaskManagerService.onTransact:6599 
09-13 21:47:43.970  1203  1286 I ChimeraSystemEventListener: appLaunchIntent package name is: org.cosmosmataro.skymap
09-13 21:47:43.971  1203  3900 I Pageboost: onAppLaunch : org.cosmosmataro.skymap
09-13 21:47:43.971  1203  1702 I Pageboost: Record App IO : org.cosmosmataro.skymap pid 0
09-13 21:47:43.971  1203  3900 I ActivityTaskManager: START u0 {act=android.intent.action.MAIN cat=[android.intent.category.LAUNCHER] flg=0x10000000 cmp=org.cosmosmataro.skymap/.activities.SplashScreenActivity (has extras)} from uid 10079
09-13 21:47:43.972  1203  3900 D ActivityTaskManager: TaskLaunchParamsModifier:task=null activity=ActivityRecord{c4ec193 u0 org.cosmosmataro.skymap/.activities.SplashScreenActivity} display-area-from-source=DefaultTaskDisplayArea@73658436 display-id=0 display-windowing-mode=1 suggested-display-area=DefaultTaskDisplayArea@73658436
09-13 21:47:43.972  1203  3900 D [secipm]: mSecIpmManager Preload org.cosmosmataro.skymap dex files
09-13 21:47:43.972  1203  3900 D ActivityTaskManager: TaskLaunchParamsModifier:task=null activity=ActivityRecord{c4ec193 u0 org.cosmosmataro.skymap/.activities.SplashScreenActivity} t-1} display-area-from-source=DefaultTaskDisplayArea@73658436 display-id=0 display-windowing-mode=1 suggested-display-area=DefaultTaskDisplayArea@73658436 inherit-from-source=fullscreen activity-options-fullscreen=Rect(0, 0 - 0, 0) non-freeform-display display-area=DefaultTaskDisplayArea@73658436 maximized-bounds
09-13 21:47:43.972  1203  2405 I SemDvfsHyPerManager: acquire hyper - AMS_APP_SWITCH/1203@22, type = -999
09-13 21:47:43.972   797   883 I HYPER-HAL: [RequestManager.cpp]acquire(): Acquired ID : 750947  [1203 / 22]    HINT : AMS_APP_SWITCH    list : 
09-13 21:47:43.972  1203 18963 D RemoteAppTaskWatcher:  ****** RemoteAppTaskWatcher: Message Received 0 Task ID = 3129
09-13 21:47:43.973   875  1029 I SurfaceFlinger: id=1557 createSurf flag=24004, Task=3129#1557
09-13 21:47:43.973   797   883 I HYPER-HAL: [ResourceManager.cpp]updateResource(): [CPUMinFreq] UpdateResource Request ID : 750947    Value : 2623359
09-13 21:47:43.973  1203  2405 D ActivityManagerPerformance: AMP_acquire() APP_SWITCH
09-13 21:47:43.974  4145  4145 I SemDvfsHyPerManager: acquire hyper - APP_START_SHORT/4145@12, type = -999
09-13 21:47:43.974  1203  3900 D ActivityTaskManager: TaskLaunchParamsModifier:task=Task{73565d0 #3129 type=standard A=10492:org.cosmosmataro.skymap U=0 visible=false visibleRequested=false mode=fullscreen translucent=true sz=0} activity=ActivityRecord{c4ec193 u0 org.cosmosmataro.skymap/.activities.SplashScreenActivity} t-1} display-area-from-source=DefaultTaskDisplayArea@73658436 display-id=0 display-windowing-mode=1 suggested-display-area=DefaultTaskDisplayArea@73658436 inherit-from-source=fullscreen activity-options-fullscreen=Rect(0, 0 - 0, 0) non-freeform-display display-area=DefaultTaskDisplayArea@73658436 maximized-bounds
09-13 21:47:43.975   875  1030 I SurfaceFlinger: id=1558 createSurf flag=80004, ActivityRecord{c4ec193 u0 org.cosmosmataro.skymap/.activities.SplashScreenActivity} t3129}#1558
09-13 21:47:43.975  1203  3900 D ActivityTaskManager: scheduleTopResumedActivityChanged, onTop=false r=ActivityRecord{4c27c12 u0 com.samsung.android.app.galaxyfinder/.GalaxyFinderActivity} t3117} caller=com.android.server.wm.ActivityTaskSupervisor.updateTopResumedActivityIfNeeded:2510 com.android.server.wm.TaskDisplayArea.positionChildTaskAt:602 com.android.server.wm.TaskDisplayArea.positionChildAt:537 com.android.server.wm.Task.moveToFrontInner:6053 com.android.server.wm.Task.moveToFront:6019 com.android.server.wm.ActivityStarter.startActivityInner:2924 
09-13 21:47:43.975   797   883 I HYPER-HAL: [RequestManager.cpp]acquire(): Acquired ID : 8642415  [4145 / 12]    HINT : APP_START    list : [TIMEOUT / 1500] 
09-13 21:47:43.976   797   883 I HYPER-HAL: [ResourceManager.cpp]updateResource(): [CPUMaxFreq] UpdateResource Request ID : 8642415    Value : 2730000
09-13 21:47:43.976  1203  3900 W WindowManager: Prepare app transition: mNextAppTransitionRequests=[TRANSIT_OPEN], mNextAppTransitionFlags=, displayId: 0 Callers=com.android.server.wm.DisplayContent.prepareAppTransition:6493 com.android.server.wm.DisplayContent.prepareAppTransition:6484 com.android.server.wm.Task.startActivityLocked:6595 com.android.server.wm.ActivityStarter.startActivityInner:2980 com.android.server.wm.ActivityStarter.startActivityUnchecked:2470 
09-13 21:47:43.976  1203  3900 V WindowManager: Checking theme of starting window: 0x103006d
09-13 21:47:43.976  1203  3900 V WindowManager: Translucent=false Floating=false ShowWallpaper=false Disable=false
09-13 21:47:43.976  1203  3900 V WindowManager: Creating SplashScreenStartingData
09-13 21:47:43.976  1203  3900 D ActivityTaskManager: Add starting com.android.server.wm.ActivityRecord$AddStartingWindow@5a1f8ce: typeParam=139
09-13 21:47:43.976  1203  3900 V WindowManager: Add starting com.android.server.wm.ActivityRecord$AddStartingWindow@5a1f8ce: startingData=com.android.server.wm.SplashScreenStartingData@d19e3ef
09-13 21:47:43.976  1203  3900 V WindowManager: Added starting ActivityRecord{c4ec193 u0 org.cosmosmataro.skymap/.activities.SplashScreenActivity} t3129}: startingWindow=null startingView=com.android.server.wm.StartingSurfaceController$StartingSurface@1530efc
09-13 21:47:43.978  1026  3461 I CameraService: onUidStateChanged: uid=10053, procState is changed. (0 -> 1)
09-13 21:47:43.978  1203  1754 I AppOps  : updateUidProcState uid: 10053 procState: 1 capability:15
09-13 21:47:43.979  1203  1299 W libprocessgroup: Failed to open /dev/blkio//cgroup.procs: No such file or directory
09-13 21:47:43.979  1721  1798 D NativeCustomFrequencyManager: [NativeCFMS] BpCustomFrequencyManager::BpCustomFrequencyManager()
09-13 21:47:43.979  1203  3900 D CompatibilityChangeReporter: Compat change id reported: 194833441; UID 10492; state: ENABLED
09-13 21:47:43.979  1203  3900 I Pageboost: stop alp
09-13 21:47:43.979  1203  3900 I SemDvfsHyPerManager: acquire hyper - AMS_APP_LAUNCH/1203@19, type = -999
09-13 21:47:43.979   797   883 I HYPER-HAL: [RequestManager.cpp]acquire(): Acquired ID : 747272  [1203 / 19]    HINT : AMS_APP_LAUNCH    list : 
09-13 21:47:43.980   797   883 I HYPER-HAL: [ResourceManager.cpp]updateResource(): [CPUMinFreq] UpdateResource Request ID : 747272    Value : 2623359
09-13 21:47:43.980  4145  4145 I SemDvfsHyPerManager: acquire hyper - APP_START/4145@14, type = -999
09-13 21:47:43.980  1203 18963 D RemoteAppTaskWatcher:  ****** RemoteAppTaskWatcher: Message Received 4 Task ID = 3129
09-13 21:47:43.980  1203 18963 D RemoteAppTaskWatcher:  ****** RemoteAppTaskWatcher: Message Received 0 Task ID = 3129
09-13 21:47:43.980   797   883 I HYPER-HAL: [RequestManager.cpp]acquire(): Acquired ID : 8650734  [4145 / 14]    HINT : APP_START    list : 
09-13 21:47:43.981   797   883 I HYPER-HAL: [ResourceManager.cpp]updateResource(): [CPUMaxFreq] UpdateResource Request ID : 8650734    Value : 2730000
09-13 21:47:43.982  1203  1754 D InputTransport: Input channel constructed: '968d3da', fd=810
09-13 21:47:43.982  1203  1754 D InputTransport: Input channel constructed: '968d3da', fd=863
09-13 21:47:43.982  2236  2236 I TopTaskTracker: onTaskMovedToFront : taskId = 3129
09-13 21:47:43.982  1203  1754 D InputTransport: Input channel constructed: '968d3da', fd=1105
09-13 21:47:43.982   875  1030 I SurfaceFlinger: id=1559 createSurf flag=80004, 968d3da Splash Screen org.cosmosmataro.skymap#1559
09-13 21:47:43.983  1203  1754 V WindowManager: addWindow: ActivityRecord{c4ec193 u0 org.cosmosmataro.skymap/.activities.SplashScreenActivity} t3129} startingWindow=Window{968d3da u0 Splash Screen org.cosmosmataro.skymap}
09-13 21:47:43.983  1203  1754 D InputTransport: Input channel destroyed: '968d3da', fd=1105
09-13 21:47:43.983  1203  1272 D MARsPolicyManager: onPackageResumedFG pkgName = org.cosmosmataro.skymap, userId = 0
09-13 21:47:43.983  1203  1272 W WindowManager: Prepare app transition: mNextAppTransitionRequests=[TRANSIT_OPEN, TRANSIT_OPEN], mNextAppTransitionFlags=, displayId: 0 Callers=com.android.server.wm.DisplayContent.prepareAppTransition:6493 com.android.server.wm.TaskFragment.resumeTopActivity:1573 com.android.server.wm.TaskFragment.resumeTopActivity:1307 com.android.server.wm.Task.resumeTopActivityInnerLocked:6451 com.android.server.wm.Task.resumeTopActivityUncheckedLocked:6352 
09-13 21:47:43.983  1721  1792 D InsetsController: onStateChanged: InsetsState: {mDisplayFrame=Rect(0, 0 - 1080, 2400), mDisplayCutout=DisplayCutout{insets=Rect(0, 73 - 0, 0) waterfall=Insets{left=0, top=0, right=0, bottom=0} boundingRect={Bounds=[Rect(0, 0 - 0, 0), Rect(692, 0 - 748, 73), Rect(0, 0 - 0, 0), Rect(0, 0 - 0, 0)]} cutoutPathParserInfo={CutoutPathParserInfo{displayWidth=1080 displayHeight=2400 physicalDisplayWidth=1440 physicalDisplayHeight=3200 density={2.8125} cutoutSpec={M 0,0 H -9.866666666666667 V 25.86666666666667 H 9.866666666666667 V 0 H 0 Z @dp} rotation={0} scale={1.0} physicalPixelDisplaySizeRatio={1.0}}}}, mRoundedCorners=RoundedCorners{[RoundedCorner{position=TopLeft, radius=68, center=Point(68, 68)}, RoundedCorner{position=TopRight, radius=68, center=Point(1012, 68)}, RoundedCorner{position=BottomRight, radius=68, center=Point(1012, 2332)}, RoundedCorner{position=BottomLeft, radius=68, center=Point(68, 2332)}]}  mRoundedCornerFrame=Rect(0, 0 - 1080, 2400), mPrivacyIndicatorBounds=PrivacyIndicatorBounds {static bounds=Rect(956, 0 - 1080, 73) rotation=0}, mSources= { InsetsSource: {mType=ITYPE_STATUS_BAR, mFrame=[0,0][1080,73], mVisible=true, mInsetsRoundedCornerFrame=false}, InsetsSource: {mType=ITYPE_NAVIGATION_BAR, mFrame=[0,2265][1080,2400], mVisible=true, mInsetsRoundedCornerFrame=false}, InsetsSource: {mType=ITYPE_LEFT_GESTURES, mFrame=[0,0][0,2400], mVisible=true, mInsetsRoundedCornerFrame=false}, InsetsSource: {mType=ITYPE_RIGHT_GESTURES, mFrame=[1080,0][1080,2400], mVisible=true, mInsetsRoundedCornerFrame=false}, InsetsSource: {mType=ITYPE_TOP_MANDATORY_GESTURES, mFrame=[0,0][1080,107], mVisible=true, mInsetsRoundedCornerFrame=false}, InsetsSource: {mType=ITYPE_BOTTOM_MANDATORY_GESTURES, mFrame=[0,2265][1080,2400], mVisible=true, mInsetsRoundedCornerFrame=false}, InsetsSource: {mType=ITYPE_LEFT_DISPLAY_CUTOUT, mFrame=[0,0][-100000,2400], mVisible=true, mInsetsRoundedCornerFrame=false}, InsetsSource: {mType=ITYPE_TOP_DISPLAY_CUTOUT, mFrame=[0,0][1080,73], mVisible=true, mInsetsRoundedCornerFrame=false}, InsetsSource: {mType=ITYPE_RIGHT_DISPLAY_CUTOUT, mFrame=[100000,0][1080,2400], mVisible=true, mInsetsRoundedCornerFrame=false}, InsetsSource: {mType=ITYPE_BOTTOM_DISPLAY_CUTOUT, mFrame=[0,100000][1080,2400], mVisible=true, mInsetsRoundedCornerFrame=false}, InsetsSource: {mType=ITYPE_TOP_TAPPABLE_ELEMENT, mFrame=[0,0][1080,73], mVisible=true, mInsetsRoundedCornerFrame=false}, InsetsSource: {mType=ITYPE_BOTTOM_TAPPABLE_ELEMENT, mFrame=[0,2265][1080,2400], mVisible=true, mInsetsRoundedCornerFrame=false} } host=Splash Screen org.cosmosmataro.skymap from=android.view.ViewRootImpl.setView:1732
09-13 21:47:43.983  1203  1272 D WindowManagerServiceExt: notifyOccludeChangeNotice: cn=ComponentInfo{org.cosmosmataro.skymap/org.cosmosmataro.skymap.activities.SplashScreenActivity} occludesParent=true inMultiWindow=false styleFloating=false caller=com.android.server.wm.WindowManagerServiceExt.updateOccludeTargetIfNeeded:1402 com.android.server.wm.DisplayContent.ensureActivitiesVisible:7532 com.android.server.wm.RootWindowContainer.ensureActivitiesVisible:2248 com.android.server.wm.RootWindowContainer.ensureActivitiesVisible:2229 com.android.server.wm.TaskFragment.completePause:2076 
09-13 21:47:43.985  1203 18963 D RemoteAppTaskWatcher:  ****** RemoteAppTaskWatcher: Message Received 5 Task ID = 0
09-13 21:47:43.986  1721  1792 I ViewRootImpl@df3132e[skymap]: setView = android.widget.FrameLayout@7e918eb TM=true
09-13 21:47:43.986  1203  1286 D CompatibilityChangeReporter: Compat change id reported: 135634846; UID 10492; state: DISABLED
09-13 21:47:43.986  1203  1286 D CompatibilityChangeReporter: Compat change id reported: 177438394; UID 10492; state: DISABLED
09-13 21:47:43.986  1203  1286 D CompatibilityChangeReporter: Compat change id reported: 135772972; UID 10492; state: DISABLED
09-13 21:47:43.986  1203  1286 D CompatibilityChangeReporter: Compat change id reported: 135754954; UID 10492; state: ENABLED
09-13 21:47:43.987  1721  1792 I ViewRootImpl@df3132e[skymap]: performTraversals params={(0,0)(fillxfill) sim={adjust=pan} ty=APPLICATION_STARTING fmt=TRANSLUCENT wanim=0x1030302
09-13 21:47:43.987  1721  1792 I ViewRootImpl@df3132e[skymap]:   fl=81030118
09-13 21:47:43.987  1721  1792 I ViewRootImpl@df3132e[skymap]:   pfl=16000010
09-13 21:47:43.987  1721  1792 I ViewRootImpl@df3132e[skymap]:   bhv=DEFAULT
09-13 21:47:43.987  1721  1792 I ViewRootImpl@df3132e[skymap]:   fitSides= naviIconColor=0}
09-13 21:47:43.987  1721  1792 I ViewRootImpl@df3132e[skymap]: performTraversals mFirst=true windowShouldResize=true viewVisibilityChanged=false mForceNextWindowRelayout=false params={(0,0)(fillxfill) sim={adjust=pan} ty=APPLICATION_STARTING fmt=TRANSLUCENT wanim=0x1030302
09-13 21:47:43.987  1721  1792 I ViewRootImpl@df3132e[skymap]:   fl=81030118
09-13 21:47:43.987  1721  1792 I ViewRootImpl@df3132e[skymap]:   pfl=16000010
09-13 21:47:43.987  1721  1792 I ViewRootImpl@df3132e[skymap]:   bhv=DEFAULT
09-13 21:47:43.987  1721  1792 I ViewRootImpl@df3132e[skymap]:   fitSides= naviIconColor=0}
09-13 21:47:43.987  1203  3900 V WindowManager: Relayout Window{968d3da u0 Splash Screen org.cosmosmataro.skymap}: viewVisibility=0 req=1080x2400 d0
09-13 21:47:43.987  1203  3900 D RestrictionPolicy: isScreenCaptureEnabled : ret=true userId=0
09-13 21:47:43.987   875  1029 I SurfaceFlinger: id=1560 createSurf flag=40004, Splash Screen org.cosmosmataro.skymap$_1721#1560
09-13 21:47:43.988  1203  3900 D WindowManager: makeSurface duration=1 name=Splash Screen org.cosmosmataro.skymap$_1721
09-13 21:47:43.988  1203  1294 D CompatibilityChangeReporter: Compat change id reported: 143937733; UID 10492; state: ENABLED
09-13 21:47:43.990  1203  3900 V WindowManager: Changing focus from Window{38fb6f6 u0 com.samsung.android.app.galaxyfinder/com.samsung.android.app.galaxyfinder.GalaxyFinderActivity} to null displayId=0 Callers=com.android.server.wm.RootWindowContainer.updateFocusedWindowLocked:595 com.android.server.wm.WindowManagerService.updateFocusedWindowLocked:6810 com.android.server.wm.WindowManagerService.relayoutWindow:2820 com.android.server.wm.Session.relayout:274 
09-13 21:47:43.990  1203  3900 D MARsPolicyManager: onPackageResumedFG pkgName = com.samsung.android.app.galaxyfinder, userId = 0
09-13 21:47:43.990  1203  1948 D SGM:GameManager: identifyGamePackage. com.samsung.android.app.galaxyfinder, mCurrentUserId: 0, callerUserId: 0, callingMethodInfo: com.samsung.android.game.IGameManagerService$Stub.onTransact(IGameManagerService.java:233)
09-13 21:47:43.990  1203  1948 D SGM:PkgDataHelper: getGamePkgData(). com.samsung.android.app.galaxyfinder
09-13 21:47:43.991   875  2652 D NativeSemDvfsManager: acquire:: timeout = 2000 mIsAcquired = 1  mTagName : SurfaceFlinger 
09-13 21:47:43.991 13561 23962 I WindowsLink: (TaskInfoManager) +++++++++++onRecentTaskStackUpdated
09-13 21:47:43.991   875  2652 E NativeCustomFrequencyManager: [NativeCFMS] BpCustomFrequencyManager::acquire()
09-13 21:47:43.991   797   883 I HYPER-HAL: [RequestManager.cpp]acquire(): Acquired ID : 1759750  [875 / 1000]    HINT : SF_GPU_MINLOCK    list : [TIMEOUT / 2000] 
09-13 21:47:43.993  1203  3900 D StatusBarManagerService: notifyRequestedSystemKey recent=false home=false
09-13 21:47:43.993  1203  3900 V WindowManager: rotationForOrientation(orient=SCREEN_ORIENTATION_NOSENSOR (5), last=ROTATION_0 (0)); user=ROTATION_0 (0) USER_ROTATION_LOCKED
09-13 21:47:43.993  1203  3900 D WindowManager: rotationForOrientation, orientationSource=ActivityRecord{c4ec193 u0 org.cosmosmataro.skymap/.activities.SplashScreenActivity} t3129}
09-13 21:47:43.993  1203  3900 V WindowManager: Computed rotation=ROTATION_0 (0) for display id=0 based on lastOrientation=SCREEN_ORIENTATION_NOSENSOR (5) and oldRotation=ROTATION_0 (0), caller=com.android.server.wm.DisplayRotation.updateOrientation:414 com.android.server.wm.DisplayContent.updateOrientation:1990 com.android.server.wm.DisplayContent.updateOrientation:1872 com.android.server.wm.WindowManagerService.relayoutWindow:2851 com.android.server.wm.Session.relayout:274 android.view.IWindowSession$Stub.onTransact:779 
09-13 21:47:43.993  1203  3900 V WindowManager: Relayout hash=968d3da, pid=1721, syncId=-1: mAttrs={(0,0)(fillxfill) sim={adjust=pan} ty=APPLICATION_STARTING fmt=TRANSLUCENT wanim=0x1030302
09-13 21:47:43.993  1203  3900 V WindowManager:   fl=81030118
09-13 21:47:43.993  1203  3900 V WindowManager:   pfl=16000010
09-13 21:47:43.993  1203  3900 V WindowManager:   bhv=DEFAULT
09-13 21:47:43.993  1203  3900 V WindowManager:   fitSides= naviIconColor=0}
09-13 21:47:43.993  1203  1203 I CocktailBarManagerServiceContainer: handleMessage: entry what = 6
09-13 21:47:43.993  1203  1754 D CoreBackPreview: Window{968d3da u0 Splash Screen org.cosmosmataro.skymap}: Setting back callback OnBackInvokedCallbackInfo{mCallback=android.window.IOnBackInvokedCallback$Stub$Proxy@7b1a6df, mPriority=0}
09-13 21:47:43.994  1203  1286 D SGM:FgCheckThread: notePauseComponent(), received pkgName: com.samsung.android.app.galaxyfinder, userId: 0
09-13 21:47:43.994  1721  1792 D InsetsController: onStateChanged: InsetsState: {mDisplayFrame=Rect(0, 0 - 1080, 2400), mDisplayCutout=DisplayCutout{insets=Rect(0, 73 - 0, 0) waterfall=Insets{left=0, top=0, right=0, bottom=0} boundingRect={Bounds=[Rect(0, 0 - 0, 0), Rect(692, 0 - 748, 73), Rect(0, 0 - 0, 0), Rect(0, 0 - 0, 0)]} cutoutPathParserInfo={CutoutPathParserInfo{displayWidth=1080 displayHeight=2400 physicalDisplayWidth=1440 physicalDisplayHeight=3200 density={2.8125} cutoutSpec={M 0,0 H -9.866666666666667 V 25.86666666666667 H 9.866666666666667 V 0 H 0 Z @dp} rotation={0} scale={1.0} physicalPixelDisplaySizeRatio={1.0}}}}, mRoundedCorners=RoundedCorners{[RoundedCorner{position=TopLeft, radius=68, center=Point(68, 68)}, RoundedCorner{position=TopRight, radius=68, center=Point(1012, 68)}, RoundedCorner{position=BottomRight, radius=68, center=Point(1012, 2332)}, RoundedCorner{position=BottomLeft, radius=68, center=Point(68, 2332)}]}  mRoundedCornerFrame=Rect(0, 0 - 1080, 2400), mPrivacyIndicatorBounds=PrivacyIndicatorBounds {static bounds=Rect(956, 0 - 1080, 73) rotation=0}, mSources= { InsetsSource: {mType=ITYPE_STATUS_BAR, mFrame=[0,0][1080,73], mVisible=true, mInsetsRoundedCornerFrame=false}, InsetsSource: {mType=ITYPE_NAVIGATION_BAR, mFrame=[0,2265][1080,2400], mVisible=true, mInsetsRoundedCornerFrame=false}, InsetsSource: {mType=ITYPE_LEFT_GESTURES, mFrame=[0,0][0,2400], mVisible=true, mInsetsRoundedCornerFrame=false}, InsetsSource: {mType=ITYPE_RIGHT_GESTURES, mFrame=[1080,0][1080,2400], mVisible=true, mInsetsRoundedCornerFrame=false}, InsetsSource: {mType=ITYPE_TOP_MANDATORY_GESTURES, mFrame=[0,0][1080,107], mVisible=true, mInsetsRoundedCornerFrame=false}, InsetsSource: {mType=ITYPE_BOTTOM_MANDATORY_GESTURES, mFrame=[0,2265][1080,2400], mVisible=true, mInsetsRoundedCornerFrame=false}, InsetsSource: {mType=ITYPE_LEFT_DISPLAY_CUTOUT, mFrame=[0,0][-100000,2400], mVisible=true, mInsetsRoundedCornerFrame=false}, InsetsSource: {mType=ITYPE_TOP_DISPLAY_CUTOUT, mFrame=[0,0][1080,73], mVisible=true, mInsetsRoundedCornerFrame=false}, InsetsSource: {mType=ITYPE_RIGHT_DISPLAY_CUTOUT, mFrame=[100000,0][1080,2400], mVisible=true, mInsetsRoundedCornerFrame=false}, InsetsSource: {mType=ITYPE_BOTTOM_DISPLAY_CUTOUT, mFrame=[0,100000][1080,2400], mVisible=true, mInsetsRoundedCornerFrame=false}, InsetsSource: {mType=ITYPE_TOP_TAPPABLE_ELEMENT, mFrame=[0,0][1080,73], mVisible=true, mInsetsRoundedCornerFrame=false}, InsetsSource: {mType=ITYPE_BOTTOM_TAPPABLE_ELEMENT, mFrame=[0,2265][1080,2400], mVisible=true, mInsetsRoundedCornerFrame=false}, InsetsSource: {mType=ITYPE_IME, mFrame=[0,0][0,0], mVisibleFrame=[0,1392][1080,2400], mVisible=false, mInsetsRoundedCornerFrame=false} } host=Splash Screen org.cosmosmataro.skymap from=android.view.ViewRootImpl.relayoutWindow:9802
09-13 21:47:43.994  1721  1792 I ViewRootImpl@df3132e[skymap]: updateBlastSurfaceIfNeeded mBlastBufferQueue=null isSameSurfaceControl=false
09-13 21:47:43.995  1721  1792 I BLASTBufferQueue: new BLASTBufferQueue, mName= ViewRootImpl@df3132e[skymap] mNativeObject= 0x73e2ec1f90 sc.mNativeObject= 0x73730006d0 caller= android.view.ViewRootImpl.updateBlastSurfaceIfNeeded:2909 android.view.ViewRootImpl.relayoutWindow:9847 android.view.ViewRootImpl.performTraversals:3884 android.view.ViewRootImpl.doTraversal:3116 android.view.ViewRootImpl$TraversalRunnable.run:10885 android.view.Choreographer$CallbackRecord.run:1301 android.view.Choreographer$CallbackRecord.run:1309 android.view.Choreographer.doCallbacks:923 android.view.Choreographer.doFrame:852 android.view.Choreographer$FrameDisplayEventReceiver.run:1283 
09-13 21:47:43.995  1721  1792 I BLASTBufferQueue: update, w= 1080 h= 2400 mName = ViewRootImpl@df3132e[skymap] mNativeObject= 0x73e2ec1f90 sc.mNativeObject= 0x73730006d0 format= -3 caller= android.graphics.BLASTBufferQueue.<init>:84 android.view.ViewRootImpl.updateBlastSurfaceIfNeeded:2909 android.view.ViewRootImpl.relayoutWindow:9847 android.view.ViewRootImpl.performTraversals:3884 android.view.ViewRootImpl.doTraversal:3116 android.view.ViewRootImpl$TraversalRunnable.run:10885 
09-13 21:47:43.995  1721  1792 I ViewRootImpl@df3132e[skymap]: Relayout returned: old=(0,0,1080,2400) new=(0,0,1080,2400) req=(1080,2400)0 dur=7 res=0x3 s={true 0x7472fd1030} ch=true seqId=0
09-13 21:47:43.996  1203  1299 W libprocessgroup: Failed to open /dev/blkio//cgroup.procs: No such file or directory
09-13 21:47:43.996  1203  1286 I ActivityManager: PendingStartActivityUids startActivity to updateOomAdj delay:17028ms, uid:10492
09-13 21:47:43.996  1203  1286 I ActivityManager: PendingStartActivityUids startActivity to updateOomAdj delay:13574ms, uid:10079
09-13 21:47:43.996  1721  1792 I ViewRootImpl@df3132e[skymap]: mThreadedRenderer.initialize() mSurface={isValid=true 0x7472fd1030} hwInitialized=true
09-13 21:47:43.997  1721  1798 D OpenGLRenderer: eglCreateWindowSurface
09-13 21:47:43.997   875   875 D SurfaceFlinger: GPIS:: requestGPIS
09-13 21:47:43.998  1203  3149 D InputDispatcher: Focus left window (0): 38fb6f6 com.samsung.android.app.galaxyfinder/com.samsung.android.app.galaxyfinder.GalaxyFinderActivity
09-13 21:47:43.998   764   764 D Zygote  : Forked child process 20639
09-13 21:47:43.998  1203  1294 I ActivityManager: Start proc 20639:org.cosmosmataro.skymap/u0a492 for next-top-activity {org.cosmosmataro.skymap/org.cosmosmataro.skymap.activities.SplashScreenActivity}
09-13 21:47:43.998  3339  3339 I ViewRootImpl@600473e[GalaxyFinderActivity]: MSG_WINDOW_FOCUS_CHANGED 0 0
09-13 21:47:43.999  1721  1792 I ViewRootImpl@df3132e[skymap]: reportNextDraw android.view.ViewRootImpl.performTraversals:4438 android.view.ViewRootImpl.doTraversal:3116 android.view.ViewRootImpl$TraversalRunnable.run:10885 android.view.Choreographer$CallbackRecord.run:1301 android.view.Choreographer$CallbackRecord.run:1309 
09-13 21:47:43.999  1721  1792 I ViewRootImpl@df3132e[skymap]: Setup new sync id=0
09-13 21:47:43.999  1721  1792 I ViewRootImpl@df3132e[skymap]: Setting syncFrameCallback
09-13 21:47:43.999  1721  1792 I ViewRootImpl@df3132e[skymap]: registerCallbacksForSync syncBuffer=false
09-13 21:47:43.999   781   988 D gralloc : [mali_gralloc_allocate] begin
09-13 21:47:43.999   781   988 D gralloc : buffer_descriptor: wh(1080 2400) usage_pc(0x40000000000b00 0x40000000000b00) hal_format(0x1) layer_count(1) sizes(0 0 0) strde(0) byte_stride(0) alloc_wh(0 0) internal_format(0x0) alloc_format(0x0) fd_count(1) plane_count(0)
09-13 21:47:44.000   781   988 D gralloc : [mali_gralloc_allocate] allocation successful
09-13 21:47:44.001   781   988 D gralloc : [mali_gralloc_allocate] begin
09-13 21:47:44.001   781   988 D gralloc : buffer_descriptor: wh(1080 2400) usage_pc(0x40000000000b00 0x40000000000b00) hal_format(0x1) layer_count(1) sizes(0 0 0) strde(0) byte_stride(0) alloc_wh(0 0) internal_format(0x0) alloc_format(0x0) fd_count(1) plane_count(0)
09-13 21:47:44.001  1721  1831 I ViewRootImpl@df3132e[skymap]: Received frameDrawingCallback syncResult=0 frameNum=1.
09-13 21:47:44.001  1721  1831 I ViewRootImpl@df3132e[skymap]: Setting up sync and frameCommitCallback
09-13 21:47:44.002   781   988 D gralloc : [mali_gralloc_allocate] allocation successful
09-13 21:47:44.002   781   988 D gralloc : [mali_gralloc_allocate] begin
09-13 21:47:44.002   781   988 D gralloc : buffer_descriptor: wh(1080 2400) usage_pc(0x40000000000b00 0x40000000000b00) hal_format(0x1) layer_count(1) sizes(0 0 0) strde(0) byte_stride(0) alloc_wh(0 0) internal_format(0x0) alloc_format(0x0) fd_count(1) plane_count(0)
09-13 21:47:44.003   781   988 D gralloc : [mali_gralloc_allocate] allocation successful
09-13 21:47:44.003   781   988 D gralloc : [mali_gralloc_allocate] begin
09-13 21:47:44.003   781   988 D gralloc : buffer_descriptor: wh(1080 2400) usage_pc(0x40000000000b00 0x40000000000b00) hal_format(0x1) layer_count(1) sizes(0 0 0) strde(0) byte_stride(0) alloc_wh(0 0) internal_format(0x0) alloc_format(0x0) fd_count(1) plane_count(0)
09-13 21:47:44.004   781   988 D gralloc : [mali_gralloc_allocate] allocation successful
09-13 21:47:44.005  1721  1798 I BLASTBufferQueue: [ViewRootImpl@df3132e[skymap]#64](f:0,a:0) onFrameAvailable the first frame is available
09-13 21:47:44.005  1721  1798 I ViewRootImpl@df3132e[skymap]: Received frameCommittedCallback lastAttemptedDrawFrameNum=1 didProduceBuffer=true
09-13 21:47:44.005  1721  1798 D OpenGLRenderer: CFMS:: SetUp Pid : 1721    Tid : 1798
09-13 21:47:44.006  1721  1798 W Parcel  : Expecting binder but got null!
09-13 21:47:44.006  1721  1792 I ViewRootImpl@df3132e[skymap]: onSyncComplete
09-13 21:47:44.006  1721  1792 I ViewRootImpl@df3132e[skymap]: setupSync seqId=0 mSyncId=0 fn=1 caller=android.view.ViewRootImpl$$ExternalSyntheticLambda11.accept:6 android.window.SurfaceSyncer.lambda$setupSync$1$android-window-SurfaceSyncer:128 android.window.SurfaceSyncer$$ExternalSyntheticLambda1.accept:8 android.window.SurfaceSyncer$SyncSet.checkIfSyncIsComplete:382 android.window.SurfaceSyncer$SyncSet.markSyncReady:359 android.window.SurfaceSyncer.markSyncReady:151 android.view.ViewRootImpl.performTraversals:4503 
09-13 21:47:44.007  1721  1792 I ViewRootImpl@df3132e[skymap]: reportDrawFinished seqId=0 mSyncId=-1 fn=1 mSurfaceChangedTransaction=0x73a2fad510
09-13 21:47:44.007  1203  3149 D WindowManager: finishDrawingWindow: Window{968d3da u0 Splash Screen org.cosmosmataro.skymap} mDrawState=DRAW_PENDING seqId=0
09-13 21:47:44.007  1203  3149 V WindowManager: Finishing drawing window Window{968d3da u0 Splash Screen org.cosmosmataro.skymap}: mDrawState=DRAW_PENDING
09-13 21:47:44.007  1203  3149 V WindowManager: Draw state now committed in Window{968d3da u0 Splash Screen org.cosmosmataro.skymap}
09-13 21:47:44.008  1203  1287 W WindowManager: Execute app transition: mNextAppTransitionRequests=[TRANSIT_OPEN, TRANSIT_OPEN], mNextAppTransitionFlags=, displayId: 0 Callers=com.android.server.wm.ActivityRecord.onStartingWindowDrawn:7496 com.android.server.wm.WindowState.performShowLocked:5504 com.android.server.wm.WindowStateAnimator.commitFinishDrawingLocked:351 com.android.server.wm.DisplayContent.lambda$new$8:1189 com.android.server.wm.DisplayContent.$r8$lambda$OtLCIQFjCt9o-SYztyeDUcWUwGs:0 
09-13 21:47:44.008  1203  1287 D WindowManager: performShow logReadyForDisplay win=Window{968d3da u0 Splash Screen org.cosmosmataro.skymap} mToken.waitingToShow:true isTransitionSet:true
09-13 21:47:44.010  1203  1287 D WindowManager: Loading animation for app transition. transit=TRANSIT_OLD_WALLPAPER_CLOSE enter=false frame=Rect(0, 0 - 1080, 2192) insets=Rect(0, 0 - 0, 0) surfaceInsets=Rect(0, 0 - 0, 0)
09-13 21:47:44.012  1203  1287 I WindowManager: Reparenting to leash, surface=Surface(name=Task=3117)/@0xe29bb4c, leashParent=Surface(name=DefaultTaskDisplayArea)/@0xf22e078
09-13 21:47:44.013   875  2457 I SurfaceFlinger: id=1561 createSurf flag=24000, Surface(name=Task=3117)/@0xe29bb4c - animation-leash of app_transition#1561
09-13 21:47:44.013 20639 20639 I osmataro.skymap: Late-enabling -Xcheck:jni
09-13 21:47:44.013   875   875 I SurfaceFlinger: [38fb6f6 com.samsung.android.app.galaxyfinder/com.samsung.android.app.galaxyfinder.GalaxyFinderActivity#1354] FrameRatePriority: -1
09-13 21:47:44.014  1203  1287 D WindowManager: makeSurface duration=2 leash=Surface(name=Surface(name=Task=3117)/@0xe29bb4c - animation-leash of app_transition)/@0xfdb8392
09-13 21:47:44.015  1203  1287 D WindowManager: Loading animation for app transition. transit=TRANSIT_OLD_WALLPAPER_CLOSE enter=true frame=Rect(0, 0 - 1080, 2400) insets=Rect(0, 73 - 0, 135) surfaceInsets=Rect(0, 0 - 0, 0)
09-13 21:47:44.016  1203  1287 I WindowManager: Reparenting to leash, surface=Surface(name=Task=3129)/@0xbaa46de, leashParent=Surface(name=DefaultTaskDisplayArea)/@0xf22e078
09-13 21:47:44.017   875  2457 I SurfaceFlinger: id=1562 createSurf flag=24004, Surface(name=Task=3129)/@0xbaa46de - animation-leash of app_transition#1562
09-13 21:47:44.018  1203  1287 D WindowManager: makeSurface duration=1 leash=Surface(name=Surface(name=Task=3129)/@0xbaa46de - animation-leash of app_transition)/@0xcd94ad5
09-13 21:47:44.018  1203  1287 V WindowManager: performShowLocked: mDrawState=HAS_DRAWN in Window{968d3da u0 Splash Screen org.cosmosmataro.skymap}
09-13 21:47:44.019  1203  1287 D RestrictionPolicy: isScreenCaptureEnabled : ret=true userId=0
09-13 21:47:44.019   781   988 D gralloc : [mali_gralloc_allocate] begin
09-13 21:47:44.019   781   988 D gralloc : buffer_descriptor: wh(1080 2400) usage_pc(0xb66 0xb06) hal_format(0x1) layer_count(1) sizes(0 0 0) strde(0) byte_stride(0) alloc_wh(0 0) internal_format(0x0) alloc_format(0x0) fd_count(1) plane_count(0)
09-13 21:47:44.019   781   988 D gralloc : [mali_gralloc_allocate] allocation successful
09-13 21:47:44.020   875   875 I Layer   : id=1563 Destroyed Screenshot Parent#1563
09-13 21:47:44.024  1203 18963 D RemoteAppTaskWatcher:  ****** RemoteAppTaskWatcher: Message Received 5 Task ID = 0
09-13 21:47:44.024   875  1030 I SurfaceFlinger: id=1564 createSurf flag=80000, 76f682 ActivityRecordInputSink org.cosmosmataro.skymap/.activities.SplashScreenActivity#1564
09-13 21:47:44.030   875   875 I Layer   : Layer [Splash Screen org.cosmosmataro.skymap$_1721#1560] hidden!! flag(0)
09-13 21:47:44.033 20639 20639 I osmataro.skymap: Using CollectorTypeCC GC.
09-13 21:47:44.037  1025  1053 I adbd    : jdwp connection from 20639
09-13 21:47:44.041 20639 20639 D ActivityThread: setConscryptValidator
09-13 21:47:44.042 20639 20639 D ActivityThread: setConscryptValidator - put
09-13 21:47:44.044  1203  3149 I ActivityManager: DSS OFF for org.cosmosmataro.skymap
09-13 21:47:44.045  1203  3149 I DexController: getTaskHasActivityIsWaitingToRun: r=ActivityRecord{c4ec193 u0 org.cosmosmataro.skymap/.activities.SplashScreenActivity} t3129}, app=ProcessRecord{b280901 20639:org.cosmosmataro.skymap/u0a492}
09-13 21:47:44.046  1203  3149 V WindowManager: rotationForOrientation(orient=SCREEN_ORIENTATION_NOSENSOR (5), last=ROTATION_0 (0)); user=ROTATION_0 (0) USER_ROTATION_LOCKED
09-13 21:47:44.046  1203  3149 D WindowManager: rotationForOrientation, orientationSource=ActivityRecord{c4ec193 u0 org.cosmosmataro.skymap/.activities.SplashScreenActivity} t3129}
09-13 21:47:44.046  1203  3149 V WindowManager: Computed rotation=ROTATION_0 (0) for display id=0 based on lastOrientation=SCREEN_ORIENTATION_NOSENSOR (5) and oldRotation=ROTATION_0 (0), caller=com.android.server.wm.DisplayRotation.updateOrientation:414 com.android.server.wm.DisplayContent.updateOrientation:1990 com.android.server.wm.DisplayContent.updateOrientation:1891 com.android.server.wm.RootWindowContainer.ensureVisibilityAndConfig:2139 com.android.server.wm.ActivityTaskSupervisor.realStartActivityLocked:913 com.android.server.wm.RootWindowContainer$AttachApplicationHelper.test:4288 
09-13 21:47:44.046  1203  3149 V WindowManager: updateDisplayAndOrientation: Change 530.086x527.792dpi to 397.5645x395.844dpi, BaseDpi=530.086x527.792, DisplayRatio=0.75x0.75
09-13 21:47:44.046  1203  3149 D TspStateManager: updateCustomValue customSetting=
09-13 21:47:44.046  1203  3149 V WindowManager: updateDisplayAndOrientation: Change 530.086x527.792dpi to 397.5645x395.844dpi, BaseDpi=530.086x527.792, DisplayRatio=0.75x0.75
09-13 21:47:44.047  1203  3149 D TspStateManager: updateCustomValue customSetting=
09-13 21:47:44.047  1203  3149 D SGM:PkgDataHelper: notifyAppCreate(), pkgName: org.cosmosmataro.skymap, userId: 0, sendRet: true
09-13 21:47:44.047  1203  1531 D SGM:FgCheckThread: onLooperPrepared(), msg: MSG_APP_CREATE, pkgName: org.cosmosmataro.skymap, userId: 0
09-13 21:47:44.047  1203  3149 D MARsPolicyManager: onPackageResumedFG pkgName = org.cosmosmataro.skymap, userId = 0
09-13 21:47:44.048  1203  3149 D ActivityTaskManager: scheduleTopResumedActivityChanged, onTop=true r=ActivityRecord{c4ec193 u0 org.cosmosmataro.skymap/.activities.SplashScreenActivity} t3129} caller=com.android.server.wm.ActivityTaskSupervisor.scheduleTopResumedActivityStateIfNeeded:2535 com.android.server.wm.ActivityTaskSupervisor.updateTopResumedActivityIfNeeded:2527 com.android.server.wm.TaskFragment.setResumedActivity:493 com.android.server.wm.TaskFragment.onActivityStateChanged:805 com.android.server.wm.ActivityRecord.setState:6406 com.android.server.wm.Task.minimalResumeActivityLocked:6155 
09-13 21:47:44.048  1203  3149 D InputDispatcher: Focused application(0): ActivityRecord{c4ec193 u0 org.cosmosmataro.skymap/.activities.SplashScreenActivity} t3129}
09-13 21:47:44.048  1203  3149 D SGM:FgCheckThread: TaskStackListener.onTaskFocusChanged(), taskId=3117, focused=false
09-13 21:47:44.048  1203  3149 D SGM:FgCheckThread: TaskStackListener.onTaskFocusChanged(), taskId=3129, focused=true
09-13 21:47:44.049  1203  3149 D SGM:FgCheckThread:   sendRunningComponentFocus(), pkgName: org.cosmosmataro.skymap, userId: 0
09-13 21:47:44.049  1203  1531 D SGM:FgCheckThread: onLooperPrepared(), msg: MSG_TASK_FOCUSED, pkgName: org.cosmosmataro.skymap, userId: 0
09-13 21:47:44.049  1203  1531 D SGM:FgCheckThread: handleTaskFocused().
09-13 21:47:44.049  1203  1531 D SGM:FgCheckThread:   handleTaskFocused(), pkgName: org.cosmosmataro.skymap, userID:0
09-13 21:47:44.049  1203  1531 D SGM:FgCheckThread: handleResume().
09-13 21:47:44.049  1203  1531 D SGM:FgCheckThread: sendFocusOutConditionally() - mPrevNotiPkg: (unknown), userId: 0
09-13 21:47:44.049  1203  1531 D SGM:FgCheckThread:   handleResume(). pkgName: org.cosmosmataro.skymap, userId: 0, isTunableApp: null
09-13 21:47:44.049  1203  1531 D SGM:FgCheckThread: notifyFocusInOut(). of pkg: org.cosmosmataro.skymap, type: 4, isTunableApp: false, userId: 0
09-13 21:47:44.049  1203  1531 D SGM:FgCheckThread:   notifyFocusInOut(). unexpected mPrevNotiType: -1
09-13 21:47:44.049  1203  1531 D SGM:SystemHelper: callReleaseBlock needReleaseBlock:false
09-13 21:47:44.050  1203  1576 D AS.MultiSoundManager: mForegroundUid = 10492
09-13 21:47:44.050  1203  1286 I ActivityManager: Changes in 10492 19 to 2, 0 to 15
09-13 21:47:44.050  1203  1286 I AppOps  : updateUidProcState uid: 10492 procState: 2 capability:15
09-13 21:47:44.050  1203  1286 I AppOps  : commitUidPendingStateLocked() :: UID - 10492, 700 > 200, 0 > 15
09-13 21:47:44.050  1203  1286 I ActivityManager: updateOomAdj start time is before than pendingPid added, don't delete it
09-13 21:47:44.052  1203  1286 I SemPersonaManager: SecureFolder personaId = 150
09-13 21:47:44.052 20639 20639 D CompatibilityChangeReporter: Compat change id reported: 171979766; UID 10492; state: ENABLED
09-13 21:47:44.053   879   905 I heimdall: insert_task_to_group:67, insert tgid 20639 to group org.cosmosmataro.skymap, ret = 0
09-13 21:47:44.054   875   875 D SurfaceFlinger: Display 4633128672291735937 HWC layers:
09-13 21:47:44.054   875   875 D SurfaceFlinger:      CLIENT | 0x7b1641be30 | 0100 | RGBx_8888    |  660.0    0.0 1740.0 2400.0 |    0    0 1080 2400 | Wallpaper BBQ wrapper#84
09-13 21:47:44.054   875   875 D SurfaceFlinger:      CLIENT | 0x7b16469170 | 0100 | RGBA_8888    |    0.0    0.0 1080.0 2400.0 |    0    0 1080 2400 | com.samsung.android.app.galaxyfinder[...]derActivity$_3339#1481 (blurRegions)
09-13 21:47:44.054   875   875 D SurfaceFlinger:      DEVICE | 0x7b1642acb0 | 0100 | RGBA_8888    |    0.0    0.0 1080.0 2400.0 |   76  168 1004 2232 | Splash Screen org.cosmosmataro.skymap$_1721#1560
09-13 21:47:44.054   875   875 D SurfaceFlinger:      DEVICE | 0x7b1642f5d0 | 0100 | RGBA_8888    |    0.0    0.0 1080.0   73.0 |    0    0 1080   73 | StatusBar$_1721#81
09-13 21:47:44.054   875   875 D SurfaceFlinger:      DEVICE | 0x7b16469290 | 0100 | RGBA_8888    |    0.0    0.0   67.0  411.0 |    0  619   67 1030 | com.samsung.android.app.cocktailbars[...]ervice.CocktailBarService$_4350#1480
09-13 21:47:44.054   875   875 D SurfaceFlinger:      DEVICE | 0x7b16466b30 | 0100 | RGBA_8888    |    0.0    0.0 1080.0  135.0 |    0 2265 1080 2400 | NavigationBar0$_1721#76
09-13 21:47:44.054   875   875 D SurfaceFlinger: 
09-13 21:47:44.061 20639 20639 W ziparchive: Unable to open '/data/app/~~5aN-d3ZGmUNV41sjgwrrlA==/org.cosmosmataro.skymap-dQIvivhVuO4MstgAI2xynw==/base.dm': No such file or directory
09-13 21:47:44.061 20639 20639 W ziparchive: Unable to open '/data/app/~~5aN-d3ZGmUNV41sjgwrrlA==/org.cosmosmataro.skymap-dQIvivhVuO4MstgAI2xynw==/base.dm': No such file or directory
09-13 21:47:44.064  1203  1286 D EnterpriseDeviceManagerService: isMdmAdminPresentInternal() : MDM Admin Found - com.samsung.knox.securefolder
09-13 21:47:44.065  1203  1286 D SGM:GameManager: identifyGamePackage. org.cosmosmataro.skymap, mCurrentUserId: 0, callerUserId: 0, callingMethodInfo: com.android.server.ssrm.SortingMachine.isGame(SortingMachine.java:162)
09-13 21:47:44.065  1203  1286 D SGM:PkgDataHelper: getGamePkgData(). org.cosmosmataro.skymap
09-13 21:47:44.065  1203  1546 V NetworkPolicy: getFirewallRuleWifi UID:10492 policy:0
09-13 21:47:44.066  1203  1286 D SGM:GameManager: identifyGamePackage. org.cosmosmataro.skymap, mCurrentUserId: 0, callerUserId: 0, callingMethodInfo: com.samsung.android.game.SemGameManager.isGamePackage(SemGameManager.java:104)
09-13 21:47:44.066  1203  1286 D SGM:PkgDataHelper: getGamePkgData(). org.cosmosmataro.skymap
09-13 21:47:44.066  1203  1286 D SGM:SemGameManager: isGamePackage(), pkgName=org.cosmosmataro.skymap, ret=false
09-13 21:47:44.067  1203  1203 I CocktailBarManagerServiceContainer: handleMessage: entry what = 5
09-13 21:47:44.067  1203  2978 I MediaSessionMonitor: Media session stopped : not playing state
09-13 21:47:44.067  1203  1286 D SGM:FgCheckThread: noteResumeComponent(), received pkgName: org.cosmosmataro.skymap, userId: 0
09-13 21:47:44.067  1203  1286 I GameSDK@LifeCycle: noteResumeComponent(): package name  : org.cosmosmataro.skymap
09-13 21:47:44.068  1203  1531 D SGM:FgCheckThread: onLooperPrepared(), msg: MSG_APP_RESUME, pkgName: org.cosmosmataro.skymap, userid: 0
09-13 21:47:44.068  1203  1531 D SGM:FgCheckThread: handleResume().
09-13 21:47:44.068  1203  1531 D SGM:FgCheckThread: sendFocusOutConditionally() - mPrevNotiPkg: (unknown), userId: 0
09-13 21:47:44.068  1203  1531 D SGM:FgCheckThread:   handleResume(). pkgName: org.cosmosmataro.skymap, userId: 0, isTunableApp: null
09-13 21:47:44.068  1203  1531 D SGM:FgCheckThread: notifyFocusInOut(). of pkg: org.cosmosmataro.skymap, type: 4, isTunableApp: false, userId: 0
09-13 21:47:44.068  1203  1531 D SGM:FgCheckThread:   notifyFocusInOut(). unexpected mPrevNotiType: -1
09-13 21:47:44.068  1203  1531 D SGM:SystemHelper: callReleaseBlock needReleaseBlock:false
09-13 21:47:44.068  4350  4350 I ActivityUtils: HomePackage : com.sec.android.app.launcher, resumePackageName : org.cosmosmataro.skymap
09-13 21:47:44.072  1203  1702 I Pageboost: 64 bit checked : true for 20639
09-13 21:47:44.072  1203  1702 I Pageboost: IoRecord pid : 20639, started correctly
09-13 21:47:44.073  2801  2801 E pageboostd: Received HALT command code 2
09-13 21:47:44.081  3339  3339 I Worker  : cancel : [OEMPreGrantWorker]
09-13 21:47:44.081  3339  3339 I Worker  : cancel : [SuggestedAppsWorker[4,2]]
09-13 21:47:44.081  3339  3339 I Worker  : cancel : [SuggestedSettingsWorker]
09-13 21:47:44.081  3339  3339 I Worker  : cancel : [SuggestedDirectoryWorker]
09-13 21:47:44.081  3339  3339 I Worker  : cancel : [HistoryKeywordWorker]
09-13 21:47:44.082  3339 20658 I Worker  : finish: [HistoryKeywordWorker] = [T:0ms][R:1] 
09-13 21:47:44.083  3339  3339 I SemDvfsHyPerManager: acquire hyper - FINDER_BOOSTER/3339@5, type = -999
09-13 21:47:44.083  3339  3339 I SemDvfsHyPerManager: acquire hyper - FINDER_BOOSTER/3339@5, type = -999
09-13 21:47:44.083  3339  3339 I SemDvfsHyPerManager: acquire hyper - FINDER_BOOSTER/3339@5, type = -999
09-13 21:47:44.084  3339  3339 I SemDvfsHyPerManager: acquire hyper - FINDER_BOOSTER/3339@5, type = -999
09-13 21:47:44.084  2236 10064 I RecentModel: onTaskStackChangedBackground
