09-13 22:03:13.738 20478 20478 I ViewRootImpl@e77e04d[AppErrorDialogActivity]: handleAppVisibility mAppVisible = true visible = false
09-13 22:03:13.742   764   764 I Zygote  : Process 24599 exited due to signal 9 (Killed)
09-13 22:03:13.746  1203  1284 I GestureDetector: handleMessage TAP
09-13 22:03:13.747  1203  1203 I GestureDetector: handleMessage TAP
09-13 22:03:13.749  1203  1561 D ConnectivityService: releasing NetworkRequest [ REQUEST id=1333, [ Capabilities: INTERNET&NOT_RESTRICTED&TRUSTED&NOT_VCN_MANAGED Uid: 10329 RequestorUid: 10329 RequestorPkg: com.google.android.apps.carrier.carrierwifi UnderlyingNetworks: Null] ] (release request)
09-13 22:03:13.749  1203  1561 D ConnectivityService:  Removing from current network [117 WIFI], leaving 193 requests.
09-13 22:03:13.750   764   764 I Zygote  : Process 24552 exited due to signal 9 (Killed)
09-13 22:03:13.750  1203  1295 I libprocessgroup: Successfully killed process cgroup uid 10082 pid 24599 in 0ms
09-13 22:03:13.751  1203  1295 I libprocessgroup: Successfully killed process cgroup uid 15010058 pid 24572 in 0ms
09-13 22:03:13.760  2236  2236 I TaskThumbnailCache: handleResult: taskId = 3135, taskThumbnail = android.graphics.Bitmap@a5cb595
09-13 22:03:13.760  2236  2236 I Launcher.AppsViewCellLayout: com.android.homescreen.apptray.AppsViewCellLayout{c6eef62 V.ED..... ........ 38,73-1042,2161}[a=1.0,v=0,sId=0] setAlpha : 1.0
09-13 22:03:13.760  2236  2236 W Launcher: onEnterAnimationComplete
09-13 22:03:13.765   875   875 I Layer   : id=1710 removeFromCurrentState Surface(name=Task=3136)/@0x428f916 - animation-leash of app_transition#1710 (138)
09-13 22:03:13.765   875   875 I SurfaceFlinger: id=1710 Removed Surface(name=Task=3136)/@0x428f916 - animation-leash of app_transition#1710 (138)
09-13 22:03:13.765  2236  2236 I Launcher.AppsViewCellLayout: com.android.homescreen.apptray.AppsViewCellLayout{c6eef62 V.ED..... ........ 38,73-1042,2161}[a=1.0,v=0,sId=0] setAlpha : 1.0
09-13 22:03:13.765   875   875 I Layer   : id=1710 Destroyed Surface(name=Task=3136)/@0x428f916 - animation-leash of app_transition#1710
09-13 22:03:13.766   875   875 D SurfaceFlinger: Display 4633128672291735937 HWC layers:
09-13 22:03:13.766   875   875 D SurfaceFlinger:      CLIENT | 0x7b1641be30 | 0100 | RGBx_8888    |  660.0    0.0 1740.0 2400.0 |    0    0 1080 2400 | Wallpaper BBQ wrapper#84
09-13 22:03:13.766   875   875 D SurfaceFlinger:      CLIENT | 0x7b1645bbb0 | 0100 | RGBA_8888    |    0.0    0.0 1080.0 2400.0 |    0    0 1080 2400 | com.sec.android.app.launcher/com.sec[...]herActivity$_2236#1637 (blurRegions)
09-13 22:03:13.766   875   875 D SurfaceFlinger:      DEVICE | 0x7b1642f5d0 | 0100 | RGBA_8888    |    0.0    0.0 1080.0   73.0 |    0    0 1080   73 | StatusBar$_1721#81
09-13 22:03:13.766   875   875 D SurfaceFlinger:      DEVICE | 0x7b1646be70 | 0100 | RGBA_8888    |    0.0    0.0   67.0  411.0 |    0  619   67 1030 | com.samsung.android.app.cocktailbars[...]ervice.CocktailBarService$_4350#1585
09-13 22:03:13.766   875   875 D SurfaceFlinger:      DEVICE | 0x7b1644f370 | 0100 | RGBA_8888    |    0.0    0.0 1080.0  135.0 |    0 2265 1080 2400 | NavigationBar0$_1721#76
09-13 22:03:13.766   875   875 D SurfaceFlinger: 
09-13 22:03:13.781  2236  2236 I Launcher.AppsViewCellLayout: com.android.homescreen.apptray.AppsViewCellLayout{c6eef62 V.ED..... ........ 38,73-1042,2161}[a=1.0,v=0,sId=0] setAlpha : 1.0
09-13 22:03:13.798  2236  2236 I Launcher.AppsViewCellLayout: com.android.homescreen.apptray.AppsViewCellLayout{c6eef62 V.ED..... ........ 38,73-1042,2161}[a=1.0,v=0,sId=0] setAlpha : 1.0
09-13 22:03:13.814  2236  2236 I Launcher.AppsViewCellLayout: com.android.homescreen.apptray.AppsViewCellLayout{c6eef62 V.ED..... ........ 38,73-1042,2161}[a=1.0,v=0,sId=0] setAlpha : 1.0
09-13 22:03:13.818  1203  1996 D MdnieScenarioControlService:  packageName : com.sec.android.app.launcher    className : com.android.launcher3.uioverrides.QuickstepLauncher
09-13 22:03:13.818  1203  1996 V MdnieScenarioControlService: setUIMode from UI function(3)
09-13 22:03:13.831  2236  2236 I Launcher.AppsViewCellLayout: com.android.homescreen.apptray.AppsViewCellLayout{c6eef62 V.ED..... ........ 38,73-1042,2161}[a=1.0,v=0,sId=0] setAlpha : 1.0
09-13 22:03:13.831  2236  2236 I AppsSearchBar: mCurrentCellLayouts onAnimationEnd
09-13 22:03:13.831  2236  2236 I Launcher.AppsViewCellLayout: com.android.homescreen.apptray.AppsViewCellLayout{c6eef62 V.ED..... ........ 38,73-1042,2161}[a=1.0,v=0,sId=0] setAlpha : 1.0
09-13 22:03:13.915  1203  1287 I WindowManager: Reparenting to original parent: Surface(name=ActivityRecord{42b51f0 u0 com.samsung.android.lool/com.samsung.android.sm.iafd.dialog.AppErrorDialogActivity} t3136})/@0x9c6628, destroy=true, surface=Surface(name=e238887 com.samsung.android.lool/com.samsung.android.sm.iafd.dialog.AppErrorDialogActivity)/@0xedaac4b
09-13 22:03:13.915  1203  1287 E WindowManager: win=Window{e238887 u0 com.samsung.android.lool/com.samsung.android.sm.iafd.dialog.AppErrorDialogActivity EXITING} destroySurfaces: appStopped=false cleanupOnResume=false win.mWindowRemovalAllowed=true win.mRemoveOnExit=true win.mViewVisibility=0 caller=com.android.server.wm.WindowState.onExitAnimationDone:6000 com.android.server.wm.WindowStateAnimator.onAnimationFinished:225 com.android.server.wm.WindowState.onAnimationFinished:6225 com.android.server.wm.WindowContainer$$ExternalSyntheticLambda4.onAnimationFinished:2 com.android.server.wm.SurfaceAnimator.lambda$getFinishedCallback$0:140 com.android.server.wm.SurfaceAnimator.$r8$lambda$lRxTVOJy8fX752UbrFno9INW9hE:0 com.android.server.wm.SurfaceAnimator$$ExternalSyntheticLambda1.run:8 
09-13 22:03:13.915  1203  1287 I WindowManager: Destroying surface Surface(name=com.samsung.android.lool/com.samsung.android.sm.iafd.dialog.AppErrorDialogActivity$_20478)/@0x97b67b6 called by com.android.server.wm.WindowStateAnimator.destroySurface:942 com.android.server.wm.WindowStateAnimator.destroySurfaceLocked:536 com.android.server.wm.WindowState.destroySurfaceUnchecked:4309 com.android.server.wm.WindowState.destroySurface:4283 com.android.server.wm.WindowState.onExitAnimationDone:6000 com.android.server.wm.WindowStateAnimator.onAnimationFinished:225 com.android.server.wm.WindowState.onAnimationFinished:6225 com.android.server.wm.WindowContainer$$ExternalSyntheticLambda4.onAnimationFinished:2 
09-13 22:03:13.917  1203  1287 I WindowManager: Reparenting to original parent: Surface(name=WindowedMagnification:0:31)/@0x6168dee, destroy=true, surface=Surface(name=Dim Layer for - WindowedMagnification:0:31)/@0xec60ce6
09-13 22:03:13.919  1203  1996 V MdnieScenarioControlService: mAclOffEnabled : false mAclPreviewState : false mAclCompensationState : false
09-13 22:03:13.931   875   875 I Layer   : id=1696 removeFromCurrentState com.samsung.android.lool/com.samsung.android.sm.iafd.dialog.AppErrorDialogActivity$_20478#1696 (137)
09-13 22:03:13.931   875   875 I Layer   : id=1692 removeFromCurrentState e238887 com.samsung.android.lool/com.samsung.android.sm.iafd.dialog.AppErrorDialogActivity#1692 (137)
09-13 22:03:13.931   875   875 I Layer   : id=1703 removeFromCurrentState Surface(name=e238887 com.samsung.android.lool/com.samsung.android.sm.iafd.dialog.AppErrorDialogActivity)/@0xedaac4b - animation-leash of window_animation#1703 (137)
09-13 22:03:13.931   875   875 I Layer   : Layer [com.samsung.android.lool/com.samsung.android.sm.iafd.dialog.AppErrorDialogActivity$_20478#1696] hidden!! flag(1)
09-13 22:03:13.931   875   875 I SurfaceFlinger: id=1692 Removed e238887 com.samsung.android.lool/com.samsung.android.sm.iafd.dialog.AppErrorDialogActivity#1692 (137)
09-13 22:03:13.931   875   875 I SurfaceFlinger: id=1696 Removed com.samsung.android.lool/com.samsung.android.sm.iafd.dialog.AppErrorDialogActivity$_20478#1696 (137)
09-13 22:03:13.931   875   875 I SurfaceFlinger: id=1703 Removed Surface(name=e238887 com.samsung.android.lool/com.samsung.android.sm.iafd.dialog.AppErrorDialogActivity)/@0xedaac4b - animation-leash of window_animation#1703 (137)
09-13 22:03:13.931   875   875 I Layer   : id=1703 Destroyed Surface(name=e238887 com.samsung.android.lool/com.samsung.android.sm.iafd.dialog.AppErrorDialogActivity)/@0xedaac4b - animation-leash of window_animation#1703
09-13 22:03:13.931   875   875 I Layer   : id=1692 Destroyed e238887 com.samsung.android.lool/com.samsung.android.sm.iafd.dialog.AppErrorDialogActivity#1692
09-13 22:03:13.931   875   875 I Layer   : id=1696 Destroyed com.samsung.android.lool/com.samsung.android.sm.iafd.dialog.AppErrorDialogActivity$_20478#1696
09-13 22:03:13.947   875   875 I Layer   : id=1700 removeFromCurrentState Dim Layer for - WindowedMagnification:0:31#1700 (134)
09-13 22:03:13.947   875   875 I Layer   : id=1706 removeFromCurrentState Surface(name=Dim Layer for - WindowedMagnification:0:31)/@0xec60ce6 - animation-leash of dimmer#1706 (134)
09-13 22:03:13.947   875   875 I SurfaceFlinger: id=1700 Removed Dim Layer for - WindowedMagnification:0:31#1700 (134)
09-13 22:03:13.947   875   875 I SurfaceFlinger: id=1706 Removed Surface(name=Dim Layer for - WindowedMagnification:0:31)/@0xec60ce6 - animation-leash of dimmer#1706 (134)
09-13 22:03:13.947   875   875 I Layer   : id=1706 Destroyed Surface(name=Dim Layer for - WindowedMagnification:0:31)/@0xec60ce6 - animation-leash of dimmer#1706
09-13 22:03:13.947   875   875 I Layer   : id=1700 Destroyed Dim Layer for - WindowedMagnification:0:31#1700
09-13 22:03:13.974  1203  2452 D WifiNl80211Manager: Scan result ready event
09-13 22:03:13.974  1203  2452 D WifiNative: Scan result ready event
09-13 22:03:13.975  1203  1555 D WificondScannerImpl: Filtering out 1 scan results.
09-13 22:03:13.976  1203  1608 V SemWifiScanPool: updateScanResult, partial scan:1 configKeys: 6 pool_bssid:20 pool_configKeys:16
09-13 22:03:14.030  1203  1287 I WindowManager: Reparenting to original parent: Surface(name=ActivityRecord{42b51f0 u0 com.samsung.android.lool/com.samsung.android.sm.iafd.dialog.AppErrorDialogActivity} t3136})/@0x9c6628, destroy=true, surface=Surface(name=fffd667 com.samsung.android.lool/com.samsung.android.sm.iafd.dialog.AppErrorDialogActivity)/@0xec7af87
09-13 22:03:14.032  1203  1287 E WindowManager: win=Window{fffd667 u0 com.samsung.android.lool/com.samsung.android.sm.iafd.dialog.AppErrorDialogActivity EXITING} destroySurfaces: appStopped=false cleanupOnResume=false win.mWindowRemovalAllowed=true win.mRemoveOnExit=true win.mViewVisibility=0 caller=com.android.server.wm.ActivityRecord.destroySurfaces:6539 com.android.server.wm.ActivityRecord.destroySurfaces:6520 com.android.server.wm.WindowState.onExitAnimationDone:5998 com.android.server.wm.WindowStateAnimator.onAnimationFinished:225 com.android.server.wm.WindowState.onAnimationFinished:6225 com.android.server.wm.WindowContainer$$ExternalSyntheticLambda4.onAnimationFinished:2 com.android.server.wm.SurfaceAnimator.lambda$getFinishedCallback$0:140 
09-13 22:03:14.032  1203  1287 I WindowManager: Destroying surface Surface(name=com.samsung.android.lool/com.samsung.android.sm.iafd.dialog.AppErrorDialogActivity$_20478)/@0x9efd3c6 called by com.android.server.wm.WindowStateAnimator.destroySurface:942 com.android.server.wm.WindowStateAnimator.destroySurfaceLocked:536 com.android.server.wm.WindowState.destroySurfaceUnchecked:4309 com.android.server.wm.WindowState.destroySurface:4283 com.android.server.wm.ActivityRecord.destroySurfaces:6539 com.android.server.wm.ActivityRecord.destroySurfaces:6520 com.android.server.wm.WindowState.onExitAnimationDone:5998 com.android.server.wm.WindowStateAnimator.onAnimationFinished:225 
09-13 22:03:14.032  1203  1287 D RestrictionPolicy: isScreenCaptureEnabled : ret=true userId=0
09-13 22:03:14.032  1203  1287 V WindowManager: Nulling last startingData
09-13 22:03:14.047   875   875 I Layer   : id=1697 removeFromCurrentState com.samsung.android.lool/com.samsung.android.sm.iafd.dialog.AppErrorDialogActivity$_20478#1697 (132)
09-13 22:03:14.047   875   875 I Layer   : id=1695 removeFromCurrentState fffd667 com.samsung.android.lool/com.samsung.android.sm.iafd.dialog.AppErrorDialogActivity#1695 (132)
09-13 22:03:14.047   875   875 I Layer   : id=1711 removeFromCurrentState Surface(name=fffd667 com.samsung.android.lool/com.samsung.android.sm.iafd.dialog.AppErrorDialogActivity)/@0xec7af87 - animation-leash of window_animation#1711 (132)
09-13 22:03:14.047   875  2457 I SurfaceFlinger: id=1699 Removed c364a33 ActivityRecordInputSink com.samsung.android.lool/com.samsung.android.sm.iafd.dialog.AppErrorDialogActivity#1699 (132)
09-13 22:03:14.047   875   875 I SurfaceFlinger: id=1695 Removed fffd667 com.samsung.android.lool/com.samsung.android.sm.iafd.dialog.AppErrorDialogActivity#1695 (132)
09-13 22:03:14.047   875   875 I SurfaceFlinger: id=1697 Removed com.samsung.android.lool/com.samsung.android.sm.iafd.dialog.AppErrorDialogActivity$_20478#1697 (132)
09-13 22:03:14.047   875   875 I SurfaceFlinger: id=1711 Removed Surface(name=fffd667 com.samsung.android.lool/com.samsung.android.sm.iafd.dialog.AppErrorDialogActivity)/@0xec7af87 - animation-leash of window_animation#1711 (132)
09-13 22:03:14.047   875  2457 I SurfaceFlinger: id=1712 createSurf flag=24004, Task=3136#1712
09-13 22:03:14.047   875   875 I Layer   : id=1711 Destroyed Surface(name=fffd667 com.samsung.android.lool/com.samsung.android.sm.iafd.dialog.AppErrorDialogActivity)/@0xec7af87 - animation-leash of window_animation#1711
09-13 22:03:14.047   875   875 I Layer   : id=1695 Destroyed fffd667 com.samsung.android.lool/com.samsung.android.sm.iafd.dialog.AppErrorDialogActivity#1695
09-13 22:03:14.047   875   875 I Layer   : id=1697 Destroyed com.samsung.android.lool/com.samsung.android.sm.iafd.dialog.AppErrorDialogActivity$_20478#1697
09-13 22:03:14.048  1203 18963 D RemoteAppTaskWatcher:  ****** RemoteAppTaskWatcher: Message Received 3 Task ID = 3136
09-13 22:03:14.048  1203 18963 D RemoteAppTaskWatcher:  ****** RemoteAppTaskWatcher: Message Received 3 Task ID = 3136
09-13 22:03:14.049  2236  2236 I RecentsView: onTaskRemoved() taskId : 3136
09-13 22:03:14.050  2236  2236 I TopTaskTracker: onTaskRemoved : taskId = 3136
09-13 22:03:14.050  2236  2236 I RecentsView: onTaskRemoved() taskId : 3136
09-13 22:03:14.050  2236  2236 I TopTaskTracker: onTaskRemoved : taskId = 3136
09-13 22:03:14.057  1203  1702 I Pageboost: Launcher Page Up
09-13 22:03:14.057  1203  1702 I Pageboost: IO Prefetch for : com.google.aiedge.gallery
09-13 22:03:14.058  2801 26114 E pageboostd: prefetch start : app comgoogleaiedgegallery
09-13 22:03:14.058   738   738 E audit   : type=1400 audit(1757793794.055:7334): avc:  denied  { search } for  pid=2801 comm="pageboostd" name="com.google.android.gms" dev="sda32" ino=7208 scontext=u:r:pageboostd:s0 tcontext=u:object_r:privapp_data_file:s0:c512,c768 tclass=dir permissive=0 SEPF_SM-G986B_12_0001 audit_filtered
09-13 22:03:14.058   738   738 E audit   : type=1300 audit(1757793794.055:7334): arch=c00000b7 syscall=56 success=no exit=-13 a0=ffffff9c a1=7d66cb0840 a2=0 a3=0 items=0 ppid=1 pid=2801 auid=4294967295 uid=1000 gid=1000 euid=1000 suid=1000 fsuid=1000 egid=1000 sgid=1000 fsgid=1000 tty=(none) ses=4294967295 comm="pageboostd" exe="/system/bin/pageboostd" subj=u:r:pageboostd:s0 key=(null)
09-13 22:03:14.058   738   738 E audit   : type=1327 audit(1757793794.055:7334): proctitle="/system/bin/pageboostd"
09-13 22:03:14.058   738   738 E audit   : type=1400 audit(1757793794.055:7335): avc:  denied  { search } for  pid=2801 comm="pageboostd" name="com.google.android.gms" dev="sda32" ino=7208 scontext=u:r:pageboostd:s0 tcontext=u:object_r:privapp_data_file:s0:c512,c768 tclass=dir permissive=0 SEPF_SM-G986B_12_0001 audit_filtered
09-13 22:03:14.058   738   738 E audit   : type=1300 audit(1757793794.055:7335): arch=c00000b7 syscall=56 success=no exit=-13 a0=ffffff9c a1=7d66cb0840 a2=0 a3=0 items=0 ppid=1 pid=2801 auid=4294967295 uid=1000 gid=1000 euid=1000 suid=1000 fsuid=1000 egid=1000 sgid=1000 fsgid=1000 tty=(none) ses=4294967295 comm="pageboostd" exe="/system/bin/pageboostd" subj=u:r:pageboostd:s0 key=(null)
09-13 22:03:14.058   738   738 E audit   : type=1327 audit(1757793794.055:7335): proctitle="/system/bin/pageboostd"
09-13 22:03:14.058  2801 26114 E pageboostd: comgoogleaiedgegallery, amt 19705856 scnt 9 fcnt 5
09-13 22:03:14.058  2801 26114 E pageboostd: prefetch end : app comgoogleaiedgegallery data_amount 19705856
09-13 22:03:14.063   875   875 I Layer   : id=1712 removeFromCurrentState Task=3136#1712 (130)
09-13 22:03:14.064   875   875 I Layer   : id=1691 removeFromCurrentState ActivityRecord{42b51f0 u0 com.samsung.android.lool/com.samsung.android.sm.iafd.dialog.AppErrorDialogActivity} t3136}#1691 (130)
09-13 22:03:14.064   875   875 I Layer   : id=1699 removeFromCurrentState c364a33 ActivityRecordInputSink com.samsung.android.lool/com.samsung.android.sm.iafd.dialog.AppErrorDialogActivity#1699 (130)
09-13 22:03:14.064   875   875 I Layer   : id=1690 removeFromCurrentState Task=3136#1690 (130)
09-13 22:03:14.064   875   875 I SurfaceFlinger: id=1691 Removed ActivityRecord{42b51f0 u0 com.samsung.android.lool/com.samsung.android.sm.iafd.dialog.AppErrorDialogActivity} t3136}#1691 (130)
09-13 22:03:14.064   875   875 I SurfaceFlinger: id=1712 Removed Task=3136#1712 (130)
09-13 22:03:14.064   875   875 I Layer   : id=1712 Destroyed Task=3136#1712
09-13 22:03:14.064   875   875 I Layer   : id=1691 Destroyed ActivityRecord{42b51f0 u0 com.samsung.android.lool/com.samsung.android.sm.iafd.dialog.AppErrorDialogActivity} t3136}#1691
09-13 22:03:14.064   875   875 I Layer   : id=1699 Destroyed c364a33 ActivityRecordInputSink com.samsung.android.lool/com.samsung.android.sm.iafd.dialog.AppErrorDialogActivity#1699
09-13 22:03:14.150   549   549 D io_stats: !@   8,0 r 3239337 48118704 w 566937 4233536 d 262325 2919844 f 0 0 iot 569168 0 th 0 0 0 pt 0 inp 0 0 22649.277
09-13 22:03:14.233  1203  1269 W System  : A resource failed to call HardwareBuffer.close. 
09-13 22:03:14.235  1203  1269 W System  : A resource failed to call HardwareBuffer.close. 
09-13 22:03:14.235  1203  1269 W System  : A resource failed to call close. 
09-13 22:03:14.236  1203  1269 W System  : A resource failed to call close. 
09-13 22:03:14.412   797 26109 I HYPER-HAL: [ResourceManager.cpp]removeResource(): [CPUMinFreq] RemoveResource Request ID : 766976
09-13 22:03:14.412   797 26109 I HYPER-HAL: [RequestManager.cpp]releaseLocked(): Released ID : 766976
09-13 22:03:14.582  1203  3220 D SemWifiUsabilityStatsMonitor: onWifiUsabilityStats - seqNum 676, isSameBssidAndFreq true
09-13 22:03:14.582  1721  1721 D NetworkController.WifiSignalController: notifyListener: visible=true, connected=true, inetCondition=1, isDefault=true, wifiTestReported=true, receivedInetCondition=-1, hideDuringMobileSwitching=false
09-13 22:03:14.582  1203  1616 I SemWifiLinkQualityMonitor: Link Qos Query: 0,041 ms / 193,388 Mbps (585 / 0,028 / 1,000)
09-13 22:03:14.583  1721  1833 D Tile.WifiTile: handleUpdateState isTransient=false transientEnabling =false cb.isTransient=false state.state = 2 mStateBeforeClick.value =false enabled =true
09-13 22:03:14.605  1721  1833 D MobileStatusTracker(0/4): onSignalStrengthsChanged level=2, vendorLevel=1
09-13 22:03:14.605  1721  1833 D MobileSignalController(0/4): notifyListener: enabled=true, connected=true, dataConnected=true, networkType=LTE (4G), emergencyOnly=false, roaming=false, isDefault=false, dataActivity=, level=1, ca=false, mmWave=false, disabledDataIcon=false, simCard=ETC
09-13 22:03:14.606  1721  1833 D NetworkController: SignalStrength from intent slotId=0
09-13 22:03:14.643  1203  8638 D SGM:GameManager: identifyGamePackage. com.sec.android.app.launcher, mCurrentUserId: 0, callerUserId: 0, callingMethodInfo: com.android.server.ssrm.SortingMachine.isGame(SortingMachine.java:162)
09-13 22:03:14.643  1203  8638 D SGM:PkgDataHelper: getGamePkgData(). com.sec.android.app.launcher
09-13 22:03:14.666  2236  2444 I QuickstepModelDelegate: Widget predictions updated
09-13 22:03:14.700  1203  1289 E Watchdog: !@Sync: 755 heap: 145 / 167 FD: 1201 [2025-09-13 22:03:14.699]
09-13 22:03:15.112   797 26110 I HYPER-HAL: [ResourceManager.cpp]removeResource(): [CPUMaxFreq] RemoveResource Request ID : 8646574
09-13 22:03:15.113   797 26110 I HYPER-HAL: [RequestManager.cpp]releaseLocked(): Released ID : 8646574
09-13 22:03:15.134 13561 13609 I WindowsLink: (YpcSignatureChecker) isSignatureAllowed in
09-13 22:03:15.134 13561 13609 I WindowsLink: (BaseContentProvider) call: method = TaskInfoManager@getRecentTasks / subMethod = getRecentTasks
09-13 22:03:15.136 13561 13609 I WindowsLink: (VirtualDisplayInfoHelper) getRecentTaskInfo() taskIncluded : true
09-13 22:03:15.136 13561 13609 I WindowsLink: (VirtualDisplayInfoHelper) getRecentTaskInfo() taskIncluded : true
09-13 22:03:15.136 13561 13609 I WindowsLink: (VirtualDisplayInfoHelper) getRecentTaskInfo() taskIncluded : true
09-13 22:03:15.136 13561 13609 I WindowsLink: (VirtualDisplayInfoHelper) getRecentTaskInfo() taskIncluded : true
09-13 22:03:15.136 13561 13609 I WindowsLink: (VirtualDisplayInfoHelper) getRecentTaskInfo() taskIncluded : true
09-13 22:03:15.136 13561 13609 I WindowsLink: (VirtualDisplayInfoHelper) getRecentTaskInfo() taskIncluded : true
09-13 22:03:15.136 13561 13609 I WindowsLink: (VirtualDisplayInfoHelper) getRecentTaskInfo() taskIncluded : true
09-13 22:03:15.136 13561 13609 I WindowsLink: (TaskInfoManager) getRecentTasks() size : 7
09-13 22:03:15.672   797 26113 I HYPER-HAL: [RequestManager.cpp]releaseLocked(): Released ID : 1759750
09-13 22:03:15.888  1721  1833 D MobileStatusTracker(0/4): onSignalStrengthsChanged level=2, vendorLevel=1
09-13 22:03:15.888  1721  1833 D MobileSignalController(0/4): notifyListener: enabled=true, connected=true, dataConnected=true, networkType=LTE (4G), emergencyOnly=false, roaming=false, isDefault=false, dataActivity=, level=1, ca=false, mmWave=false, disabledDataIcon=false, simCard=ETC
09-13 22:03:15.889  1721  1833 D NetworkController: SignalStrength from intent slotId=0
09-13 22:03:16.048  1203  1482 D ActivityTaskManager: SafeActivityOptions created, mOriginalCallingPid=1203, mOriginalCallingUid=1000, options=ActivityOptions(38294840), mPackageName=null, mAnimationType=-1, mStartX=0, mStartY=0, mWidth=0, mHeight=0, caller=com.android.server.am.PendingIntentRecord.sendInner:486 com.android.server.am.ActivityManagerService.sendIntentSender:6624 com.android.server.am.ActivityManagerService.sendIntentSender:6613 android.app.PendingIntent.sendAndReturnResult:1029 android.app.PendingIntent.send:1000 com.android.server.alarm.AlarmManagerService$DeliveryTracker.deliverLocked:6377 com.android.server.alarm.AlarmManagerService.deliverAlarmsLocked:5218 
09-13 22:03:16.048  1203  1482 D ActivityManager: Received BROADCAST intent 0xec934a2 Key{broadcastIntent pkg=com.sec.android.app.launcher intent=act=com.samsung.action.EVERY_MINUTE_CLOCK_UPDATE flags=0x4000000 u=0} requestCode=0 sent=0 from uid 1000
09-13 22:03:16.049  2236  2236 I LiveIconUpdateEventHandler: onReceive: Intent { act=com.samsung.action.EVERY_MINUTE_CLOCK_UPDATE flg=0x10 }
09-13 22:03:16.049  2236  2236 I LiveIconUpdateEventHandler: onReceive: com.samsung.action.EVERY_MINUTE_CLOCK_UPDATE
09-13 22:03:16.049  2236  2444 I LiveIconUpdateEventHandler: LiveIcon DateChanged
09-13 22:03:16.049  2236  2444 I LiveIconUpdateEventHandler: updateLiveIcon type:0
09-13 22:03:16.049  2236  2444 I LiveIconViewUpdater: onUpdateLiveIcon - id : 66, itemType : 0
09-13 22:03:16.050  2236  2444 I LiveIconUpdateEventHandler: cancelMinuteChangeAlarm
09-13 22:03:16.051  2236  2441 I LauncherActivityInfo: Trying to load live icon for com.sec.android.app.clockpackage
09-13 22:03:16.052  2236  2444 I LiveIconUpdateEventHandler: setMinuteChangeAlarm Sat Sep 13 22:04:00 GMT+02:00 2025
09-13 22:03:16.060  2236  2441 I LiveIconUtil: getLiveIcon was called in ClockPackage
09-13 22:03:16.060  2236  2441 I LiveIconUtil: getLiveIcon res = com.sec.android.app.clockpackage
09-13 22:03:16.061  2236  2441 I LiveIconUtil: stdIconSize : 135 , targetIconSize : 163
09-13 22:03:16.061  2236  2441 I LiveIconUtil: mIconDpi : 640 , mTargetIconDpi : 450
09-13 22:03:16.094  2236  2441 I AppIconSolution: load= live icon for com.sec.android.app.clockpackage, from overlay = false
09-13 22:03:16.096  2236  2441 I LauncherActivityInfo: packageName: com.sec.android.app.clockpackage, useThemeIcon: false, height: 288, width: 288, density: 640
09-13 22:03:16.124   875   981 I VSyncReactor: Current= 60, TransitioningTo= 60, Distance= 61
09-13 22:03:16.553  1203  1359 D PowerManagerService: UserActivityStateListenerState: 0
09-13 22:03:16.907  1203  1515 D InputReader: Btn_touch(2): value=1 when=22652.033829
09-13 22:03:16.907  1203  1515 I InputReader: Touch event's action is 0x0 (id=6, t=0) [pCnt=1, s=0.227 ] when=22652.033829
09-13 22:03:16.908  1203  1514 I InputDispatcher: Delivering touch to (1721): action: 0x4, f=0x0, d=0, '60c90e4', t=1 
09-13 22:03:16.908  1203  1514 I InputDispatcher: Delivering touch to (2236): action: 0x0, f=0x0, d=0, 'cb0180e', t=1 *(0.75)
09-13 22:03:16.908  1203  1514 D PowerManagerService: [api] userActivityFromNative :  (event: 2 flags: 0 displayId: 0) eventTime = 22652033
09-13 22:03:16.908  2236  2236 I ViewRootImpl@d303222[LauncherActivity]: ViewPostIme pointer 0
09-13 22:03:16.909  1203  1514 D PowerManagerService: UserActivityStateListenerState: 1
09-13 22:03:16.909  1203  1284 I GestureDetector: obtain mCurrentDownEvent. id: 19185855 caller: com.android.server.wm.SystemGesturesPointerEventListener.onPointerEvent:203 com.android.server.wm.PointerEventDispatcher.onInputEvent:53 android.view.InputEventReceiver.dispatchInputEvent:285 
09-13 22:03:16.909  2236  2236 W BaseDragLayer: dispatchTouchEvent, ACTION_DOWN - mTouchDispatchState = 9
09-13 22:03:16.909  1203  1284 I GestureDetector: obtain mCurrentDownEvent. id: 19185855 caller: com.android.server.wm.SystemPerformancePointerEventListener.onPointerEvent:89 com.android.server.wm.PointerEventDispatcher.onInputEvent:53 android.view.InputEventReceiver.dispatchInputEvent:285 
09-13 22:03:16.909  2236  2236 W BaseDragLayer: findActiveController return false mTouchDispatchState = 9
09-13 22:03:16.909  2236  2236 W AppStartUtils: sendActiveLaunchBroadcast() id : 968
09-13 22:03:16.910  1203  1698 I Pageboost: start alp : org.cosmosmataro.skymap
09-13 22:03:16.910  1203  1698 D ActivityTaskManager: Checking for the Active launch isPkgEverLaunched :true, isPkgStopped : false, isDataCleared :false, isAutoRunBlocked : false
09-13 22:03:16.910  1203  1702 I Pageboost: alp for : org.cosmosmataro.skymap , 1
09-13 22:03:16.910  1203  1698 W ContextImpl: Calling a method in the system process without a qualified user: android.app.ContextImpl.startActivity:1127 com.android.server.wm.ActivityTaskManagerService$ActiveLaunchReceiver.onReceive:1339 android.app.LoadedApk$ReceiverDispatcher$Args.lambda$getRunnable$0$android-app-LoadedApk$ReceiverDispatcher$Args:1919 android.app.LoadedApk$ReceiverDispatcher$Args$$ExternalSyntheticLambda0.run:2 android.os.Handler.handleCallback:942 
09-13 22:03:16.911  1203  1698 D ActivityTaskManager: startActivityAsUser: callingPid=1203, callingUid=1000, caller=com.android.server.wm.ActivityTaskManagerService.startActivityAsUser:1816 com.android.server.wm.ActivityTaskManagerService.startActivity:1767 android.app.Instrumentation.execStartActivity:1801 android.app.ContextImpl.startActivity:1145 com.android.server.wm.ActivityTaskManagerService$ActiveLaunchReceiver.onReceive:1339 android.app.LoadedApk$ReceiverDispatcher$Args.lambda$getRunnable$0$android-app-LoadedApk$ReceiverDispatcher$Args:1919 android.app.LoadedApk$ReceiverDispatcher$Args$$ExternalSyntheticLambda0.run:2 
09-13 22:03:16.911  1203  1698 D ActivityTaskManager: SafeActivityOptions created, mOriginalCallingPid=1203, mOriginalCallingUid=1000, options=ActivityOptions(253069431), mPackageName=null, mAnimationType=-1, mStartX=0, mStartY=0, mWidth=0, mHeight=0, caller=com.android.server.wm.SafeActivityOptions.fromBundle:82 com.android.server.wm.ActivityStarter.setActivityOptions:4708 com.android.server.wm.ActivityTaskManagerService.startActivityAsUser:1941 com.android.server.wm.ActivityTaskManagerService.startActivityAsUser:1816 com.android.server.wm.ActivityTaskManagerService.startActivity:1767 android.app.Instrumentation.execStartActivity:1801 android.app.ContextImpl.startActivity:1145 
09-13 22:03:16.911  2801 26115 E pageboostd: alp start : app orgcosmosmataroskymap
09-13 22:03:16.911  1203  1698 D ActivityTaskManager: request preloading for newly launching app
09-13 22:03:16.911  1203  1698 E ActivityTaskManager: TouchDown intent received, starting ActiveLaunch
09-13 22:03:16.911  1203  1698 D ActivityTaskManager: starting Active launch
09-13 22:03:16.911  2801 26115 E pageboostd: orgcosmosmataroskymap, amt 0 scnt 0 fcnt 0
09-13 22:03:16.911  2801 26115 E pageboostd: orgcosmosmataroskymap, amt 0 scnt 0 fcnt 0
09-13 22:03:16.911  2801 26115 E pageboostd: alp end : app orgcosmosmataroskymap data_amount 0
09-13 22:03:16.912  1203  1286 I ChimeraSystemEventListener: appLaunchIntent package name is: org.cosmosmataro.skymap
09-13 22:03:16.913  1203  1286 D CompatibilityChangeReporter: Compat change id reported: 135634846; UID 10500; state: DISABLED
09-13 22:03:16.913  1203  1286 D CompatibilityChangeReporter: Compat change id reported: 177438394; UID 10500; state: DISABLED
09-13 22:03:16.913  1203  1286 D CompatibilityChangeReporter: Compat change id reported: 135772972; UID 10500; state: DISABLED
09-13 22:03:16.913  1203  1286 D CompatibilityChangeReporter: Compat change id reported: 135754954; UID 10500; state: ENABLED
09-13 22:03:16.913  1203  1294 D CompatibilityChangeReporter: Compat change id reported: 143937733; UID 10500; state: ENABLED
09-13 22:03:16.915  1721  1793 D ShellStartingWindow: preload Icon org.cosmosmataro.skymap
09-13 22:03:16.916  1203  1284 I GestureDetector: obtain mCurrentMotionEventRaw. action: 2 id: 405789741
09-13 22:03:16.916  1203  1284 I GestureDetector: obtain mCurrentMotionEventRaw. action: 2 id: 405789741
09-13 22:03:16.922   764   764 D Zygote  : Forked child process 26116
09-13 22:03:16.922  1203  1294 I ActivityManager: Start proc 26116:org.cosmosmataro.skymap/u0a500 for activelaunch {org.cosmosmataro.skymap/org.cosmosmataro.skymap.activities.SplashScreenActivity}
09-13 22:03:16.931 26116 26116 I osmataro.skymap: Late-enabling -Xcheck:jni
09-13 22:03:16.938   875   981 I VSyncReactor: Current= 60, TransitioningTo= 60, Distance= 60
09-13 22:03:16.940  2236  2236 W BaseDragLayer: findActiveController return false mTouchDispatchState = 9
09-13 22:03:16.952 26116 26116 I osmataro.skymap: Using CollectorTypeCC GC.
09-13 22:03:16.954  2236  2236 W BaseDragLayer: findActiveController return false mTouchDispatchState = 9
09-13 22:03:16.956  1203  1515 D InputReader: Btn_touch(2): value=0 when=22652.083184
09-13 22:03:16.956  1203  1515 I InputReader: Touch event's action is 0x1 (id=6, t=0) [pCnt=1, s=] when=22652.083184
09-13 22:03:16.957  1203  1514 I InputDispatcher: Delivering touch to (2236): action: 0x1, f=0x0, d=0, 'cb0180e', t=1 *(0.75)
09-13 22:03:16.957  2236  2236 W BaseDragLayer: findActiveController return false mTouchDispatchState = 9
09-13 22:03:16.957  2236  2236 I ViewRootImpl@d303222[LauncherActivity]: ViewPostIme pointer 1
09-13 22:03:16.957  2236  2236 W BaseDragLayer: findActiveController return false mTouchDispatchState = 0
09-13 22:03:16.957  2236  2236 W ItemClickHandler: Icon Clicked
09-13 22:03:16.957  2236  2236 I DvfsUtil: acquireAppLaunch(intent)
09-13 22:03:16.958  2236  2236 I SemDvfsHyPerManager: acquire hyper - APP_LAUNCH/2236@0, type = -999
09-13 22:03:16.958  1025  1053 I adbd    : jdwp connection from 26116
09-13 22:03:16.958   797   883 I HYPER-HAL: [RequestManager.cpp]acquire(): Acquired ID : 2500966  [2236 / 0]    HINT : APP_LAUNCH    list : 
09-13 22:03:16.958  4145  4145 I SemDvfsHyPerManager: acquire hyper - APP_START_SHORT/4145@12, type = -999
09-13 22:03:16.959   797   883 I HYPER-HAL: [ResourceManager.cpp]updateResource(): [CPUMinFreq] UpdateResource Request ID : 2500966    Value : 2623359
09-13 22:03:16.961  1203  2452 D ActivityTaskManager: startActivityAsUser: callingPid=2236, callingUid=10140, caller=com.android.server.wm.ActivityTaskManagerService.startActivityAsUser:1816 com.android.server.wm.ActivityTaskManagerService.startActivity:1767 android.app.IActivityTaskManager$Stub.onTransact:1244 com.android.server.wm.ActivityTaskManagerService.onTransact:6599 android.os.Binder.execTransactInternal:1316 android.os.Binder.execTransact:1280 <bottom of call stack> 
09-13 22:03:16.961   797   883 I HYPER-HAL: [RequestManager.cpp]acquire(): Acquired ID : 8642415  [4145 / 12]    HINT : APP_START    list : [TIMEOUT / 1500] 
09-13 22:03:16.961  1203  2452 D ActivityTaskManager: SafeActivityOptions created, mOriginalCallingPid=2236, mOriginalCallingUid=10140, options=ActivityOptions(59770882), mPackageName=null, mAnimationType=13, mStartX=0, mStartY=0, mWidth=0, mHeight=0, caller=com.android.server.wm.SafeActivityOptions.fromBundle:82 com.android.server.wm.ActivityStarter.setActivityOptions:4708 com.android.server.wm.ActivityTaskManagerService.startActivityAsUser:1941 com.android.server.wm.ActivityTaskManagerService.startActivityAsUser:1816 com.android.server.wm.ActivityTaskManagerService.startActivity:1767 android.app.IActivityTaskManager$Stub.onTransact:1244 com.android.server.wm.ActivityTaskManagerService.onTransact:6599 
09-13 22:03:16.962  1203  1286 I ChimeraSystemEventListener: appLaunchIntent package name is: org.cosmosmataro.skymap
09-13 22:03:16.962   797   883 I HYPER-HAL: [ResourceManager.cpp]updateResource(): [CPUMaxFreq] UpdateResource Request ID : 8642415    Value : 2730000
09-13 22:03:16.962  1203  2452 I Pageboost: onAppLaunch : org.cosmosmataro.skymap
09-13 22:03:16.962  1203  1702 I Pageboost: Record App IO : org.cosmosmataro.skymap pid 26116
09-13 22:03:16.963  1203  1702 I Pageboost: 64 bit checked : true for 26116
09-13 22:03:16.963  1203  1702 I Pageboost: IoRecord pid : 26116, started correctly
09-13 22:03:16.963  1203  2452 I ActivityTaskManager: START u0 {act=android.intent.action.MAIN cat=[android.intent.category.LAUNCHER] flg=0x10200000 cmp=org.cosmosmataro.skymap/.activities.SplashScreenActivity bnds=[39,1032][285,1404]} from uid 10140
09-13 22:03:16.963 26116 26116 D ActivityThread: setConscryptValidator
09-13 22:03:16.963 26116 26116 D ActivityThread: setConscryptValidator - put
09-13 22:03:16.964  1203  2452 D ActivityTaskManager: TaskLaunchParamsModifier:task=null activity=ActivityRecord{2faa24e u0 org.cosmosmataro.skymap/.activities.SplashScreenActivity} display-from-option=0 display-id=0 display-windowing-mode=1 suggested-display-area=DefaultTaskDisplayArea@73658436
09-13 22:03:16.964  1203  2452 D [secipm]: mSecIpmManager Preload org.cosmosmataro.skymap dex files
09-13 22:03:16.964  1203  2452 D ActivityTaskManager: TaskLaunchParamsModifier:task=null activity=ActivityRecord{2faa24e u0 org.cosmosmataro.skymap/.activities.SplashScreenActivity} t-1} display-from-option=0 display-id=0 display-windowing-mode=1 suggested-display-area=DefaultTaskDisplayArea@73658436 inherit-from-source=fullscreen activity-options-fullscreen=Rect(0, 0 - 0, 0) non-freeform-display display-area=DefaultTaskDisplayArea@73658436 maximized-bounds
09-13 22:03:16.964  1203  2405 I SemDvfsHyPerManager: acquire hyper - AMS_APP_SWITCH/1203@22, type = -999
09-13 22:03:16.964   797   883 I HYPER-HAL: [RequestManager.cpp]acquire(): Acquired ID : 750947  [1203 / 22]    HINT : AMS_APP_SWITCH    list : 
09-13 22:03:16.964  1203 18963 D RemoteAppTaskWatcher:  ****** RemoteAppTaskWatcher: Message Received 0 Task ID = 3137
09-13 22:03:16.965   797   883 I HYPER-HAL: [ResourceManager.cpp]updateResource(): [CPUMinFreq] UpdateResource Request ID : 750947    Value : 2623359
09-13 22:03:16.965  4145  4145 I SemDvfsHyPerManager: acquire hyper - APP_START_SHORT/4145@12, type = -999
09-13 22:03:16.965   875  1029 I SurfaceFlinger: id=1713 createSurf flag=24004, Task=3137#1713
09-13 22:03:16.965   797   883 I HYPER-HAL: [RequestManager.cpp]acquire(): Acquired ID : 8642415  [4145 / 12]    HINT : APP_START    list : [TIMEOUT / 1500] 
09-13 22:03:16.965   797   883 I HYPER-HAL: [ResourceManager.cpp]updateResource(): [CPUMaxFreq] UpdateResource Request ID : 8642415    Value : 2730000
09-13 22:03:16.965  1203  2405 D ActivityManagerPerformance: AMP_acquire() APP_SWITCH
09-13 22:03:16.966  1203  2452 D ActivityTaskManager: TaskLaunchParamsModifier:task=Task{87f0f6f #3137 type=standard A=10500:org.cosmosmataro.skymap U=0 visible=false visibleRequested=false mode=fullscreen translucent=true sz=0} activity=ActivityRecord{2faa24e u0 org.cosmosmataro.skymap/.activities.SplashScreenActivity} t-1} display-from-option=0 display-id=0 display-windowing-mode=1 suggested-display-area=DefaultTaskDisplayArea@73658436 inherit-from-source=fullscreen activity-options-fullscreen=Rect(0, 0 - 0, 0) non-freeform-display display-area=DefaultTaskDisplayArea@73658436 maximized-bounds
09-13 22:03:16.967   875  1029 I SurfaceFlinger: id=1714 createSurf flag=80004, ActivityRecord{2faa24e u0 org.cosmosmataro.skymap/.activities.SplashScreenActivity} t3137}#1714
09-13 22:03:16.967  1203  2452 D ActivityTaskManager: scheduleTopResumedActivityChanged, onTop=false r=ActivityRecord{77ccc49 u0 com.sec.android.app.launcher/.activities.LauncherActivity} t7} caller=com.android.server.wm.ActivityTaskSupervisor.updateTopResumedActivityIfNeeded:2510 com.android.server.wm.TaskDisplayArea.positionChildTaskAt:602 com.android.server.wm.TaskDisplayArea.positionChildAt:537 com.android.server.wm.Task.moveToFrontInner:6053 com.android.server.wm.Task.moveToFront:6019 com.android.server.wm.ActivityStarter.startActivityInner:2924 
09-13 22:03:16.967  1203  2452 W WindowManager: Prepare app transition: mNextAppTransitionRequests=[TRANSIT_OPEN], mNextAppTransitionFlags=, displayId: 0 Callers=com.android.server.wm.DisplayContent.prepareAppTransition:6493 com.android.server.wm.DisplayContent.prepareAppTransition:6484 com.android.server.wm.Task.startActivityLocked:6595 com.android.server.wm.ActivityStarter.startActivityInner:2980 com.android.server.wm.ActivityStarter.startActivityUnchecked:2470 
09-13 22:03:16.967  1203  2452 V WindowManager: Checking theme of starting window: 0x103006d
09-13 22:03:16.967  1203  2452 V WindowManager: Translucent=false Floating=false ShowWallpaper=false Disable=false
09-13 22:03:16.967  1203  2452 V WindowManager: Creating SplashScreenStartingData
09-13 22:03:16.967  1203  2452 D ActivityTaskManager: Add starting com.android.server.wm.ActivityRecord$AddStartingWindow@1803105: typeParam=139
09-13 22:03:16.967  1203  2452 V WindowManager: Add starting com.android.server.wm.ActivityRecord$AddStartingWindow@1803105: startingData=com.android.server.wm.SplashScreenStartingData@162955a
09-13 22:03:16.968  1203  2452 V WindowManager: Added starting ActivityRecord{2faa24e u0 org.cosmosmataro.skymap/.activities.SplashScreenActivity} t3137}: startingWindow=null startingView=com.android.server.wm.StartingSurfaceController$StartingSurface@e17338b
09-13 22:03:16.968  1721  1793 D ShellStartingWindow: use preloaded icon
09-13 22:03:16.969  1721  1798 D NativeCustomFrequencyManager: [NativeCFMS] BpCustomFrequencyManager::BpCustomFrequencyManager()
09-13 22:03:16.970  1203  2452 I Pageboost: stop alp
09-13 22:03:16.970  1203  2452 I SemDvfsHyPerManager: acquire hyper - AMS_APP_LAUNCH/1203@19, type = -999
09-13 22:03:16.970  2801  2801 E pageboostd: Received HALT command code 2
09-13 22:03:16.970   797   883 I HYPER-HAL: [RequestManager.cpp]acquire(): Acquired ID : 747272  [1203 / 19]    HINT : AMS_APP_LAUNCH    list : 
09-13 22:03:16.970   797   883 I HYPER-HAL: [ResourceManager.cpp]updateResource(): [CPUMinFreq] UpdateResource Request ID : 747272    Value : 2623359
09-13 22:03:16.971  4145  4145 I SemDvfsHyPerManager: acquire hyper - APP_START/4145@14, type = -999
09-13 22:03:16.971   797   883 I HYPER-HAL: [RequestManager.cpp]acquire(): Acquired ID : 8650734  [4145 / 14]    HINT : APP_START    list : 
09-13 22:03:16.971  1203 18963 D RemoteAppTaskWatcher:  ****** RemoteAppTaskWatcher: Message Received 4 Task ID = 3137
09-13 22:03:16.971  1203  2216 D CompatibilityChangeReporter: Compat change id reported: 168419799; UID 10500; state: DISABLED
09-13 22:03:16.971  1203 18963 D RemoteAppTaskWatcher:  ****** RemoteAppTaskWatcher: Message Received 0 Task ID = 3137
09-13 22:03:16.971   797   883 I HYPER-HAL: [ResourceManager.cpp]updateResource(): [CPUMaxFreq] UpdateResource Request ID : 8650734    Value : 2730000
09-13 22:03:16.973  1203  4248 D InputTransport: Input channel constructed: '457d881', fd=810
09-13 22:03:16.973  1203  4248 D InputTransport: Input channel constructed: '457d881', fd=819
09-13 22:03:16.973  1203  4248 D InputTransport: Input channel constructed: '457d881', fd=923
09-13 22:03:16.973   875  1029 I SurfaceFlinger: id=1715 createSurf flag=80004, 457d881 Splash Screen org.cosmosmataro.skymap#1715
09-13 22:03:16.973  1203  4248 V WindowManager: addWindow: ActivityRecord{2faa24e u0 org.cosmosmataro.skymap/.activities.SplashScreenActivity} t3137} startingWindow=Window{457d881 u0 Splash Screen org.cosmosmataro.skymap}
09-13 22:03:16.974  1203  4248 D InputTransport: Input channel destroyed: '457d881', fd=923
09-13 22:03:16.974  1721  1792 D InsetsController: onStateChanged: InsetsState: {mDisplayFrame=Rect(0, 0 - 1080, 2400), mDisplayCutout=DisplayCutout{insets=Rect(0, 73 - 0, 0) waterfall=Insets{left=0, top=0, right=0, bottom=0} boundingRect={Bounds=[Rect(0, 0 - 0, 0), Rect(692, 0 - 748, 73), Rect(0, 0 - 0, 0), Rect(0, 0 - 0, 0)]} cutoutPathParserInfo={CutoutPathParserInfo{displayWidth=1080 displayHeight=2400 physicalDisplayWidth=1440 physicalDisplayHeight=3200 density={2.8125} cutoutSpec={M 0,0 H -9.866666666666667 V 25.86666666666667 H 9.866666666666667 V 0 H 0 Z @dp} rotation={0} scale={1.0} physicalPixelDisplaySizeRatio={1.0}}}}, mRoundedCorners=RoundedCorners{[RoundedCorner{position=TopLeft, radius=68, center=Point(68, 68)}, RoundedCorner{position=TopRight, radius=68, center=Point(1012, 68)}, RoundedCorner{position=BottomRight, radius=68, center=Point(1012, 2332)}, RoundedCorner{position=BottomLeft, radius=68, center=Point(68, 2332)}]}  mRoundedCornerFrame=Rect(0, 0 - 1080, 2400), mPrivacyIndicatorBounds=PrivacyIndicatorBounds {static bounds=Rect(956, 0 - 1080, 73) rotation=0}, mSources= { InsetsSource: {mType=ITYPE_STATUS_BAR, mFrame=[0,0][1080,73], mVisible=true, mInsetsRoundedCornerFrame=false}, InsetsSource: {mType=ITYPE_NAVIGATION_BAR, mFrame=[0,2265][1080,2400], mVisible=true, mInsetsRoundedCornerFrame=false}, InsetsSource: {mType=ITYPE_LEFT_GESTURES, mFrame=[0,0][0,2400], mVisible=true, mInsetsRoundedCornerFrame=false}, InsetsSource: {mType=ITYPE_RIGHT_GESTURES, mFrame=[1080,0][1080,2400], mVisible=true, mInsetsRoundedCornerFrame=false}, InsetsSource: {mType=ITYPE_TOP_MANDATORY_GESTURES, mFrame=[0,0][1080,107], mVisible=true, mInsetsRoundedCornerFrame=false}, InsetsSource: {mType=ITYPE_BOTTOM_MANDATORY_GESTURES, mFrame=[0,2265][1080,2400], mVisible=true, mInsetsRoundedCornerFrame=false}, InsetsSource: {mType=ITYPE_LEFT_DISPLAY_CUTOUT, mFrame=[0,0][-100000,2400], mVisible=true, mInsetsRoundedCornerFrame=false}, InsetsSource: {mType=ITYPE_TOP_DISPLAY_CUTOUT, mFrame=[0,0][1080,73], mVisible=true, mInsetsRoundedCornerFrame=false}, InsetsSource: {mType=ITYPE_RIGHT_DISPLAY_CUTOUT, mFrame=[100000,0][1080,2400], mVisible=true, mInsetsRoundedCornerFrame=false}, InsetsSource: {mType=ITYPE_BOTTOM_DISPLAY_CUTOUT, mFrame=[0,100000][1080,2400], mVisible=true, mInsetsRoundedCornerFrame=false}, InsetsSource: {mType=ITYPE_TOP_TAPPABLE_ELEMENT, mFrame=[0,0][1080,73], mVisible=true, mInsetsRoundedCornerFrame=false}, InsetsSource: {mType=ITYPE_BOTTOM_TAPPABLE_ELEMENT, mFrame=[0,2265][1080,2400], mVisible=true, mInsetsRoundedCornerFrame=false} } host=Splash Screen org.cosmosmataro.skymap from=android.view.ViewRootImpl.setView:1732
09-13 22:03:16.975  2236  2236 I BaseActivity: removeActivityFlags, flags : 16
09-13 22:03:16.975  2236  2236 I BaseActivity: removeActivityFlags, flags : 6
09-13 22:03:16.975  2236  2236 I DragController: endDrag
09-13 22:03:16.975  2236  2236 W LauncherAppWidgetHost: setShouldListenFlag, mFlags:15 flag:resume on:false isFront:false
09-13 22:03:16.975  2236  2236 I SPayUpdater: updateSpayHandler launcher activity is paused false
09-13 22:03:16.975  1203  3065 D CoreBackPreview: Window{457d881 u0 Splash Screen org.cosmosmataro.skymap}: Setting back callback OnBackInvokedCallbackInfo{mCallback=android.window.IOnBackInvokedCallback$Stub$Proxy@7c37d67, mPriority=0}
09-13 22:03:16.975  1203  2216 I ActivityManager: DSS OFF for org.cosmosmataro.skymap
09-13 22:03:16.975  1203  4221 D MARsPolicyManager: onPackageResumedFG pkgName = org.cosmosmataro.skymap, userId = 0
09-13 22:03:16.976  1203  4221 W WindowManager: Prepare app transition: mNextAppTransitionRequests=[TRANSIT_OPEN, TRANSIT_OPEN], mNextAppTransitionFlags=, displayId: 0 Callers=com.android.server.wm.DisplayContent.prepareAppTransition:6493 com.android.server.wm.TaskFragment.resumeTopActivity:1573 com.android.server.wm.TaskFragment.resumeTopActivity:1307 com.android.server.wm.Task.resumeTopActivityInnerLocked:6451 com.android.server.wm.Task.resumeTopActivityUncheckedLocked:6352 
09-13 22:03:16.976  1203  4221 D WindowManagerServiceExt: notifyOccludeChangeNotice: cn=ComponentInfo{org.cosmosmataro.skymap/org.cosmosmataro.skymap.activities.SplashScreenActivity} occludesParent=true inMultiWindow=false styleFloating=false caller=com.android.server.wm.WindowManagerServiceExt.updateOccludeTargetIfNeeded:1402 com.android.server.wm.DisplayContent.ensureActivitiesVisible:7532 com.android.server.wm.RootWindowContainer.ensureActivitiesVisible:2248 com.android.server.wm.RootWindowContainer.ensureActivitiesVisible:2229 com.android.server.wm.TaskFragment.completePause:2076 
09-13 22:03:16.976  1203 18963 D RemoteAppTaskWatcher:  ****** RemoteAppTaskWatcher: Message Received 5 Task ID = 0
09-13 22:03:16.977  2236  2236 I TopTaskTracker: onTaskMovedToFront : taskId = 3137
09-13 22:03:16.978  1721  1792 I ViewRootImpl@af2cad3[skymap]: setView = android.widget.FrameLayout@e15412f TM=true
09-13 22:03:16.978  1203  2216 I DexController: getTaskHasActivityIsWaitingToRun: r=ActivityRecord{2faa24e u0 org.cosmosmataro.skymap/.activities.SplashScreenActivity} t3137}, app=ProcessRecord{ec98ce4 26116:org.cosmosmataro.skymap/u0a500}
09-13 22:03:16.978  1721  1792 I ViewRootImpl@af2cad3[skymap]: performTraversals params={(0,0)(fillxfill) sim={adjust=pan} ty=APPLICATION_STARTING fmt=TRANSLUCENT wanim=0x1030302
09-13 22:03:16.978  1721  1792 I ViewRootImpl@af2cad3[skymap]:   fl=81030118
09-13 22:03:16.978  1721  1792 I ViewRootImpl@af2cad3[skymap]:   pfl=16000010
09-13 22:03:16.978  1721  1792 I ViewRootImpl@af2cad3[skymap]:   bhv=DEFAULT
09-13 22:03:16.978  1721  1792 I ViewRootImpl@af2cad3[skymap]:   fitSides= naviIconColor=0}
09-13 22:03:16.978  1721  1792 I ViewRootImpl@af2cad3[skymap]: performTraversals mFirst=true windowShouldResize=true viewVisibilityChanged=false mForceNextWindowRelayout=false params={(0,0)(fillxfill) sim={adjust=pan} ty=APPLICATION_STARTING fmt=TRANSLUCENT wanim=0x1030302
09-13 22:03:16.978  1721  1792 I ViewRootImpl@af2cad3[skymap]:   fl=81030118
09-13 22:03:16.978  1721  1792 I ViewRootImpl@af2cad3[skymap]:   pfl=16000010
09-13 22:03:16.978  1721  1792 I ViewRootImpl@af2cad3[skymap]:   bhv=DEFAULT
09-13 22:03:16.978  1721  1792 I ViewRootImpl@af2cad3[skymap]:   fitSides= naviIconColor=0}
09-13 22:03:16.979  1203  2216 V WindowManager: rotationForOrientation(orient=SCREEN_ORIENTATION_NOSENSOR (5), last=ROTATION_0 (0)); user=ROTATION_0 (0) USER_ROTATION_LOCKED
09-13 22:03:16.979  1203  2216 D WindowManager: rotationForOrientation, orientationSource=ActivityRecord{2faa24e u0 org.cosmosmataro.skymap/.activities.SplashScreenActivity} t3137}
09-13 22:03:16.979  1203  2216 V WindowManager: Computed rotation=ROTATION_0 (0) for display id=0 based on lastOrientation=SCREEN_ORIENTATION_NOSENSOR (5) and oldRotation=ROTATION_0 (0), caller=com.android.server.wm.DisplayRotation.updateOrientation:414 com.android.server.wm.DisplayContent.updateOrientation:1990 com.android.server.wm.DisplayContent.updateOrientation:1891 com.android.server.wm.RootWindowContainer.ensureVisibilityAndConfig:2139 com.android.server.wm.ActivityTaskSupervisor.realStartActivityLocked:913 com.android.server.wm.RootWindowContainer$AttachApplicationHelper.test:4288 
09-13 22:03:16.979  1203  2216 V WindowManager: updateDisplayAndOrientation: Change 530.086x527.792dpi to 397.5645x395.844dpi, BaseDpi=530.086x527.792, DisplayRatio=0.75x0.75
09-13 22:03:16.979  1203  2216 D TspStateManager: updateCustomValue customSetting=
09-13 22:03:16.980  1203  2216 V WindowManager: updateDisplayAndOrientation: Change 530.086x527.792dpi to 397.5645x395.844dpi, BaseDpi=530.086x527.792, DisplayRatio=0.75x0.75
09-13 22:03:16.980  1203  2216 D TspStateManager: updateCustomValue customSetting=
09-13 22:03:16.980  1203  2216 D SGM:PkgDataHelper: notifyAppCreate(), pkgName: org.cosmosmataro.skymap, userId: 0, sendRet: true
09-13 22:03:16.980  1203  1531 D SGM:FgCheckThread: onLooperPrepared(), msg: MSG_APP_CREATE, pkgName: org.cosmosmataro.skymap, userId: 0
09-13 22:03:16.980  1203  4212 D SGM:GameManager: identifyGamePackage. com.sec.android.app.launcher, mCurrentUserId: 0, callerUserId: 0, callingMethodInfo: com.samsung.android.game.IGameManagerService$Stub.onTransact(IGameManagerService.java:233)
09-13 22:03:16.980  1203  4212 D SGM:PkgDataHelper: getGamePkgData(). com.sec.android.app.launcher
