09-13 22:37:54.452  1203  1614 D SemNscXgbMsL1: Probability - Non real time: [0.915227]
09-13 22:37:54.452  1203  1614 D SemNscXgbMsL1: 1 sample inference time: 0.195577 msecs
09-13 22:37:54.452  1203  1614 D SemNscXgbL2Rt: L2 RT 1 sample inference time: 0.284384 msecs
09-13 22:37:54.452  1203  1614 D SemNscXgbL2Nrt: L2 NRT 1 sample inference time: 0.185154 msecs
09-13 22:37:54.455  1701  1701 I TelephonyProvider: D/TelephonyProvider: subIdString = 4 subId = 4
09-13 22:37:54.455  1701  1701 I TelephonyProvider: D/TelephonyProvider: getPreferredApnId use imsi instead of subId by CscFeature.
09-13 22:37:54.458  1701  1701 I TelephonyProvider: D/TelephonyProvider: subIdString = 4 subId = 4
09-13 22:37:54.458  1701  1701 I TelephonyProvider: D/TelephonyProvider: getPreferredApnId use imsi instead of subId by CscFeature.
09-13 22:37:54.460  1701  1701 I TelephonyProvider: D/TelephonyProvider: subIdString = 4 subId = 4
09-13 22:37:54.460  1701  1701 I TelephonyProvider: D/TelephonyProvider: getPreferredApnId use imsi instead of subId by CscFeature.
09-13 22:37:54.468  2099  2488 I VolteServiceModule: onPreciseDataConnectionStateChanged: state= state: CONNECTING, transport: WWAN, id: -1, network type: LTE, APN Setting: [ApnSetting] Movistar IMS, 6523, 21407, ims, , null, , null, null, 0, ims, IPV4V6, IPV4V6, true, 0, false, 20, 0, 300, 0, 0, null, , false, UNKNOWN, UNKNOWN, 0, -1, -1, false, link properties: {LinkAddresses: [ ] DnsAddresses: [ ] Domains: null MTU: 0 TcpBufferSizes: 2097152,4194304,8388608,512000,2097152,4194304 Routes: [ ]}, fail cause: NONE(0x0)
09-13 22:37:54.468  1203  4249 W ContextImpl: Calling a method in the system process without a qualified user: android.app.ContextImpl.sendBroadcastMultiplePermissions:1335 android.content.Context.sendBroadcastMultiplePermissions:2285 com.android.server.TelephonyRegistry.broadcastDataConnectionStateChanged:3329 com.android.server.TelephonyRegistry.notifyDataConnectionForSubscriber:2065 com.android.internal.telephony.ITelephonyRegistry$Stub.onTransact:578 
09-13 22:37:54.468  2099  2373 I PhoneStateTracker<0>: onPreciseDataConnectionStateChanged: state= state: CONNECTING, transport: WWAN, id: -1, network type: LTE, APN Setting: [ApnSetting] Movistar IMS, 6523, 21407, ims, , null, , null, null, 0, ims, IPV4V6, IPV4V6, true, 0, false, 20, 0, 300, 0, 0, null, , false, UNKNOWN, UNKNOWN, 0, -1, -1, false, link properties: {LinkAddresses: [ ] DnsAddresses: [ ] Domains: null MTU: 0 TcpBufferSizes: 2097152,4194304,8388608,512000,2097152,4194304 Routes: [ ]}, fail cause: NONE(0x0)
09-13 22:37:54.468  2099  2373 I RegiMgr-Handler<0>: onPreciseDataConnectionStateChanged
09-13 22:37:54.468  2099  2099 I VolteServiceModule: onPreciseDataConnectionStateChanged: state= state: CONNECTING, transport: WWAN, id: -1, network type: LTE, APN Setting: [ApnSetting] Movistar IMS, 6523, 21407, ims, , null, , null, null, 0, ims, IPV4V6, IPV4V6, true, 0, false, 20, 0, 300, 0, 0, null, , false, UNKNOWN, UNKNOWN, 0, -1, -1, false, link properties: {LinkAddresses: [ ] DnsAddresses: [ ] Domains: null MTU: 0 TcpBufferSizes: 2097152,4194304,8388608,512000,2097152,4194304 Routes: [ ]}, fail cause: NONE(0x0)
09-13 22:37:54.468  1203  1293 W BroadcastQueue: Appop Denial: receiving Intent { act=android.intent.action.ANY_DATA_STATE flg=0x10 (has extras) } to ProcessRecord{3c3cc35 1701:com.android.phone/1001} (pid=1701, uid=1001) excludes appop android:read_phone_state due to sender android (uid 1001)
09-13 22:37:54.518   738   738 E audit   : type=1400 audit(1757795874.515:7722): avc:  denied  { write } for  pid=3246 comm="PerfettoTrace" name="traced_producer" dev="tmpfs" ino=26721 scontext=u:r:gmscore_app:s0:c512,c768 tcontext=u:object_r:traced_producer_socket:s0 tclass=sock_file permissive=0 SEPF_SM-G986B_12_0001 audit_filtered
09-13 22:37:54.518   738   738 E audit   : type=1300 audit(1757795874.515:7722): arch=c00000b7 syscall=203 success=no exit=-13 a0=163 a1=6e0029f7c0 a2=1e a3=ffffffff973a8a77 items=0 ppid=764 pid=3246 auid=4294967295 uid=10242 gid=10242 euid=10242 suid=10242 fsuid=10242 egid=10242 sgid=10242 fsgid=10242 tty=(none) ses=4294967295 comm="PerfettoTrace" exe="/system/bin/app_process64" subj=u:r:gmscore_app:s0:c512,c768 key=(null)
09-13 22:37:54.518   738   738 E audit   : type=1327 audit(1757795874.515:7722): proctitle="com.google.android.gms"
09-13 22:37:54.795  1203 10541 I AfterimageCompensationService: AfcThread mLuminance : 74 , AfpcPeriodCount : 45 , rotation : 0 , AOD : false
09-13 22:37:54.796   781   814 D gralloc : [mali_gralloc_allocate] begin
09-13 22:37:54.796   781   814 D gralloc : buffer_descriptor: wh(1080 2400) usage_pc(0xb66 0xb06) hal_format(0x1) layer_count(1) sizes(0 0 0) strde(0) byte_stride(0) alloc_wh(0 0) internal_format(0x0) alloc_format(0x0) fd_count(1) plane_count(0)
09-13 22:37:54.796   781   814 D gralloc : [mali_gralloc_allocate] allocation successful
09-13 22:37:54.804  1203 10541 D system_server: mAFPC_Read - w = 1080, h = 2400, s = 8, f = 4, s_size = 10444800, luminance = 74, count = 45, captureOrientation = 0
09-13 22:37:54.810  1025  1025 I adbd    : UsbFfs: already offline
09-13 22:37:54.810  1025  1025 I adbd    : Calling send_auth_request...
09-13 22:37:54.826  1025  1025 I adbd    : adbd_auth: loading keys from /data/misc/adb/adb_keys
09-13 22:37:54.827  1025  1025 I adbd    : adb client authorized
09-13 22:37:54.859  3131  2854 I NearbySharing: Network state changed: NetworkState(isRestricted=false, isOnline=true, isCongested=false, isMetered=false, isWifiConnected=true)
09-13 22:37:54.876  2048  2285 D BtGatt.GattService: onScanResult to scannerId: 10- eventType=0x0, addressType=1, address=1557A3_4, primaryPhy=1, secondaryPhy=1, advertisingSid=0x1, txPower=127, rssi=-88, periodicAdvInt=0x0
09-13 22:37:54.945  1203  1614 I SemWifiServiceDetector: Traff. tracking stopped
09-13 22:37:54.998  1701  1794 I System.out: Broadcasting: Intent { act=com.samsung.intent.action.BIG_DATA_INFO (has extras) }
09-13 22:37:55.000  1203  1203 I NSLocationMonitor: Broadcast receiver, action=com.samsung.intent.action.BIG_DATA_INFO
09-13 22:37:55.002  1701  1701 D SemBigDataInfoController: Intent: com.samsung.intent.action.BIG_DATA_INFO
09-13 22:37:55.002  1701  1701 D SemBigDataInfoController: BIG_DATA insertLog slot: 0, feature: 6
09-13 22:37:55.004  1701  1701 D SemBigDataInfoController: Intent: com.samsung.intent.action.BIG_DATA_INFO
09-13 22:37:55.005  1701  1885 I System.out: Broadcast completed: result=0
09-13 22:37:55.007  1203  1799 D CompatibilityChangeReporter: Compat change id reported: 168419799; UID 5023; state: DISABLED
09-13 22:37:55.009  2580  2580 I [ND]NetworkDiagnosticReceiver: main | onReceive: sec.intent.action.networkdiagnostic.USE_APP_FEATURE_SURVEY
09-13 22:37:55.009  2580  2580 I [ND]NetworkDiagnosticReceiver: main | onReceive: Bundle[mParcelledData.dataSize=408]
09-13 22:37:55.009  2580  2580 I [ND]JobScheduleUtil: main | schedule
09-13 22:37:55.009  2580  2580 I [ND]JobScheduleUtil: main | USE_APP_FEATURE_SURVEY
09-13 22:37:55.013  2580  2580 I [ND]StartBackgroundServices: main | enqueueWork: 7
09-13 22:37:55.019   549   549 D io_stats: !@   8,0 r 3305930 48999436 w 617224 4621388 d 283271 3182732 f 0 0 iot 591484 0 th 0 0 0 pt 0 inp 0 0 24730.145
09-13 22:37:55.019  1203  4249 D PackageManager: setEnabledSetting : userId = 0 packageName = com.samsung.android.networkdiagnostic cmp = androidx.work.impl.background.systemalarm.RescheduleReceiver newState = 1 callingPackage = 5023/com.samsung.android.networkdiagnostic
09-13 22:37:55.019  1203  4249 D ApplicationPolicy: getApplicationStateEnabled : pkg = com.samsung.android.networkdiagnostic userId : 0
09-13 22:37:55.020  1203  4249 D ApplicationPolicy: getApplicationComponentState : pkg = com.samsung.android.networkdiagnostic userId : 0
09-13 22:37:55.030  1203  1299 W libprocessgroup: Failed to open /dev/blkio//cgroup.procs: No such file or directory
09-13 22:37:55.043  1086  1191 D SemNativeCarrierFeature_vendor: getInstance
09-13 22:37:55.046  1085  1431 D wrapperGPS: onUnsol: sub_id(60)
09-13 22:37:55.046  2099  3965 I RILClient: processUnsolicited(): resp_id (11009), len(8)
09-13 22:37:55.049  1701  1836 I TelephonyProvider: D/TelephonyProvider: subIdString = 4 subId = 4
09-13 22:37:55.049  1701  1836 I TelephonyProvider: D/TelephonyProvider: getPreferredApnId use imsi instead of subId by CscFeature.
09-13 22:37:55.053  1701  1836 I TelephonyProvider: D/TelephonyProvider: subIdString = 4 subId = 4
09-13 22:37:55.054  1701  1836 I TelephonyProvider: D/TelephonyProvider: getPreferredApnId use imsi instead of subId by CscFeature.
09-13 22:37:55.054  2580  2861 I [ND]SurveyMeasurementWorker: androidx.work-2 | Start Work
09-13 22:37:55.054  2580  2861 I [ND]SurveyMeasurementWorker: androidx.work-2 | internal receiver is registered
09-13 22:37:55.056  2580  2861 W [ND]SurveyMeasurementWorker: androidx.work-2 | duplicated PDPS message is coming
09-13 22:37:55.060  1701  1836 I TelephonyProvider: D/TelephonyProvider: subIdString = 4 subId = 4
09-13 22:37:55.060  1701  1836 I TelephonyProvider: D/TelephonyProvider: getPreferredApnId use imsi instead of subId by CscFeature.
09-13 22:37:55.061  2580  2861 I [ND]Preconditions: androidx.work-2 | prop:false->false, pref:false->false, GRM mode (false)
09-13 22:37:55.061  2580  2861 I [ND]Preconditions: androidx.work-2 | UT Mode | Preconditions are NOT satisfied | "SM-G986B" in [ SurveyModelDomain(useModel=SM-G981N), SurveyModelDomain(useModel=SM-G986N), SurveyModelDomain(useModel=SM-G988N), SurveyModelDomain(useModel=SM-F700N), SurveyModelDomain(useModel=SM-F707N), SurveyModelDomain(useModel=SM-G977N), SurveyModelDomain(useModel=SM-N986N), SurveyModelDomain(useModel=SM-N981N), SurveyModelDomain(useModel=SM-F916N), SurveyModelDomain(useModel=SM-G991N), SurveyModelDomain(useModel=SM-G996N), SurveyModelDomain(useModel=SM-G998N), SurveyModelDomain(useModel=SM-F711N), SurveyModelDomain(useModel=SM-F926N), SurveyModelDomain(useModel=SM-S901N), SurveyModelDomain(useModel=SM-S906N), SurveyModelDomain(useModel=SM-S908N) ]
09-13 22:37:55.061  2580  2861 I [ND]UtModeUtilityImpl: androidx.work-2 | Get nedi.ut_mode (false)
09-13 22:37:55.061  2580  2861 I [ND]UtModeUtilityImpl: androidx.work-2 | Get nedi.grm_mode (false)
09-13 22:37:55.063  1721  1833 D MobileStatusTracker(0/4): onDataActivity: direction=0
09-13 22:37:55.067  1701  1836 I TelephonyProvider: D/TelephonyProvider: subIdString = 4 subId = 4
09-13 22:37:55.067  1701  1836 I TelephonyProvider: D/TelephonyProvider: getPreferredApnId use imsi instead of subId by CscFeature.
09-13 22:37:55.068  2580  2861 W [ND]LocationUtilityImpl: androidx.work-2 | getLocationSingle: location time/provider condition is not satisfied
09-13 22:37:55.070  1203  1810 I ConnectivityService: Update score for net 121 : +YIELD_TO_BAD_WIFI+IS_UNMETERED
09-13 22:37:55.070  1203  1810 D ConnectivityService: registerNetworkAgent NetworkAgentInfo{network{121}  handle{523096739853}  ni{MOBILE[LTE] CONNECTING extra: ims} created=2025-09-13T20:37:55.070Z Score(Policies : YIELD_TO_BAD_WIFI&IS_UNMETERED ; KeepConnected : 0)   lp{{InterfaceName: rmnet2 LinkAddresses: [ 2a02:9130:801d:59cb:1864:f208:9282:96fe/64 ] DnsAddresses: [ ] PcscfAddresses: [ /2a02:9002:e:b000::1000,/2a02:9001:8000:6180::1000 ] Domains: null MTU: 1280 TcpBufferSizes: 2097152,4194304,8388608,512000,2097152,4194304 Routes: [ ::/0 -> fe80::4 rmnet2 mtu 1280 ]}}  nc{[ Transports: CELLULAR Capabilities: IMS&NOT_METERED&TRUSTED&NOT_VPN&NOT_ROAMING&NOT_CONGESTED&NOT_SUSPENDED&NOT_VCN_MANAGED LinkUpBandwidth>=15000Kbps LinkDnBandwidth>=30000Kbps Specifier: <TelephonyNetworkSpecifier [mSubId = 4]> AdminUids: [10417] SubscriptionIds: {4} UnderlyingNetworks: Null]}  factorySerialNumber=5}
09-13 22:37:55.071  1701  1836 I TelephonyProvider: D/TelephonyProvider: subIdString = 4 subId = 4
09-13 22:37:55.071  1701  1836 I TelephonyProvider: D/TelephonyProvider: getPreferredApnId use imsi instead of subId by CscFeature.
09-13 22:37:55.073  2580  2861 I [ND]SurveyMeasurementWorker: androidx.work-2 | onComplete, disposed=true
09-13 22:37:55.073  2580  2861 I [ND]SurveyMeasurementWorker: androidx.work-2 | internal receiver is unregistered
09-13 22:37:55.074  2580  2861 I [ND]SurveyMeasurementWorker: androidx.work-2 | End Work: Success {mOutputData=Data {}}
09-13 22:37:55.076  1203  1561 D ConnectivityService: [121 CELLULAR] EVENT_NETWORK_INFO_CHANGED, going from CONNECTING to CONNECTING
09-13 22:37:55.076  2580  2613 I WM-WorkerWrapper: Worker result SUCCESS for Work [ id=6eec5f75-be84-48c2-b131-2d7a074ece1f, tags={ com.samsung.android.networkdiagnostic.core.background.cp.SurveyMeasurementWorker, LimitedAndStorageNotLow } ]
09-13 22:37:55.077  1701  1836 I TelephonyProvider: D/TelephonyProvider: subIdString = 4 subId = 4
09-13 22:37:55.077  1701  1836 I TelephonyProvider: D/TelephonyProvider: getPreferredApnId use imsi instead of subId by CscFeature.
09-13 22:37:55.077  1892  2865 D NetworkMonitor/121: checkAndRenewResourceConfig: update captive portal https urls to [https://www.google.com/generate_204]
09-13 22:37:55.077  1892  2865 D NetworkMonitor/121: checkAndRenewResourceConfig: update captive portal http urls to [http://connectivitycheck.gstatic.com/generate_204]
09-13 22:37:55.077  1892  2865 D NetworkMonitor/121: checkAndRenewResourceConfig: update captive portal fallback urls to[http://www.google.com/gen_204, http://play.googleapis.com/generate_204]
09-13 22:37:55.077  1892  2865 D NetworkMonitor: Starting on network 121 with capport HTTPS URL [https://www.google.com/generate_204] and HTTP URL [http://connectivitycheck.gstatic.com/generate_204]
09-13 22:37:55.082  2099  2099 I VolteServiceModule: onPreciseDataConnectionStateChanged: state= state: CONNECTED, transport: WWAN, id: 3, network type: LTE, APN Setting: [ApnSetting] Movistar IMS, 6523, 21407, ims, , null, , null, null, 0, ims, IPV4V6, IPV4V6, true, 0, false, 20, 0, 300, 0, 0, null, , false, UNKNOWN, UNKNOWN, 0, -1, -1, false, link properties: {InterfaceName: rmnet2 LinkAddresses: [ 2a02:9130:801d:59cb:1864:f208:9282:96fe/64 ] DnsAddresses: [ ] PcscfAddresses: [ /2a02:9002:e:b000::1000,/2a02:9001:8000:6180::1000 ] Domains: null MTU: 1280 TcpBufferSizes: 2097152,4194304,8388608,512000,2097152,4194304 Routes: [ ::/0 -> fe80::4 rmnet2 mtu 1280 ]}, fail cause: NONE(0x0)
09-13 22:37:55.083  2099  2488 I VolteServiceModule: onPreciseDataConnectionStateChanged: state= state: CONNECTED, transport: WWAN, id: 3, network type: LTE, APN Setting: [ApnSetting] Movistar IMS, 6523, 21407, ims, , null, , null, null, 0, ims, IPV4V6, IPV4V6, true, 0, false, 20, 0, 300, 0, 0, null, , false, UNKNOWN, UNKNOWN, 0, -1, -1, false, link properties: {InterfaceName: rmnet2 LinkAddresses: [ 2a02:9130:801d:59cb:1864:f208:9282:96fe/64 ] DnsAddresses: [ ] PcscfAddresses: [ /2a02:9002:e:b000::1000,/2a02:9001:8000:6180::1000 ] Domains: null MTU: 1280 TcpBufferSizes: 2097152,4194304,8388608,512000,2097152,4194304 Routes: [ ::/0 -> fe80::4 rmnet2 mtu 1280 ]}, fail cause: NONE(0x0)
09-13 22:37:55.083  2099  2373 I PhoneStateTracker<0>: onPreciseDataConnectionStateChanged: state= state: CONNECTED, transport: WWAN, id: 3, network type: LTE, APN Setting: [ApnSetting] Movistar IMS, 6523, 21407, ims, , null, , null, null, 0, ims, IPV4V6, IPV4V6, true, 0, false, 20, 0, 300, 0, 0, null, , false, UNKNOWN, UNKNOWN, 0, -1, -1, false, link properties: {InterfaceName: rmnet2 LinkAddresses: [ 2a02:9130:801d:59cb:1864:f208:9282:96fe/64 ] DnsAddresses: [ ] PcscfAddresses: [ /2a02:9002:e:b000::1000,/2a02:9001:8000:6180::1000 ] Domains: null MTU: 1280 TcpBufferSizes: 2097152,4194304,8388608,512000,2097152,4194304 Routes: [ ::/0 -> fe80::4 rmnet2 mtu 1280 ]}, fail cause: NONE(0x0)
09-13 22:37:55.083  2099  2373 I RegiMgr-Handler<0>: onPreciseDataConnectionStateChanged
09-13 22:37:55.083  1203  1810 W ContextImpl: Calling a method in the system process without a qualified user: android.app.ContextImpl.sendBroadcastMultiplePermissions:1335 android.content.Context.sendBroadcastMultiplePermissions:2285 com.android.server.TelephonyRegistry.broadcastDataConnectionStateChanged:3329 com.android.server.TelephonyRegistry.notifyDataConnectionForSubscriber:2065 com.android.internal.telephony.ITelephonyRegistry$Stub.onTransact:578 
09-13 22:37:55.085  1203  1293 W BroadcastQueue: Appop Denial: receiving Intent { act=android.intent.action.ANY_DATA_STATE flg=0x10 (has extras) } to ProcessRecord{3c3cc35 1701:com.android.phone/1001} (pid=1701, uid=1001) excludes appop android:read_phone_state due to sender android (uid 1001)
09-13 22:37:55.088  1701  1836 I TelephonyProvider: D/TelephonyProvider: subIdString = 4 subId = 4
09-13 22:37:55.088  1701  1836 I TelephonyProvider: D/TelephonyProvider: getPreferredApnId use imsi instead of subId by CscFeature.
09-13 22:37:55.092  1701  1836 I TelephonyProvider: D/TelephonyProvider: subIdString = 4 subId = 4
09-13 22:37:55.092  1701  1836 I TelephonyProvider: D/TelephonyProvider: getPreferredApnId use imsi instead of subId by CscFeature.
09-13 22:37:55.097  1721  1833 D MobileStatusTracker(0/4): onDataActivity: direction=0
09-13 22:37:55.098  1701  1836 I TelephonyProvider: D/TelephonyProvider: subIdString = 4 subId = 4
09-13 22:37:55.098  1701  1836 I TelephonyProvider: D/TelephonyProvider: getPreferredApnId use imsi instead of subId by CscFeature.
09-13 22:37:55.098  1203  1561 D ConnectivityService: [121 CELLULAR] EVENT_NETWORK_INFO_CHANGED, going from CONNECTING to CONNECTED
09-13 22:37:55.098  1721  1833 D MobileStatusTracker(0/4): onDataActivity: direction=0
09-13 22:37:55.099  1203  1561 D ConnectivityService: Adding iface rmnet2 to network 121
09-13 22:37:55.103  1203  1561 D ConnectivityService: Setting MTU size: rmnet2, 1280
09-13 22:37:55.103  1203  1561 D ConnectivityService: Adding Route [2a02:9130:801d:59cb::/64 -> :: rmnet2 mtu 0] to network 121
09-13 22:37:55.104  1203  1561 D ConnectivityService: Adding Route [::/0 -> fe80::4 rmnet2 mtu 1280] to network 121
09-13 22:37:55.104  1203  1561 D ConnectivityService: Setting DNS servers for network 121 to []
09-13 22:37:55.104  1203  1561 D DnsManager: sendDnsConfigurationForNetwork(121, [], [], 1800, 25, 8, 64, 0, 0, , [])
09-13 22:37:55.115  1203  1561 D ConnectivityService: notifyType CALLBACK_IP_CHANGED for [121 CELLULAR]
09-13 22:37:55.115  1203  1561 D ConnectivityService:    accepting network in place of null
09-13 22:37:55.116  1892  2865 D NetworkMonitor/121: Network would not satisfy default request, not validating
09-13 22:37:55.116  2099  2268 I PdnController<0>: onCapabilitiesChanged: network 121 networkCapabilities [ Transports: CELLULAR Capabilities: IMS&NOT_METERED&TRUSTED&NOT_VPN&NOT_ROAMING&FOREGROUND&NOT_CONGESTED&NOT_SUSPENDED&NOT_VCN_MANAGED LinkUpBandwidth>=15000Kbps LinkDnBandwidth>=30000Kbps Specifier: <TelephonyNetworkSpecifier [mSubId = 4]> AdminUids: [10417] SubscriptionIds: {4} UnderlyingNetworks: Null]
09-13 22:37:55.116  2099  2373 I PdnController: handleMessage: what 108
09-13 22:37:55.116  2099  2373 E #IMSREGI: (0, TELEFONICA spain for VoLTE) PDN SETUP TIME : 0.694s
09-13 22:37:55.116  2099  2268 I PdnController<0>: onLinkPropertiesChanged: network 121 lp {InterfaceName: rmnet2 LinkAddresses: [ 2a02:9130:801d:59cb:1864:f208:9282:96fe/64 ] DnsAddresses: [ ] PcscfAddresses: [ /2a02:9002:e:b000::1000,/2a02:9001:8000:6180::1000 ] Domains: null MTU: 1280 TcpBufferSizes: 2097152,4194304,8388608,512000,2097152,4194304 Routes: [ ::/0 -> fe80::4 rmnet2 mtu 1280,2a02:9130:801d:59cb::/64 -> :: rmnet2 mtu 0 ]} old {LinkAddresses: [ ] DnsAddresses: [ ] Domains: null MTU: 0 Routes: [ ]}
09-13 22:37:55.117  2099  2373 I PdnController: isWifiConnected: [type: WIFI[], state: CONNECTED/CONNECTED, reason: (unspecified), extra: , failover: false, available: true, roaming: false]
09-13 22:37:55.118  2099  2373 I PdnController: isWifiConnected: [type: WIFI[], state: CONNECTED/CONNECTED, reason: (unspecified), extra: , failover: false, available: true, roaming: false]
09-13 22:37:55.118  2099  2373 I PdnController: onPdnConnected: network=121, rmnet2,  phoneId: 0 mIsEpdgConnected: false isWifiConnected: true mVopsIndication: SUPPORTED mDataRoaming:  false mDataConnectionState: true mVoiceRoaming: false mEmergencyOnly: false mIsDisconnecting: false mPendedEPDGWeakSignal: false mEmcbsIndication: SUPPORTED phoneId: 1 mIsEpdgConnected: false isWifiConnected: true mVopsIndication: UNKNOWN mDataRoaming:  false mDataConnectionState: false mVoiceRoaming: false mEmergencyOnly: false mIsDisconnecting: false mPendedEPDGWeakSignal: false mEmcbsIndication: UNKNOWN
09-13 22:37:55.118  2099  2373 I PdnController<0>: onPdnConnected: link properties {InterfaceName: rmnet2 LinkAddresses: [ 2a02:9130:801d:59cb:1864:f208:9282:96fe/64 ] DnsAddresses: [ ] PcscfAddresses: [ /2a02:9002:e:b000::1000,/2a02:9001:8000:6180::1000 ] Domains: null MTU: 1280 TcpBufferSizes: 2097152,4194304,8388608,512000,2097152,4194304 Routes: [ ::/0 -> fe80::4 rmnet2 mtu 1280,2a02:9130:801d:59cb::/64 -> :: rmnet2 mtu 0 ]}
09-13 22:37:55.118  2099  2373 I RegisterTask: onConnected: pdntype=11 network=121 mPdnType=11 profile=TELEFONICA spain for VoLTE
09-13 22:37:55.118  2099  2373 I PdnController: handleMessage: what 111
09-13 22:37:55.118  2099  2373 I PdnController: onLinkPropertiesChanged: networkType=11, linkProperties={InterfaceName: rmnet2 LinkAddresses: [ 2a02:9130:801d:59cb:1864:f208:9282:96fe/64 ] DnsAddresses: [ ] PcscfAddresses: [ /2a02:9002:e:b000::1000,/2a02:9001:8000:6180::1000 ] Domains: null MTU: 1280 TcpBufferSizes: 2097152,4194304,8388608,512000,2097152,4194304 Routes: [ ::/0 -> fe80::4 rmnet2 mtu 1280,2a02:9130:801d:59cb::/64 -> :: rmnet2 mtu 0 ]}
09-13 22:37:55.119  2099  2373 I RegiMgr-Handler: handleMessage: EVENT_PDN_CONNECTED
09-13 22:37:55.119  2099  2373 I RegiMgr-NetEvtCtr<0>: onPdnConnected: task=TELEFONICA spain for VoLTE state=CONNECTING
09-13 22:37:55.119  2099  2373 I RegiGvnEur<0>: releaseThrottle: case by 6
09-13 22:37:55.119  2099  2373 I RegiMgr<0>: [TELEFONICA spain for VoLTE|CONNECTED] checkForTryRegister id: 166
09-13 22:37:55.119  2099  2373 I PdnController: isConnected:  [true] networktype [11]
09-13 22:37:55.119  2099  2373 I RegiMgr : isPdnConnected: true, PdnType: 11
09-13 22:37:55.120  2099  2373 I PdnController: getDefaultNetworkBearer:  WIFI
09-13 22:37:55.120  2099  2373 I PdnController<0>: isNetworkAvailable: isEpdgConnected=false getDataNetworkType()=13
09-13 22:37:55.121  2099  2373 I RegiMgr-Utils<0>: findBestNetwork: LTE
09-13 22:37:55.122  2099  2373 I RegiGvnBase<0>: isReadyToDualRegister : true
09-13 22:37:55.123  2099  2373 I RegiMgr<0>: [TELEFONICA spain for VoLTE|CONNECTED] checkInitialRegistrationIsReady: APM ON [false], Roamimg [false]
09-13 22:37:55.123  2099  2373 I RcsPolicyMgr<0>: pendingRcsRegister: mActiveDataPhoneId = 0
09-13 22:37:55.123  2099  2373 I ImsProfile: isRttSupportByCallApp : false ttyType : 1
09-13 22:37:55.123  2099  2373 I RegiMgr-Utils<0>: getPriorityRegiedTask : isPriority  High? true
09-13 22:37:55.124  2099  2373 I RegiGvnBase: checkRegiStatus: getState()=CONNECTED mIsUpdateRegistering=false
09-13 22:37:55.125  1203  2648 I SystemUiVisibilityPolicyController: handleMessage: entry what = 101
09-13 22:37:55.127  2099  2373 I RegiMgr<0>: getTelephonyCallStatus:
09-13 22:37:55.130  1203  1561 D ConnectivityService: Rematched networks [computed 0ms] [applied 10ms] [issued 5]
09-13 22:37:55.130  1203  1561 D ConnectivityService: NetworkReassignment :
09-13 22:37:55.130  1203  1561 D ConnectivityService:   1387 : null  121
09-13 22:37:55.130  1203  1561 D ConnectivityService: notifyType CALLBACK_PRECHECK for [121 CELLULAR]
09-13 22:37:55.130  2099  2373 I RegiMgr<0>: getTelephonyCallStatus:
09-13 22:37:55.131  1203  1561 I ConnectivityService: Update score for net 121 : +EVER_EVALUATED
09-13 22:37:55.131  1203  1561 D ConnectivityService: [121 CELLULAR] validation passed
09-13 22:37:55.131  1203  1561 I ConnectivityService: Update capabilities for net 121 : +VALIDATED
09-13 22:37:55.131  1203  1561 I ConnectivityService: Update score for net 121 : +EVER_VALIDATED+IS_VALIDATED
09-13 22:37:55.132  1203  1590 D SemSoftApManager: CellularNetworkCallback`s onAvailable
09-13 22:37:55.133  2099  2373 I RegiGvnBase[0]: isDelayedDeregisterTimerRunning [false]
09-13 22:37:55.134  1203  1561 D ConnectivityService: Rematched networks [computed 0ms] [applied 1ms] [issued 1]
09-13 22:37:55.134  1203  1561 D ConnectivityService: NetworkReassignment : no changes
09-13 22:37:55.134  1203  1561 D ConnectivityService: notifyType CALLBACK_CAP_CHANGED for [121 CELLULAR]
09-13 22:37:55.135  2099  2373 I ImsServiceSwitchEur[0]:  isRcsEnabled: true mDefaultSms true mUpsmEnabled false mEmergencyEnabled false
09-13 22:37:55.136  1203  1561 D ConnectivityService: Setting DNS servers for network 121 to []
09-13 22:37:55.136  1203  1561 D DnsManager: sendDnsConfigurationForNetwork(121, [], [], 1800, 25, 8, 64, 0, 0, , [])
09-13 22:37:55.136  2099  2268 I PdnController<0>: onCapabilitiesChanged: network 121 networkCapabilities [ Transports: CELLULAR Capabilities: IMS&NOT_METERED&TRUSTED&NOT_VPN&VALIDATED&NOT_ROAMING&FOREGROUND&NOT_CONGESTED&NOT_SUSPENDED&NOT_VCN_MANAGED LinkUpBandwidth>=15000Kbps LinkDnBandwidth>=30000Kbps Specifier: <TelephonyNetworkSpecifier [mSubId = 4]> AdminUids: [10417] SubscriptionIds: {4} UnderlyingNetworks: Null]
09-13 22:37:55.138  2099  2373 I ConfigTrigger<0>: isWaitAutoConfig:
09-13 22:37:55.139  1701  1701 I TelephonyProvider: D/TelephonyProvider: subIdString = 4 subId = 4
09-13 22:37:55.139  1701  1701 I TelephonyProvider: D/TelephonyProvider: getPreferredApnId use imsi instead of subId by CscFeature.
09-13 22:37:55.139  2099  2373 I ImsServiceSwitchEur[0]:  isRcsEnabled: true mDefaultSms true mUpsmEnabled false mEmergencyEnabled false
09-13 22:37:55.139  2099  2373 I RegiMgr-Utils: selectPdnType: rat=13pdn=11
09-13 22:37:55.139  2099  2373 I RegiMgr<0>: getServiceForNetwork: network 13
09-13 22:37:55.139  2099  2373 I RegiMgr<0>: getServiceForNetwork: service {mmtel, mmtel-video}
09-13 22:37:55.142  2099  2373 I SimManager: isLabSimCard: state [LOADED] isLabSim [false]
09-13 22:37:55.144  2099  2373 I RegiGvnEur: isDataAllowed: isRoaming = false, isDataOn = true, isDataRoamingOn =true
09-13 22:37:55.144  2099  2373 I ConfigTrigger<0>: isValidAcsVersion:
09-13 22:37:55.144  1721  1721 I FaceWidgetPositionAlgorithm: getClockContainerHeight() supplier = 290, bottom margin = 0, real height = 358
09-13 22:37:55.145  1721  1721 I FaceWidgetPositionAlgorithm: getClockContainerHeight() supplier = 290, bottom margin = 68, real height = 358
09-13 22:37:55.145  1721  1721 I FaceWidgetPositionAlgorithm: getMediaContainerHeight() height = 0 container Visibility = 8, isValid = false, mIsDozing = false, fraction = 1.0, source = 0, target = 0
09-13 22:37:55.145  1721  1721 I FaceWidgetPositionAlgorithm: getMediaContainerHeight() supplier = 0
09-13 22:37:55.145  2099  2373 I ConfigProvider: query uri:xxxxx
09-13 22:37:55.146  1721  1721 V QsExpandAnimator: setQsExpansionPosition 0.0
09-13 22:37:55.147  2099  2373 I ConfigProvider: queryStorage path content://com.samsung.rcs.autoconfigurationprovider/parameter/version#simslot0
09-13 22:37:55.148  1203  1810 D SecContentProvider2: query(), uri = 18 selection = isRCSEnabled
09-13 22:37:55.148  1203  1810 I PhoneRestrictionPolicy: isRCSEnabledInternal(), showMsg: false, columnName: enableRCS
09-13 22:37:55.148  1203  1810 E PhoneRestrictionPolicy: getEmergencyCall >>false
09-13 22:37:55.148  1203  1810 I PhoneRestrictionPolicy: isRCSEnabledInternal(), showMsg: false, columnName: enableRCSForSimSlot0
09-13 22:37:55.149  1203  1810 E PhoneRestrictionPolicy: getEmergencyCall >>false
09-13 22:37:55.150  2099  2373 I ConfigTrigger<0>: RCS switch: true, version: 5, isRcsAcsCompleted: true
09-13 22:37:55.150  2099  2373 I ConfigProvider: query uri:xxxxx
09-13 22:37:55.152  2099  2373 I ConfigProvider: queryStorage path content://com.samsung.rcs.autoconfigurationprovider/parameter/geolocPushAuth#simslot0
09-13 22:37:55.152  2099  2373 I ConfigProvider: query uri:xxxxx
09-13 22:37:55.154  2099  2373 I ConfigProvider: queryStorage path content://com.samsung.rcs.autoconfigurationprovider/parameter/postCallAuth#simslot0
09-13 22:37:55.154  2099  2373 I ConfigProvider: query uri:xxxxx
09-13 22:37:55.155  2099  2373 I ConfigProvider: queryStorage path content://com.samsung.rcs.autoconfigurationprovider/parameter/sharedSketchAuth#simslot0
09-13 22:37:55.155  2099  2373 I ConfigProvider: query uri:xxxxx
09-13 22:37:55.157   875   981 I VSyncReactor: Current= 60, TransitioningTo= 60, Distance= 60
09-13 22:37:55.157  2099  2373 I ConfigProvider: queryStorage path content://com.samsung.rcs.autoconfigurationprovider/parameter/sharedMapAuth#simslot0
09-13 22:37:55.158  2099  2373 I RegiGvnBase: getVoiceTechType: VOLTE
09-13 22:37:55.159  2099  2373 I RegiMgr<0>: getServiceForNetwork: filtered service [mmtel-video, mmtel]
09-13 22:37:55.159  2099  2373 I RegiMgr-Utils<0>: getPriorityRegiedTask : isPriority  High? false
09-13 22:37:55.159  2099  2373 I PdnController: isConnected:  [true] networktype [11]
09-13 22:37:55.159  2099  2373 I RegisterTask: isSuspended: mSuspended(false) mSuspendByIrat(false)
09-13 22:37:55.159  2099  2373 I RegiMgr-Utils<0>: getPhoneIdForStartConnectivity: task: RegisterTask[0][mProfile=TELEFONICA spain for VoLTE, mRegistrationRat=13, mPdnType=11, mState=CONNECTED, mObject=null, mReason=, mPcscfHostname=null, mDeregiReason=41] phoneId: 0
09-13 22:37:55.159  2099  2373 I PdnController<0>: startPdnConnectivity: networkType 11
09-13 22:37:55.160  2099  2373 I PdnController: readPcscfFromLinkProperties: lp=not null
09-13 22:37:55.160  2099  2373 I PdnController: readPcscfFromLinkProperties: Valid pcscf: 2a02:9002:e:b000::1000
09-13 22:37:55.160  2099  2373 I PdnController: readPcscfFromLinkProperties: Valid pcscf: 2a02:9001:8000:6180::1000
09-13 22:37:55.160  2099  2373 I RegiMgr-Utils<0>: getPcscfAddress: [2a02:9002:e:b000::1000, 2a02:9001:8000:6180::1000]
09-13 22:37:55.160  2099  2373 I RegiGvnBase: ValidPcscfIp: [2a02:9002:e:b000::1000, 2a02:9001:8000:6180::1000]
09-13 22:37:55.160  2099  2373 I RegiGvnBase: getCurrentPcscfIp: 2a02:9002:e:b000::1000
09-13 22:37:55.160  2099  2373 I RegiGvnBase: updatePcscfIpList: whole new set of PCSCFs (CONNECTED)
09-13 22:37:55.160  2099  2373 I RegiGvnBase: resetRetry()
09-13 22:37:55.160  2099  2373 I RegiGvnBase: getCurrentPcscfIp: 2a02:9002:e:b000::1000
09-13 22:37:55.160  2099  2373 I RegiMgr : slot[0]: [TELEFONICA spain for VoLTE|CONNECTED] tryInitialRegistration on pdn: 11. Register now.
09-13 22:37:55.161  2099  2373 I ConfigTrigger<0>: isWaitAutoConfig:
09-13 22:37:55.162  2099  2373 I ImsServiceSwitchEur[0]:  isRcsEnabled: true mDefaultSms true mUpsmEnabled false mEmergencyEnabled false
09-13 22:37:55.162  2099  2373 I RegiMgr<0>: getInstanceId:
09-13 22:37:55.162  2099  2373 I RegiMgr<0>: getInstanceId: deviceId len: 15
09-13 22:37:55.163  2099  2373 I RegiMgr<0>: getInstanceId: imei len=15, dsv=
09-13 22:37:55.163  2099  2373 I SimManager: getRilSimOperator: ETC
09-13 22:37:55.163  2099  2373 I SimManager<0>: hasIsim: [false]
09-13 22:37:55.163  2099  2373 I SimManager<0>: getDerivedImpi:
09-13 22:37:55.164  2099  2373 I SimManager: getSimOperator: value [21407]
09-13 22:37:55.164  2099  2373 I SimManager: getRilSimOperator: ETC
09-13 22:37:55.164  2099  2373 I SimManager<0>: hasIsim: [false]
09-13 22:37:55.164  2099  2373 I SimManager<0>: getDerivedImpu:
09-13 22:37:55.165  2099  2373 I SimManager: getSimOperator: value [21407]
09-13 22:37:55.165  2099  2373 I ImsServiceSwitchEur[0]:  isRcsEnabled: true mDefaultSms true mUpsmEnabled false mEmergencyEnabled false
09-13 22:37:55.165  2099  2373 I ImsProfile: isRttSupportByCallApp : false ttyType : 1
09-13 22:37:55.165  2099  2373 I ImsProfile: isRttSupportByCallApp : false ttyType : 1
09-13 22:37:55.165  2099  2373 I RegiMgr : buildUserAgentString: isVoLteEnabled=true, sipUserAgent=SM-G986B-YB1 Samsung IMS 6.0
09-13 22:37:55.165  2099  2373 I PdnController: isConnected:  [true] networktype [11]
09-13 22:37:55.165  2099  2373 I RegiGvnEur: startTimsTimer : TELEFONICA spain for VoLTE(CONNECTED) Pdn(11,true)
09-13 22:37:55.165  2099  2373 I RegiGvnBase: stop Tims timer by ImsPdnRequst
09-13 22:37:55.166  2099  2373 I RegiGvnBase: startTimsEstablishTimer: millis = 256000, reason = [InitialRegi : rat = 13]
09-13 22:37:55.167  2099  2373 I RegiMgr : slot[0]: [TELEFONICA spain for VoLTE|CONNECTED] registerInternal : InitialRegi : rat = 13
09-13 22:37:55.167  2099  2373 E #IMSCR  : 09-13 22:37:55 0x11020001:0,REGI:11:InitialRegi : rat = 13
09-13 22:37:55.167  2099  2373 I RegiMgr<0>: getOwnCapabilities:
09-13 22:37:55.167  2099  2373 I ConfigProvider: query uri:xxxxx
09-13 22:37:55.169  2099  2373 I ConfigProvider: queryStorage path content://com.samsung.rcs.autoconfigurationprovider/parameter/version#simslot0
09-13 22:37:55.170  2099  2373 E TelephonyManagerWrapper: use backup domain : null
09-13 22:37:55.170  2099  2373 I RegiMgr-Utils<0>: getHomeNetworkDomain: mno=Telefonica_ES EFDOMAIN=null domain from profile=
09-13 22:37:55.170  2099  2373 I SimManager: getSimOperator: value [21407]
09-13 22:37:55.170  2099  2373 I RegiMgr-Utils: getHomeNetworkDomain: Use derived domain - operator 21407
09-13 22:37:55.170  2099  2373 I RegiMgr-Utils<0>: getHomeNetworkDomain: domain=ims.mnc007.mcc214.3gppnetwork.org
09-13 22:37:55.170  2099  2373 I RegiMgr<0>: getUuid:
09-13 22:37:55.171  2099  2373 I ImsServiceStub<0>: isServiceAvailable: mmtel, rat: 18, profileFind:true, Enabled:true
09-13 22:37:55.171  2099  2373 I ResipRegiMgr<0>: registerInternal: task=RegisterTask[0][mProfile=TELEFONICA spain for VoLTE, mRegistrationRat=13, mPdnType=11, mState=CONNECTED, mObject=null, mReason=, mPcscfHostname=null, mDeregiReason=41] pcscf= services=[mmtel-video, mmtel] reason=
09-13 22:37:55.171  2099  2373 I ResipRegiMgr<0>: configureRCS:
09-13 22:37:55.171  1721  1833 D MobileStatusTracker(0/4): onDataActivity: direction=3
09-13 22:37:55.172  1721  1833 D MobileSignalController(0/4): notifyListener: enabled=true, connected=true, dataConnected=true, networkType=LTE (4G), emergencyOnly=false, roaming=false, isDefault=false, dataActivity=inout, level=2, ca=false, mmWave=false, disabledDataIcon=false, simCard=ETC
09-13 22:37:55.174  2099  2373 I StackIF<0>: configRCS: RcsConfig[chunksize = 10240 / 10240, confuri = xxxxx, is msrp cema = false, downloads path = /storage/emulated/0/Android/data/com.sec.imsservice/files, conf.subscribe enabled = true, exploderUri = , pagerModeLimit = 1300, useMsrpDiscardPort = false, aggr.imdn supported = false, privacyDisable = true, cbMsgTech = 1, endUserConfReqId = xxxxx, mSupportBotVersions = #=1, supportCancelMessage = 0, supportRealtimeUserAlias = false]
09-13 22:37:55.174  2099  2373 I SECIMSJ : [0863]> 276
09-13 22:37:55.174  2099  2482 I [IMS6.0]: IMS_onResponse()
09-13 22:37:55.174  2099  2482 I StackIF : processMessage 2
09-13 22:37:55.174  2099  2482 I StackIF : Processing Response
09-13 22:37:55.174  2099  2482 I SECIMSJ : [0863]< 101
09-13 22:37:55.174  2099  2482 I StackIF : processResponse: reqId 101
09-13 22:37:55.174  2099  2482 I StackIF : processResponse: handle -1 result 0 reason 0
09-13 22:37:55.174  2099  2373 I ResipRegiMgr<0>: register: creating UserAgent.
09-13 22:37:55.174  2099  2373 I ImsProfile: isRttSupportByCallApp : false ttyType : 1
09-13 22:37:55.174  2099  2373 I ResipRegiMgr<0>: isSupportUpgradePrecondition false
09-13 22:37:55.174  2099  2373 I ResipRegiMgr<0>: createUserAgent: pdn 11(ims) services [mmtel-video, mmtel]
09-13 22:37:55.174  2099  2373 I ResipRegiMgr<0>: createUserAgent: uuid 
09-13 22:37:55.174  2099  2373 I ResipRegiMgr<0>: createUserAgent: profile=TELEFONICA spain for VoLTE iface=rmnet2 NetId=523096739853
09-13 22:37:55.174  2099  2475 I UserAgent: InitialState enter.
09-13 22:37:55.174  2099  2475 I UserAgent: InitialState enter.
09-13 22:37:55.174  2099  2373 I ResipRegiMgr<0>: createUserAgent: task.getMno()=Telefonica_ES sm.getSimMno()=Telefonica_ES
09-13 22:37:55.174  2099  2373 I ResipRegiMgr: configureMedia:
09-13 22:37:55.174  2099  2373 I ResipMediaHandler: getHwSupportedVideoCodecs filteredCodecs : H264,H263
09-13 22:37:55.174  2099  2373 I ImsProfile: trimAudioCodec : audioCodecMode=2 audioCapabilities=0 dtmfCodecMode=0 isEnableEvs=1
09-13 22:37:55.174  2099  2373 I ImsProfile: trimAudioCodec : EVS=EVS AMRBE_WB=AMRBE-WB AMRBE=AMRBE AMR-WB=AMR-WB AMR=AMR DTMFWB=DTMFWB DTMF=DTMF OTHERS=
09-13 22:37:55.174  2099  2373 I SimManager<0>: getDerivedImpu:
09-13 22:37:55.175  2099  2373 I SimManager: getSimOperator: value [21407]
09-13 22:37:55.175  2099  2373 I ResipRegiMgr<0>: ###set profile id, id = 166
09-13 22:37:55.175  2099  2373 I ResipRegiMgr<0>: TTY Type 1 convert to TextMode 1
09-13 22:37:55.175  2099  2373 I ResipRegiMgr<0>: hoEnable : true, onlyEpsFallback : false, needDisable5gsa : true, isNrSaMode : false
09-13 22:37:55.176  2099  2373 I ConfigProvider: query uri:xxxxx
09-13 22:37:55.177  2099  2373 I ConfigProvider: queryStorage path content://com.samsung.rcs.autoconfigurationprovider/parameter/inturlfmt#simslot0
09-13 22:37:55.177  2099  2373 I RcsConfigurationHelper<0>: getNetworkUriType: rcsUriFmt[0]
09-13 22:37:55.177  2099  2373 I ImsUtil<0>: CDMALESS Not enabled
09-13 22:37:55.177  2099  2373 I RcsUtils: isDualRcsReg: false
09-13 22:37:55.177  2099  2373 I ResipRegiMgr<0>: createUserAgent: TransportType=udp-preferred port=5060
09-13 22:37:55.178  2099  2373 I ResipRegiMgr<0>: createUserAgent: sessionRefresher=none
09-13 22:37:55.178  2099  2373 I ResipRegiMgr: timerTS=%32000
09-13 22:37:55.178  2099  2373 I PaniGenerator<0>: generate: subId=4, network=13
09-13 22:37:55.178  2099  2373 I PaniGenerator<0>: generate: network=13, fallbackPlmn=21407
09-13 22:37:55.178  2099  2373 I PdnController<0>: getAllCellInfo mNeedCellLocationUpdate : true
09-13 22:37:55.178  2099  2373 I PdnController<0>: get latest cellInfo and store, subId = 4
09-13 22:37:55.178  2099  2373 I PaniGenerator: generate: change to NW PLMN(21407)
09-13 22:37:55.178  2099  2373 I ImsXqReporterDummy: Default Case, Check SEC_PRODUCT_FEATURE_COMMON_SUPPORT_IQI
09-13 22:37:55.178  2099  2373 I ResipRegiMgr<0>: createUserAgent:mno=Telefonica_ES
09-13 22:37:55.178  2099  2373 I UserAgent[0]: create:
09-13 22:37:55.178  2099  2373 E #IMSREGI: (0, TELEFONICA spain for VoLTE) SEND SIP REGISTER <+0.063s>
09-13 22:37:55.179  2099  2475 I StackIF : createUA:
09-13 22:37:55.179  2099  2373 I PdnController: handleMessage: what 101
09-13 22:37:55.179  2099  2373 I PdnController: slot[0]: requestNetwork: networkType 11, callback=11
09-13 22:37:55.179  2099  2475 I StackRequestBuilderUtil: feature Tag12288
09-13 22:37:55.179  2099  2475 I StackRequestBuilderUtil: feature Tag MMTEL
09-13 22:37:55.179  2099  2475 I StackRequestBuilderUtil: feature Tag MMTEL Video
09-13 22:37:55.179  2099  2475 I StackRequestBuilderUtil: translateMno: 192
09-13 22:37:55.179  2099  2475 I SECIMSJ : [0864]> 2400
09-13 22:37:55.179  2099  2373 I PdnController: isConnected:  [true] networktype [11]
09-13 22:37:55.179  2099  2373 I RegisterTask: onConnected: pdntype=11 network=121 mPdnType=11 profile=TELEFONICA spain for VoLTE
09-13 22:37:55.179  2099  2373 I RegiMgr-Handler: handleMessage: EVENT_PDN_CONNECTED
09-13 22:37:55.179  2099  2373 I RegiMgr-NetEvtCtr<0>: onPdnConnected: task=TELEFONICA spain for VoLTE state=REGISTERING
09-13 22:37:55.179  2099  2373 I RegiGvnEur<0>: releaseThrottle: case by 6
09-13 22:37:55.180  2099  2482 I reSIProcate: INFO | RESIP:TRANSPORT | UdpTransport.cxx:64 | Creating UDP transport host=2a02:9130:801d:59cb:1864:f208:9282:96fe port=5060 ipv4=0
09-13 22:37:55.180  2099  2482 I reSIProcate: INFO | RESIP:TRANSPORT | Connection.cxx:42 | Connection::Connection: new connection created to who: [ V4 0.0.0.0:0 UNKNOWN_TRANSPORT target domain=unspecified mFlowKey=0 ] cport =0 ] mInterface= ] transportKey=0 ]
09-13 22:37:55.180  2099  2482 I reSIProcate: INFO | RESIP:TRANSPORT | TcpTransport.cxx:33 | Creating TCP transport host=2a02:9130:801d:59cb:1864:f208:9282:96fe port=5060 ipv4=0
09-13 22:37:55.181  2099  2482 I [IMS6.0]: SdpCreator::CodecAddParameter(): Insert : attrType : fmtp, parameter : br=5.9-24.4
09-13 22:37:55.181  2099  2482 I [IMS6.0]: SdpCreator::CodecAddParameter(): Update : attrType : fmtp, parameter : br=5.9-24.4;bw=nb-swb
09-13 22:37:55.181  2099  2482 I [IMS6.0]: SdpCreator::CodecAddParameter(): Update : attrType : fmtp, parameter : br=5.9-24.4;bw=nb-swb;ch-aw-recv=-1
09-13 22:37:55.181  2099  2482 I [IMS6.0]: SdpCreator::CodecAddParameter(): Insert : attrType : fmtp, parameter : mode-change-capability=2
09-13 22:37:55.181  2099  2482 I [IMS6.0]: SdpCreator::CodecAddParameter(): Update : attrType : fmtp, parameter : mode-change-capability=2;max-red=220
09-13 22:37:55.181  2099  2482 I [IMS6.0]: SdpCreator::CodecAddParameter(): Insert : attrType : fmtp, parameter : octet-align=1
09-13 22:37:55.181  2099  2482 I [IMS6.0]: SdpCreator::CodecAddParameter(): Update : attrType : fmtp, parameter : octet-align=1;mode-change-capability=2
09-13 22:37:55.181  2099  2482 I [IMS6.0]: SdpCreator::CodecAddParameter(): Update : attrType : fmtp, parameter : octet-align=1;mode-change-capability=2;max-red=220
09-13 22:37:55.181  2099  2482 I [IMS6.0]: SdpCreator::CodecAddParameter(): Insert : attrType : fmtp, parameter : mode-change-capability=2
09-13 22:37:55.181  2099  2482 I [IMS6.0]: SdpCreator::CodecAddParameter(): Update : attrType : fmtp, parameter : mode-change-capability=2;max-red=220
09-13 22:37:55.181  2099  2482 I [IMS6.0]: SdpCreator::CodecAddParameter(): Insert : attrType : fmtp, parameter : octet-align=1
09-13 22:37:55.181  2099  2482 I [IMS6.0]: SdpCreator::CodecAddParameter(): Update : attrType : fmtp, parameter : octet-align=1;mode-change-capability=2
09-13 22:37:55.181  2099  2482 I [IMS6.0]: SdpCreator::CodecAddParameter(): Update : attrType : fmtp, parameter : octet-align=1;mode-change-capability=2;max-red=220
09-13 22:37:55.181  2099  2482 I [IMS6.0]: SdpCreator::CodecAddParameter(): Insert : attrType : fmtp, parameter : 0-15
09-13 22:37:55.181  2099  2482 I [IMS6.0]: SdpCreator::CodecAddParameter(): Insert : attrType : fmtp, parameter : 0-15
09-13 22:37:55.181  2099  2482 I [IMS6.0]: SdpCreator::InitCodecs(): H.264 packetization_mode: 1,-1 codec:14
09-13 22:37:55.181  2099  2482 I [IMS6.0]: SdpCreator::CodecAddParameter(): Insert : attrType : fmtp, parameter : profile-level-id=428016
09-13 22:37:55.181  2099  2482 I [IMS6.0]: SdpCreator::CodecAddParameter(): Update : attrType : fmtp, parameter : profile-level-id=428016;packetization-mode=1
09-13 22:37:55.181  2099  2482 I [IMS6.0]: SdpCreator::CodecAddParameter(): Update : attrType : fmtp, parameter : profile-level-id=428016;packetization-mode=1;sprop-parameter-sets=Z0KAFukDwKMg,aM4G4g==
09-13 22:37:55.181  2099  2482 I [IMS6.0]: SdpCreator::InitCodecs(): H.264 packetization_mode: 1,-1 codec:15
09-13 22:37:55.181  2099  2482 I [IMS6.0]: SdpCreator::CodecAddParameter(): Insert : attrType : fmtp, parameter : profile-level-id=42800C
09-13 22:37:55.181  2099  2482 I [IMS6.0]: SdpCreator::CodecAddParameter(): Update : attrType : fmtp, parameter : profile-level-id=42800C;packetization-mode=1
09-13 22:37:55.181  2099  2482 I [IMS6.0]: SdpCreator::CodecAddParameter(): Update : attrType : fmtp, parameter : profile-level-id=42800C;packetization-mode=1;sprop-parameter-sets=Z0KADNoPCmQ=,aM4G4g==
09-13 22:37:55.181  2099  2482 I [IMS6.0]: SdpCreator::CodecAddParameter(): Insert : attrType : fmtp, parameter : profile=0
09-13 22:37:55.181  2099  2482 I [IMS6.0]: SdpCreator::CodecAddParameter(): Update : attrType : fmtp, parameter : profile=0;level=10
09-13 22:37:55.181  2099  2482 I [IMS6.0]: SdpCreator::CodecAddParameter(): Insert : attrType : fmtp, parameter : 111/111/111
09-13 22:37:55.181  2099  2482 I CpAudioEngineClient: Init.
09-13 22:37:55.181  2099  2482 I CpAudioEngineClient: SAE_Init: Already initialized. Terminate it first.
09-13 22:37:55.181  2099  2482 I VoIpEngineProxy: SetEngine:Sending IPC_IMS_ENGINE
09-13 22:37:55.181  2099  2482 I OemIpcHandler: PrepareWaiting:
09-13 22:37:55.181  2099  2482 I OemIpcHandler: SendOemIpcCommand: main 16 sub 09 len(9) phoneId 0
09-13 22:37:55.181  2099  2482 I OemIpcHandler: IPC counter[3]
09-13 22:37:55.181  2099  2482 I OemIpcHandler: Reset IPC Counter on Engine Restart Counter[0]
09-13 22:37:55.181  2099  2482 I OemIpcHandler: SendOemIpcCommand: Send Client 111...
09-13 22:37:55.181  2099  2482 I OemIpcHandler: Wait:
09-13 22:37:55.182  2099  3965 I OemIpcHandler: onRawReqComplete, 
09-13 22:37:55.280  1086  1416 D SemNativeCarrierFeature_vendor: getInstance
09-13 22:37:55.282  1203  1203 D SemWifiService: onServiceStateChanged : state - 0, dataNetworkType : 13
09-13 22:37:55.283  1203  1985 D SLocation: CellLocationManager - onServiceStateChanged 0
09-13 22:37:55.283  1203  1203 D SemWifiApServiceImpl: onServiceStateChanged : 0dataNetworkType : 13
09-13 22:37:55.284  2099  2099 I VolteServiceModule: onServiceStateChanged({mVoiceRegState=0(IN_SERVICE), mDataRegState=0(IN_SERVICE), mChannelNumber=6400, duplexMode()=1, mCellBandwidths=[10000, 20000], mOperatorAlphaLong=Movistar, mOperatorAlphaShort=Movistar, isManualNetworkSelection=false(automatic), getRilVoiceRadioTechnology=14(LTE), getRilDataRadioTechnology=14(LTE), mCssIndicator=unsupported, mNetworkId=*1, mSystemId=*1, mCdmaRoamingIndicator=-1, mCdmaDefaultRoamingIndicator=-1, VoiceRegType=0, Snap=0, MobileData=IN_SERVICE, MobileDataRoamingType=home, MobileDataRat=LTE, PsOnly=false, FemtocellInd=0, SprDisplayRoam=false, OptRadioTech=0, MsimSubmode=0, IsVoiceCallAvailable=true, mIsEmergencyOnly=false, isUsingCarrierAggregation=true, mArfcnRsrpBoost=0, mNetworkRegistrationInfos=[NetworkRegistrationInfo{ domain=CS transportType=WWAN registrationState=HOME roamingType=NOT_ROAMING accessNetworkTechnology=LTE rejectCause=0 emergencyEnabled=false availableServices=[VOICE,SMS,VIDEO] cellIdentity=CellIdentityLte:{ mCi=2*****51 mPci=343 mTac=8**0 mEarfcn=6400 mBands=[] mBandwidth=2147483647 mMcc=214 mMnc=07 mAlphaLong=Movistar mAlphaShort=Movistar mAdditionalPlmns={} mCsgInfo=null} voiceSpecificInfo=VoiceSpecificRegistrationInfo { mCssSupported=false mRoamingIndicator=0 mSystemIsInPrl=0 mDefaultRoamingIndicator=0} dataSpecificInfo=null nrState=**** rRplmn=21407 isUsingCarrierAggregation=false}, NetworkRegistrationInfo{ domain=PS transportType=WWAN registrationState=HOME roamingType=NOT_ROAMING accessNetworkTechnology=LTE rejectCause=0 emergencyEnabled=false availableServices=[DATA] cellIdentity=CellIdentityLte:{ mCi=2*****51 mPci=343 mTac=8**0 mEarfcn=6400 mBands=[] mBandwidth=2147483647 mMcc=214 mMnc=07 mAlphaLong=Movistar mAlphaShort=Movistar mAdditionalPlmns={} mCsgInfo=null} voiceSpecificInfo=null dataSpecificInfo=android.telephony.DataSpecificRegistrationInfo :{ maxDataCalls = 4 isDcNrRestricted = false isNrAvailable = false isEnDcAvailable = false LteVopsSupportInfo :  mVopsSupport = 2 mEmcBearerSupport = 2 } nrState=**** rRplmn=21407 isUsingCarrierAggregation=true}], mNrFrequencyRange=0, mOperatorAlphaLongRaw=Movistar, mOperatorAlphaShortRaw=Movistar, mIsDataRoamingFromRegistration=false, mIsIwlanPreferred=false})
09-13 22:37:55.284  2099  2099 I VolteServiceModule: mIsLteEpsOnlyAttached(1):false
09-13 22:37:55.284  1203  1810 I LocationAccessPolicy: checkLocationPermission - callingUid: 10076, callingPid: 10429, resultForFine: DENIED_HARD
09-13 22:37:55.284  1203  1810 I LocationAccessPolicy: checkLocationPermission - callingUid: 10076, callingPid: 10429, resultForCoarse: DENIED_HARD
09-13 22:37:55.284  2099  2488 I VolteServiceModule: onServiceStateChanged({mVoiceRegState=0(IN_SERVICE), mDataRegState=0(IN_SERVICE), mChannelNumber=6400, duplexMode()=1, mCellBandwidths=[10000, 20000], mOperatorAlphaLong=Movistar, mOperatorAlphaShort=Movistar, isManualNetworkSelection=false(automatic), getRilVoiceRadioTechnology=14(LTE), getRilDataRadioTechnology=14(LTE), mCssIndicator=unsupported, mNetworkId=*1, mSystemId=*1, mCdmaRoamingIndicator=-1, mCdmaDefaultRoamingIndicator=-1, VoiceRegType=0, Snap=0, MobileData=IN_SERVICE, MobileDataRoamingType=home, MobileDataRat=LTE, PsOnly=false, FemtocellInd=0, SprDisplayRoam=false, OptRadioTech=0, MsimSubmode=0, IsVoiceCallAvailable=true, mIsEmergencyOnly=false, isUsingCarrierAggregation=true, mArfcnRsrpBoost=0, mNetworkRegistrationInfos=[NetworkRegistrationInfo{ domain=CS transportType=WWAN registrationState=HOME roamingType=NOT_ROAMING accessNetworkTechnology=LTE rejectCause=0 emergencyEnabled=false availableServices=[VOICE,SMS,VIDEO] cellIdentity=CellIdentityLte:{ mCi=2*****51 mPci=343 mTac=8**0 mEarfcn=6400 mBands=[] mBandwidth=2147483647 mMcc=214 mMnc=07 mAlphaLong=Movistar mAlphaShort=Movistar mAdditionalPlmns={} mCsgInfo=null} voiceSpecificInfo=VoiceSpecificRegistrationInfo { mCssSupported=false mRoamingIndicator=0 mSystemIsInPrl=0 mDefaultRoamingIndicator=0} dataSpecificInfo=null nrState=**** rRplmn=21407 isUsingCarrierAggregation=false}, NetworkRegistrationInfo{ domain=PS transportType=WWAN registrationState=HOME roamingType=NOT_ROAMING accessNetworkTechnology=LTE rejectCause=0 emergencyEnabled=false availableServices=[DATA] cellIdentity=CellIdentityLte:{ mCi=2*****51 mPci=343 mTac=8**0 mEarfcn=6400 mBands=[] mBandwidth=2147483647 mMcc=214 mMnc=07 mAlphaLong=Movistar mAlphaShort=Movistar mAdditionalPlmns={} mCsgInfo=null} voiceSpecificInfo=null dataSpecificInfo=android.telephony.DataSpecificRegistrationInfo :{ maxDataCalls = 4 isDcNrRestricted = false isNrAvailable = false isEnDcAvailable = false LteVopsSupportInfo :  mVopsSupport = 2 mEmcBearerSupport = 2 } nrState=**** rRplmn=21407 isUsingCarrierAggregation=true}], mNrFrequencyRange=0, mOperatorAlphaLongRaw=Movistar, mOperatorAlphaShortRaw=Movistar, mIsDataRoamingFromRegistration=false, mIsIwlanPreferred=false})
