09-13 22:03:13.593  1203  1810 I WindowManager: Reparenting to leash, surface=Surface(name=60c90e4 NavigationBar0)/@0xa45fab7, leashParent=Surface(name=WindowToken{5321c77 type=2019 android.os.BinderProxy@470fd11})/@0x2b9b224
09-13 22:03:13.593   875  1030 I SurfaceFlinger: id=1708 createSurf flag=24000, Surface(name=60c90e4 NavigationBar0)/@0xa45fab7 - animation-leash of insets_animation#1708
09-13 22:03:13.594  1203  1810 D WindowManager: makeSurface duration=0 leash=Surface(name=Surface(name=60c90e4 NavigationBar0)/@0xa45fab7 - animation-leash of insets_animation)/@0x5e1cbbc
09-13 22:03:13.594  1203  1810 D WindowManager: updateSystemBarAttributes: displayId=0, win=Window{cb0180e u0 com.sec.android.app.launcher/com.sec.android.app.launcher.activities.LauncherActivity}, navColorWin=Window{cb0180e u0 com.sec.android.app.launcher/com.sec.android.app.launcher.activities.LauncherActivity}, focusedCanBeNavColorWin=false, behavior=2, appearance=0, statusBarAppearanceRegions=[AppearanceRegion{ bounds=[0,0][1080,2400]}], requestedVisibilities=, from=com.android.server.wm.DisplayPolicy.focusChangedLw:3247 com.android.server.wm.DisplayContent.updateFocusedWindowLocked:4632 com.android.server.wm.RootWindowContainer.updateFocusedWindowLocked:595 
09-13 22:03:13.594  1203  1810 D StatusBarManagerService: notifyRequestedSystemKey recent=false home=false
09-13 22:03:13.594  1203  1810 D ActivityTaskManager: scheduleTopResumedActivityChanged, onTop=false r=ActivityRecord{42b51f0 u0 com.samsung.android.lool/com.samsung.android.sm.iafd.dialog.AppErrorDialogActivity} t3136 f}} caller=com.android.server.wm.ActivityTaskSupervisor.updateTopResumedActivityIfNeeded:2510 com.android.server.wm.TaskDisplayArea.positionChildTaskAt:602 com.android.server.wm.TaskDisplayArea.positionChildAt:537 com.android.server.wm.WindowContainer.positionChildAt:970 com.android.server.wm.Task.positionChildAt:3354 com.android.server.wm.Task.moveToFrontInner:6053 
09-13 22:03:13.595  1203  1810 W WindowManager: Prepare app transition: mNextAppTransitionRequests=[TRANSIT_CLOSE], mNextAppTransitionFlags=, displayId: 0 Callers=com.android.server.wm.DisplayContent.prepareAppTransition:6493 com.android.server.wm.DisplayContent.prepareAppTransition:6484 com.android.server.wm.ActivityRecord.finishIfPossible:4151 com.android.server.wm.ActivityClientController.finishActivity:533 android.app.IActivityClientController$Stub.onTransact:711 
09-13 22:03:13.595  1203  1810 D RestrictionPolicy: isScreenCaptureEnabled : ret=true userId=0
09-13 22:03:13.595  1203  1810 D RestrictionPolicy: isScreenCaptureEnabled : ret=true userId=0
09-13 22:03:13.595  2236  2561 I TouchInteractionService: onSystemUiStateChanged, stateFlags : 0 |
09-13 22:03:13.595  2236  2236 I RecentsAnimationDeviceState: setSystemUiFlags, stateFlags : 0
09-13 22:03:13.595  2236  2236 I TouchInteractionService: onSystemUiFlagsChanged, lastSysUIFlags : 131072
09-13 22:03:13.595   781   988 D gralloc : [mali_gralloc_allocate] begin
09-13 22:03:13.595   781   988 D gralloc : buffer_descriptor: wh(1080 2400) usage_pc(0xb66 0xb06) hal_format(0x1) layer_count(1) sizes(0 0 0) strde(0) byte_stride(0) alloc_wh(0 0) internal_format(0x0) alloc_format(0x0) fd_count(1) plane_count(0)
09-13 22:03:13.596   781   988 D gralloc : [mali_gralloc_allocate] allocation successful
09-13 22:03:13.596   875   875 I Layer   : id=1709 Destroyed Screenshot Parent#1709
09-13 22:03:13.600   875   875 I SurfaceFlinger: [e238887 com.samsung.android.lool/com.samsung.android.sm.iafd.dialog.AppErrorDialogActivity#1692] FrameRatePriority: -1
09-13 22:03:13.600   875   875 I Layer   : id=1693 removeFromCurrentState Surface(name=27a7298 StatusBar)/@0xca4a678 - animation-leash of insets_animation#1693 (140)
09-13 22:03:13.600   875   875 I Layer   : id=73 removeFromCurrentState 27a7298 StatusBar#73 (140)
09-13 22:03:13.600   875   875 I Layer   : id=81 removeFromCurrentState StatusBar$_1721#81 (140)
09-13 22:03:13.601   875   875 I Layer   : id=73 addToCurrentState 27a7298 StatusBar#73 (140)
09-13 22:03:13.601   875   875 I Layer   : id=81 addToCurrentState StatusBar$_1721#81 (140)
09-13 22:03:13.601   875   875 I Layer   : id=1694 removeFromCurrentState Surface(name=60c90e4 NavigationBar0)/@0xa45fab7 - animation-leash of insets_animation#1694 (140)
09-13 22:03:13.601   875   875 I SurfaceFlinger: [fffd667 com.samsung.android.lool/com.samsung.android.sm.iafd.dialog.AppErrorDialogActivity#1695] FrameRatePriority: 1
09-13 22:03:13.601   875   875 I SurfaceFlinger: id=1693 Removed Surface(name=27a7298 StatusBar)/@0xca4a678 - animation-leash of insets_animation#1693 (140)
09-13 22:03:13.601   875   875 I SurfaceFlinger: id=1694 Removed Surface(name=60c90e4 NavigationBar0)/@0xa45fab7 - animation-leash of insets_animation#1694 (140)
09-13 22:03:13.601   875   875 I Layer   : id=1693 Destroyed Surface(name=27a7298 StatusBar)/@0xca4a678 - animation-leash of insets_animation#1693
09-13 22:03:13.601   875   875 I Layer   : id=1694 Destroyed Surface(name=60c90e4 NavigationBar0)/@0xa45fab7 - animation-leash of insets_animation#1694
09-13 22:03:13.602  1203 18963 D RemoteAppTaskWatcher:  ****** RemoteAppTaskWatcher: Message Received 5 Task ID = 0
09-13 22:03:13.609  1203  2216 V MARsPolicyManager: Current Home Package com.sec.android.app.launcher Resumed
09-13 22:03:13.609  1203  2216 I SemDvfsHyPerManager: acquire hyper - AMS_APP_HOME/1203@35, type = -999
09-13 22:03:13.609   797   883 I HYPER-HAL: [RequestManager.cpp]acquire(): Acquired ID : 766976  [1203 / 35]    HINT : AMS_APP_HOME    list : 
09-13 22:03:13.610   797   883 I HYPER-HAL: [ResourceManager.cpp]updateResource(): [CPUMinFreq] UpdateResource Request ID : 766976    Value : 2623359
09-13 22:03:13.611  4145  4145 I SemDvfsHyPerManager: acquire hyper - APP_START_HOME/4145@13, type = -999
09-13 22:03:13.611  1203  2216 D ActivityManagerPerformance: AMP_acquire() HOME
09-13 22:03:13.612  1203  2216 W WindowManager: Prepare app transition: mNextAppTransitionRequests=[TRANSIT_CLOSE, TRANSIT_OPEN], mNextAppTransitionFlags=, displayId: 0 Callers=com.android.server.wm.DisplayContent.prepareAppTransition:6493 com.android.server.wm.DisplayContent.prepareAppTransition:6484 com.android.server.wm.TaskFragment.resumeTopActivity:1583 com.android.server.wm.TaskFragment.resumeTopActivity:1307 com.android.server.wm.Task.resumeTopActivityInnerLocked:6451 
09-13 22:03:13.612   797   883 I HYPER-HAL: [RequestManager.cpp]acquire(): Acquired ID : 8646574  [4145 / 13]    HINT : APP_START    list : [KERNEL_APP_START_NOTIFY / 0] [TIMEOUT / 1500] 
09-13 22:03:13.612   797   883 I HYPER-HAL: [ResourceManager.cpp]updateResource(): [CPUMaxFreq] UpdateResource Request ID : 8646574    Value : 2730000
09-13 22:03:13.612  1203  4212 D SGM:GameManager: identifyGamePackage. com.sec.android.app.launcher, mCurrentUserId: 0, callerUserId: 0, callingMethodInfo: com.samsung.android.game.IGameManagerService$Stub.onTransact(IGameManagerService.java:233)
09-13 22:03:13.612  1203  4212 D SGM:PkgDataHelper: getGamePkgData(). com.sec.android.app.launcher
09-13 22:03:13.612  1203  2216 D ActivityTaskManager: scheduleTopResumedActivityChanged, onTop=true r=ActivityRecord{77ccc49 u0 com.sec.android.app.launcher/.activities.LauncherActivity} t7} caller=com.android.server.wm.ActivityTaskSupervisor.scheduleTopResumedActivityStateIfNeeded:2535 com.android.server.wm.ActivityTaskSupervisor.updateTopResumedActivityIfNeeded:2527 com.android.server.wm.TaskFragment.setResumedActivity:493 com.android.server.wm.TaskFragment.onActivityStateChanged:805 com.android.server.wm.ActivityRecord.setState:6406 com.android.server.wm.TaskFragment.resumeTopActivity:1629 
09-13 22:03:13.613 13561 13609 I WindowsLink: (TaskInfoManager) +++++++++++onRecentTaskStackUpdated
09-13 22:03:13.613  1203  2216 D InputDispatcher: Focused application(0): ActivityRecord{77ccc49 u0 com.sec.android.app.launcher/.activities.LauncherActivity} t7}
09-13 22:03:13.614  1203  2216 D SGM:FgCheckThread: TaskStackListener.onTaskFocusChanged(), taskId=3136, focused=false
09-13 22:03:13.614  1203  2216 D SGM:FgCheckThread: TaskStackListener.onTaskFocusChanged(), taskId=7, focused=true
09-13 22:03:13.614  1203  2216 D SGM:FgCheckThread:   sendRunningComponentFocus(), pkgName: com.sec.android.app.launcher, userId: 0
09-13 22:03:13.615  1203  1576 D AS.MultiSoundManager: mForegroundUid = 10140
09-13 22:03:13.615  1203  1531 D SGM:FgCheckThread: onLooperPrepared(), msg: MSG_TASK_FOCUSED, pkgName: com.sec.android.app.launcher, userId: 0
09-13 22:03:13.615  1203  1531 D SGM:FgCheckThread: handleTaskFocused().
09-13 22:03:13.615  1203  1531 D SGM:FgCheckThread: sendFocusOutConditionally() - mPrevNotiPkg: (unknown), userId: 0
09-13 22:03:13.615  1203  1531 D SGM:FgCheckThread:   handleTaskFocused(), pkgName: com.sec.android.app.launcher, userID:0 mResumedPkgMap does not containsKey.
09-13 22:03:13.615   875   875 I Layer   : id=1704 removeFromCurrentState Surface(name=27a7298 StatusBar)/@0xca4a678 - animation-leash of insets_animation#1704 (138)
09-13 22:03:13.616   875   875 I Layer   : id=1705 removeFromCurrentState Surface(name=60c90e4 NavigationBar0)/@0xa45fab7 - animation-leash of insets_animation#1705 (138)
09-13 22:03:13.616   875   875 I SurfaceFlinger: [fffd667 com.samsung.android.lool/com.samsung.android.sm.iafd.dialog.AppErrorDialogActivity#1695] FrameRatePriority: -1
09-13 22:03:13.616   875   875 I SurfaceFlinger: [cb0180e com.sec.android.app.launcher/com.sec.android.app.launcher.activities.LauncherActivity#110] FrameRatePriority: 1
09-13 22:03:13.616   875   875 D SurfaceFlinger: [input] inputWindowCommands.focusRequests size is 1
09-13 22:03:13.616   875   875 D SurfaceFlinger: [input] inputWindowCommands.focusRequests size is 1
09-13 22:03:13.616  1203  2216 D WindowManagerServiceExt: notifyOccludeChangeNotice: reset caller=com.android.server.wm.WindowManagerServiceExt.updateOccludeTargetIfNeeded:1402 com.android.server.wm.DisplayContent.ensureActivitiesVisible:7532 com.android.server.wm.RootWindowContainer.ensureActivitiesVisible:2248 com.android.server.wm.RootWindowContainer.ensureVisibilityAndConfig:2126 com.android.server.wm.TaskFragment.resumeTopActivity:1652 
09-13 22:03:13.616  1203  2216 V WindowManager: rotationForOrientation(orient=SCREEN_ORIENTATION_NOSENSOR (5), last=ROTATION_0 (0)); user=ROTATION_0 (0) USER_ROTATION_LOCKED
09-13 22:03:13.616  1203  2216 D WindowManager: rotationForOrientation, orientationSource=ActivityRecord{77ccc49 u0 com.sec.android.app.launcher/.activities.LauncherActivity} t7}
09-13 22:03:13.617   875   992 D SurfaceFlinger: [input] setFocusedWindow: fffd667 com.samsung.android.lool/com.samsung.android.sm.iafd.dialog.AppErrorDialogActivity
09-13 22:03:13.617   875   992 D SurfaceFlinger: [input] setFocusedWindow: cb0180e com.sec.android.app.launcher/com.sec.android.app.launcher.activities.LauncherActivity
09-13 22:03:13.617  1203  2216 V WindowManager: Computed rotation=ROTATION_0 (0) for display id=0 based on lastOrientation=SCREEN_ORIENTATION_NOSENSOR (5) and oldRotation=ROTATION_0 (0), caller=com.android.server.wm.DisplayRotation.updateOrientation:414 com.android.server.wm.DisplayContent.updateOrientation:1990 com.android.server.wm.DisplayContent.updateOrientation:1891 com.android.server.wm.RootWindowContainer.ensureVisibilityAndConfig:2139 com.android.server.wm.TaskFragment.resumeTopActivity:1652 com.android.server.wm.TaskFragment.resumeTopActivity:1307 
09-13 22:03:13.617  1203  4238 D InputDispatcher: Focus request (0): fffd667 com.samsung.android.lool/com.samsung.android.sm.iafd.dialog.AppErrorDialogActivity but waiting because NO_WINDOW
09-13 22:03:13.617  1203  2216 V WindowManager: updateDisplayAndOrientation: Change 530.086x527.792dpi to 397.5645x395.844dpi, BaseDpi=530.086x527.792, DisplayRatio=0.75x0.75
09-13 22:03:13.617  1203  4238 D InputDispatcher: Focus entered window (0): cb0180e com.sec.android.app.launcher/com.sec.android.app.launcher.activities.LauncherActivity
09-13 22:03:13.618  2236  2236 I ViewRootImpl@d303222[LauncherActivity]: MSG_WINDOW_FOCUS_CHANGED 1 0
09-13 22:03:13.618  2236  2236 I ViewRootImpl@d303222[LauncherActivity]: mThreadedRenderer.initializeIfNeeded()#2 mSurface={isValid=true 0x7472f39dc0}
09-13 22:03:13.618  2236  2236 I BaseActivity: addActivityFlags, flags : 8
09-13 22:03:13.618  1203  2216 D TspStateManager: updateCustomValue customSetting=
09-13 22:03:13.619  1203  2216 V WindowManager: updateDisplayAndOrientation: Change 530.086x527.792dpi to 397.5645x395.844dpi, BaseDpi=530.086x527.792, DisplayRatio=0.75x0.75
09-13 22:03:13.619  1203  2216 D TspStateManager: updateCustomValue customSetting=
09-13 22:03:13.620  2236  2236 I InputMethodManager: startInputInner - mService.startInputOrWindowGainedFocus
09-13 22:03:13.621  1203  2216 W WindowManager: Execute app transition: mNextAppTransitionRequests=[TRANSIT_CLOSE, TRANSIT_OPEN], mNextAppTransitionFlags=, displayId: 0 Callers=com.android.server.wm.RootWindowContainer.executeAppTransitionForAllDisplay:2580 com.android.server.wm.ActivityTaskSupervisor.reportResumedActivityLocked:2287 com.android.server.wm.ActivityRecord.completeResumeLocked:6987 com.android.server.wm.TaskFragment.resumeTopActivity:1743 com.android.server.wm.TaskFragment.resumeTopActivity:1307 
09-13 22:03:13.622  1203  2216 W WindowManager: Execute app transition: mNextAppTransitionRequests=[TRANSIT_CLOSE, TRANSIT_OPEN], mNextAppTransitionFlags=, displayId: 0 Callers=com.android.server.wm.Task.executeAppTransition:7870 com.android.server.wm.TaskFragment.resumeTopActivity:1354 com.android.server.wm.TaskFragment.resumeTopActivity:1307 com.android.server.wm.Task.resumeTopActivityInnerLocked:6451 com.android.server.wm.Task.resumeTopActivityUncheckedLocked:6352 
09-13 22:03:13.622  1203  2216 W WindowManager: Execute app transition: mNextAppTransitionRequests=[TRANSIT_CLOSE, TRANSIT_OPEN], mNextAppTransitionFlags=, displayId: 0 Callers=com.android.server.wm.Task.executeAppTransition:7870 com.android.server.wm.TaskFragment.resumeTopActivity:1354 com.android.server.wm.TaskFragment.resumeTopActivity:1307 com.android.server.wm.Task.resumeTopActivityInnerLocked:6451 com.android.server.wm.Task.resumeTopActivityUncheckedLocked:6352 
09-13 22:03:13.623  1203 18963 D RemoteAppTaskWatcher:  ****** RemoteAppTaskWatcher: Message Received 5 Task ID = 0
09-13 22:03:13.624  1203  2216 D WindowManager: Loading animation for app transition. transit=TRANSIT_OLD_TRANSLUCENT_ACTIVITY_CLOSE enter=false frame=Rect(0, 0 - 1080, 2192) insets=Rect(0, 0 - 0, 0) surfaceInsets=Rect(0, 0 - 0, 0)
09-13 22:03:13.625  1203  2216 I WindowManager: Reparenting to leash, surface=Surface(name=Task=3136)/@0x428f916, leashParent=Surface(name=DefaultTaskDisplayArea)/@0xf22e078
09-13 22:03:13.625   875  2457 I SurfaceFlinger: id=1710 createSurf flag=24000, Surface(name=Task=3136)/@0x428f916 - animation-leash of app_transition#1710
09-13 22:03:13.626  1203  2216 D WindowManager: makeSurface duration=1 leash=Surface(name=Surface(name=Task=3136)/@0x428f916 - animation-leash of app_transition)/@0xe5af297
09-13 22:03:13.626  1203  2216 D ActivityTaskManager: mStartingWindow and mStartingData is null for token=ActivityRecord{77ccc49 u0 com.sec.android.app.launcher/.activities.LauncherActivity} t7}
09-13 22:03:13.628   875  2457 I SurfaceFlinger: id=1705 Removed Surface(name=60c90e4 NavigationBar0)/@0xa45fab7 - animation-leash of insets_animation#1705 (139)
09-13 22:03:13.628   875  2457 I SurfaceFlinger: id=1704 Removed Surface(name=27a7298 StatusBar)/@0xca4a678 - animation-leash of insets_animation#1704 (139)
09-13 22:03:13.629  1203  4238 V InputMethodManagerService: hideCurrentInputLocked : canceled, shouldHideSoftInput=false, mInputShown=false, mImeWindowVis=0
09-13 22:03:13.629  1203  4238 I InputMethodBindingController: setCurrentMethodNotVisible: mVisibleBound=false, mHasConnection=true, caller = com.android.server.inputmethod.InputMethodManagerService.hideCurrentInputLocked:4356 com.android.server.inputmethod.InputMethodManagerService.startInputOrWindowGainedFocusInternalLocked:4783 com.android.server.inputmethod.InputMethodManagerService.startInputOrWindowGainedFocusInternal:4440 com.android.server.inputmethod.InputMethodManagerService.startInputOrWindowGainedFocus:4379 com.android.internal.view.IInputMethodManager$Stub.onTransact:518 com.android.server.inputmethod.InputMethodManagerService.onTransact:2302 android.os.Binder.execTransactInternal:1316 android.os.Binder.execTransact:1280 <bottom of call stack> <bottom of call stack> 
09-13 22:03:13.629  1203  4238 D InputMethodManagerService: DESKTOP MODE! : 2
09-13 22:03:13.629  1203  4238 D InputMethodManagerService: NOT IN KNOX DESKTOP MODE!
09-13 22:03:13.629  1203  4238 V InputMethodManagerService: getDisplayIdOfInputMethodWindowToBeAdded: displayId=0
09-13 22:03:13.629  1203  4238 D InputMethodManagerService: isImeSwitcherDisabledPackage : false
09-13 22:03:13.629  1203  4238 D InputMethodManagerService: shouldShowImeSwitcherLocked : checking vis : 3
09-13 22:03:13.629  1203  4238 D InputMethodManagerService: checkDisplayOfStartInputAndUpdateKeyboard: displayId=0, mFocusedDisplayId=0
09-13 22:03:13.629  1203  4238 D InputTransport: Input channel constructed: 'ClientS', fd=819
09-13 22:03:13.629  1203  4238 D InputTransport: Input channel destroyed: 'ClientS', fd=819
09-13 22:03:13.630  5300  5300 I HBD     : HoneyBoardService onFinishInput 
09-13 22:03:13.630  5300  5300 I HBD     : a IC have been unbinding,  RemoteInputConnection{idHash=#6f71bfa}
09-13 22:03:13.631  5300  5300 I HBD     : HoneyBoardService [PF_CL][onFinishInput]  0 ms 
09-13 22:03:13.631  5300  5300 I HBD     : HoneyBoardService [IMI] onStartInput - caller pid : 2236 , caller uid : 10140 
09-13 22:03:13.631  5300  5300 I HBD     : j updateConfigs 
09-13 22:03:13.631  5300  5300 I HBD     : j isEnabledNightMode : true 
09-13 22:03:13.631  5300  5300 I HBD     : a IC have been binding, RemoteInputConnection{idHash=#6f71bfa} 
09-13 22:03:13.631  5300  5300 I HBD     : h [EditorInputType]setPrivateImeOptionsToTable privateImeOptions ( null )
09-13 22:03:13.631  5300  5300 I HBD     : b incognitoMode : false 
09-13 22:03:13.631  5300  5300 I HBD     : b needOff = true , isForceOff = false, isNullInputClass : true 
09-13 22:03:13.631  5300  5300 I HBD     : h getDefaultInputRange : UNKNOWN 
09-13 22:03:13.631  5300  5300 I HBD     : h getDefaultInputRange : UNKNOWN 
09-13 22:03:13.631  5300  5300 I HBD     : h getDefaultInputRange : UNKNOWN 
09-13 22:03:13.631  1203  1286 D SGM:FgCheckThread: notePauseComponent(), received pkgName: com.samsung.android.lool, userId: 0
09-13 22:03:13.632   875   875 I Layer   : id=1705 Destroyed Surface(name=60c90e4 NavigationBar0)/@0xa45fab7 - animation-leash of insets_animation#1705
09-13 22:03:13.632   875   875 I Layer   : id=1704 Destroyed Surface(name=27a7298 StatusBar)/@0xca4a678 - animation-leash of insets_animation#1704
09-13 22:03:13.634 13561 13609 I WindowsLink: (YpcSignatureChecker) isSignatureAllowed in
09-13 22:03:13.634 13561 13609 I WindowsLink: (BaseContentProvider) call: method = TaskInfoManager@getRecentTasks / subMethod = getRecentTasks
09-13 22:03:13.634  1203  1203 I CocktailBarManagerServiceContainer: handleMessage: entry what = 6
09-13 22:03:13.635  1203  1286 I SemPersonaManager: SecureFolder personaId = 150
09-13 22:03:13.636  5300  5300 I HBD     : b needOff = true , isForceOff = false, isNullInputClass : true 
09-13 22:03:13.637  5300  5300 I HBD     : b update cached prediction status : false 
09-13 22:03:13.637  5300  5300 I HBD     : h getDefaultInputRange : UNKNOWN 
09-13 22:03:13.637  5300  5300 I HBD     : a currentState : 0 
09-13 22:03:13.637  5300  5300 I HBD     : a [UpdatePolicy] [post] a: 0 cl: 1179653 kit: [0/11] vt: 0 ir: 1 
09-13 22:03:13.637  5300  5300 I HBD     : a [NRIC] resetNoResponseState 
09-13 22:03:13.637  5300  5300 I HBD     : b needOff = true , isForceOff = false, isNullInputClass : true 
09-13 22:03:13.637  5300  5300 I HBD     : b update cached prediction status : false 
09-13 22:03:13.638  5300  5300 I HBD     : HoneyBoardService [PF_OP][onStartInput]  7 ms 
09-13 22:03:13.639 13561 13609 I WindowsLink: (VirtualDisplayInfoHelper) getRecentTaskInfo() taskIncluded : true
09-13 22:03:13.639 13561 13609 I WindowsLink: (VirtualDisplayInfoHelper) getRecentTaskInfo() taskIncluded : true
09-13 22:03:13.639 13561 13609 I WindowsLink: (VirtualDisplayInfoHelper) getRecentTaskInfo() taskIncluded : true
09-13 22:03:13.639 13561 13609 I WindowsLink: (VirtualDisplayInfoHelper) getRecentTaskInfo() taskIncluded : true
09-13 22:03:13.639 13561 13609 I WindowsLink: (VirtualDisplayInfoHelper) getRecentTaskInfo() taskIncluded : true
09-13 22:03:13.639 13561 13609 I WindowsLink: (VirtualDisplayInfoHelper) getRecentTaskInfo() taskIncluded : true
09-13 22:03:13.639 13561 13609 I WindowsLink: (VirtualDisplayInfoHelper) getRecentTaskInfo() taskIncluded : true
09-13 22:03:13.639 13561 13609 I WindowsLink: (TaskInfoManager) getRecentTasks() size : 7
09-13 22:03:13.642  1203  1286 D EnterpriseDeviceManagerService: isMdmAdminPresentInternal() : MDM Admin Found - com.samsung.knox.securefolder
09-13 22:03:13.643  1203  1286 D SGM:GameManager: identifyGamePackage. com.sec.android.app.launcher, mCurrentUserId: 0, callerUserId: 0, callingMethodInfo: com.samsung.android.game.SemGameManager.isGamePackage(SemGameManager.java:104)
09-13 22:03:13.643  1203  1286 D SGM:PkgDataHelper: getGamePkgData(). com.sec.android.app.launcher
09-13 22:03:13.643  1203  1286 D SGM:SemGameManager: isGamePackage(), pkgName=com.sec.android.app.launcher, ret=false
09-13 22:03:13.644  1203  1203 I CocktailBarManagerServiceContainer: handleMessage: entry what = 5
09-13 22:03:13.644  1203  2978 I MediaSessionMonitor: Media session stopped : not playing state
09-13 22:03:13.644  1203  1286 D SGM:FgCheckThread: noteResumeComponent(), received pkgName: com.sec.android.app.launcher, userId: 0
09-13 22:03:13.645  1203  1286 I GameSDK@LifeCycle: noteResumeComponent(): package name  : com.sec.android.app.launcher
09-13 22:03:13.645  1203  1531 D SGM:FgCheckThread: onLooperPrepared(), msg: MSG_APP_RESUME, pkgName: com.sec.android.app.launcher, userid: 0
09-13 22:03:13.645  1203  1531 D SGM:FgCheckThread: handleResume().
09-13 22:03:13.645  1203  1531 D SGM:FgCheckThread: sendFocusOutConditionally() - mPrevNotiPkg: (unknown), userId: 0
09-13 22:03:13.645  1203  1531 D SGM:FgCheckThread:   handleResume(). pkgName: com.sec.android.app.launcher, userId: 0, isTunableApp: null
09-13 22:03:13.645  1203  1531 D SGM:FgCheckThread: notifyFocusInOut(). of pkg: com.sec.android.app.launcher, type: 4, isTunableApp: false, userId: 0
09-13 22:03:13.645  1203  1531 D SGM:FgCheckThread:   notifyFocusInOut(). unexpected mPrevNotiType: -1
09-13 22:03:13.645  1203  1531 D SGM:SystemHelper: callReleaseBlock needReleaseBlock:false
09-13 22:03:13.646  1203  1299 W libprocessgroup: Failed to open /dev/blkio//cgroup.procs: No such file or directory
09-13 22:03:13.650  4350  4350 I ActivityUtils: HomePackage : com.sec.android.app.launcher, resumePackageName : com.sec.android.app.launcher
09-13 22:03:13.653  2236  2236 I ViewRootImpl@d303222[LauncherActivity]: stopped(false) old = false
09-13 22:03:13.653  2236  2236 I Launcher: !@Boot_DEBUG: Launcher.onResume()
09-13 22:03:13.653  2236  2236 I Launcher: !@Boot_EBS_D: Launcher.onResume()
09-13 22:03:13.653  2236  2236 I BaseActivity: addActivityFlags, flags : 18
09-13 22:03:13.653  2236  2236 I BaseActivity: removeActivityFlags, flags : 32
09-13 22:03:13.653  2236  2439 I IMM_LC  : hsifw() - flag : 0
09-13 22:03:13.653  2236  2439 I IMM_LC  : hsifw() - mService.hideSoftInput
09-13 22:03:13.653  2236  2236 I AppsSearchBar: restoreCurrentCellLayoutAlpha: [com.android.homescreen.apptray.AppsViewCellLayout{c6eef62 V.ED..... ........ 38,73-1042,2161}[a=1.0,v=0,sId=0]]
09-13 22:03:13.653  1203  2216 D InputMethodManagerService: hideSoftInput
09-13 22:03:13.653  1203  2216 V InputMethodManagerService: Client requesting input be hidden
09-13 22:03:13.653  1203  2216 V InputMethodManagerService: hideCurrentInputLocked : canceled, shouldHideSoftInput=false, mInputShown=false, mImeWindowVis=0
09-13 22:03:13.653 13561 13609 I WindowsLink: (YpcSignatureChecker) isSignatureAllowed in
09-13 22:03:13.653  1203  2216 I InputMethodBindingController: setCurrentMethodNotVisible: mVisibleBound=false, mHasConnection=true, caller = com.android.server.inputmethod.InputMethodManagerService.hideCurrentInputLocked:4356 com.android.server.inputmethod.InputMethodManagerService.hideSoftInput:4294 com.android.internal.view.IInputMethodManager$Stub.onTransact:488 com.android.server.inputmethod.InputMethodManagerService.onTransact:2302 android.os.Binder.execTransactInternal:1316 android.os.Binder.execTransact:1280 <bottom of call stack> <bottom of call stack> <bottom of call stack> <bottom of call stack> 
09-13 22:03:13.653 13561 13609 I WindowsLink: (BaseContentProvider) call: method = capability_android_apps_on_windows / subMethod = capability_android_apps_on_windows
09-13 22:03:13.653 13561 13609 I WindowsLink: (BaseContentProvider) call: method = capability_android_apps_on_windows / subMethod = capability_android_apps_on_windows
09-13 22:03:13.653  2236  2236 I Launcher.AppsViewCellLayout: com.android.homescreen.apptray.AppsViewCellLayout{c6eef62 V.ED..... ........ 38,73-1042,2161}[a=1.0,v=0,sId=0] setAlpha : 1.0
09-13 22:03:13.653  2236  2236 I Launcher.AppsViewCellLayout: com.android.homescreen.apptray.AppsViewCellLayout{c6eef62 V.ED..... ........ 38,73-1042,2161}[a=1.0,v=0,sId=0] setAlpha : 1.0
09-13 22:03:13.653  2236  2236 W PageOverlayMover: isMoving : false
09-13 22:03:13.653 13561 13609 I WindowsLink: (YpcSignatureChecker) isSignatureAllowed in
09-13 22:03:13.654 13561 13609 I WindowsLink: (BaseContentProvider) call: method = capability_recent_apps_R2_3 / subMethod = capability_recent_apps_R2_3
09-13 22:03:13.654 13561 13609 I WindowsLink: (BaseContentProvider) call: method = capability_recent_apps_R2_3 / subMethod = capability_recent_apps_R2_3
09-13 22:03:13.654  1203  2216 D [RAMS]RemoteAppModeService: isAllowed = true
09-13 22:03:13.654  2236  2236 I DecorView: notifyKeepScreenOnChanged: keepScreenOn=false
09-13 22:03:13.654  2236  2444 I SPayUpdater: updateSpayHandler, show = false, defaultPage = false
09-13 22:03:13.654  5159  5159 I bmrp    : onResume
09-13 22:03:13.654  2236  2236 I Launcher: setWallpaperOffsets
09-13 22:03:13.655  1203  1203 I Pageboost: package null
09-13 22:03:13.655  2236  2236 I DecorView: notifyKeepScreenOnChanged: keepScreenOn=false
09-13 22:03:13.655  2236  7090 I Launcher: DisplayMetrics from Resources : DisplayMetrics{density=2.8125, width=1080, height=2192, scaledDensity=2.8125, xdpi=397.5645, ydpi=395.844}
09-13 22:03:13.655  2236  7090 I Launcher: realMetrics from Wm : DisplayMetrics{density=2.8125, width=1080, height=2400, scaledDensity=2.8125, xdpi=397.5645, ydpi=395.844}
09-13 22:03:13.655  2236  7090 I Launcher: Launcher DeviceProfile onResume availSize: 1080x2265 windowSize: 1080x2400 isLandscape: false
09-13 22:03:13.656  2801  2801 E pageboostd: Received HALT command code 2
09-13 22:03:13.656  2236  2236 I MSHandlerLifeCycle: removeMultiSplitHandler: no exist. decor=DecorView@e128cf3[LauncherActivity]
09-13 22:03:13.656  2236  2236 I TopTaskTracker: onTaskMovedToFront : taskId = 7
09-13 22:03:13.656  2236  2236 I BaseActivity: addActivityFlags, flags : 4
09-13 22:03:13.656  2236  2236 I Launcher: onDeferredResumed
09-13 22:03:13.656  1203  1380 D AnalyticsContainerHandler: handleMessage : { when=0 what=1 target=com.android.server.knox.KnoxAnalyticsContainer$AnalyticsHandler }
09-13 22:03:13.656  2236  2236 I InstallShortcutReceiver: flushInstallQueue 0
09-13 22:03:13.656  2236  2236 I Launcher.NotificationListener: onNotificationFullRefresh
09-13 22:03:13.656  2236  2236 I BadgeCountUpdaterImpl: onNotificationsChangedConnected
09-13 22:03:13.656  2236  2236 W LauncherAppWidgetHost: setShouldListenFlag, mFlags:7 flag:resume on:true isFront:false
09-13 22:03:13.657  2236  2441 I InstallShortcutReceiver: flushQueueInBackground 0
09-13 22:03:13.658  1203  4221 D SGM:GameManager: identifyGamePackage. com.sec.android.app.launcher, mCurrentUserId: 0, callerUserId: 0, callingMethodInfo: com.samsung.android.game.IGameManagerService$Stub.onTransact(IGameManagerService.java:233)
09-13 22:03:13.658  1203  4221 D SGM:PkgDataHelper: getGamePkgData(). com.sec.android.app.launcher
09-13 22:03:13.659 13561 13609 I WindowsLink: (TaskInfoManager) +++++++++++onRecentTaskStackUpdated
09-13 22:03:13.660  4074  4335 D KnoxHelper: getActivityList callingUserId: 0, target user: 0
09-13 22:03:13.664  2236  2441 I Launcher.NotificationListener: notificationIsValidForUI : com.google.android.gm missingTitleAndText : false isGroupHeader : true
09-13 22:03:13.664  2236  2441 I Launcher.NotificationListener: notificationIsValidForUI : com.google.android.gm missingTitleAndText : false isGroupHeader : false
09-13 22:03:13.664  2236  2441 I Launcher.NotificationListener: notificationIsValidForUI : com.prosegur.alarmas missingTitleAndText : true isGroupHeader : true
09-13 22:03:13.664  2236  2441 I Launcher.NotificationListener: notificationIsValidForUI : com.prosegur.alarmas missingTitleAndText : false isGroupHeader : false
09-13 22:03:13.664  2236  2441 I Launcher.NotificationListener: notificationIsValidForUI : com.prosegur.alarmas missingTitleAndText : false isGroupHeader : false
09-13 22:03:13.664  2236  2441 I Launcher.NotificationListener: notificationIsValidForUI : com.prosegur.alarmas missingTitleAndText : false isGroupHeader : false
09-13 22:03:13.664  2236  2441 I Launcher.NotificationListener: notificationIsValidForUI : com.prosegur.alarmas missingTitleAndText : false isGroupHeader : false
09-13 22:03:13.664  2236  2441 I Launcher.NotificationListener: notificationIsValidForUI : ai.perplexity.app.android missingTitleAndText : false isGroupHeader : false
09-13 22:03:13.664  2236  2441 I Launcher.NotificationListener: notificationIsValidForUI : com.samsung.android.lool missingTitleAndText : false isGroupHeader : false
09-13 22:03:13.664  2236  2441 I Launcher.NotificationListener: notificationIsValidForUI : com.google.android.gm missingTitleAndText : false isGroupHeader : true
09-13 22:03:13.664  2236  2441 I Launcher.NotificationListener: notificationIsValidForUI : com.google.android.gm missingTitleAndText : false isGroupHeader : false
09-13 22:03:13.664  2236  2441 I Launcher.NotificationListener: notificationIsValidForUI : com.google.android.gm missingTitleAndText : false isGroupHeader : false
09-13 22:03:13.664  2236  2441 I Launcher.NotificationListener: notificationIsValidForUI : com.google.android.gm missingTitleAndText : false isGroupHeader : false
09-13 22:03:13.664  2236  2441 I Launcher.NotificationListener: notificationIsValidForUI : com.google.android.gm missingTitleAndText : false isGroupHeader : true
09-13 22:03:13.664  2236  2441 I Launcher.NotificationListener: notificationIsValidForUI : com.google.android.gm missingTitleAndText : false isGroupHeader : false
09-13 22:03:13.664  2236  2441 I Launcher.NotificationListener: notificationIsValidForUI : com.google.android.gm missingTitleAndText : false isGroupHeader : false
09-13 22:03:13.664  2236  2441 I Launcher.NotificationListener: notificationIsValidForUI : com.whatsapp missingTitleAndText : false isGroupHeader : true
09-13 22:03:13.664  2236  2441 I Launcher.NotificationListener: notificationIsValidForUI : com.whatsapp missingTitleAndText : false isGroupHeader : false
09-13 22:03:13.664  2236  2441 I Launcher.NotificationListener: notificationIsValidForUI : com.microsoft.appmanager missingTitleAndText : false isGroupHeader : false
09-13 22:03:13.664  2236  2441 I Launcher.NotificationListener: Full refresh isConnected : true active size : 14
09-13 22:03:13.666  2236  2236 I Launcher.AppsViewCellLayout: com.android.homescreen.apptray.AppsViewCellLayout{c6eef62 V.ED..... ........ 38,73-1042,2161}[a=1.0,v=0,sId=0] setAlpha : 1.0
09-13 22:03:13.667  2236  2236 I ViewRootImpl@d303222[LauncherActivity]: performTraversals params={(0,0)(fillxfill) sim={adjust=nothing forwardNavigation} layoutInDisplayCutoutMode=shortEdges ty=BASE_APPLICATION fmt=TRANSPARENT wanim=0x10302f4
09-13 22:03:13.667  2236  2236 I ViewRootImpl@d303222[LauncherActivity]:   fl=81910100
09-13 22:03:13.667  2236  2236 I ViewRootImpl@d303222[LauncherActivity]:   pfl=1e020040
09-13 22:03:13.667  2236  2236 I ViewRootImpl@d303222[LauncherActivity]:   vsysui=1700
09-13 22:03:13.667  2236  2236 I ViewRootImpl@d303222[LauncherActivity]:   bhv=SHOW_TRANSIENT_BARS_BY_SWIPE
09-13 22:03:13.667  2236  2236 I ViewRootImpl@d303222[LauncherActivity]:   fitSides= screenDimDuration=200000 naviIconColor=0}
09-13 22:03:13.668  2236  2236 I ViewRootImpl@d303222[LauncherActivity]: performTraversals mFirst=false windowShouldResize=false viewVisibilityChanged=false mForceNextWindowRelayout=false params={(0,0)(fillxfill) sim={adjust=nothing forwardNavigation} layoutInDisplayCutoutMode=shortEdges ty=BASE_APPLICATION fmt=TRANSPARENT wanim=0x10302f4
09-13 22:03:13.668  2236  2236 I ViewRootImpl@d303222[LauncherActivity]:   fl=81910100
09-13 22:03:13.668  2236  2236 I ViewRootImpl@d303222[LauncherActivity]:   pfl=1e020040
09-13 22:03:13.668  2236  2236 I ViewRootImpl@d303222[LauncherActivity]:   vsysui=1700
09-13 22:03:13.668  2236  2236 I ViewRootImpl@d303222[LauncherActivity]:   bhv=SHOW_TRANSIENT_BARS_BY_SWIPE
09-13 22:03:13.668  2236  2236 I ViewRootImpl@d303222[LauncherActivity]:   fitSides= screenDimDuration=200000 naviIconColor=0}
09-13 22:03:13.668  1203  2216 V WindowManager: Relayout Window{cb0180e u0 com.sec.android.app.launcher/com.sec.android.app.launcher.activities.LauncherActivity}: viewVisibility=0 req=1080x2400 d0
09-13 22:03:13.669  1203  2216 V WindowManager: Relayout hash=cb0180e, pid=2236, syncId=-1: mAttrs={(0,0)(fillxfill) sim={adjust=nothing forwardNavigation} layoutInDisplayCutoutMode=shortEdges ty=BASE_APPLICATION fmt=TRANSPARENT wanim=0x10302f4
09-13 22:03:13.669  1203  2216 V WindowManager:   fl=81910100
09-13 22:03:13.669  1203  2216 V WindowManager:   pfl=1e020040
09-13 22:03:13.669  1203  2216 V WindowManager:   vsysui=1700
09-13 22:03:13.669  1203  2216 V WindowManager:   bhv=SHOW_TRANSIENT_BARS_BY_SWIPE
09-13 22:03:13.669  1203  2216 V WindowManager:   fitSides= screenDimDuration=200000 naviIconColor=0}
09-13 22:03:13.670  2236  2236 I ViewRootImpl@d303222[LauncherActivity]: updateBlastSurfaceIfNeeded mBlastBufferQueue=0x73e2e91250 isSameSurfaceControl=true
09-13 22:03:13.670   875  2652 D NativeSemDvfsManager: acquire:: timeout = 2000 mIsAcquired = 1  mTagName : SurfaceFlinger 
09-13 22:03:13.670  2236  2236 I BLASTBufferQueue: update, w= 1080 h= 2400 mName = ViewRootImpl@d303222[LauncherActivity] mNativeObject= 0x73e2e91250 sc.mNativeObject= 0x7372f2fba0 format= -2 caller= android.view.ViewRootImpl.updateBlastSurfaceIfNeeded:2898 android.view.ViewRootImpl.relayoutWindow:9847 android.view.ViewRootImpl.performTraversals:3884 android.view.ViewRootImpl.doTraversal:3116 android.view.ViewRootImpl$TraversalRunnable.run:10885 android.view.Choreographer$CallbackRecord.run:1301 
09-13 22:03:13.670   875  2652 E NativeCustomFrequencyManager: [NativeCFMS] BpCustomFrequencyManager::acquire()
09-13 22:03:13.671   797   883 I HYPER-HAL: [RequestManager.cpp]acquire(): Acquired ID : 1759750  [875 / 1000]    HINT : SF_GPU_MINLOCK    list : [TIMEOUT / 2000] 
09-13 22:03:13.676  2236  2236 I ViewRootImpl@d303222[LauncherActivity]: Relayout returned: old=(0,0,1080,2400) new=(0,0,1080,2400) req=(1080,2400)0 dur=2 res=0x0 s={true 0x7472f39dc0} ch=false seqId=0
09-13 22:03:13.676  2236  2236 I PopupDataProvider: onNotificationFullRefresh prev dotInfoSize : 6
09-13 22:03:13.676  2236  2236 I PopupDataProvider: refresh badge  package : com.whatsapp count : 5
09-13 22:03:13.676  2236  2236 I PopupDataProvider: refresh badge  package : com.microsoft.appmanager count : 1
09-13 22:03:13.676  2236  2236 I PopupDataProvider: refresh badge  package : com.google.android.gm count : 6
09-13 22:03:13.676  2236  2236 I PopupDataProvider: refresh badge  package : ai.perplexity.app.android count : 1
09-13 22:03:13.676  2236  2236 I PopupDataProvider: refresh badge  package : com.samsung.android.lool count : 1
09-13 22:03:13.676  2236  2236 I PopupDataProvider: refresh badge  package : com.prosegur.alarmas count : 4
09-13 22:03:13.676  2236  2236 I IconView: applyDotState itemInfo : Alarmas display : 100 count : 4
09-13 22:03:13.677  2236  2236 I IconView: applyDotState itemInfo : WhatsApp display : 100 count : 5
09-13 22:03:13.677  2236  2236 I IconView: applyDotState itemInfo : Gmail display : 101 count : 6
09-13 22:03:13.677  2236  2236 I IconView: applyDotState itemInfo : Alarmas display : 1 count : 4
09-13 22:03:13.677  2236  2236 I IconView: applyDotState itemInfo : Perplexity display : 1 count : 1
09-13 22:03:13.677  2236  2236 I IconView: applyDotState itemInfo : WhatsApp display : 1 count : 5
09-13 22:03:13.682   875   875 D SurfaceFlinger: GPIS:: requestGPIS
09-13 22:03:13.682  2236  2236 I Launcher.AppsViewCellLayout: com.android.homescreen.apptray.AppsViewCellLayout{c6eef62 V.ED..... .......D 38,73-1042,2161}[a=1.0,v=0,sId=0] setAlpha : 1.0
09-13 22:03:13.686 20478 20478 I ViewRootImpl@e77e04d[AppErrorDialogActivity]: stopped(true) old = false
09-13 22:03:13.686 20478 20478 I ViewRootImpl@e77e04d[AppErrorDialogActivity]: WindowStopped on com.samsung.android.lool/com.samsung.android.sm.iafd.dialog.AppErrorDialogActivity set to true
09-13 22:03:13.688  1203  1286 W ProcessStats: Tracking association SourceState{ad216b4 com.microsoft.appmanager/10148 BTopFgs #74841} whose proc state 2 is better than process ProcessState{4d43611 com.samsung.android.mdx/10093 pkg=com.samsung.android.mdx} proc state 3 (33 skipped)
09-13 22:03:13.688  1203  1299 W libprocessgroup: Failed to open /dev/blkio//cgroup.procs: No such file or directory
09-13 22:03:13.689  1203  1299 W libprocessgroup: Failed to open /dev/blkio//cgroup.procs: No such file or directory
09-13 22:03:13.690  1203  1286 I ActivityManager: Killing 24552:com.google.android.apps.carrier.carrierwifi/u0a329 (adj 999): empty #33
09-13 22:03:13.690  1203  1286 I ActivityManager: Killing 24599:com.google.android.documentsui/u0a82 (adj 999): empty #34
09-13 22:03:13.690  1203  2725 D FreecessController: UFZ : com.google.android.documentsui(24599)
09-13 22:03:13.691  1203  2758 W LocationManagerService: onFreezeStateChanged, uid[10082]=false
09-13 22:03:13.691  1203  2725 D FreecessController: UFZ : com.google.android.documentsui(0), reason: Signal
09-13 22:03:13.691  1203  1286 I ActivityManager: Killing 24572:com.sec.android.provider.badge/u150a58 (adj 999): empty #35
09-13 22:03:13.692  1203  2725 D FreecessController: com.google.android.documentsui(state: Initial -> Freezeable, Reason: Signal)
09-13 22:03:13.692  1203  2758 I PowerManagerService: [PWL] SetWakeLockEnableDisable uid = 10082 , disable= false
09-13 22:03:13.692  1203  2758 I PowerManagerService: [PWL] can not change uid =  10082
09-13 22:03:13.695  1203  1295 I libprocessgroup: Successfully killed process cgroup uid 10329 pid 24552 in 5ms
09-13 22:03:13.699  2236  2236 I Launcher.AppsViewCellLayout: com.android.homescreen.apptray.AppsViewCellLayout{c6eef62 V.ED..... ........ 38,73-1042,2161}[a=1.0,v=0,sId=0] setAlpha : 1.0
09-13 22:03:13.707 20478 20478 I MSHandlerLifeCycle: removeMultiSplitHandler: no exist. decor=DecorView@2b2f287[AppErrorDialogActivity]
09-13 22:03:13.708 20478 20478 E Dc.AppErrorDialogActivity: onDestroy 
09-13 22:03:13.708 20478 20478 E Dc.AppErrorDialogActivity: java.lang.IllegalArgumentException: Receiver not registered: af.f@76fd395
09-13 22:03:13.708 20478 20478 E Dc.AppErrorDialogActivity: 	at android.app.LoadedApk.forgetReceiverDispatcher(LoadedApk.java:1770)
09-13 22:03:13.708 20478 20478 E Dc.AppErrorDialogActivity: 	at android.app.ContextImpl.unregisterReceiver(ContextImpl.java:1899)
09-13 22:03:13.708 20478 20478 E Dc.AppErrorDialogActivity: 	at android.content.ContextWrapper.unregisterReceiver(ContextWrapper.java:829)
09-13 22:03:13.708 20478 20478 E Dc.AppErrorDialogActivity: 	at android.content.ContextWrapper.unregisterReceiver(ContextWrapper.java:829)
09-13 22:03:13.708 20478 20478 E Dc.AppErrorDialogActivity: 	at com.samsung.android.sm.iafd.dialog.AppErrorDialogActivity.onDestroy(Unknown Source:5)
09-13 22:03:13.708 20478 20478 E Dc.AppErrorDialogActivity: 	at android.app.Activity.performDestroy(Activity.java:8864)
09-13 22:03:13.708 20478 20478 E Dc.AppErrorDialogActivity: 	at android.app.Instrumentation.callActivityOnDestroy(Instrumentation.java:1419)
09-13 22:03:13.708 20478 20478 E Dc.AppErrorDialogActivity: 	at android.app.ActivityThread.performDestroyActivity(ActivityThread.java:6067)
09-13 22:03:13.708 20478 20478 E Dc.AppErrorDialogActivity: 	at android.app.ActivityThread.handleDestroyActivity(ActivityThread.java:6113)
09-13 22:03:13.708 20478 20478 E Dc.AppErrorDialogActivity: 	at android.app.servertransaction.DestroyActivityItem.execute(DestroyActivityItem.java:47)
09-13 22:03:13.708 20478 20478 E Dc.AppErrorDialogActivity: 	at android.app.servertransaction.ActivityTransactionItem.execute(ActivityTransactionItem.java:45)
09-13 22:03:13.708 20478 20478 E Dc.AppErrorDialogActivity: 	at android.app.servertransaction.TransactionExecutor.executeLifecycleState(TransactionExecutor.java:176)
09-13 22:03:13.708 20478 20478 E Dc.AppErrorDialogActivity: 	at android.app.servertransaction.TransactionExecutor.execute(TransactionExecutor.java:97)
09-13 22:03:13.708 20478 20478 E Dc.AppErrorDialogActivity: 	at android.app.ActivityThread$H.handleMessage(ActivityThread.java:2574)
09-13 22:03:13.708 20478 20478 E Dc.AppErrorDialogActivity: 	at android.os.Handler.dispatchMessage(Handler.java:106)
09-13 22:03:13.708 20478 20478 E Dc.AppErrorDialogActivity: 	at android.os.Looper.loopOnce(Looper.java:226)
09-13 22:03:13.708 20478 20478 E Dc.AppErrorDialogActivity: 	at android.os.Looper.loop(Looper.java:313)
09-13 22:03:13.708 20478 20478 E Dc.AppErrorDialogActivity: 	at android.app.ActivityThread.main(ActivityThread.java:8762)
09-13 22:03:13.708 20478 20478 E Dc.AppErrorDialogActivity: 	at java.lang.reflect.Method.invoke(Native Method)
09-13 22:03:13.708 20478 20478 E Dc.AppErrorDialogActivity: 	at com.android.internal.os.RuntimeInit$MethodAndArgsCaller.run(RuntimeInit.java:604)
09-13 22:03:13.708 20478 20478 E Dc.AppErrorDialogActivity: 	at com.android.internal.os.ZygoteInit.main(ZygoteInit.java:1067)
09-13 22:03:13.709  1203  2216 D CoreBackPreview: Window{fffd667 u0 com.samsung.android.lool/com.samsung.android.sm.iafd.dialog.AppErrorDialogActivity}: Setting back callback null
09-13 22:03:13.709 20478 20478 I MSHandlerLifeCycle: removeMultiSplitHandler: no exist. decor=DecorView@2b2f287[AppErrorDialogActivity]
09-13 22:03:13.712 20478 20478 I ViewRootImpl@e77e04d[AppErrorDialogActivity]: dispatchDetachedFromWindow
09-13 22:03:13.712  1203  2216 D InputTransport: Input channel destroyed: 'fffd667', fd=1187
09-13 22:03:13.712  1203  2216 W InputManager-JNI: Input channel object 'fffd667 com.samsung.android.lool/com.samsung.android.sm.iafd.dialog.AppErrorDialogActivity (client)' was disposed without first being removed with the input manager!
09-13 22:03:13.712  1203  2216 D InputTransport: Input channel destroyed: 'fffd667', fd=1195
09-13 22:03:13.712  1203  2216 V WindowManager: Remove Window{fffd667 u0 com.samsung.android.lool/com.samsung.android.sm.iafd.dialog.AppErrorDialogActivity}: mSurfaceController=Surface(name=com.samsung.android.lool/com.samsung.android.sm.iafd.dialog.AppErrorDialogActivity$_20478)/@0x9efd3c6 mAnimatingExit=false mRemoveOnExit=false mHasSurface=true surfaceShowing=true animating=true app-animation=true mWillReplaceWindow=false mDisplayFrozen=false callers=com.android.server.wm.WindowState.removeIfPossible:3041 com.android.server.wm.WindowManagerService.removeWindow:2289 com.android.server.wm.Session.remove:236 android.view.IWindowSession$Stub.onTransact:743 com.android.server.wm.Session.onTransact:188 android.os.Binder.execTransactInternal:1316 
09-13 22:03:13.712  1203  2216 I WindowManager: Reparenting to leash, surface=Surface(name=fffd667 com.samsung.android.lool/com.samsung.android.sm.iafd.dialog.AppErrorDialogActivity)/@0xec7af87, leashParent=Surface(name=ActivityRecord{42b51f0 u0 com.samsung.android.lool/com.samsung.android.sm.iafd.dialog.AppErrorDialogActivity} t3136})/@0x9c6628
09-13 22:03:13.713   875  1030 I SurfaceFlinger: id=1711 createSurf flag=24000, Surface(name=fffd667 com.samsung.android.lool/com.samsung.android.sm.iafd.dialog.AppErrorDialogActivity)/@0xec7af87 - animation-leash of window_animation#1711
09-13 22:03:13.713  1203  2216 D WindowManager: makeSurface duration=1 leash=Surface(name=Surface(name=fffd667 com.samsung.android.lool/com.samsung.android.sm.iafd.dialog.AppErrorDialogActivity)/@0xec7af87 - animation-leash of window_animation)/@0xbeb0eb4
09-13 22:03:13.713  1203  2216 V WindowManager: removeIfPossible 2, Window{fffd667 u0 com.samsung.android.lool/com.samsung.android.sm.iafd.dialog.AppErrorDialogActivity}: mAnimatingExit=true caller=com.android.server.wm.WindowState.removeIfPossible:3041 com.android.server.wm.WindowManagerService.removeWindow:2289 com.android.server.wm.Session.remove:236 android.view.IWindowSession$Stub.onTransact:743 com.android.server.wm.Session.onTransact:188 
09-13 22:03:13.715  2236  2236 I Launcher.AppsViewCellLayout: com.android.homescreen.apptray.AppsViewCellLayout{c6eef62 V.ED..... ........ 38,73-1042,2161}[a=1.0,v=0,sId=0] setAlpha : 1.0
09-13 22:03:13.717 20478 20478 W SmApplication: onTrimMemory : 20
09-13 22:03:13.717 20478 20478 I DC.AppIconCache: clear icon cache
09-13 22:03:13.720   875   875 D SurfaceFlinger: Display 4633128672291735937 HWC layers:
09-13 22:03:13.720   875   875 D SurfaceFlinger:      CLIENT | 0x7b1641be30 | 0100 | RGBx_8888    |  660.0    0.0 1740.0 2400.0 |    0    0 1080 2400 | Wallpaper BBQ wrapper#84
09-13 22:03:13.720   875   875 D SurfaceFlinger:      CLIENT | 0x7b1645bbb0 | 0100 | RGBA_8888    |    0.0    0.0 1080.0 2400.0 |    0    0 1080 2400 | com.sec.android.app.launcher/com.sec[...]herActivity$_2236#1637 (blurRegions)
09-13 22:03:13.720   875   875 D SurfaceFlinger:  SOLID_COLOR |              | 0000 |  Unknown  |    0.0    0.0    0.0    0.0 |    0    0 1080 2400 | Dim Layer for - WindowedMagnification:0:31#1700
09-13 22:03:13.720   875   875 D SurfaceFlinger:      DEVICE | 0x7b1642f5d0 | 0100 | RGBA_8888    |    0.0    0.0 1080.0   73.0 |    0    0 1080   73 | StatusBar$_1721#81
09-13 22:03:13.720   875   875 D SurfaceFlinger:      DEVICE | 0x7b1646be70 | 0100 | RGBA_8888    |    0.0    0.0   67.0  411.0 |    0  619   67 1030 | com.samsung.android.app.cocktailbars[...]ervice.CocktailBarService$_4350#1585
09-13 22:03:13.720   875   875 D SurfaceFlinger:      DEVICE | 0x7b1644f370 | 0100 | RGBA_8888    |    0.0    0.0 1080.0  135.0 |    0 2265 1080 2400 | NavigationBar0$_1721#76
09-13 22:03:13.720   875   875 D SurfaceFlinger: 
09-13 22:03:13.723  2236  2453 I RecentModel: onTaskStackChangedBackground
09-13 22:03:13.726  2236  2439 I RecentTasksList: loadTasksInBackground : groupTask = GroupTask{task1=[id=3098 windowingMode=1 user=0 lastActiveTime=26050952] null, task2=null, task3=null, mStagedSplitBounds=null}
09-13 22:03:13.726  2236  2439 I RecentTasksList: loadTasksInBackground : groupTask = GroupTask{task1=[id=3118 windowingMode=1 user=0 lastActiveTime=28315192] null, task2=null, task3=null, mStagedSplitBounds=null}
09-13 22:03:13.726  2236  2439 I RecentTasksList: loadTasksInBackground : groupTask = GroupTask{task1=[id=3135 windowingMode=1 user=0 lastActiveTime=32972851] null, task2=null, task3=null, mStagedSplitBounds=null}
09-13 22:03:13.731   764   764 I Zygote  : Process 24572 exited due to signal 9 (Killed)
09-13 22:03:13.731   781   988 D gralloc : [mali_gralloc_allocate] begin
09-13 22:03:13.731   781   988 D gralloc : buffer_descriptor: wh(540 1200) usage_pc(0x100 0x100) hal_format(0x1) layer_count(1) sizes(0 0 0) strde(0) byte_stride(0) alloc_wh(0 0) internal_format(0x0) alloc_format(0x0) fd_count(1) plane_count(0)
09-13 22:03:13.732   781   988 D gralloc : [mali_gralloc_allocate] allocation successful
09-13 22:03:13.732  2236  2236 I Launcher.AppsViewCellLayout: com.android.homescreen.apptray.AppsViewCellLayout{c6eef62 V.ED..... ........ 38,73-1042,2161}[a=1.0,v=0,sId=0] setAlpha : 1.0
09-13 22:03:13.732  1203  1287 I WindowManager: Reparenting to original parent: Surface(name=DefaultTaskDisplayArea)/@0xf22e078, destroy=true, surface=Surface(name=Task=3136)/@0x428f916
09-13 22:03:13.733  1203  1287 V WindowManager: Setting visibility of Window{e238887 u0 com.samsung.android.lool/com.samsung.android.sm.iafd.dialog.AppErrorDialogActivity EXITING}: false, caller=com.android.server.wm.WindowContainer.sendAppVisibilityToClients:1246 com.android.server.wm.WindowToken.setClientVisible:431 com.android.server.wm.ActivityRecord.setClientVisible:7691 com.android.server.wm.ActivityRecord.onAnimationFinished:8590 com.android.server.wm.WindowContainer.doAnimationFinished:3483 
09-13 22:03:13.733  1203  1287 V WindowManager: Setting visibility of Window{fffd667 u0 com.samsung.android.lool/com.samsung.android.sm.iafd.dialog.AppErrorDialogActivity EXITING}: false, caller=com.android.server.wm.WindowContainer.sendAppVisibilityToClients:1246 com.android.server.wm.WindowToken.setClientVisible:431 com.android.server.wm.ActivityRecord.setClientVisible:7691 com.android.server.wm.ActivityRecord.onAnimationFinished:8590 com.android.server.wm.WindowContainer.doAnimationFinished:3483 
09-13 22:03:13.734 20478 20478 I ViewRootImpl@a6b5920[AppErrorDialogActivity]: handleAppVisibility mAppVisible = true visible = false
