09-13 22:37:46.358  2051  2051 D InsetsSourceConsumer: setRequestedVisible: visible=true, type=1, host=org.cosmosmataro.skymap/com.google.android.stardroid.activities.DynamicStarMapActivity, from=android.view.InsetsSourceConsumer.show:250 android.view.InsetsController.collectSourceControls:1303 android.view.InsetsController.controlAnimationUnchecked:1164 android.view.InsetsController.applyAnimation:1576 android.view.InsetsController.applyAnimation:1557 android.view.InsetsController.show:1063 android.view.InsetsController.show:1004 android.view.ViewRootImpl.controlInsetsForCompatibility:3342 android.view.ViewRootImpl.performTraversals:3833 android.view.ViewRootImpl.doTraversal:3116 
09-13 22:37:46.359  1203  1948 I WindowManager: Cancelling animation restarting=true, leash=Surface(name=Surface(name=60c90e4 NavigationBar0)/@0xa45fab7 - animation-leash of insets_animation)/@0xa12c912
09-13 22:37:46.359  1203  1948 I WindowManager: Reparenting to original parent: Surface(name=WindowToken{5321c77 type=2019 android.os.BinderProxy@470fd11})/@0x2b9b224, destroy=false, surface=Surface(name=60c90e4 NavigationBar0)/@0xa45fab7
09-13 22:37:46.359  2051  2051 I ViewRootImpl@42381[DynamicStarMapActivity]: performTraversals mFirst=false windowShouldResize=false viewVisibilityChanged=false mForceNextWindowRelayout=false params={(0,0)(fillxfill) sim={adjust=pan} ty=BASE_APPLICATION fmt=TRANSLUCENT wanim=0x1030302
09-13 22:37:46.359  2051  2051 I ViewRootImpl@42381[DynamicStarMapActivity]:   fl=1810580
09-13 22:37:46.359  2051  2051 I ViewRootImpl@42381[DynamicStarMapActivity]:   pfl=12020040
09-13 22:37:46.359  2051  2051 I ViewRootImpl@42381[DynamicStarMapActivity]:   vsysui=600
09-13 22:37:46.359  2051  2051 I ViewRootImpl@42381[DynamicStarMapActivity]:   bhv=SHOW_TRANSIENT_BARS_BY_SWIPE
09-13 22:37:46.359  2051  2051 I ViewRootImpl@42381[DynamicStarMapActivity]:   fitSides= naviIconColor=0}
09-13 22:37:46.359  1203  1948 I WindowManager: Reparenting to leash, surface=Surface(name=60c90e4 NavigationBar0)/@0xa45fab7, leashParent=Surface(name=WindowToken{5321c77 type=2019 android.os.BinderProxy@470fd11})/@0x2b9b224
09-13 22:37:46.360   875   916 I SurfaceFlinger: id=2042 createSurf flag=24000, Surface(name=60c90e4 NavigationBar0)/@0xa45fab7 - animation-leash of insets_animation#2042
09-13 22:37:46.360  1721  1721 V Navbar.Store: handleEvent(0) OnNavBarTransitionModeChanged(transitionMode=6) [Module] NavigationBar
09-13 22:37:46.360  1721  1721 V Navbar.Store: --[Band]GESTURE_PACK_SHOW_FLOATING_GAMETOOLS_ICON
09-13 22:37:46.360  1203  1948 D WindowManager: makeSurface duration=0 leash=Surface(name=Surface(name=60c90e4 NavigationBar0)/@0xa45fab7 - animation-leash of insets_animation)/@0x703903f
09-13 22:37:46.360  1721  1721 D BarTransitions.SamsungNavigationBarView: MODE_SEMI_TRANSPARENT -> MODE_LIGHTS_OUT_TRANSPARENT animate=false
09-13 22:37:46.360  1203  1808 V WindowManager: Relayout Window{c9ae5b7 u0 org.cosmosmataro.skymap/com.google.android.stardroid.activities.DynamicStarMapActivity}: viewVisibility=0 req=1080x2327 d0
09-13 22:37:46.361  1203  1808 D ImmersiveModeConfirmation: immersiveModeChanged() HIDE
09-13 22:37:46.361  1203  1284 D ImmersiveModeConfirmation: handleHide() mClingWindow=null
09-13 22:37:46.361  1203  1808 D WindowManager: updateSystemBarAttributes: displayId=0, win=Window{c9ae5b7 u0 org.cosmosmataro.skymap/com.google.android.stardroid.activities.DynamicStarMapActivity}, navColorWin=Window{c9ae5b7 u0 org.cosmosmataro.skymap/com.google.android.stardroid.activities.DynamicStarMapActivity}, focusedCanBeNavColorWin=false, behavior=2, appearance=0, statusBarAppearanceRegions=[], requestedVisibilities=ITYPE_STATUS_BAR: invisible, ITYPE_NAVIGATION_BAR: visible, ITYPE_CLIMATE_BAR: invisible, ITYPE_EXTRA_NAVIGATION_BAR: visible, ITYPE_LOCAL_NAVIGATION_BAR_1: visible, ITYPE_LOCAL_NAVIGATION_BAR_2: visible, from=com.android.server.wm.DisplayPolicy.finishPostLayoutPolicyLw:2527 com.android.server.wm.DisplayContent.applySurfaceChangesTransaction:5713 com.android.server.wm.RootWindowContainer.applySurfaceChangesTransaction:1234 
09-13 22:37:46.361  1203  2648 I SystemUiVisibilityPolicyController: handleMessage: entry what = 1
09-13 22:37:46.361  4350  4350 I TrayStateController: systemUiVisibilityChanged : 2 0
09-13 22:37:46.363  1203  1808 V WindowManager: Relayout hash=c9ae5b7, pid=2051, syncId=-1: mAttrs={(0,0)(fillxfill) sim={adjust=pan} ty=BASE_APPLICATION fmt=TRANSLUCENT wanim=0x1030302
09-13 22:37:46.363  1203  1808 V WindowManager:   fl=1810580
09-13 22:37:46.363  1203  1808 V WindowManager:   pfl=12020040
09-13 22:37:46.363  1203  1808 V WindowManager:   vsysui=600
09-13 22:37:46.363  1203  1808 V WindowManager:   bhv=SHOW_TRANSIENT_BARS_BY_SWIPE
09-13 22:37:46.363  1203  1808 V WindowManager:   fitSides= naviIconColor=0}
09-13 22:37:46.365  2051  2051 D InsetsController: onStateChanged: InsetsState: {mDisplayFrame=Rect(0, 0 - 1080, 2400), mDisplayCutout=DisplayCutout{insets=Rect(0, 73 - 0, 0) waterfall=Insets{left=0, top=0, right=0, bottom=0} boundingRect={Bounds=[Rect(0, 0 - 0, 0), Rect(692, 0 - 748, 73), Rect(0, 0 - 0, 0), Rect(0, 0 - 0, 0)]} cutoutPathParserInfo={CutoutPathParserInfo{displayWidth=1080 displayHeight=2400 physicalDisplayWidth=1440 physicalDisplayHeight=3200 density={2.8125} cutoutSpec={M 0,0 H -9.866666666666667 V 25.86666666666667 H 9.866666666666667 V 0 H 0 Z @dp} rotation={0} scale={1.0} physicalPixelDisplaySizeRatio={1.0}}}}, mRoundedCorners=RoundedCorners{[RoundedCorner{position=TopLeft, radius=68, center=Point(68, 68)}, RoundedCorner{position=TopRight, radius=68, center=Point(1012, 68)}, RoundedCorner{position=BottomRight, radius=68, center=Point(1012, 2332)}, RoundedCorner{position=BottomLeft, radius=68, center=Point(68, 2332)}]}  mRoundedCornerFrame=Rect(0, 0 - 1080, 2400), mPrivacyIndicatorBounds=PrivacyIndicatorBounds {static bounds=Rect(956, 0 - 1080, 73) rotation=0}, mSources= { InsetsSource: {mType=ITYPE_STATUS_BAR, mFrame=[0,0][1080,73], mVisible=false, mInsetsRoundedCornerFrame=false}, InsetsSource: {mType=ITYPE_NAVIGATION_BAR, mFrame=[0,2265][1080,2400], mVisible=true, mInsetsRoundedCornerFrame=false}, InsetsSource: {mType=ITYPE_LEFT_GESTURES, mFrame=[0,0][0,2400], mVisible=true, mInsetsRoundedCornerFrame=false}, InsetsSource: {mType=ITYPE_RIGHT_GESTURES, mFrame=[1080,0][1080,2400], mVisible=true, mInsetsRoundedCornerFrame=false}, InsetsSource: {mType=ITYPE_TOP_MANDATORY_GESTURES, mFrame=[0,0][1080,107], mVisible=true, mInsetsRoundedCornerFrame=false}, InsetsSource: {mType=ITYPE_BOTTOM_MANDATORY_GESTURES, mFrame=[0,2265][1080,2400], mVisible=true, mInsetsRoundedCornerFrame=false}, InsetsSource: {mType=ITYPE_LEFT_DISPLAY_CUTOUT, mFrame=[0,0][-100000,2400], mVisible=true, mInsetsRoundedCornerFrame=false}, InsetsSource: {mType=ITYPE_TOP_DISPLAY_CUTOUT, mFrame=[0,0][1080,73], mVisible=true, mInsetsRoundedCornerFrame=false}, InsetsSource: {mType=ITYPE_RIGHT_DISPLAY_CUTOUT, mFrame=[100000,0][1080,2400], mVisible=true, mInsetsRoundedCornerFrame=false}, InsetsSource: {mType=ITYPE_BOTTOM_DISPLAY_CUTOUT, mFrame=[0,100000][1080,2400], mVisible=true, mInsetsRoundedCornerFrame=false}, InsetsSource: {mType=ITYPE_TOP_TAPPABLE_ELEMENT, mFrame=[0,0][1080,73], mVisible=true, mInsetsRoundedCornerFrame=false}, InsetsSource: {mType=ITYPE_BOTTOM_TAPPABLE_ELEMENT, mFrame=[0,2265][1080,2400], mVisible=true, mInsetsRoundedCornerFrame=false}, InsetsSource: {mType=ITYPE_IME, mFrame=[0,0][0,0], mVisibleFrame=[0,1392][1080,2400], mVisible=false, mInsetsRoundedCornerFrame=false} } host=org.cosmosmataro.skymap/com.google.android.stardroid.activities.DynamicStarMapActivity from=android.view.ViewRootImpl.relayoutWindow:9802
09-13 22:37:46.366  2051  2051 D InsetsController: controlAnimationUnchecked: Added types=2 animType=0 host=org.cosmosmataro.skymap/com.google.android.stardroid.activities.DynamicStarMapActivity from=android.view.InsetsController.applyAnimation:1576 android.view.InsetsController.applyAnimation:1557 android.view.InsetsController.onControlsChanged:992 
09-13 22:37:46.366  2051  2051 I ViewRootImpl@42381[DynamicStarMapActivity]: updateBlastSurfaceIfNeeded mBlastBufferQueue=0x73e2e4b6b0 isSameSurfaceControl=true
09-13 22:37:46.366  2051  2051 I BLASTBufferQueue: update, w= 1080 h= 2327 mName = ViewRootImpl@42381[DynamicStarMapActivity] mNativeObject= 0x73e2e4b6b0 sc.mNativeObject= 0x7372eba350 format= -3 caller= android.view.ViewRootImpl.updateBlastSurfaceIfNeeded:2898 android.view.ViewRootImpl.relayoutWindow:9847 android.view.ViewRootImpl.performTraversals:3884 android.view.ViewRootImpl.doTraversal:3116 android.view.ViewRootImpl$TraversalRunnable.run:10885 android.view.Choreographer$CallbackRecord.run:1301 
09-13 22:37:46.366  2051  2051 I ViewRootImpl@42381[DynamicStarMapActivity]: Relayout returned: old=(0,73,1080,2400) new=(0,73,1080,2400) req=(1080,2327)0 dur=7 res=0x0 s={true 0x7472ec4c50} ch=false seqId=0
09-13 22:37:46.373  1721  1721 V Navbar.Store: --NavBarStates canUseNavBarBackgroundFrame: false
09-13 22:37:46.373   875   875 I Layer   : id=2040 removeFromCurrentState Surface(name=60c90e4 NavigationBar0)/@0xa45fab7 - animation-leash of insets_animation#2040 (134)
09-13 22:37:46.373   875   875 I SurfaceFlinger: id=2040 Removed Surface(name=60c90e4 NavigationBar0)/@0xa45fab7 - animation-leash of insets_animation#2040 (134)
09-13 22:37:46.373  1721  1721 D NavigationBar: onSystemBarAttributesChanged() -  displayId:0, appearance:0, packageName: org.cosmosmataro.skymap, navbarColorManagedByIme:false
09-13 22:37:46.373  1721  1721 V Navbar.Store: handleEvent(0) OnNavBarTransitionModeChanged(transitionMode=0) [Module] NavigationBar
09-13 22:37:46.373  1721  1721 V Navbar.Store: --[Band]GESTURE_PACK_SHOW_FLOATING_GAMETOOLS_ICON
09-13 22:37:46.373  1721  1721 D BarTransitions.SamsungNavigationBarView: MODE_LIGHTS_OUT_TRANSPARENT -> MODE_TRANSPARENT animate=false
09-13 22:37:46.373   875   875 I Layer   : id=2040 Destroyed Surface(name=60c90e4 NavigationBar0)/@0xa45fab7 - animation-leash of insets_animation#2040
09-13 22:37:46.377   875   875 D SurfaceFlinger: Display 4633128672291735937 HWC layers:
09-13 22:37:46.377   875   875 D SurfaceFlinger:  SOLID_COLOR |              | 0000 |  Unknown  |    0.0    0.0    0.0    0.0 |    0    0 1080   73 | Letterbox - top#1994
09-13 22:37:46.377   875   875 D SurfaceFlinger:      DEVICE | 0x7b16468630 | 0102 | RGBx_8888    |    0.0    0.0 1080.0 2327.0 |    0   73 1080 2400 | SurfaceView[org.cosmosmataro.skymap/[...]ynamicStarMapActivity]@0(BLAST)#1989
09-13 22:37:46.377   875   875 D SurfaceFlinger:      DEVICE | 0x7b1646b690 | 0100 | RGBA_8888    |    0.0 2192.0 1080.0 2327.0 |    0 2265 1080 2400 | org.cosmosmataro.skymap/com.google.a[...]es.DynamicStarMapActivity$_2051#1986
09-13 22:37:46.377   875   875 D SurfaceFlinger:      DEVICE | 0x7b164362f0 | 0100 | RGBA_8888    |    0.0    0.0 1080.0   73.0 |    0    0 1080   73 | StatusBar$_1721#81
09-13 22:37:46.377   875   875 D SurfaceFlinger:      DEVICE | 0x7b1643cef0 | 0100 | RGBA_8888    |    0.0    0.0   67.0  411.0 |    0  619   67 1030 | com.samsung.android.app.cocktailbars[...]ervice.CocktailBarService$_4350#2041
09-13 22:37:46.377   875   875 D SurfaceFlinger: 
09-13 22:37:46.412   875   875 D SurfaceFlinger: Display 4633128672291735937 HWC layers:
09-13 22:37:46.412   875   875 D SurfaceFlinger:  SOLID_COLOR |              | 0000 |  Unknown  |    0.0    0.0    0.0    0.0 |    0    0 1080   73 | Letterbox - top#1994
09-13 22:37:46.412   875   875 D SurfaceFlinger:      DEVICE | 0x7b1645f2d0 | 0102 | RGBx_8888    |    0.0    0.0 1080.0 2327.0 |    0   73 1080 2400 | SurfaceView[org.cosmosmataro.skymap/[...]ynamicStarMapActivity]@0(BLAST)#1989
09-13 22:37:46.412   875   875 D SurfaceFlinger:      DEVICE | 0x7b1646b690 | 0100 | RGBA_8888    |    0.0 2192.0 1080.0 2327.0 |    0 2265 1080 2400 | org.cosmosmataro.skymap/com.google.a[...]es.DynamicStarMapActivity$_2051#1986
09-13 22:37:46.412   875   875 D SurfaceFlinger:      DEVICE | 0x7b1645c5d0 | 0100 | RGBA_8888    |    0.0    0.0 1080.0   73.0 |    0    0 1080   73 | StatusBar$_1721#81
09-13 22:37:46.412   875   875 D SurfaceFlinger:      DEVICE | 0x7b1643cef0 | 0100 | RGBA_8888    |    0.0    0.0   67.0  411.0 |    0  619   67 1030 | com.samsung.android.app.cocktailbars[...]ervice.CocktailBarService$_4350#2041
09-13 22:37:46.412   875   875 D SurfaceFlinger:      DEVICE | 0x7b164655d0 | 0100 | RGBA_8888    |    0.0    0.0 1080.0    1.0 |    0 2399 1080 2400 | NavigationBar0$_1721#76
09-13 22:37:46.412   875   875 D SurfaceFlinger: 
09-13 22:37:46.496   797  2660 I HYPER-HAL: [ResourceManager.cpp]removeResource(): [CPUMinFreq] RemoveResource Request ID : 762026
09-13 22:37:46.496   797  2660 I HYPER-HAL: [RequestManager.cpp]releaseLocked(): Released ID : 762026
09-13 22:37:46.576  1203  1203 I GestureDetector: handleMessage TAP
09-13 22:37:46.577  2051  2051 I GestureDetector: handleMessage TAP
09-13 22:37:46.577  2051  2051 D Stardroid.GestureInterpreter: Confirmed single tap
09-13 22:37:46.577  1203  1284 I GestureDetector: handleMessage TAP
09-13 22:37:46.666  2051  2051 D InsetsController: cancelAnimation of types: 2, animType: 0, host: org.cosmosmataro.skymap/com.google.android.stardroid.activities.DynamicStarMapActivity, from:android.view.InsetsController.notifyFinished:1375 android.view.InsetsAnimationThreadControlRunner$1.lambda$notifyFinished$0$android-view-InsetsAnimationThreadControlRunner$1:84 android.view.InsetsAnimationThreadControlRunner$1$$ExternalSyntheticLambda1.run:4 
09-13 22:37:46.667  2051  2051 D InsetsSourceConsumer: ensureControlPosition: Point(0, 2265) for ITYPE_NAVIGATION_BAR on org.cosmosmataro.skymap/com.google.android.stardroid.activities.DynamicStarMapActivity from android.view.InsetsSourceConsumer.notifyAnimationFinished:419
09-13 22:37:46.673  2051  2190 I ViewRootImpl@42381[DynamicStarMapActivity]: mWNT: t=0x73a2e76e30 mBlastBufferQueue=0x73e2e4b6b0 fn= 45 caller= android.view.SyncRtSurfaceTransactionApplier.applyTransaction:96 android.view.SyncRtSurfaceTransactionApplier.lambda$scheduleApply$0$android-view-SyncRtSurfaceTransactionApplier:69 android.view.SyncRtSurfaceTransactionApplier$$ExternalSyntheticLambda0.onFrameDraw:4 
09-13 22:37:47.224  1721  1833 D MobileStatusTracker(0/4): onSignalStrengthsChanged level=1, vendorLevel=3
09-13 22:37:47.225  1721  1833 D MobileSignalController(0/4): notifyListener: enabled=true, connected=true, dataConnected=true, networkType=HSPA+ (H+), emergencyOnly=false, roaming=false, isDefault=false, dataActivity=, level=3, ca=false, mmWave=false, disabledDataIcon=false, simCard=ETC
09-13 22:37:47.225  1721  1833 D NetworkController: SignalStrength from intent slotId=0
09-13 22:37:47.392  1203  3220 D SemWifiUsabilityStatsMonitor: onWifiUsabilityStats - seqNum 925, isSameBssidAndFreq true
09-13 22:37:47.393  1203  1616 I SemWifiLinkQualityMonitor: Link Qos Query: 0,019 ms / 421,631 Mbps (585 / 0,005 / 1,000)
09-13 22:37:47.446  1203  1515 D InputReader: Btn_touch(2): value=1 when=24722.572440
09-13 22:37:47.446  1203  1515 I InputReader: Touch event's action is 0x0 (id=6, t=0) [pCnt=1, s=0.271 ] when=24722.572440
09-13 22:37:47.446  1203  1514 I InputDispatcher: Delivering touch to (1721): action: 0x4, f=0x0, d=0, '60c90e4', t=1 
09-13 22:37:47.446  1203  1514 I InputDispatcher: Delivering touch to (2051): action: 0x0, f=0x0, d=0, 'c9ae5b7', t=1 +(0,-72)*(0.75)
09-13 22:37:47.446  1203  1514 D PowerManagerService: [api] userActivityFromNative :  (event: 2 flags: 0 displayId: 0) eventTime = 24722572
09-13 22:37:47.447  1203  1284 I GestureDetector: obtain mCurrentDownEvent. id: 237522334 caller: com.android.server.wm.SystemGesturesPointerEventListener.onPointerEvent:203 com.android.server.wm.PointerEventDispatcher.onInputEvent:53 android.view.InputEventReceiver.dispatchInputEvent:285 
09-13 22:37:47.447  1203  1284 I GestureDetector: obtain mCurrentDownEvent. id: 237522334 caller: com.android.server.wm.SystemPerformancePointerEventListener.onPointerEvent:89 com.android.server.wm.PointerEventDispatcher.onInputEvent:53 android.view.InputEventReceiver.dispatchInputEvent:285 
09-13 22:37:47.447  2051  2051 I ViewRootImpl@42381[DynamicStarMapActivity]: ViewPostIme pointer 0
09-13 22:37:47.480  1203  1284 I GestureDetector: obtain mCurrentMotionEventRaw. action: 2 id: 890760618
09-13 22:37:47.480  1203  1284 I GestureDetector: obtain mCurrentMotionEventRaw. action: 2 id: 890760618
09-13 22:37:47.495  1203  1515 D InputReader: Btn_touch(2): value=0 when=24722.622107
09-13 22:37:47.495  1203  1515 I InputReader: Touch event's action is 0x1 (id=6, t=0) [pCnt=1, s=] when=24722.622107
09-13 22:37:47.495  1203  1514 I InputDispatcher: Delivering touch to (2051): action: 0x1, f=0x0, d=0, 'c9ae5b7', t=1 +(0,-72)*(0.75)
09-13 22:37:47.496  2051  2051 I ViewRootImpl@42381[DynamicStarMapActivity]: ViewPostIme pointer 1
09-13 22:37:47.497  2051  2051 D Stardroid.DynamicStarMapActivity: Search
09-13 22:37:47.501  2051  2051 I Dialog  : mIsDeviceDefault = false, mIsSamsungBasicInteraction = false, isMetaDataInActivity = false
09-13 22:37:47.511  2051  2051 I DecorView: [INFO] isPopOver=false config=false
09-13 22:37:47.511  2051  2051 I DecorView: updateCaptionType: isFloating=true isApplication=true hasWindowDecorCaption=false this=DecorView@7baf96e[]
09-13 22:37:47.511  2051  2051 D DecorView: setCaptionType = 0, this = DecorView@7baf96e[]
09-13 22:37:47.512  2051  2051 I DecorView: setWindowBackground: isPopOver=false color=0 d=android.graphics.drawable.ColorDrawable@d34909c
09-13 22:37:47.535  1203  1948 I InputMethodManagerService: isAccessoryKeyboard 0
09-13 22:37:47.536  1203  1948 I InputMethodManagerService: isAccessoryKeyboard 0
09-13 22:37:47.540  1203  1948 D CompatibilityChangeReporter: Compat change id reported: 161145287; UID 10505; state: DISABLED
09-13 22:37:47.543  2051  2176 D NativeCustomFrequencyManager: [NativeCFMS] BpCustomFrequencyManager::BpCustomFrequencyManager()
09-13 22:37:47.544  1203  1948 D CompatibilityChangeReporter: Compat change id reported: 168419799; UID 10505; state: DISABLED
09-13 22:37:47.545  1203  1948 D InputTransport: Input channel constructed: 'b8ea136', fd=885
09-13 22:37:47.545  1203  1948 D InputTransport: Input channel constructed: 'b8ea136', fd=991
09-13 22:37:47.545  1203  1948 D InputTransport: Input channel constructed: 'b8ea136', fd=994
09-13 22:37:47.545   875  1029 I SurfaceFlinger: id=2043 createSurf flag=80004, b8ea136 org.cosmosmataro.skymap/com.google.android.stardroid.activities.DynamicStarMapActivity#2043
09-13 22:37:47.546  1203  1948 V WindowManager: Changing focus from Window{c9ae5b7 u0 org.cosmosmataro.skymap/com.google.android.stardroid.activities.DynamicStarMapActivity} to Window{b8ea136 u0 org.cosmosmataro.skymap/com.google.android.stardroid.activities.DynamicStarMapActivity} displayId=0 Callers=com.android.server.wm.RootWindowContainer.updateFocusedWindowLocked:595 com.android.server.wm.WindowManagerService.updateFocusedWindowLocked:6810 com.android.server.wm.WindowManagerService.addWindow:2054 com.android.server.wm.Session.addToDisplayAsUser:222 
09-13 22:37:47.546  1203  1948 D MARsPolicyManager: onPackageResumedFG pkgName = org.cosmosmataro.skymap, userId = 0
09-13 22:37:47.546  1203  1948 I WindowManager: Cancelling animation restarting=true, leash=Surface(name=Surface(name=27a7298 StatusBar)/@0xca4a678 - animation-leash of insets_animation)/@0xbd8374
09-13 22:37:47.546  1203  1948 I WindowManager: Reparenting to original parent: Surface(name=WindowToken{dd0647b type=2000 android.os.BinderProxy@4365c75})/@0x5a3a151, destroy=false, surface=Surface(name=27a7298 StatusBar)/@0xca4a678
09-13 22:37:47.546  1203  1948 I WindowManager: Reparenting to leash, surface=Surface(name=27a7298 StatusBar)/@0xca4a678, leashParent=Surface(name=WindowToken{dd0647b type=2000 android.os.BinderProxy@4365c75})/@0x5a3a151
09-13 22:37:47.546  1721  1721 D BarTransitions.FrameLayout: MODE_SEMI_TRANSPARENT -> MODE_TRANSPARENT animate=true
09-13 22:37:47.546   875  1029 I SurfaceFlinger: id=2044 createSurf flag=24000, Surface(name=27a7298 StatusBar)/@0xca4a678 - animation-leash of insets_animation#2044
09-13 22:37:47.546  1203  1948 D WindowManager: makeSurface duration=1 leash=Surface(name=Surface(name=27a7298 StatusBar)/@0xca4a678 - animation-leash of insets_animation)/@0x89dcb0d
09-13 22:37:47.546  1203  1948 I WindowManager: Cancelling animation restarting=true, leash=Surface(name=Surface(name=60c90e4 NavigationBar0)/@0xa45fab7 - animation-leash of insets_animation)/@0x703903f
09-13 22:37:47.546  1203  1948 I WindowManager: Reparenting to original parent: Surface(name=WindowToken{5321c77 type=2019 android.os.BinderProxy@470fd11})/@0x2b9b224, destroy=false, surface=Surface(name=60c90e4 NavigationBar0)/@0xa45fab7
09-13 22:37:47.546  1203  1948 I WindowManager: Reparenting to leash, surface=Surface(name=60c90e4 NavigationBar0)/@0xa45fab7, leashParent=Surface(name=WindowToken{5321c77 type=2019 android.os.BinderProxy@470fd11})/@0x2b9b224
09-13 22:37:47.546   875  1029 I SurfaceFlinger: id=2045 createSurf flag=24000, Surface(name=60c90e4 NavigationBar0)/@0xa45fab7 - animation-leash of insets_animation#2045
09-13 22:37:47.546  1203  1948 D WindowManager: makeSurface duration=0 leash=Surface(name=Surface(name=60c90e4 NavigationBar0)/@0xa45fab7 - animation-leash of insets_animation)/@0xf430d3
09-13 22:37:47.547  1203  1948 D WindowManager: updateSystemBarAttributes: displayId=0, win=Window{b8ea136 u0 org.cosmosmataro.skymap/com.google.android.stardroid.activities.DynamicStarMapActivity}, navColorWin=Window{c9ae5b7 u0 org.cosmosmataro.skymap/com.google.android.stardroid.activities.DynamicStarMapActivity}, focusedCanBeNavColorWin=false, behavior=1, appearance=0, statusBarAppearanceRegions=[], requestedVisibilities=, from=com.android.server.wm.DisplayPolicy.focusChangedLw:3247 com.android.server.wm.DisplayContent.updateFocusedWindowLocked:4632 com.android.server.wm.RootWindowContainer.updateFocusedWindowLocked:595 
09-13 22:37:47.547  1203  1948 D StatusBarManagerService: notifyRequestedSystemKey recent=false home=false
09-13 22:37:47.547  1203  1948 D InputTransport: Input channel destroyed: 'b8ea136', fd=994
09-13 22:37:47.548  2051  2051 D InsetsController: onStateChanged: InsetsState: {mDisplayFrame=Rect(0, 0 - 1080, 2400), mDisplayCutout=DisplayCutout{insets=Rect(0, 73 - 0, 0) waterfall=Insets{left=0, top=0, right=0, bottom=0} boundingRect={Bounds=[Rect(0, 0 - 0, 0), Rect(692, 0 - 748, 73), Rect(0, 0 - 0, 0), Rect(0, 0 - 0, 0)]} cutoutPathParserInfo={CutoutPathParserInfo{displayWidth=1080 displayHeight=2400 physicalDisplayWidth=1440 physicalDisplayHeight=3200 density={2.8125} cutoutSpec={M 0,0 H -9.866666666666667 V 25.86666666666667 H 9.866666666666667 V 0 H 0 Z @dp} rotation={0} scale={1.0} physicalPixelDisplaySizeRatio={1.0}}}}, mRoundedCorners=RoundedCorners{[RoundedCorner{position=TopLeft, radius=68, center=Point(68, 68)}, RoundedCorner{position=TopRight, radius=68, center=Point(1012, 68)}, RoundedCorner{position=BottomRight, radius=68, center=Point(1012, 2332)}, RoundedCorner{position=BottomLeft, radius=68, center=Point(68, 2332)}]}  mRoundedCornerFrame=Rect(0, 0 - 1080, 2400), mPrivacyIndicatorBounds=PrivacyIndicatorBounds {static bounds=Rect(956, 0 - 1080, 73) rotation=0}, mSources= { InsetsSource: {mType=ITYPE_STATUS_BAR, mFrame=[0,0][1080,73], mVisible=true, mInsetsRoundedCornerFrame=false}, InsetsSource: {mType=ITYPE_NAVIGATION_BAR, mFrame=[0,2265][1080,2400], mVisible=true, mInsetsRoundedCornerFrame=false}, InsetsSource: {mType=ITYPE_LEFT_GESTURES, mFrame=[0,0][0,2400], mVisible=true, mInsetsRoundedCornerFrame=false}, InsetsSource: {mType=ITYPE_RIGHT_GESTURES, mFrame=[1080,0][1080,2400], mVisible=true, mInsetsRoundedCornerFrame=false}, InsetsSource: {mType=ITYPE_TOP_MANDATORY_GESTURES, mFrame=[0,0][1080,107], mVisible=true, mInsetsRoundedCornerFrame=false}, InsetsSource: {mType=ITYPE_BOTTOM_MANDATORY_GESTURES, mFrame=[0,2265][1080,2400], mVisible=true, mInsetsRoundedCornerFrame=false}, InsetsSource: {mType=ITYPE_LEFT_DISPLAY_CUTOUT, mFrame=[0,0][-100000,2400], mVisible=true, mInsetsRoundedCornerFrame=false}, InsetsSource: {mType=ITYPE_TOP_DISPLAY_CUTOUT, mFrame=[0,0][1080,73], mVisible=true, mInsetsRoundedCornerFrame=false}, InsetsSource: {mType=ITYPE_RIGHT_DISPLAY_CUTOUT, mFrame=[100000,0][1080,2400], mVisible=true, mInsetsRoundedCornerFrame=false}, InsetsSource: {mType=ITYPE_BOTTOM_DISPLAY_CUTOUT, mFrame=[0,100000][1080,2400], mVisible=true, mInsetsRoundedCornerFrame=false}, InsetsSource: {mType=ITYPE_TOP_TAPPABLE_ELEMENT, mFrame=[0,0][1080,73], mVisible=true, mInsetsRoundedCornerFrame=false}, InsetsSource: {mType=ITYPE_BOTTOM_TAPPABLE_ELEMENT, mFrame=[0,2265][1080,2400], mVisible=true, mInsetsRoundedCornerFrame=false}, InsetsSource: {mType=ITYPE_IME, mFrame=[0,0][0,0], mVisibleFrame=[0,1392][1080,2400], mVisible=false, mInsetsRoundedCornerFrame=false} } host=org.cosmosmataro.skymap/com.google.android.stardroid.activities.DynamicStarMapActivity from=android.view.ViewRootImpl.setView:1732
09-13 22:37:47.549  1203  1948 D CoreBackPreview: Window{b8ea136 u0 org.cosmosmataro.skymap/com.google.android.stardroid.activities.DynamicStarMapActivity}: Setting back callback OnBackInvokedCallbackInfo{mCallback=android.window.IOnBackInvokedCallback$Stub$Proxy@50b4410, mPriority=0}
09-13 22:37:47.550  2051  2051 I ViewRootImpl@9567232[DynamicStarMapActivity]: setView = com.android.internal.policy.DecorView@7baf96e TM=true
09-13 22:37:47.550  2051  2051 I MSHandlerLifeCycle: check: return. pkg=org.cosmosmataro.skymap isActivity=false callers=com.android.internal.policy.DecorView.setVisibility:4412 android.app.SearchDialog.updateUI:403 android.app.SearchDialog.show:278 android.app.SearchDialog.doShow:230 android.app.SearchDialog.show:212 
09-13 22:37:47.550  2051  2051 I MSHandlerLifeCycle: removeMultiSplitHandler: no exist. decor=DecorView@7baf96e[DynamicStarMapActivity]
09-13 22:37:47.552  2051  2051 I AppIconSolution: night mode is changed to true
09-13 22:37:47.552  2236  2453 I TouchInteractionService: onSystemUiStateChanged, stateFlags : 131072 |allow_gesture|
09-13 22:37:47.552  2236  2236 I RecentsAnimationDeviceState: setSystemUiFlags, stateFlags : 131072
09-13 22:37:47.552  2236  2236 I TouchInteractionService: onSystemUiFlagsChanged, lastSysUIFlags : 0
09-13 22:37:47.558  2051  2051 D Stardroid.Analytics: trackEvent - SKIPPED
09-13 22:37:47.568   875   875 I SurfaceFlinger: [b8ea136 org.cosmosmataro.skymap/com.google.android.stardroid.activities.DynamicStarMapActivity#2043] FrameRatePriority: 1
09-13 22:37:47.568   875   875 I Layer   : id=2039 removeFromCurrentState Surface(name=27a7298 StatusBar)/@0xca4a678 - animation-leash of insets_animation#2039 (136)
09-13 22:37:47.568   875   875 I Layer   : id=2042 removeFromCurrentState Surface(name=60c90e4 NavigationBar0)/@0xa45fab7 - animation-leash of insets_animation#2042 (136)
09-13 22:37:47.568   875   875 I SurfaceFlinger: [c9ae5b7 org.cosmosmataro.skymap/com.google.android.stardroid.activities.DynamicStarMapActivity#1985] FrameRatePriority: -1
09-13 22:37:47.568   875   875 I SurfaceFlinger: id=2039 Removed Surface(name=27a7298 StatusBar)/@0xca4a678 - animation-leash of insets_animation#2039 (136)
09-13 22:37:47.569   875   875 I Layer   : id=2039 Destroyed Surface(name=27a7298 StatusBar)/@0xca4a678 - animation-leash of insets_animation#2039
09-13 22:37:47.571  2051  2051 I ViewRootImpl@9567232[DynamicStarMapActivity]: performTraversals params={(0,0)(fillxfill) gr=TOP FILL_HORIZONTAL CENTER sim={adjust=resize forwardNavigation} ty=APPLICATION fmt=TRANSPARENT
09-13 22:37:47.571  2051  2051 I ViewRootImpl@9567232[DynamicStarMapActivity]:   fl=1800000
09-13 22:37:47.571  2051  2051 I ViewRootImpl@9567232[DynamicStarMapActivity]:   pfl=2000000
09-13 22:37:47.571  2051  2051 I ViewRootImpl@9567232[DynamicStarMapActivity]:   bhv=DEFAULT
09-13 22:37:47.571  2051  2051 I ViewRootImpl@9567232[DynamicStarMapActivity]:   fitTypes=STATUS_BARS NAVIGATION_BARS CAPTION_BAR IME naviIconColor=0}
09-13 22:37:47.572  2051  2051 I ViewRootImpl@9567232[DynamicStarMapActivity]: performTraversals mFirst=true windowShouldResize=true viewVisibilityChanged=false mForceNextWindowRelayout=false params={(0,0)(fillxfill) gr=TOP FILL_HORIZONTAL CENTER sim={adjust=resize forwardNavigation} ty=APPLICATION fmt=TRANSPARENT
09-13 22:37:47.572  2051  2051 I ViewRootImpl@9567232[DynamicStarMapActivity]:   fl=1800000
09-13 22:37:47.572  2051  2051 I ViewRootImpl@9567232[DynamicStarMapActivity]:   pfl=2000000
09-13 22:37:47.572  2051  2051 I ViewRootImpl@9567232[DynamicStarMapActivity]:   bhv=DEFAULT
09-13 22:37:47.572  2051  2051 I ViewRootImpl@9567232[DynamicStarMapActivity]:   fitTypes=STATUS_BARS NAVIGATION_BARS CAPTION_BAR IME naviIconColor=0}
09-13 22:37:47.572  1203  1948 V WindowManager: Relayout Window{b8ea136 u0 org.cosmosmataro.skymap/com.google.android.stardroid.activities.DynamicStarMapActivity}: viewVisibility=0 req=1080x2192 d0
09-13 22:37:47.572  1203  1948 D RestrictionPolicy: isScreenCaptureEnabled : ret=true userId=0
09-13 22:37:47.572   875  1030 I SurfaceFlinger: id=2046 createSurf flag=40004, org.cosmosmataro.skymap/com.google.android.stardroid.activities.DynamicStarMapActivity$_2051#2046
09-13 22:37:47.572  1203  1948 D WindowManager: makeSurface duration=0 name=org.cosmosmataro.skymap/com.google.android.stardroid.activities.DynamicStarMapActivity$_2051
09-13 22:37:47.576  1203  1948 V WindowManager: Relayout hash=b8ea136, pid=2051, syncId=-1: mAttrs={(0,0)(fillxfill) gr=TOP FILL_HORIZONTAL CENTER sim={adjust=resize forwardNavigation} ty=APPLICATION fmt=TRANSPARENT
09-13 22:37:47.576  1203  1948 V WindowManager:   fl=1800000
09-13 22:37:47.576  1203  1948 V WindowManager:   pfl=2000000
09-13 22:37:47.576  1203  1948 V WindowManager:   bhv=DEFAULT
09-13 22:37:47.576  1203  1948 V WindowManager:   fitTypes=STATUS_BARS NAVIGATION_BARS CAPTION_BAR IME naviIconColor=0}
09-13 22:37:47.579  2051  2051 I ViewRootImpl@9567232[DynamicStarMapActivity]: updateBlastSurfaceIfNeeded mBlastBufferQueue=null isSameSurfaceControl=false
09-13 22:37:47.580  2051  2051 I BLASTBufferQueue: new BLASTBufferQueue, mName= ViewRootImpl@9567232[DynamicStarMapActivity] mNativeObject= 0x73e2e68e90 sc.mNativeObject= 0x7372e996c0 caller= android.view.ViewRootImpl.updateBlastSurfaceIfNeeded:2909 android.view.ViewRootImpl.relayoutWindow:9847 android.view.ViewRootImpl.performTraversals:3884 android.view.ViewRootImpl.doTraversal:3116 android.view.ViewRootImpl$TraversalRunnable.run:10885 android.view.Choreographer$CallbackRecord.run:1301 android.view.Choreographer$CallbackRecord.run:1309 android.view.Choreographer.doCallbacks:923 android.view.Choreographer.doFrame:852 android.view.Choreographer$FrameDisplayEventReceiver.run:1283 
09-13 22:37:47.580  2051  2051 I BLASTBufferQueue: update, w= 1080 h= 2192 mName = ViewRootImpl@9567232[DynamicStarMapActivity] mNativeObject= 0x73e2e68e90 sc.mNativeObject= 0x7372e996c0 format= -2 caller= android.graphics.BLASTBufferQueue.<init>:84 android.view.ViewRootImpl.updateBlastSurfaceIfNeeded:2909 android.view.ViewRootImpl.relayoutWindow:9847 android.view.ViewRootImpl.performTraversals:3884 android.view.ViewRootImpl.doTraversal:3116 android.view.ViewRootImpl$TraversalRunnable.run:10885 
09-13 22:37:47.580  2051  2051 I ViewRootImpl@9567232[DynamicStarMapActivity]: Relayout returned: old=(0,73,1080,2265) new=(0,73,1080,2265) req=(1080,2192)0 dur=7 res=0x3 s={true 0x7472f15ab0} ch=true seqId=0
09-13 22:37:47.581  2051  2176 D OpenGLRenderer: eglCreateWindowSurface
09-13 22:37:47.581  2051  2051 I ViewRootImpl@9567232[DynamicStarMapActivity]: mThreadedRenderer.initialize() mSurface={isValid=true 0x7472f15ab0} hwInitialized=true
09-13 22:37:47.581   781   814 D gralloc : [mali_gralloc_allocate] begin
09-13 22:37:47.581   781   814 D gralloc : buffer_descriptor: wh(1080 2192) usage_pc(0x40000000000b00 0x40000000000b00) hal_format(0x1) layer_count(1) sizes(0 0 0) strde(0) byte_stride(0) alloc_wh(0 0) internal_format(0x0) alloc_format(0x0) fd_count(1) plane_count(0)
09-13 22:37:47.582   781   814 D gralloc : [mali_gralloc_allocate] allocation successful
09-13 22:37:47.582   781   814 D gralloc : [mali_gralloc_allocate] begin
09-13 22:37:47.582   781   814 D gralloc : buffer_descriptor: wh(1080 2192) usage_pc(0x40000000000b00 0x40000000000b00) hal_format(0x1) layer_count(1) sizes(0 0 0) strde(0) byte_stride(0) alloc_wh(0 0) internal_format(0x0) alloc_format(0x0) fd_count(1) plane_count(0)
09-13 22:37:47.582   781   814 D gralloc : [mali_gralloc_allocate] allocation successful
09-13 22:37:47.583   781   814 D gralloc : [mali_gralloc_allocate] begin
09-13 22:37:47.583   781   814 D gralloc : buffer_descriptor: wh(1080 2192) usage_pc(0x40000000000b00 0x40000000000b00) hal_format(0x1) layer_count(1) sizes(0 0 0) strde(0) byte_stride(0) alloc_wh(0 0) internal_format(0x0) alloc_format(0x0) fd_count(1) plane_count(0)
09-13 22:37:47.583   781   814 D gralloc : [mali_gralloc_allocate] allocation successful
09-13 22:37:47.583   781   814 D gralloc : [mali_gralloc_allocate] begin
09-13 22:37:47.583   781   814 D gralloc : buffer_descriptor: wh(1080 2192) usage_pc(0x40000000000b00 0x40000000000b00) hal_format(0x1) layer_count(1) sizes(0 0 0) strde(0) byte_stride(0) alloc_wh(0 0) internal_format(0x0) alloc_format(0x0) fd_count(1) plane_count(0)
09-13 22:37:47.583   781   814 D gralloc : [mali_gralloc_allocate] allocation successful
09-13 22:37:47.591  2051  2051 I ViewRootImpl@9567232[DynamicStarMapActivity]: reportNextDraw android.view.ViewRootImpl.performTraversals:4438 android.view.ViewRootImpl.doTraversal:3116 android.view.ViewRootImpl$TraversalRunnable.run:10885 android.view.Choreographer$CallbackRecord.run:1301 android.view.Choreographer$CallbackRecord.run:1309 
09-13 22:37:47.592  2051  2051 I ViewRootImpl@9567232[DynamicStarMapActivity]: Setup new sync id=0
09-13 22:37:47.592  2051  2051 I ViewRootImpl@9567232[DynamicStarMapActivity]: Setting syncFrameCallback
09-13 22:37:47.592  2051  2051 I ViewRootImpl@9567232[DynamicStarMapActivity]: registerCallbacksForSync syncBuffer=false
09-13 22:37:47.594  2051  2189 I ViewRootImpl@9567232[DynamicStarMapActivity]: Received frameDrawingCallback syncResult=0 frameNum=1.
09-13 22:37:47.594  2051  2189 I ViewRootImpl@9567232[DynamicStarMapActivity]: Setting up sync and frameCommitCallback
09-13 22:37:47.598  2051  2176 I BLASTBufferQueue: [ViewRootImpl@9567232[DynamicStarMapActivity]#5](f:0,a:0) onFrameAvailable the first frame is available
09-13 22:37:47.599  2051  2176 I ViewRootImpl@9567232[DynamicStarMapActivity]: Received frameCommittedCallback lastAttemptedDrawFrameNum=1 didProduceBuffer=true
09-13 22:37:47.599  2051  2176 D OpenGLRenderer: CFMS:: SetUp Pid : 2051    Tid : 2176
09-13 22:37:47.600  2051  2176 W Parcel  : Expecting binder but got null!
09-13 22:37:47.600  2051  2051 I ViewRootImpl@9567232[DynamicStarMapActivity]: onSyncComplete
09-13 22:37:47.600  2051  2051 I ViewRootImpl@9567232[DynamicStarMapActivity]: setupSync seqId=0 mSyncId=0 fn=1 caller=android.view.ViewRootImpl$$ExternalSyntheticLambda11.accept:6 android.window.SurfaceSyncer.lambda$setupSync$1$android-window-SurfaceSyncer:128 android.window.SurfaceSyncer$$ExternalSyntheticLambda1.accept:8 android.window.SurfaceSyncer$SyncSet.checkIfSyncIsComplete:382 android.window.SurfaceSyncer$SyncSet.markSyncReady:359 android.window.SurfaceSyncer.markSyncReady:151 android.view.ViewRootImpl.performTraversals:4503 
09-13 22:37:47.601  2051  2051 I ViewRootImpl@9567232[DynamicStarMapActivity]: reportDrawFinished seqId=0 mSyncId=-1 fn=1 mSurfaceChangedTransaction=0x73a2e5a0f0
09-13 22:37:47.601   875   875 D SurfaceFlinger: [input] inputWindowCommands.focusRequests size is 1
09-13 22:37:47.601  1203  1948 D WindowManager: finishDrawingWindow: Window{b8ea136 u0 org.cosmosmataro.skymap/com.google.android.stardroid.activities.DynamicStarMapActivity} mDrawState=DRAW_PENDING seqId=0
09-13 22:37:47.603   875   992 D SurfaceFlinger: [input] setFocusedWindow: b8ea136 org.cosmosmataro.skymap/com.google.android.stardroid.activities.DynamicStarMapActivity
09-13 22:37:47.603  1203  1808 D InputDispatcher: Focus request (0): b8ea136 org.cosmosmataro.skymap/com.google.android.stardroid.activities.DynamicStarMapActivity but waiting because NOT_VISIBLE
09-13 22:37:47.603  1203  1808 D InputDispatcher: Focus left window (0): c9ae5b7 org.cosmosmataro.skymap/com.google.android.stardroid.activities.DynamicStarMapActivity
09-13 22:37:47.604  1203  1287 V WindowManager: performShowLocked: mDrawState=HAS_DRAWN in Window{b8ea136 u0 org.cosmosmataro.skymap/com.google.android.stardroid.activities.DynamicStarMapActivity}
09-13 22:37:47.606  2051  2051 D InsetsController: onStateChanged: InsetsState: {mDisplayFrame=Rect(0, 0 - 1080, 2400), mDisplayCutout=DisplayCutout{insets=Rect(0, 73 - 0, 0) waterfall=Insets{left=0, top=0, right=0, bottom=0} boundingRect={Bounds=[Rect(0, 0 - 0, 0), Rect(692, 0 - 748, 73), Rect(0, 0 - 0, 0), Rect(0, 0 - 0, 0)]} cutoutPathParserInfo={CutoutPathParserInfo{displayWidth=1080 displayHeight=2400 physicalDisplayWidth=1440 physicalDisplayHeight=3200 density={2.8125} cutoutSpec={M 0,0 H -9.866666666666667 V 25.86666666666667 H 9.866666666666667 V 0 H 0 Z @dp} rotation={0} scale={1.0} physicalPixelDisplaySizeRatio={1.0}}}}, mRoundedCorners=RoundedCorners{[RoundedCorner{position=TopLeft, radius=68, center=Point(68, 68)}, RoundedCorner{position=TopRight, radius=68, center=Point(1012, 68)}, RoundedCorner{position=BottomRight, radius=68, center=Point(1012, 2332)}, RoundedCorner{position=BottomLeft, radius=68, center=Point(68, 2332)}]}  mRoundedCornerFrame=Rect(0, 0 - 1080, 2400), mPrivacyIndicatorBounds=PrivacyIndicatorBounds {static bounds=Rect(956, 0 - 1080, 73) rotation=0}, mSources= { InsetsSource: {mType=ITYPE_STATUS_BAR, mFrame=[0,0][1080,73], mVisible=true, mInsetsRoundedCornerFrame=false}, InsetsSource: {mType=ITYPE_NAVIGATION_BAR, mFrame=[0,2265][1080,2400], mVisible=true, mInsetsRoundedCornerFrame=false}, InsetsSource: {mType=ITYPE_LEFT_GESTURES, mFrame=[0,0][0,2400], mVisible=true, mInsetsRoundedCornerFrame=false}, InsetsSource: {mType=ITYPE_RIGHT_GESTURES, mFrame=[1080,0][1080,2400], mVisible=true, mInsetsRoundedCornerFrame=false}, InsetsSource: {mType=ITYPE_TOP_MANDATORY_GESTURES, mFrame=[0,0][1080,107], mVisible=true, mInsetsRoundedCornerFrame=false}, InsetsSource: {mType=ITYPE_BOTTOM_MANDATORY_GESTURES, mFrame=[0,2265][1080,2400], mVisible=true, mInsetsRoundedCornerFrame=false}, InsetsSource: {mType=ITYPE_LEFT_DISPLAY_CUTOUT, mFrame=[0,0][-100000,2400], mVisible=true, mInsetsRoundedCornerFrame=false}, InsetsSource: {mType=ITYPE_TOP_DISPLAY_CUTOUT, mFrame=[0,0][1080,73], mVisible=true, mInsetsRoundedCornerFrame=false}, InsetsSource: {mType=ITYPE_RIGHT_DISPLAY_CUTOUT, mFrame=[100000,0][1080,2400], mVisible=true, mInsetsRoundedCornerFrame=false}, InsetsSource: {mType=ITYPE_BOTTOM_DISPLAY_CUTOUT, mFrame=[0,100000][1080,2400], mVisible=true, mInsetsRoundedCornerFrame=false}, InsetsSource: {mType=ITYPE_TOP_TAPPABLE_ELEMENT, mFrame=[0,0][1080,73], mVisible=true, mInsetsRoundedCornerFrame=false}, InsetsSource: {mType=ITYPE_BOTTOM_TAPPABLE_ELEMENT, mFrame=[0,2265][1080,2400], mVisible=true, mInsetsRoundedCornerFrame=false}, InsetsSource: {mType=ITYPE_IME, mFrame=[0,0][0,0], mVisibleFrame=[0,1392][1080,2400], mVisible=false, mInsetsRoundedCornerFrame=false} } host=org.cosmosmataro.skymap/com.google.android.stardroid.activities.DynamicStarMapActivity from=android.view.ViewRootImpl$ViewRootHandler.handleMessageImpl:6740
09-13 22:37:47.607   875  1030 I SurfaceFlinger: id=2042 Removed Surface(name=60c90e4 NavigationBar0)/@0xa45fab7 - animation-leash of insets_animation#2042 (136)
09-13 22:37:47.609  2051  2051 D CompatibilityChangeReporter: Compat change id reported: 163400105; UID 10505; state: ENABLED
09-13 22:37:47.611  2051  2051 I AssistStructure: Flattened final assist data: 2648 bytes, containing 2 windows, 17 views
09-13 22:37:47.611  1203  1808 D AutofillSession: createPendingIntent for request 12
09-13 22:37:47.611  1203  1808 D ContentCapturePerUserService: Notified activity assist data for activity: Token{35da24c ActivityRecord{550727f u0 org.cosmosmataro.skymap/com.google.android.stardroid.activities.DynamicStarMapActivity} t3140}} without a session Id
09-13 22:37:47.611  2051  2051 I ViewRootImpl@42381[DynamicStarMapActivity]: MSG_WINDOW_FOCUS_CHANGED 0 0
09-13 22:37:47.611  4069  4069 I SSS:ContentCaptureService: onActivitySnapshot()
09-13 22:37:47.618   875   875 I Layer   : Layer [org.cosmosmataro.skymap/com.google.android.stardroid.activities.DynamicStarMapActivity$_2051#2046] hidden!! flag(0)
09-13 22:37:47.618  1203  1287 D ActivityTaskManager: mStartingWindow and mStartingData is null for token=ActivityRecord{550727f u0 org.cosmosmataro.skymap/com.google.android.stardroid.activities.DynamicStarMapActivity} t3140}
09-13 22:37:47.618   875   875 I Layer   : id=2042 Destroyed Surface(name=60c90e4 NavigationBar0)/@0xa45fab7 - animation-leash of insets_animation#2042
09-13 22:37:47.620  1203  1808 D InputDispatcher: Focus entered window (0): b8ea136 org.cosmosmataro.skymap/com.google.android.stardroid.activities.DynamicStarMapActivity
09-13 22:37:47.620  2051  2051 I ViewRootImpl@9567232[DynamicStarMapActivity]: MSG_WINDOW_FOCUS_CHANGED 1 0
09-13 22:37:47.621  2051  2051 I ViewRootImpl@9567232[DynamicStarMapActivity]: mThreadedRenderer.initializeIfNeeded()#2 mSurface={isValid=true 0x7472f15ab0}
09-13 22:37:47.621  1203  1808 I InputMethodManagerService: isAccessoryKeyboard 0
09-13 22:37:47.622  2051  2051 D InputMethodManager: startInputInner - Id : 0
09-13 22:37:47.622  2051  2051 I InputMethodManager: startInputInner - mService.startInputOrWindowGainedFocus
09-13 22:37:47.623  1203  1808 V InputMethodManagerService: startInputOrWindowGainedFocusInternalLocked: reason=WINDOW_FOCUS_GAIN clientState=ce422f9 attribute=android.view.inputmethod.EditorInfo@b48913c startInputFlags=VIEW_HAS_FOCUS|IS_TEXT_EDITOR|INITIAL_CONNECTION softInputMode=STATE_UNSPECIFIED|ADJUST_RESIZE|IS_FORWARD_NAVIGATION windowFlags=#1800000 sameWindowFocused=false
09-13 22:37:47.623  1203  1808 V InputMethodManagerService: Unspecified window will show input
09-13 22:37:47.623  1203  1808 D InputMethodManagerService: DESKTOP MODE! : 2
09-13 22:37:47.623  1203  1808 D InputMethodManagerService: NOT IN KNOX DESKTOP MODE!
09-13 22:37:47.623   875   875 D SurfaceFlinger: Display 4633128672291735937 HWC layers:
09-13 22:37:47.623   875   875 D SurfaceFlinger:  SOLID_COLOR |              | 0000 |  Unknown  |    0.0    0.0    0.0    0.0 |    0    0 1080   73 | Letterbox - top#1994
09-13 22:37:47.623   875   875 D SurfaceFlinger:      DEVICE | 0x7b16459570 | 0102 | RGBx_8888    |    0.0    0.0 1080.0 2327.0 |    0   73 1080 2400 | SurfaceView[org.cosmosmataro.skymap/[...]ynamicStarMapActivity]@0(BLAST)#1989
09-13 22:37:47.623   875   875 D SurfaceFlinger:      DEVICE | 0x7b164307d0 | 0100 | RGBA_8888    |    0.0    0.0 1080.0 2327.0 |    0   73 1080 2400 | org.cosmosmataro.skymap/com.google.a[...]es.DynamicStarMapActivity$_2051#1986
09-13 22:37:47.623   875   875 D SurfaceFlinger:      DEVICE | 0x7b16470550 | 0100 | RGBA_8888    |    0.0    0.0 1080.0 2192.0 |    0   73 1080 2265 | org.cosmosmataro.skymap/com.google.a[...]es.DynamicStarMapActivity$_2051#2046
09-13 22:37:47.623   875   875 D SurfaceFlinger:      DEVICE | 0x7b16434eb0 | 0100 | RGBA_8888    |    0.0    0.0 1080.0   73.0 |    0    0 1080   73 | StatusBar$_1721#81
09-13 22:37:47.623   875   875 D SurfaceFlinger:      DEVICE | 0x7b1643cef0 | 0100 | RGBA_8888    |    0.0    0.0   67.0  411.0 |    0  619   67 1030 | com.samsung.android.app.cocktailbars[...]ervice.CocktailBarService$_4350#2041
09-13 22:37:47.623   875   875 D SurfaceFlinger:      DEVICE | 0
09-13 22:37:47.623  1203  1808 V InputMethodManagerService: getDisplayIdOfInputMethodWindowToBeAdded: displayId=0
09-13 22:37:47.623   875   875 D SurfaceFlinger: x7b164655d0 | 0100 | RGBA_8888    |    0.0    0.0 1080.0  135.0 |    0 2265 1080 2400 | NavigationBar0$_1721#76
09-13 22:37:47.623   875   875 D SurfaceFlinger: 
09-13 22:37:47.623  1203  1808 D InputMethodManagerService: isImeSwitcherDisabledPackage : false
09-13 22:37:47.623  1203  1808 D InputMethodManagerService: shouldShowImeSwitcherLocked : checking vis : 3
09-13 22:37:47.623  1203  1808 D InputMethodManagerService: checkDisplayOfStartInputAndUpdateKeyboard: displayId=0, mFocusedDisplayId=0
09-13 22:37:47.623  1203  1808 D InputTransport: Input channel constructed: 'ClientS', fd=994
09-13 22:37:47.623  1203  1808 D InputMethodManagerService: ACCESS_CONTROL_ENABLED = false, ACCESS_CONTROL_KEYBOARD_BLOCK = false
09-13 22:37:47.624  1203  1808 D InputMethodBindingController: bindCurrentInputMethodService: caller=com.android.server.inputmethod.InputMethodBindingController.bindCurrentInputMethodServiceVisibleConnection:511 com.android.server.inputmethod.InputMethodBindingController.setCurrentMethodVisible:541 com.android.server.inputmethod.InputMethodManagerService.showCurrentInputLocked:4224 com.android.server.inputmethod.InputMethodManagerService.startInputOrWindowGainedFocusInternalLocked:4697 com.android.server.inputmethod.InputMethodManagerService.startInputOrWindowGainedFocusInternal:4440 com.android.server.inputmethod.InputMethodManagerService.startInputOrWindowGainedFocus:4379 com.android.internal.view.IInputMethodManager$Stub.onTransact:518 com.android.server.inputmethod.InputMethodManagerService.onTransact:2302 android.os.Binder.execTransactInternal:1316 android.os.Binder.execTransact:1280 
09-13 22:37:47.624  5300  5300 I HBD     : HoneyBoardService onFinishInput 
09-13 22:37:47.625  1203  1299 W libprocessgroup: Failed to open /dev/blkio//cgroup.procs: No such file or directory
09-13 22:37:47.625  5300  5300 I HBD     : a IC have been unbinding,  RemoteInputConnection{idHash=#d01d805}
09-13 22:37:47.625  1203  1808 I ActivityManager: Changes in 10208 7 to 5, 0 to 15
09-13 22:37:47.625  5300  5300 I HBD     : HoneyBoardService [PF_CL][onFinishInput]  1 ms 
09-13 22:37:47.625  1203  1808 I AppOps  : updateUidProcState uid: 10208 procState: 5 capability:15
09-13 22:37:47.625  1203  1808 I AppOps  : commitUidPendingStateLocked() :: UID - 10208, 600 > 500, 0 > 15
09-13 22:37:47.625  1203  1808 D InputMethodBindingController: bindCurrentInputMethodServiceVisibleConnection mVisibleBound : true, mVisibleConnection : com.android.server.inputmethod.InputMethodBindingController$1@399a979
09-13 22:37:47.625  1203  1808 I InputMethodManagerService: Calling com.android.server.inputmethod.IInputMethodInvoker@a29123b.showSoftInput(android.os.Binder@5ab8528, 0, null) for reason: SHOW_AUTO_EDITOR_FORWARD_NAV
09-13 22:37:47.625  5300  5300 I HBD     : HoneyBoardService onInlineSuggestionsResponse 
09-13 22:37:47.625  1203  1808 D InputTransport: Input channel destroyed: 'ClientS', fd=994
09-13 22:37:47.625  5300  5300 I HBD     : HoneyBoardService onCreateInlineSuggestionsRequest 
09-13 22:37:47.625  4081 27182 I duhj    : (REDACTED) appOpsListener %s %s
09-13 22:37:47.626  4081 27182 I duhj    : (REDACTED) Ignoring irrelevant audio permission changes for package %s
09-13 22:37:47.626  4081 27182 I duhj    : (REDACTED) appOpsListener %s %s
09-13 22:37:47.626  4081 27182 I duhj    : (REDACTED) Ignoring irrelevant audio permission changes for package %s
09-13 22:37:47.626  1026  1669 I CameraService: onUidStateChanged: uid=10208, procState is changed. (7 -> 5)
09-13 22:37:47.627  5300  5300 I HBD     : HoneyBoardService [IMI] onStartInput - caller pid : 2051 , caller uid : 10505 
09-13 22:37:47.627  5300  5300 I HBD     : j updateConfigs 
09-13 22:37:47.627  5300  5300 I HBD     : j isEnabledNightMode : true 
09-13 22:37:47.627  5300  5300 I HBD     : a IC have been binding, RemoteInputConnection{idHash=#278b05a} 
09-13 22:37:47.627  5300  5300 I HBD     : h [EditorInputType]setPrivateImeOptionsToTable privateImeOptions ( null )
09-13 22:37:47.627  5300  5300 I HBD     : b incognitoMode : false 
09-13 22:37:47.627  5300  5300 I HBD     : b [CPS]isPredictionOnByLanguage :false, isForceOff : false, isPredictionOn : true , isOnPref : true 
09-13 22:37:47.627  5300  5300 I HBD     : h getDefaultInputRange : UNKNOWN 
09-13 22:37:47.627  5300  5300 I HBD     : h getDefaultInputRange : UNKNOWN 
09-13 22:37:47.627  5300  5300 I HBD     : h getDefaultInputRange : UNKNOWN 
09-13 22:37:47.628  1203  1299 W libprocessgroup: Failed to open /dev/blkio//cgroup.procs: No such file or directory
09-13 22:37:47.629  1203  1299 W libprocessgroup: Failed to open /dev/blkio//cgroup.procs: No such file or directory
09-13 22:37:47.629  1203  1948 D RestrictionPolicy: isScreenCaptureEnabled : ret=true userId=0
09-13 22:37:47.629  1203  1948 I WindowManager: Cancelling animation restarting=true, leash=Surface(name=Surface(name=427c9a9 InputMethod)/@0x20a5765 - animation-leash of insets_animation)/@0x68bf6cc
09-13 22:37:47.629  1203  1948 I WindowManager: Reparenting to original parent: Surface(name=WindowToken{fbb7b1 type=2011 android.os.Binder@e4f9a58})/@0x2262c3a, destroy=false, surface=Surface(name=427c9a9 InputMethod)/@0x20a5765
09-13 22:37:47.629  1203  1948 I WindowManager: Reparenting to leash, surface=Surface(name=427c9a9 InputMethod)/@0x20a5765, leashParent=Surface(name=WindowToken{fbb7b1 type=2011 android.os.Binder@e4f9a58})/@0x2262c3a
09-13 22:37:47.629  1203  1299 W libprocessgroup: Failed to open /dev/blkio//cgroup.procs: No such file or directory
09-13 22:37:47.629   875  1030 I SurfaceFlinger: id=2047 createSurf flag=24004, Surface(name=427c9a9 InputMethod)/@0x20a5765 - animation-leash of insets_animation#2047
09-13 22:37:47.630  1203  1948 D WindowManager: makeSurface duration=0 leash=Surface(name=Surface(name=427c9a9 InputMethod)/@0x20a5765 - animation-leash of insets_animation)/@0x7af4c3
