09-13 22:37:54.340  1721  1721 D CarrierTextController: SIM ready and in service: subId=4, ss={mVoiceRegState=0(IN_SERVICE), mDataRegState=0(IN_SERVICE), mChannelNumber=6400, duplexMode()=1, mCellBandwidths=[10000, 20000], mOperatorAlphaLong=Movistar, mOperatorAlphaShort=Movistar, isManualNetworkSelection=false(automatic), getRilVoiceRadioTechnology=14(LTE), getRilDataRadioTechnology=14(LTE), mCssIndicator=unsupported, mNetworkId=*1, mSystemId=*1, mCdmaRoamingIndicator=-1, mCdmaDefaultRoamingIndicator=-1, VoiceRegType=0, Snap=0, MobileData=IN_SERVICE, MobileDataRoamingType=home, MobileDataRat=LTE, PsOnly=false, FemtocellInd=0, SprDisplayRoam=false, OptRadioTech=0, MsimSubmode=0, IsVoiceCallAvailable=true, mIsEmergencyOnly=false, isUsingCarrierAggregation=false, mArfcnRsrpBoost=0, mNetworkRegistrationInfos=[NetworkRegistrationInfo{ domain=CS transportType=WWAN registrationState=HOME roamingType=NOT_ROAMING accessNetworkTechnology=LTE rejectCause=0 emergencyEnabled=false availableServices=[VOICE,SMS,VIDEO] cellIdentity=CellIdentityLte:{ mCi=2*****51 mPci=343 mTac=8**0 mEarfcn=6400 mBands=[] mBandwidth=2147483647 mMcc=214 mMnc=07 mAlphaLong=Movistar mAlphaShort=Movistar mAdditionalPlmns={} mCsgInfo=null} voiceSpecificInfo=VoiceSpecificRegistrationInfo { mCssSupported=false mRoamingIndicator=0 mSystemIsInPrl=0 mDefaultRoamingIndicator=0} dataSpecificInfo=null nrState=**** rRplmn=21407 isUsingCarrierAggregation=false}, NetworkRegistrationInfo{ domain=PS transportType=WWAN registrationState=HOME roamingType=NOT_ROAMING accessNetworkTechnology=LTE rejectCause=0 emergencyEnabled=false availableServices=[DATA] cellIdentity=CellIdentityLte:{ mCi=2*****51 mPci=343 mTac=8**0 mEarfcn=6400 mBands=[] mBandwidth=2147483647 mMcc=214 mMnc=07 mAlphaLong=Movistar mAlphaShort=Movistar mAdditionalPlmns={} mCsgInfo=null} voiceSpecificInfo=null dataSpecificInfo=android.telephony.DataSpecificRegistrationInfo :{ maxDataCalls = 4 isDcNrRestricted = false isNrAvailable = false isEnDcAvailable = false LteVopsSupportInfo :  mVopsSupport = 2 mEmcBearerSupport = 2 } nrState=**** rRplmn=21407 isUsingCarrierAggregation=false}], mNrFrequencyRange=0, mOperatorAlphaLongRaw=Movistar, mOperatorAlphaShortRaw=Movistar, mIsDataRoamingFromRegistration=false, mIsIwlanPreferred=false}
09-13 22:37:54.340  1721  1721 D CarrierTextController: setText : Movistar
09-13 22:37:54.340  1721  1721 D FaceWidgetPagesController: onRefreshCarrierInfo()
09-13 22:37:54.340  1721  1721 D FaceWidgetClockRoamManager: isNetworkRoamingState id=4
09-13 22:37:54.340  1721  1721 D FaceWidgetClockRoamManager: isNetworkRoamingState false
09-13 22:37:54.340  1721  1721 D FaceWidgetClockRoamManager: onRefreshCarrierInfo(pre, now): false, false
09-13 22:37:54.340  1721  1721 D FaceWidgetClockPage: onRefreshCarrierInfo : isChanged false mIsRoaming false
09-13 22:37:54.340  1203  1808 D CompatibilityChangeReporter: Compat change id reported: 181658987; UID 1000; state: ENABLED
09-13 22:37:54.341  1721  1833 D MobileStatusTracker(0/4): onDisplayInfoChanged: telephonyDisplayInfo=TelephonyDisplayInfo {network=LTE, override=NONE}
09-13 22:37:54.341  2074  2089 W com.sec.sve: Reducing the number of considered missed Gc histogram windows from 694 to 100
09-13 22:37:54.341  1721  1833 D MobileSignalController(0/4): notifyListener: enabled=true, connected=true, dataConnected=true, networkType=LTE (4G), emergencyOnly=false, roaming=false, isDefault=false, dataActivity=, level=2, ca=false, mmWave=false, disabledDataIcon=false, simCard=ETC
09-13 22:37:54.342  1203  1561 D ConnectivityService: [103 CELLULAR] EVENT_NETWORK_INFO_CHANGED, going from CONNECTED to CONNECTED
09-13 22:37:54.342  1701  1701 V PhoneGlobals: handleServiceStateChanged
09-13 22:37:54.342  1701  1701 D NotificationMgr: updateNetworkSelection, Use Samsung codes instead of AOSP codes
09-13 22:37:54.342  1701  1701 V PhoneGlobals: subId=-1, mDefaultDataSubId=4, ss roaming=false
09-13 22:37:54.342  1701  1836 I TelephonyProvider: D/TelephonyProvider: subIdString = 4 subId = 4
09-13 22:37:54.342  1701  1836 I TelephonyProvider: D/TelephonyProvider: getPreferredApnId use imsi instead of subId by CscFeature.
09-13 22:37:54.343  2099  2373 I PaniGenerator: WifiManager.getBSSID(): [86:78:71:17:a7:7e]
09-13 22:37:54.343  2099  2373 I PaniGenerator<0>: generateWiFiPani: normalized PANI: IEEE-802.11;i-wlan-node-id=86787117a77e
09-13 22:37:54.343  2099  2373 I PaniGenerator: setLkcForLastPani: No Last PANI header for Telefonica spain for RCS
09-13 22:37:54.343  1701  1701 I Telephony: TelecomAccountRegistry$AccountEntry: isRttCurrentlySupported -- regular acct,, hasVoiceAvailability: false, isRttSupported: false, alwaysAllowWhileRoaming: false, isRoaming: false, isOnWfc: false
09-13 22:37:54.343  2099  2373 I UserAgent<0>: updatePani: pani=IEEE-802.11;i-wlan-node-id=86787117a77e, updatePani: lastPani=null
09-13 22:37:54.343  1701  1701 V PhoneGlobals: handleServiceStateChanged
09-13 22:37:54.343  1701  1701 D NotificationMgr: updateNetworkSelection, Use Samsung codes instead of AOSP codes
09-13 22:37:54.343  2099  2475 I StackIF : updatePani: 22406 pani: [IEEE-802.11;i-wlan-node-id=86787117a77e]
09-13 22:37:54.343  1701  1701 V PhoneGlobals: subId=4, mDefaultDataSubId=4, ss roaming=false
09-13 22:37:54.344  1701  1701 V PhoneGlobals: updateDataRoamingStatus
09-13 22:37:54.344  2099  2475 I SECIMSJ : [0859]> 124
09-13 22:37:54.344  2099  2475 I StackIF : updateRat: 22406 network: 13
09-13 22:37:54.344  2099  2475 I SECIMSJ : [0860]> 80
09-13 22:37:54.344  2099  2482 I [IMS6.0]: IMS_onResponse()
09-13 22:37:54.344  2099  2482 I StackIF : processMessage 2
09-13 22:37:54.344  2099  2482 I StackIF : Processing Response
09-13 22:37:54.344  2099  2482 I SECIMSJ : [0859]< 600
09-13 22:37:54.344  2099  2482 I StackIF : processResponse: reqId 600
09-13 22:37:54.344  2099  2482 I StackIF : processResponse: handle 22406 result 0 reason 0
09-13 22:37:54.344  2099  2482 I [IMS6.0]: IMS_onResponse()
09-13 22:37:54.344  2099  2482 I StackIF : processMessage 2
09-13 22:37:54.344  2099  2482 I StackIF : Processing Response
09-13 22:37:54.344  2099  2482 I SECIMSJ : [0860]< 602
09-13 22:37:54.344  2099  2482 I StackIF : processResponse: reqId 602
09-13 22:37:54.344  2099  2482 I StackIF : processResponse: handle 22406 result 0 reason 0
09-13 22:37:54.344  1203  4260 D CompatibilityChangeReporter: Compat change id reported: 157233955; UID 1000; state: ENABLED
09-13 22:37:54.344  2099  2373 I RegiMgr-NetEvtCtr<0>: onNetworkEventChanged:Changed Event: Network type(10=>13), Voice network(3=>13), VoPS(NOT_SUPPORTED=>SUPPORTED)
09-13 22:37:54.344  2099  2373 I VolteServiceModule: onNetworkChanged: NetworkEvent [network=13, voiceNetwork=13, voiceOverPs=SUPPORTED, outOfService=false, isDataRoaming=false, isVoiceRoaming=false, csOutOfService=false, isWifiConnected=true, isEpdgConnected=false, isEpdgAvailable=false, operatorNumeric=21407, isPsOnlyReg=false, isDataConnected=true]
09-13 22:37:54.344  2099  2373 E #IMSCR  : 09-13 22:37:54 0x30000009:0,10->13
09-13 22:37:54.344  2099  2373 I ImModule: updateFeatures: phoneId = 0
09-13 22:37:54.345  2099  2373 I ImsServiceSwitchEur[0]:  isRcsEnabled: true mDefaultSms true mUpsmEnabled false mEmergencyEnabled false
09-13 22:37:54.345  2099  2488 I VolteServiceModule: tryDisconnect(0) delay 100
09-13 22:37:54.345  2099  2373 I ImsServiceSwitchEur[0]:  isRcsEnabled: true mDefaultSms true mUpsmEnabled false mEmergencyEnabled false
09-13 22:37:54.345  1203  1299 W libprocessgroup: Failed to open /dev/blkio//cgroup.procs: No such file or directory
09-13 22:37:54.346  1701  1701 V PhoneGlobals: dataAllowed=true, reasons=Data allowed reason: NORMAL
09-13 22:37:54.346  2099  2373 I ImModule: isDefaultMessageAppInUse : true
09-13 22:37:54.346  2099  2373 I ImsServiceSwitchEur[0]:  isRcsEnabled: true mDefaultSms true mUpsmEnabled false mEmergencyEnabled false
09-13 22:37:54.346  2099  2373 I ImsServiceSwitchEur[0]:  isRcsEnabled: true mDefaultSms true mUpsmEnabled false mEmergencyEnabled false
09-13 22:37:54.347  2099  2373 I ImsServiceSwitchEur[0]:  isRcsEnabled: true mDefaultSms true mUpsmEnabled false mEmergencyEnabled false
09-13 22:37:54.347  2099  2373 I ImsServiceSwitchEur[0]:  isRcsEnabled: true mDefaultSms true mUpsmEnabled false mEmergencyEnabled false
09-13 22:37:54.347  2099  2373 I ImsServiceSwitchEur[0]:  isRcsEnabled: true mDefaultSms true mUpsmEnabled false mEmergencyEnabled false
09-13 22:37:54.347  2099  2373 I ConfigProvider: query uri:xxxxx
09-13 22:37:54.347  1701  1701 I TelephonyProvider: D/TelephonyProvider: subIdString = 4 subId = 4
09-13 22:37:54.347  1701  1701 I TelephonyProvider: D/TelephonyProvider: getPreferredApnId use imsi instead of subId by CscFeature.
09-13 22:37:54.348  6117  6117 D MtpReceiver: onReceive : android.hardware.usb.action.USB_STATE
09-13 22:37:54.348  1701  1701 I TelephonyProvider: D/TelephonyProvider: subIdString = 4 subId = 4
09-13 22:37:54.348  1701  1701 I TelephonyProvider: D/TelephonyProvider: getPreferredApnId use imsi instead of subId by CscFeature.
09-13 22:37:54.349  2099  2373 I ConfigProvider: queryStorage path content://com.samsung.rcs.autoconfigurationprovider/parameter/geolocPushAuth#simslot0
09-13 22:37:54.349  2099  2373 I FeatureUpdater: isEnableGls: true
09-13 22:37:54.349  2099  2373 I ImsServiceSwitchEur[0]:  isRcsEnabled: true mDefaultSms true mUpsmEnabled false mEmergencyEnabled false
09-13 22:37:54.349  2099  2373 I FeatureUpdater: FEATURE_CHATBOT_EXTENDED_MSG enabled ver:1.3
09-13 22:37:54.349  2099  2373 I CapexInfo: getFeatureTag: features = 1099513200780 [128, 1099511627776, 4, 8, 524288, 1048576]
09-13 22:37:54.349  2099  2373 I FeatureUpdater: updateFeatures: +g.3gpp.iari-ref="urn%3Aurn-7%3A3gpp-application.ims.iari.rcs.fthttp",+g.3gpp.iari-ref="urn%3Aurn-7%3A3gpp-application.ims.iari.rcs.chatbot",+g.3gpp.iari-ref="urn%3Aurn-7%3A3gpp-application.ims.iari.rcse.im",+g.3gpp.iari-ref="urn%3Aurn-7%3A3gpp-application.ims.iari.rcs.fullsfgroupchat",+g.3gpp.iari-ref="urn%3Aurn-7%3A3gpp-application.ims.iari.rcs.geopush",+g.3gpp.iari-ref="urn%3Aurn-7%3A3gpp-application.ims.iari.joyn.intmsg",
09-13 22:37:54.349  2099  2373 I RcsUtils: isDualRcsReg: false
09-13 22:37:54.349  2099  2373 I CapabilityUtil: onNetworkChanged: setOwnCapabilities(false) is called
09-13 22:37:54.349  2099  2373 I RcsUtils: isDualRcsReg: false
09-13 22:37:54.349  2099  2373 I CapabilityUpdate<0>: updateOwnCapabilities: isConfiguredOnCapability is true, features from all module is 1000018308c
09-13 22:37:54.349  2099  2373 I RegiMgr<0>: getServiceForNetwork: network 18
09-13 22:37:54.349  2099  2373 I RegiMgr<0>: getServiceForNetwork: service {options, chatbot-communication, ft_http, ft, im, euc, gls}
09-13 22:37:54.349  6117  6117 I MtpReceiver: connected [true], configured [false], USB_MODE [], usb_data_unlock [false], configChanged [false], hostConnected [false]
09-13 22:37:54.350  6117  6117 D MtpReceiver: handleUsbState stopService status=false
09-13 22:37:54.350  1203  1561 D ConnectivityService: Update of LinkProperties for [103 CELLULAR]; created=52030; firstConnected=52030
09-13 22:37:54.350  1203  1561 D ConnectivityService: notifyType CALLBACK_IP_CHANGED for [103 CELLULAR]
09-13 22:37:54.351  1203  1299 W libprocessgroup: Failed to open /dev/blkio//cgroup.procs: No such file or directory
09-13 22:37:54.353  2099  2373 I ConfigTrigger<0>: isValidAcsVersion:
09-13 22:37:54.354  2099  2373 I ConfigProvider: query uri:xxxxx
09-13 22:37:54.354  2798  2798 I [DOP]DOPUsbStateReceiver: [3:onReceive] Receiver Invoked. action: android.hardware.usb.action.USB_STATE
09-13 22:37:54.355  2798  2798 I [DOP]DOPUsbStateReceiver: [8:onReceive] (DOP_CONN) SEQ 2 USB_STATE Broadcast value isUSBConnected=true, isUSBConfigured=false, isConnGadgetEnabled(conn_gadget)=false
09-13 22:37:54.357  2099  2373 I ConfigProvider: queryStorage path content://com.samsung.rcs.autoconfigurationprovider/parameter/version#simslot0
09-13 22:37:54.357  1203  1299 W libprocessgroup: Failed to open /dev/blkio//cgroup.procs: No such file or directory
09-13 22:37:54.357 13189 13189 D MtpReceiver: onReceive : android.hardware.usb.action.USB_STATE
09-13 22:37:54.357  1203  1509 D SecContentProvider2: query(), uri = 18 selection = isRCSEnabled
09-13 22:37:54.357  1203  1509 I PhoneRestrictionPolicy: isRCSEnabledInternal(), showMsg: false, columnName: enableRCS
09-13 22:37:54.358 13189 13189 I MtpReceiver: connected [true], configured [false], USB_MODE [], usb_data_unlock [false], configChanged [false], hostConnected [false]
09-13 22:37:54.358  1203  1509 E PhoneRestrictionPolicy: getEmergencyCall >>false
09-13 22:37:54.358  1203  1509 I PhoneRestrictionPolicy: isRCSEnabledInternal(), showMsg: false, columnName: enableRCSForSimSlot0
09-13 22:37:54.358  1203  1509 E PhoneRestrictionPolicy: getEmergencyCall >>false
09-13 22:37:54.358 13189 13189 D MtpReceiver: handleUsbState stopService status=false
09-13 22:37:54.358  2099  2373 I ConfigTrigger<0>: RCS switch: true, version: 5, isRcsAcsCompleted: true
09-13 22:37:54.358  2099  2373 I ImsServiceSwitchEur[0]:  isRcsEnabled: true mDefaultSms true mUpsmEnabled false mEmergencyEnabled false
09-13 22:37:54.358  2099  2373 I ImsServiceSwitchEur[0]:  isRcsEnabled: true mDefaultSms true mUpsmEnabled false mEmergencyEnabled false
09-13 22:37:54.358  2099  2373 I ImsServiceSwitchEur[0]:  isRcsEnabled: true mDefaultSms true mUpsmEnabled false mEmergencyEnabled false
09-13 22:37:54.358  2099  2373 I ImsServiceSwitchEur[0]:  isRcsEnabled: true mDefaultSms true mUpsmEnabled false mEmergencyEnabled false
09-13 22:37:54.358  2099  2373 I ImsServiceSwitchEur[0]:  isRcsEnabled: true mDefaultSms true mUpsmEnabled false mEmergencyEnabled false
09-13 22:37:54.358  2099  2373 I ImsServiceSwitchEur[0]:  isRcsEnabled: true mDefaultSms true mUpsmEnabled false mEmergencyEnabled false
09-13 22:37:54.358  2099  2373 I ImsServiceSwitchEur[0]:  isRcsEnabled: true mDefaultSms true mUpsmEnabled false mEmergencyEnabled false
09-13 22:37:54.358  2099  2373 I ImsServiceSwitchEur[0]:  isRcsEnabled: true mDefaultSms true mUpsmEnabled false mEmergencyEnabled false
09-13 22:37:54.358  2099  2373 I ImsServiceSwitchEur[0]:  isRcsEnabled: true mDefaultSms true mUpsmEnabled false mEmergencyEnabled false
09-13 22:37:54.358  2099  2373 I ImsServiceSwitchEur[0]:  isRcsEnabled: true mDefaultSms true mUpsmEnabled false mEmergencyEnabled false
09-13 22:37:54.358  2099  2373 I ImsServiceSwitchEur[0]:  isRcsEnabled: true mDefaultSms true mUpsmEnabled false mEmergencyEnabled false
09-13 22:37:54.358  2099  2373 I ImsServiceSwitchEur[0]:  isRcsEnabled: true mDefaultSms true mUpsmEnabled false mEmergencyEnabled false
09-13 22:37:54.358  2099  2373 I ImsServiceSwitchEur[0]:  isRcsEnabled: true mDefaultSms true mUpsmEnabled false mEmergencyEnabled false
09-13 22:37:54.358  2099  2373 I ImsServiceSwitchEur[0]:  isRcsEnabled: true mDefaultSms true mUpsmEnabled false mEmergencyEnabled false
09-13 22:37:54.358  2099  2373 I ImsServiceSwitchEur[0]:  isRcsEnabled: true mDefaultSms true mUpsmEnabled false mEmergencyEnabled false
09-13 22:37:54.359  2099  2373 I RegiGvnBase: isVideoCallEnabled: Enable
09-13 22:37:54.359  2099  2373 I RegiMgr<0>: getServiceForNetwork: filtered service [ft_http, chatbot-communication, euc, im, options, ft, gls]
09-13 22:37:54.359  2099  2373 I RcsUtils: isDualRcsReg: false
09-13 22:37:54.359  2099  2373 I CapabilityUpdate<0>: setOwnCapabilities:
09-13 22:37:54.359  2099  2373 I RegiMgr<0>: getServiceForNetwork: network 18
09-13 22:37:54.359  2099  2373 I RegiMgr<0>: getServiceForNetwork: service {options, chatbot-communication, ft_http, ft, im, euc, gls}
09-13 22:37:54.361  1203  1516 D BluetoothManagerService: mDisableBleCallbacks count 25
09-13 22:37:54.361  1203  1985 D SLocation: SGeofenceCellManager - cellList : 2
09-13 22:37:54.361  2774  2848 I BluetoothAdapter: BluetoothAdapter() : com.google.android.projection.gearhead
09-13 22:37:54.362  2099  2373 I ConfigTrigger<0>: isValidAcsVersion:
09-13 22:37:54.363  2099  2373 I ConfigProvider: query uri:xxxxx
09-13 22:37:54.363  1025  2767 I adbd    : USB event: FUNCTIONFS_ENABLE
09-13 22:37:54.363  1025  2852 I adbd    : UsbFfs-worker thread spawned
09-13 22:37:54.364  1203  1486 V UsbDeviceManager: USB UEVENT: {SUBSYSTEM=android_usb, SEQNUM=14358, ACTION=change, USB_STATE=CONFIGURED, DEVPATH=/devices/virtual/android_usb/android0}
09-13 22:37:54.364  2099  2373 I ConfigProvider: queryStorage path content://com.samsung.rcs.autoconfigurationprovider/parameter/version#simslot0
09-13 22:37:54.365  1203  1283 D UsbDeviceManager: handleMessage -> MSG_UPDATE_STATE: connected=1 configured=1 mCurrentFunctions=
09-13 22:37:54.365  1203  1283 D UsbDeviceManager: updateUsbNotification(false): mConnected=true mHostConnected=false mSourcePower=false mSinkPower=true mUsbCharging=true
09-13 22:37:54.365  1203  1509 D SecContentProvider2: query(), uri = 18 selection = isRCSEnabled
09-13 22:37:54.365  1203  1283 D DexObserverFW: isDexModeOn() : false
09-13 22:37:54.365  1203  1509 I PhoneRestrictionPolicy: isRCSEnabledInternal(), showMsg: false, columnName: enableRCS
09-13 22:37:54.365  1203  1283 D DexObserverFW: isSemiDexModeOn() : false
09-13 22:37:54.365  1203  1283 D UsbDeviceManager: updateUsbStateBroadcastIfNeeded: functions=adb
09-13 22:37:54.365  1203  1283 D UsbDeviceManager: broadcasting Intent { act=android.hardware.usb.action.USB_STATE flg=0x31000000 (has extras) } extras: Bundle[{host_connected=false, connected=true, unlocked=false, config_changed=false, adb=true, configured=true}]
09-13 22:37:54.365  1203  1509 E PhoneRestrictionPolicy: getEmergencyCall >>false
09-13 22:37:54.365  1203  1509 I PhoneRestrictionPolicy: isRCSEnabledInternal(), showMsg: false, columnName: enableRCSForSimSlot0
09-13 22:37:54.365  1203  1509 E PhoneRestrictionPolicy: getEmergencyCall >>false
09-13 22:37:54.366  2099  2373 I ConfigTrigger<0>: RCS switch: true, version: 5, isRcsAcsCompleted: true
09-13 22:37:54.366  2099  2373 I ImsServiceSwitchEur[0]:  isRcsEnabled: true mDefaultSms true mUpsmEnabled false mEmergencyEnabled false
09-13 22:37:54.366  2099  2373 I ImsServiceSwitchEur[0]:  isRcsEnabled: true mDefaultSms true mUpsmEnabled false mEmergencyEnabled false
09-13 22:37:54.366  2099  2373 I ImsServiceSwitchEur[0]:  isRcsEnabled: true mDefaultSms true mUpsmEnabled false mEmergencyEnabled false
09-13 22:37:54.366  2099  2373 I ImsServiceSwitchEur[0]:  isRcsEnabled: true mDefaultSms true mUpsmEnabled false mEmergencyEnabled false
09-13 22:37:54.366  2099  2373 I ImsServiceSwitchEur[0]:  isRcsEnabled: true mDefaultSms true mUpsmEnabled false mEmergencyEnabled false
09-13 22:37:54.366  2099  2373 I ImsServiceSwitchEur[0]:  isRcsEnabled: true mDefaultSms true mUpsmEnabled false mEmergencyEnabled false
09-13 22:37:54.366  2099  2373 I ImsServiceSwitchEur[0]:  isRcsEnabled: true mDefaultSms true mUpsmEnabled false mEmergencyEnabled false
09-13 22:37:54.366  2099  2373 I ImsServiceSwitchEur[0]:  isRcsEnabled: true mDefaultSms true mUpsmEnabled false mEmergencyEnabled false
09-13 22:37:54.366  2099  2373 I ImsServiceSwitchEur[0]:  isRcsEnabled: true mDefaultSms true mUpsmEnabled false mEmergencyEnabled false
09-13 22:37:54.366  2099  2373 I ImsServiceSwitchEur[0]:  isRcsEnabled: true mDefaultSms true mUpsmEnabled false mEmergencyEnabled false
09-13 22:37:54.366  2099  2373 I ImsServiceSwitchEur[0]:  isRcsEnabled: true mDefaultSms true mUpsmEnabled false mEmergencyEnabled false
09-13 22:37:54.366  2099  2373 I ImsServiceSwitchEur[0]:  isRcsEnabled: true mDefaultSms true mUpsmEnabled false mEmergencyEnabled false
09-13 22:37:54.366  2099  2373 I ImsServiceSwitchEur[0]:  isRcsEnabled: true mDefaultSms true mUpsmEnabled false mEmergencyEnabled false
09-13 22:37:54.366  2099  2373 I ImsServiceSwitchEur[0]:  isRcsEnabled: true mDefaultSms true mUpsmEnabled false mEmergencyEnabled false
09-13 22:37:54.366  2099  2373 I ImsServiceSwitchEur[0]:  isRcsEnabled: true mDefaultSms true mUpsmEnabled false mEmergencyEnabled false
09-13 22:37:54.367  1892  2013 I Tethering: USB bcast connected:true configured:true rndis:false ncm:false
09-13 22:37:54.367  2774  2848 I GH.ConnLoggerV2: Session cce95b0b-cd37-42ae-8f91-5c6020c9d6b4, event 0, detail OptionalInt.empty, SESSION_STARTED, at 35128590 
09-13 22:37:54.367  2099  2373 I RegiGvnBase: isVideoCallEnabled: Enable
09-13 22:37:54.367  2099  2373 I RegiMgr<0>: getServiceForNetwork: filtered service [ft_http, chatbot-communication, euc, im, options, ft, gls]
09-13 22:37:54.367  2099  2373 I RcsUtils: isDualRcsReg: false
09-13 22:37:54.367  2099  2373 I CapabilityUtil: filterFeaturesWithCallState: disable ISH, VSH, ShareMap and ShareSketch
09-13 22:37:54.367  2099  2373 I CapabilityUpdate<0>: setOwnCapabilities: mHasVideoOwn = false
09-13 22:37:54.367  2099  2373 E #IMSCR  : 09-13 22:37:54 0x12010004:0,SETOWN:1099513200780
09-13 22:37:54.368  2099  2373 I CapabilityEventListener<0>: onMediaReady: ready true, isPresence false
09-13 22:37:54.368  2099  2373 I CapabilityUpdate<0>: setOwnCapabilities: updateOwnCapabilities
09-13 22:37:54.368  1203  1299 W libprocessgroup: Failed to open /dev/blkio//cgroup.procs: No such file or directory
09-13 22:37:54.368  2099  2373 I CapabilityUpdate<0>: updateOwnCapabilities: isConfiguredOnCapability is true, features from all module is 1000018308c
09-13 22:37:54.368  2099  2373 I RegiMgr<0>: getServiceForNetwork: network 18
09-13 22:37:54.368  2099  2488 I ResipOptionsHandler<0>: setOwnCapabilities: 1099513200780
09-13 22:37:54.368  2099  2488 I ResipRegiMgr: getUserAgent, phoneId=0
09-13 22:37:54.368  2099  2373 I RegiMgr<0>: getServiceForNetwork: service {options, chatbot-communication, ft_http, ft, im, euc, gls}
09-13 22:37:54.368  2099  2488 I ResipRegiMgr: getUserAgent, reg.getPhoneId()=0
09-13 22:37:54.368  2099  2488 I ResipOptionsHandler: setOwnCapabilities: handle = 22406
09-13 22:37:54.368  2099  2488 I StackIF : requestUpdateFeatureTag
09-13 22:37:54.368  2099  2488 I StackRequestBuilderUtil: requestUpdateFeatureTag
09-13 22:37:54.368  2099  2488 I StackRequestBuilderUtil: feature Tag1099513200780
09-13 22:37:54.368  2099  2488 I StackRequestBuilderUtil: feature Tag CHAT
09-13 22:37:54.369  2099  2488 I StackRequestBuilderUtil: feature Tag SF_GROUP_CHAT
09-13 22:37:54.369  2099  2488 I StackRequestBuilderUtil: feature Tag FT_HTTP
09-13 22:37:54.369  2099  2488 I StackRequestBuilderUtil: feature Tag INTEGRATED_MSG
09-13 22:37:54.369  2099  2488 I StackRequestBuilderUtil: feature Tag GEOLOCATION_PUSH
09-13 22:37:54.369  2099  2488 I StackRequestBuilderUtil: feature Tag CHATBOT_CHAT_SESSION
09-13 22:37:54.369  2099  2488 I SECIMSJ : [0861]> 108
09-13 22:37:54.369  2099  2488 I CapabilityDiscModule: handleMessage: evt 3
09-13 22:37:54.369  2099  2488 I CapabilityExchange<0>: requestInitialCapabilitiesQuery:
09-13 22:37:54.369  2099  2488 I CapabilityExchange<0>: requestInitialCapabilitiesQuery: disable initial scan
09-13 22:37:54.370  2099  2482 I [IMS6.0]: IMS_onResponse()
09-13 22:37:54.370  2099  2482 I StackIF : processMessage 2
09-13 22:37:54.370  2099  2482 I StackIF : Processing Response
09-13 22:37:54.370  2099  2482 I SECIMSJ : [0861]< 109
09-13 22:37:54.370  2099  2482 I StackIF : processResponse: reqId 109
09-13 22:37:54.370  2099  2482 I StackIF : processResponse: handle 22406 result 0 reason 0
09-13 22:37:54.371  2774  2848 I GH.ConnLoggerV2: Session cce95b0b-cd37-42ae-8f91-5c6020c9d6b4, event 1, detail OptionalInt.empty, USB_CHARGER_CONNECTED, at 35128590 
09-13 22:37:54.371  1203  1299 W libprocessgroup: Failed to open /dev/blkio//cgroup.procs: No such file or directory
09-13 22:37:54.371  2774  2848 I GH.ConnLoggerV2: Session cce95b0b-cd37-42ae-8f91-5c6020c9d6b4, event 2, detail OptionalInt.empty, USB_TRIGGER_CONNECTED, at 35128357 
09-13 22:37:54.371  2099  2373 I ConfigTrigger<0>: isValidAcsVersion:
09-13 22:37:54.371  6117  6117 D MtpReceiver: onReceive : android.hardware.usb.action.USB_STATE
09-13 22:37:54.372  6117  6117 I MtpReceiver: connected [true], configured [true], USB_MODE [], usb_data_unlock [false], configChanged [false], hostConnected [false]
09-13 22:37:54.372  6117  6117 D MtpReceiver: handleUsbState stopService status=false
09-13 22:37:54.372  2099  2373 I ConfigProvider: query uri:xxxxx
09-13 22:37:54.373  1203  1299 W libprocessgroup: Failed to open /dev/blkio//cgroup.procs: No such file or directory
09-13 22:37:54.374  2099  2373 I ConfigProvider: queryStorage path content://com.samsung.rcs.autoconfigurationprovider/parameter/version#simslot0
09-13 22:37:54.374  2798  2798 I [DOP]DOPUsbStateReceiver: [3:onReceive] Receiver Invoked. action: android.hardware.usb.action.USB_STATE
09-13 22:37:54.375  2798  2798 I [DOP]DOPUsbStateReceiver: [8:onReceive] (DOP_CONN) SEQ 3 USB_STATE Broadcast value isUSBConnected=true, isUSBConfigured=true, isConnGadgetEnabled(conn_gadget)=false
09-13 22:37:54.375  1203  4249 D SecContentProvider2: query(), uri = 18 selection = isRCSEnabled
09-13 22:37:54.375  1203  4249 I PhoneRestrictionPolicy: isRCSEnabledInternal(), showMsg: false, columnName: enableRCS
09-13 22:37:54.375  1203  4249 E PhoneRestrictionPolicy: getEmergencyCall >>false
09-13 22:37:54.375  1203  4249 I PhoneRestrictionPolicy: isRCSEnabledInternal(), showMsg: false, columnName: enableRCSForSimSlot0
09-13 22:37:54.375  1203  4249 E PhoneRestrictionPolicy: getEmergencyCall >>false
09-13 22:37:54.376  2099  2373 I ConfigTrigger<0>: RCS switch: true, version: 5, isRcsAcsCompleted: true
09-13 22:37:54.376  1203  1299 W libprocessgroup: Failed to open /dev/blkio//cgroup.procs: No such file or directory
09-13 22:37:54.376  2099  2373 I ImsServiceSwitchEur[0]:  isRcsEnabled: true mDefaultSms true mUpsmEnabled false mEmergencyEnabled false
09-13 22:37:54.376  2099  2373 I ImsServiceSwitchEur[0]:  isRcsEnabled: true mDefaultSms true mUpsmEnabled false mEmergencyEnabled false
09-13 22:37:54.376  2099  2373 I ImsServiceSwitchEur[0]:  isRcsEnabled: true mDefaultSms true mUpsmEnabled false mEmergencyEnabled false
09-13 22:37:54.376  2099  2373 I ImsServiceSwitchEur[0]:  isRcsEnabled: true mDefaultSms true mUpsmEnabled false mEmergencyEnabled false
09-13 22:37:54.376  2099  2373 I ImsServiceSwitchEur[0]:  isRcsEnabled: true mDefaultSms true mUpsmEnabled false mEmergencyEnabled false
09-13 22:37:54.376  2099  2373 I ImsServiceSwitchEur[0]:  isRcsEnabled: true mDefaultSms true mUpsmEnabled false mEmergencyEnabled false
09-13 22:37:54.376  2099  2373 I ImsServiceSwitchEur[0]:  isRcsEnabled: true mDefaultSms true mUpsmEnabled false mEmergencyEnabled false
09-13 22:37:54.376  2099  2373 I ImsServiceSwitchEur[0]:  isRcsEnabled: true mDefaultSms true mUpsmEnabled false mEmergencyEnabled false
09-13 22:37:54.376  2099  2373 I ImsServiceSwitchEur[0]:  isRcsEnabled: true mDefaultSms true mUpsmEnabled false mEmergencyEnabled false
09-13 22:37:54.376  2099  2373 I ImsServiceSwitchEur[0]:  isRcsEnabled: true mDefaultSms true mUpsmEnabled false mEmergencyEnabled false
09-13 22:37:54.376  2099  2373 I ImsServiceSwitchEur[0]:  isRcsEnabled: true mDefaultSms true mUpsmEnabled false mEmergencyEnabled false
09-13 22:37:54.376  2099  2373 I ImsServiceSwitchEur[0]:  isRcsEnabled: true mDefaultSms true mUpsmEnabled false mEmergencyEnabled false
09-13 22:37:54.376  2099  2373 I ImsServiceSwitchEur[0]:  isRcsEnabled: true mDefaultSms true mUpsmEnabled false mEmergencyEnabled false
09-13 22:37:54.376  2099  2373 I ImsServiceSwitchEur[0]:  isRcsEnabled: true mDefaultSms true mUpsmEnabled false mEmergencyEnabled false
09-13 22:37:54.376  2099  2373 I ImsServiceSwitchEur[0]:  isRcsEnabled: true mDefaultSms true mUpsmEnabled false mEmergencyEnabled false
09-13 22:37:54.377  2099  2373 I RegiGvnBase: isVideoCallEnabled: Enable
09-13 22:37:54.377  2099  2373 I RegiMgr<0>: getServiceForNetwork: filtered service [ft_http, chatbot-communication, euc, im, options, ft, gls]
09-13 22:37:54.377  2099  2373 I RcsUtils: isDualRcsReg: false
09-13 22:37:54.377  2099  2373 I SmsServiceModule: regInfo: null
09-13 22:37:54.377  2099  2373 I SmsServiceModule: disallow sms Service
09-13 22:37:54.377  2099  2373 I SmsServiceModule: Sms Service queryCapabilityStatus[0]: removeCapabilities CAPABILITY_TYPE_SMS
09-13 22:37:54.377  2099  2373 E CmcServiceHelper: disallow Call Service
09-13 22:37:54.377  2099  2373 E CmcServiceHelper: disallow Call Service
09-13 22:37:54.377  2099  2373 E CmcServiceHelper: disallow Call Service
09-13 22:37:54.377  2099  3841 I CapabilityDiscModule<0>: notifyOwnCapabilitiesChanged:
09-13 22:37:54.377  2099  2373 I UtServiceModule<0>: isUtEnabled with policy : PS_ALWAYS enabled = true
09-13 22:37:54.377  2099  3841 I CapabilityServiceEventListener<0>: notifyOwnCapabilitiesChanged: eventListener length: 2
09-13 22:37:54.378  2099  2373 I CapabilityDiscModule<0>: queryCapabilityStatus
09-13 22:37:54.378  2099  2373 I PdnController: isConnected:  [true] networktype [1]
09-13 22:37:54.378  2099  2373 I RegiMgr : isPdnConnected: true, PdnType: 1
09-13 22:37:54.378  2099  3841 I CapabilityProvider: notifyOwnServicesChange
09-13 22:37:54.378 13189 13189 D MtpReceiver: onReceive : android.hardware.usb.action.USB_STATE
09-13 22:37:54.378  2099  3841 I CapabilityProvider: notifyInCallServicesChange
09-13 22:37:54.378 13189 13189 I MtpReceiver: connected [true], configured [true], USB_MODE [], usb_data_unlock [false], configChanged [false], hostConnected [false]
09-13 22:37:54.378  2099  3841 I CapabilityServiceEventListener<0>: notifyOwnCapabilitiesChanged: finishBroadcast()
09-13 22:37:54.379  2099  2373 I PdnController: getDefaultNetworkBearer:  WIFI
09-13 22:37:54.379  2099  2373 I PdnController: isWifiConnected: [type: WIFI[], state: CONNECTED/CONNECTED, reason: (unspecified), extra: , failover: false, available: true, roaming: false]
09-13 22:37:54.379  2099  2373 I RegiMgr-Utils<0>: findBestNetwork: WIFI needWifiNetwork = true
09-13 22:37:54.379  2099  2373 I RegiMgr : slot[0]: [Telefonica spain for RCS|REGISTERED] updateRegistration: reason= by network event changed, rat=18, isForceReRegi=false, immediately=false
09-13 22:37:54.379  2099  2373 I RegiGvnBase: checkRegiStatus: getState()=REGISTERED mIsUpdateRegistering=false
09-13 22:37:54.379  2099  2373 I RegiMgr<0>: getTelephonyCallStatus:
09-13 22:37:54.380 13189 13189 D MtpReceiver: handleUsbState stopService status=false
09-13 22:37:54.380  2774  2774 I GH.SharedService: Shared Service created
09-13 22:37:54.380  2099  2373 I ConfigProvider: query uri:xxxxx
09-13 22:37:54.381  2099  2373 I ConfigProvider: queryStorage path content://com.samsung.rcs.autoconfigurationprovider/parameter/version#simslot0
09-13 22:37:54.383  2099  2373 I RegisterTask: isSuspended: mSuspended(false) mSuspendByIrat(false)
09-13 22:37:54.383  2099  2373 I ConfigProvider: query uri:xxxxx
09-13 22:37:54.384  2099  2373 I ConfigProvider: queryStorage path content://com.samsung.rcs.autoconfigurationprovider/parameter/UserPwd#simslot0
09-13 22:37:54.385  2099  2373 I RegiGvnBase<0>: isNeedToDeRegistration:
09-13 22:37:54.385  2099  2373 I ImsProfile: isRttSupportByCallApp : false ttyType : 1
09-13 22:37:54.385  2099  2373 I RegiMgr<0>: getServiceForNetwork: network 18
09-13 22:37:54.385  2099  2373 I RegiMgr<0>: getServiceForNetwork: service {options, chatbot-communication, ft_http, ft, im, euc, gls}
09-13 22:37:54.388  2099  2373 I ConfigTrigger<0>: isValidAcsVersion:
09-13 22:37:54.389  2099  2373 I ConfigProvider: query uri:xxxxx
09-13 22:37:54.389  2774  2774 I GH.SharedServiceConnect: onServiceConnected(ComponentName:ComponentInfo{com.google.android.projection.gearhead/com.google.android.gearhead.service.SharedService}, service:kew@c197b92)
09-13 22:37:54.391  2099  2373 I ConfigProvider: queryStorage path content://com.samsung.rcs.autoconfigurationprovider/parameter/version#simslot0
09-13 22:37:54.391  1203  4249 D SecContentProvider2: query(), uri = 18 selection = isRCSEnabled
09-13 22:37:54.391  1203  4249 I PhoneRestrictionPolicy: isRCSEnabledInternal(), showMsg: false, columnName: enableRCS
09-13 22:37:54.391  1203  4249 E PhoneRestrictionPolicy: getEmergencyCall >>false
09-13 22:37:54.391  1203  4249 I PhoneRestrictionPolicy: isRCSEnabledInternal(), showMsg: false, columnName: enableRCSForSimSlot0
09-13 22:37:54.391  1203  4249 E PhoneRestrictionPolicy: getEmergencyCall >>false
09-13 22:37:54.392  2099  2373 I ConfigTrigger<0>: RCS switch: true, version: 5, isRcsAcsCompleted: true
09-13 22:37:54.392  2099  2373 I ImsServiceSwitchEur[0]:  isRcsEnabled: true mDefaultSms true mUpsmEnabled false mEmergencyEnabled false
09-13 22:37:54.392  2099  2373 I ImsServiceSwitchEur[0]:  isRcsEnabled: true mDefaultSms true mUpsmEnabled false mEmergencyEnabled false
09-13 22:37:54.392  2099  2373 I ImsServiceSwitchEur[0]:  isRcsEnabled: true mDefaultSms true mUpsmEnabled false mEmergencyEnabled false
09-13 22:37:54.392  2099  2373 I ImsServiceSwitchEur[0]:  isRcsEnabled: true mDefaultSms true mUpsmEnabled false mEmergencyEnabled false
09-13 22:37:54.392  2099  2373 I ImsServiceSwitchEur[0]:  isRcsEnabled: true mDefaultSms true mUpsmEnabled false mEmergencyEnabled false
09-13 22:37:54.392  2099  2373 I ImsServiceSwitchEur[0]:  isRcsEnabled: true mDefaultSms true mUpsmEnabled false mEmergencyEnabled false
09-13 22:37:54.392  2099  2373 I ImsServiceSwitchEur[0]:  isRcsEnabled: true mDefaultSms true mUpsmEnabled false mEmergencyEnabled false
09-13 22:37:54.392  2099  2373 I ImsServiceSwitchEur[0]:  isRcsEnabled: true mDefaultSms true mUpsmEnabled false mEmergencyEnabled false
09-13 22:37:54.392  2099  2373 I ImsServiceSwitchEur[0]:  isRcsEnabled: true mDefaultSms true mUpsmEnabled false mEmergencyEnabled false
09-13 22:37:54.392  2099  2373 I ImsServiceSwitchEur[0]:  isRcsEnabled: true mDefaultSms true mUpsmEnabled false mEmergencyEnabled false
09-13 22:37:54.392  2099  2373 I ImsServiceSwitchEur[0]:  isRcsEnabled: true mDefaultSms true mUpsmEnabled false mEmergencyEnabled false
09-13 22:37:54.392  2099  2373 I ImsServiceSwitchEur[0]:  isRcsEnabled: true mDefaultSms true mUpsmEnabled false mEmergencyEnabled false
09-13 22:37:54.392  2099  2373 I ImsServiceSwitchEur[0]:  isRcsEnabled: true mDefaultSms true mUpsmEnabled false mEmergencyEnabled false
09-13 22:37:54.392  2099  2373 I ImsServiceSwitchEur[0]:  isRcsEnabled: true mDefaultSms true mUpsmEnabled false mEmergencyEnabled false
09-13 22:37:54.392  2099  2373 I ImsServiceSwitchEur[0]:  isRcsEnabled: true mDefaultSms true mUpsmEnabled false mEmergencyEnabled false
09-13 22:37:54.393  2099  2373 I RegiGvnBase: isVideoCallEnabled: Enable
09-13 22:37:54.393  2099  2373 I RegiMgr<0>: getServiceForNetwork: filtered service [ft_http, chatbot-communication, euc, im, options, ft, gls]
09-13 22:37:54.393  2099  2373 I RegiMgr<0>: getServiceForNetwork: registered service oldSvc[ft_http, chatbot-communication, euc, im, options, gls]
09-13 22:37:54.393  2099  2373 I RegiMgr-Utils<0>: updateRegistration: no need to re-register due to the policy
09-13 22:37:54.393  1203  4249 E AppOps  : evalMode() Foreground mode : uid - 10238, op - 1, capability - 0
09-13 22:37:54.393  2099  2373 I RegiMgr<0>: updateRegistration: updateRegistrationIcon: remove_icon_nosvc: false
09-13 22:37:54.393  2099  2373 I RegisterTask: isSuspended: mSuspended(false) mSuspendByIrat(false)
09-13 22:37:54.394  2099  2373 I ImsIconManager<0>: Volte/RCS RegistrationIcon: turned off.
09-13 22:37:54.394  2099  2373 I ImsIconManager<0>: updateRegistrationIcon: VoLTE [show: false, regi: false] VoWiFi [show: true, regi: false] RCS [show: false, regi: true] CROSS SIM [regi: false] (SUSPENDED: false)
09-13 22:37:54.394  2099  2373 I SimManager: getRilSimOperator: ETC
09-13 22:37:54.394  2099  2373 I ImsIconManager<0>: needShowNoCTCVoLTEIcon: false
09-13 22:37:54.394  2099  2373 I ImsIconManager<0>: isRcsIconVisible: true
09-13 22:37:54.394  2099  2373 I PaniGenerator<0>: generate: subId=4, network=13
09-13 22:37:54.394  2099  2373 I PaniGenerator<0>: generate: network=18, fallbackPlmn=21407
09-13 22:37:54.394  2099  2373 I PaniGenerator<0>: generateWiFiPani: Format for generating PANI - <PREFIX>;<NODE_ID>
09-13 22:37:54.395  1203  4249 D CompatibilityChangeReporter: Compat change id reported: 157233955; UID 10238; state: ENABLED
09-13 22:37:54.395  2099  2373 I PaniGenerator: WifiManager.getBSSID(): [86:78:71:17:a7:7e]
09-13 22:37:54.395  2099  2373 I PaniGenerator<0>: generateWiFiPani: normalized PANI: IEEE-802.11;i-wlan-node-id=86787117a77e
09-13 22:37:54.395  2099  2373 I PaniGenerator: setLkcForLastPani: No Last PANI header for Telefonica spain for RCS
09-13 22:37:54.395  2099  2373 I UserAgent<0>: updatePani: pani=IEEE-802.11;i-wlan-node-id=86787117a77e, updatePani: lastPani=null
09-13 22:37:54.395  2099  2373 I RegiMgr-NetEvtCtr<0>: handleNetworkEventBeforeRegister: new network event=NetworkEvent [network=13, voiceNetwork=13, voiceOverPs=SUPPORTED, outOfService=false, isDataRoaming=false, isVoiceRoaming=false, csOutOfService=false, isWifiConnected=true, isEpdgConnected=false, isEpdgAvailable=false, operatorNumeric=21407, isPsOnlyReg=false, isDataConnected=true], old network event=NetworkEvent [network=10, voiceNetwork=3, voiceOverPs=NOT_SUPPORTED, outOfService=false, isDataRoaming=false, isVoiceRoaming=false, csOutOfService=false, isWifiConnected=true, isEpdgConnected=false, isEpdgAvailable=false, operatorNumeric=21407, isPsOnlyReg=false, isDataConnected=true]
09-13 22:37:54.395  2099  2373 I SimManager: getRilSimOperator: ETC
09-13 22:37:54.395  2099  2373 I SimManager<0>: hasIsim: [false]
09-13 22:37:54.395  2099  2475 I StackIF : updatePani: 22406 pani: [IEEE-802.11;i-wlan-node-id=86787117a77e]
09-13 22:37:54.395  2099  2475 I SECIMSJ : [0862]> 124
09-13 22:37:54.396  2099  2373 I SimManager: mSimState:LOADED, mIsimLoaded:false, hasIsim():false
09-13 22:37:54.396  2099  2373 I SimManager: getRilSimOperator: ETC
09-13 22:37:54.396  2099  2482 I [IMS6.0]: IMS_onResponse()
09-13 22:37:54.396  2099  2482 I StackIF : processMessage 2
09-13 22:37:54.396  2099  2482 I StackIF : Processing Response
09-13 22:37:54.396  2099  2482 I SECIMSJ : [0862]< 600
09-13 22:37:54.396  2099  2373 I SimManager<0>: hasIsim: [false]
09-13 22:37:54.396  2099  2482 I StackIF : processResponse: reqId 600
09-13 22:37:54.396  2099  2482 I StackIF : processResponse: handle 22406 result 0 reason 0
09-13 22:37:54.396  2099  2373 I RegiMgr-NetEvtCtr<0>: onNetworkEventChanged: tryRegister by phoneID
09-13 22:37:54.396  2099  2373 I RegiMgr<0>: tryRegister:
09-13 22:37:54.396  2099  2373 I RegiMgr<0>: RegisterTask(s): Telefonica spain for RCS (REGISTERED, rat = 18, service = [ft_http, chatbot-communication, euc, im, options, gls]), TELEFONICA spain for VoLTE (IDLE)
09-13 22:37:54.396  2099  2373 I RcsPolicyMgr<0>: pendingRcsRegister: mActiveDataPhoneId = 0
09-13 22:37:54.396  2099  2373 I RcsUtils: isDualRcsReg: false
09-13 22:37:54.396  2099  2373 I RcsPolicyMgr<0>: pendingRcsRegister: mActiveDataPhoneId = 0
09-13 22:37:54.396  1203  4249 E AppOps  : evalMode() Foreground mode : uid - 10238, op - 1, capability - 0
09-13 22:37:54.396  2099  2373 I RegisterTask: isSuspended: mSuspended(false) mSuspendByIrat(false)
09-13 22:37:54.396  2099  2373 I RegiMgr<0>: [TELEFONICA spain for VoLTE|IDLE] checkForTryRegister id: 166
09-13 22:37:54.396  2099  2373 I RegiMgr : isPdnConnected: false, PdnType: 11
09-13 22:37:54.397  2099  2373 I PdnController: getDefaultNetworkBearer:  WIFI
09-13 22:37:54.397  2099  2373 I PdnController<0>: isNetworkAvailable: isEpdgConnected=false getDataNetworkType()=13
09-13 22:37:54.397  1203  4260 E AppOps  : evalMode() Foreground mode : uid - 10238, op - 1, capability - 0
09-13 22:37:54.397  2099  2373 I RegiMgr-Utils<0>: findBestNetwork: LTE
09-13 22:37:54.397  2099  2373 I RegiGvnBase<0>: isReadyToDualRegister : true
09-13 22:37:54.398  2099  2373 I RegiMgr<0>: [TELEFONICA spain for VoLTE|IDLE] checkInitialRegistrationIsReady: APM ON [false], Roamimg [false]
09-13 22:37:54.398  2099  2373 I RcsPolicyMgr<0>: pendingRcsRegister: mActiveDataPhoneId = 0
09-13 22:37:54.398  2099  2373 I ImsProfile: isRttSupportByCallApp : false ttyType : 1
09-13 22:37:54.398  2099  2373 I RegiMgr-Utils<0>: getPriorityRegiedTask : isPriority  High? true
09-13 22:37:54.398  2099  2373 I RegiGvnBase: checkRegiStatus: getState()=IDLE mIsUpdateRegistering=false
09-13 22:37:54.399  2099  2373 I RegiMgr<0>: getTelephonyCallStatus:
09-13 22:37:54.399  2099  2373 I RegiMgr<0>: getTelephonyCallStatus:
09-13 22:37:54.399  2774  2848 I GH.ConnLoggerV2: Session cce95b0b-cd37-42ae-8f91-5c6020c9d6b4, event 3, detail OptionalInt.empty, USB_TRIGGER_CONNECTED_CONFIGURED, at 35128484 
09-13 22:37:54.399  2099  2373 I RegiGvnBase[0]: isDelayedDeregisterTimerRunning [false]
09-13 22:37:54.400  1203  4249 E AppOps  : evalMode() Foreground mode : uid - 10238, op - 1, capability - 0
09-13 22:37:54.400  2099  2373 I ImsServiceSwitchEur[0]:  isRcsEnabled: true mDefaultSms true mUpsmEnabled false mEmergencyEnabled false
09-13 22:37:54.401  2099  2373 I ConfigTrigger<0>: isWaitAutoConfig:
09-13 22:37:54.401  2099  2373 I ImsServiceSwitchEur[0]:  isRcsEnabled: true mDefaultSms true mUpsmEnabled false mEmergencyEnabled false
09-13 22:37:54.401  2099  2373 I RegiMgr-Utils: selectPdnType: rat=13pdn=11
09-13 22:37:54.401  2099  2373 I RegiMgr<0>: getServiceForNetwork: network 13
09-13 22:37:54.401  2099  2373 I RegiMgr<0>: getServiceForNetwork: service {mmtel, mmtel-video}
09-13 22:37:54.401  1203  4260 W BroadcastQueue: Permission Denial: receiving Intent { act=android.intent.action.SERVICE_STATE flg=0x1000010 (has extras) } to com.google.android.cellbroadcastreceiver/com.android.cellbroadcastreceiver.CellBroadcastReceiver requires android.permission.READ_PHONE_STATE due to sender android (uid 1001)
09-13 22:37:54.402  1203  4260 I ActivityManager: Killing 32674:com.google.android.packageinstaller/u0a84 (adj 999): empty #33
09-13 22:37:54.403  1203  1293 W BroadcastQueue: Permission Denial: receiving Intent { act=android.intent.action.SERVICE_STATE flg=0x1000010 (has extras) } to com.google.android.cellbroadcastreceiver/com.android.cellbroadcastreceiver.CellBroadcastReceiver requires android.permission.ACCESS_FINE_LOCATION due to sender android (uid 1001)
09-13 22:37:54.403  1203  1293 W BroadcastQueue: Permission Denial: receiving Intent { act=android.intent.action.SERVICE_STATE flg=0x1000010 (has extras) } to com.google.android.cellbroadcastreceiver/com.android.cellbroadcastreceiver.CellBroadcastReceiver requires android.permission.READ_PHONE_STATE due to sender android (uid 1001)
09-13 22:37:54.404  2099  2373 I SimManager: isLabSimCard: state [LOADED] isLabSim [false]
09-13 22:37:54.404  1203  1293 D CompatibilityChangeReporter: Compat change id reported: 168419799; UID 10335; state: DISABLED
09-13 22:37:54.406  2099  2373 I RegiGvnEur: isDataAllowed: isRoaming = false, isDataOn = true, isDataRoamingOn =true
09-13 22:37:54.406  2099  2373 I ConfigTrigger<0>: isValidAcsVersion:
09-13 22:37:54.406  2099  2373 I ConfigProvider: query uri:xxxxx
09-13 22:37:54.406  2412  2412 D CellBroadcastReceiver: onReceive Intent { act=android.intent.action.SERVICE_STATE flg=0x1000010 cmp=com.google.android.cellbroadcastreceiver/com.android.cellbroadcastreceiver.CellBroadcastReceiver (has extras) }
09-13 22:37:54.406  2412  2412 D CellBroadcastReceiver: onServiceStateChanged, ss: 0
09-13 22:37:54.406  2412  2412 D CellBroadcastReceiver: networkOperator: 21407
09-13 22:37:54.407  2412  2412 D CellBroadcastReceiver: update supported roaming operator as 
09-13 22:37:54.408  1203  1295 I libprocessgroup: Successfully killed process cgroup uid 10084 pid 32674 in 5ms
09-13 22:37:54.408  2099  2373 I ConfigProvider: queryStorage path content://com.samsung.rcs.autoconfigurationprovider/parameter/version#simslot0
09-13 22:37:54.409  1203  4249 D SecContentProvider2: query(), uri = 18 selection = isRCSEnabled
09-13 22:37:54.409  1203  4249 I PhoneRestrictionPolicy: isRCSEnabledInternal(), showMsg: false, columnName: enableRCS
09-13 22:37:54.409  1203  4249 E PhoneRestrictionPolicy: getEmergencyCall >>false
09-13 22:37:54.409  1203  4249 I PhoneRestrictionPolicy: isRCSEnabledInternal(), showMsg: false, columnName: enableRCSForSimSlot0
09-13 22:37:54.409  1203  4249 E PhoneRestrictionPolicy: getEmergencyCall >>false
09-13 22:37:54.410  2099  2373 I ConfigTrigger<0>: RCS switch: true, version: 5, isRcsAcsCompleted: true
09-13 22:37:54.410  2099  2373 I ConfigProvider: query uri:xxxxx
09-13 22:37:54.411  2774  2848 I GH.ConnLoggerV2: Session cce95b0b-cd37-42ae-8f91-5c6020c9d6b4, event 4, detail OptionalInt.empty, USB_TRIGGER_CONNECTED, at 35128619 
09-13 22:37:54.412  2099  2373 I ConfigProvider: queryStorage path content://com.samsung.rcs.autoconfigurationprovider/parameter/geolocPushAuth#simslot0
09-13 22:37:54.412  2099  2373 I ConfigProvider: query uri:xxxxx
09-13 22:37:54.413  2099  2373 I ConfigProvider: queryStorage path content://com.samsung.rcs.autoconfigurationprovider/parameter/postCallAuth#simslot0
09-13 22:37:54.413  2099  2373 I ConfigProvider: query uri:xxxxx
09-13 22:37:54.415  2099  2373 I ConfigProvider: queryStorage path content://com.samsung.rcs.autoconfigurationprovider/parameter/sharedSketchAuth#simslot0
09-13 22:37:54.415  2099  2373 I ConfigProvider: query uri:xxxxx
09-13 22:37:54.416  2099  2373 I ConfigProvider: queryStorage path content://com.samsung.rcs.autoconfigurationprovider/parameter/sharedMapAuth#simslot0
09-13 22:37:54.418  1203  1799 E AppOps  : evalMode() Foreground mode : uid - 10238, op - 1, capability - 0
09-13 22:37:54.418  2099  2373 I RegiGvnBase: getVoiceTechType: VOLTE
09-13 22:37:54.419  2099  2373 I RegiMgr<0>: getServiceForNetwork: filtered service [mmtel-video, mmtel]
09-13 22:37:54.419  2099  2373 I RegiMgr-Utils<0>: getPriorityRegiedTask : isPriority  High? false
09-13 22:37:54.419  2099  2373 I RegiMgr : slot[0]: [TELEFONICA spain for VoLTE|IDLE] tryRegister: connecting to network 11
09-13 22:37:54.419  2774  2848 I GH.ConnLoggerV2: Session cce95b0b-cd37-42ae-8f91-5c6020c9d6b4, event 5, detail OptionalInt.empty, USB_TRIGGER_CONNECTED_CONFIGURED, at 35128647 
09-13 22:37:54.419  2099  2373 I RegiMgr-Utils<0>: getPhoneIdForStartConnectivity: task: RegisterTask[0][mProfile=TELEFONICA spain for VoLTE, mRegistrationRat=13, mPdnType=11, mState=CONNECTING, mObject=null, mReason=, mPcscfHostname=null, mDeregiReason=41] phoneId: 0
09-13 22:37:54.419  2099  2373 I PdnController<0>: startPdnConnectivity: networkType 11
09-13 22:37:54.419  2099  2373 I RegiGvnEur: startTimsTimer : TELEFONICA spain for VoLTE(CONNECTING) Pdn(11,false)
09-13 22:37:54.419  2099  2373 I RegiGvnBase: startTimsEstablishTimer: millis = 120000, reason = [ImsPdnRequst]
09-13 22:37:54.420  1203  1799 E AppOps  : evalMode() Foreground mode : uid - 10238, op - 1, capability - 0
09-13 22:37:54.420  1203  4260 D CompatibilityChangeReporter: Compat change id reported: 171306433; UID 1000; state: ENABLED
09-13 22:37:54.421  1203  4260 D CompatibilityChangeReporter: Compat change id reported: 218533173; UID 1000; state: ENABLED
09-13 22:37:54.422  2099  2373 E #IMSREGI: (0, TELEFONICA spain for VoLTE) PDN REQUEST : type - 11 <+0.089s>
09-13 22:37:54.422  2099  2373 I GeolocationCon: handleMessage : what = SERVICE_STATE_CHANGED
09-13 22:37:54.422  2099  2373 I GeolocationCon: matchTimingReqLocation ,match=0, timing=4
09-13 22:37:54.422  2099  2373 I GeolocationCon: matchTimingReqLocation ,match=0, timing=4
09-13 22:37:54.422  2099  2373 I GeolocationCon: matchTimingReqLocation ,match=0, timing=4
09-13 22:37:54.422  2099  2373 I GeolocationCon: profile is null
09-13 22:37:54.423  2099  2373 I GeolocationCon<0>: onNetworkCountryIsoChanged: mCountryIso = es, iso = es
09-13 22:37:54.423  2099  2373 I PdnController: handleMessage: what 101
09-13 22:37:54.423  2099  2373 I PdnController: slot[0]: requestNetwork: networkType 11, callback=null
09-13 22:37:54.423  2099  2373 I PdnController<0>: startPdnConnectivity: transport 0 capability 4 needRequestMobileNetwork false
09-13 22:37:54.424  1203  4260 D CompatibilityChangeReporter: Compat change id reported: 266524688; UID 1000; state: DISABLED
09-13 22:37:54.424  1203  4260 D ConnectivityService: requestNetwork for uid/pid:1000/2099 activeRequest: null callbackRequest: 1387 [NetworkRequest [ REQUEST id=1387, [ Transports: CELLULAR Capabilities: IMS&TRUSTED&NOT_VPN Specifier: <TelephonyNetworkSpecifier [mSubId = 4]> Uid: 1000 RequestorUid: 1000 RequestorPkg: com.sec.imsservice UnderlyingNetworks: Null] ]] callback flags: 0 order: 2147483647
09-13 22:37:54.424  2099  2373 I RegiMgr-Handler: handleMessage: EVENT_DO_PENDING_UPDATE_REGISTRATION
09-13 22:37:54.427  1203  1561 D ConnectivityService: Rematched networks [computed 0ms] [applied 1ms] [issued 1]
09-13 22:37:54.427  1203  1561 D ConnectivityService: NetworkReassignment : no changes
09-13 22:37:54.427  1701  1701 D PhoneSwitcherNetworkRequstListener: got request NetworkRequest [ REQUEST id=1387, [ Transports: CELLULAR Capabilities: IMS&TRUSTED&NOT_VPN Specifier: <TelephonyNetworkSpecifier [mSubId = 4]> Uid: 1000 RequestorUid: 1000 RequestorPkg: com.sec.imsservice UnderlyingNetworks: Null] ]
09-13 22:37:54.436  1701  1701 I TelephonyProvider: D/TelephonyProvider: subIdString = 4 subId = 4
09-13 22:37:54.436  1701  1701 I TelephonyProvider: D/TelephonyProvider: getPreferredApnId use imsi instead of subId by CscFeature.
09-13 22:37:54.437   764   764 I Zygote  : Process 32674 exited due to signal 9 (Killed)
09-13 22:37:54.444  1701  1701 I TelephonyProvider: D/TelephonyProvider: subIdString = 4 subId = 4
09-13 22:37:54.452  1701  1701 I TelephonyProvider: D/TelephonyProvider: subIdString = 4 subId = 4
09-13 22:37:54.452  1203  1614 D SemNscXgbMsL1: Probability - Cloud gaming: [0.04415229]
09-13 22:37:54.452  1701  1701 I TelephonyProvider: D/TelephonyProvider: getPreferredApnId use imsi instead of subId by CscFeature.
09-13 22:37:54.452  1203  1614 D SemNscXgbMsL1: Probability - Real time: [0.10864212]
