09-13 21:47:44.397  1203 18963 D RemoteAppTaskWatcher:  ****** RemoteAppTaskWatcher: Message Received 3 Task ID = 3129
09-13 21:47:44.397  1203 18963 D RemoteAppTaskWatcher:  ****** RemoteAppTaskWatcher: Message Received 3 Task ID = 3129
09-13 21:47:44.400  1203  1269 W System  : A resource failed to call release. 
09-13 21:47:44.400  1203  1269 W System  : A resource failed to call close. 
09-13 21:47:44.401  2236  2236 I RecentsView: onTaskRemoved() taskId : 3129
09-13 21:47:44.401  2236  2236 I TopTaskTracker: onTaskRemoved : taskId = 3129
09-13 21:47:44.401  2236  2236 I RecentsView: onTaskRemoved() taskId : 3129
09-13 21:47:44.401  2236  2236 I TopTaskTracker: onTaskRemoved : taskId = 3129
09-13 21:47:44.403  1203  1269 W System  : A resource failed to call close. 
09-13 21:47:44.405  1203  1269 W System  : A resource failed to call HardwareBuffer.close. 
09-13 21:47:44.412   875   875 I Layer   : id=1558 removeFromCurrentState ActivityRecord{c4ec193 u0 org.cosmosmataro.skymap/.activities.SplashScreenActivity} t3129}#1558 (133)
09-13 21:47:44.412   875   875 I Layer   : id=1564 removeFromCurrentState 76f682 ActivityRecordInputSink org.cosmosmataro.skymap/.activities.SplashScreenActivity#1564 (133)
09-13 21:47:44.412   875   875 I Layer   : id=1557 removeFromCurrentState Task=3129#1557 (133)
09-13 21:47:44.412   875   875 I Layer   : id=1566 removeFromCurrentState Task=3129#1566 (133)
09-13 21:47:44.412   875   875 I SurfaceFlinger: id=1558 Removed ActivityRecord{c4ec193 u0 org.cosmosmataro.skymap/.activities.SplashScreenActivity} t3129}#1558 (133)
09-13 21:47:44.412   875   875 I SurfaceFlinger: id=1566 Removed Task=3129#1566 (133)
09-13 21:47:44.412   875   875 I Layer   : id=1566 Destroyed Task=3129#1566
09-13 21:47:44.412   875   875 I Layer   : id=1558 Destroyed ActivityRecord{c4ec193 u0 org.cosmosmataro.skymap/.activities.SplashScreenActivity} t3129}#1558
09-13 21:47:44.412   875   875 I Layer   : id=1564 Destroyed 76f682 ActivityRecordInputSink org.cosmosmataro.skymap/.activities.SplashScreenActivity#1564
09-13 21:47:44.416 20681 20681 W oid.sm.provider: ClassLoaderContext shared library size mismatch. Expected=0, found=2 (PCL[] | PCL[]{PCL[/system/framework/android.test.base.jar*1628045882]#PCL[/system/framework/android.test.mock.jar*2695051129]})
09-13 21:47:44.476  1203  4248 I GenerationRegistry: mBackingStore.isClosed() : false
09-13 21:47:44.499 20681 20681 I SmApplication: onCreate
09-13 21:47:44.499 20681 20681 I SmApplication: current process is com.samsung.android.sm.provider
09-13 21:47:44.500  1203  1203 W AccessibilityManagerService:  wait for adding window timeout: 129
09-13 21:47:44.507 20478 20676 I NotifiedWithin1DayAnomalyFilter: This app org.cosmosmataro.skymap 10492 is already notified within 24 hours, so we do not notify this anomaly
09-13 21:47:44.507 20478 20676 I NotifiedWithin1DayAnomalyFilter: notified within 1 day. skip it p:org.cosmosmataro.skymap
09-13 21:47:44.507 20478 20676 W ContextImpl: Calling a method in the system process without a qualified user: android.app.ContextImpl.sendBroadcast:1252 android.content.ContextWrapper.sendBroadcast:509 com.samsung.android.sm.anomaly.service.AnomalyNotificationService.onHandleIntent:532 android.app.IntentService$ServiceHandler.handleMessage:78 android.os.Handler.dispatchMessage:106 
09-13 21:47:44.516  1203  4248 D PackageManager: setEnabledSetting : userId = 0 packageName = com.samsung.android.lool cmp = androidx.work.impl.background.systemjob.SystemJobService newState = 1 callingPackage = 1000/com.samsung.android.lool
09-13 21:47:44.517  1203  4248 D ApplicationPolicy: getApplicationStateEnabled : pkg = com.samsung.android.lool userId : 0
09-13 21:47:44.517  1203  4248 D ApplicationPolicy: getApplicationComponentState : pkg = com.samsung.android.lool userId : 0
09-13 21:47:44.532  1203  1524 I HqmInfo::HqmManagerService: MSG_TYPE:MSG_TYPE_PROCESS_LOG_BY_HQM
09-13 21:47:44.539   785   785 I android.hardware.health@2.1-service-samsung: updateLrpSysfs: write: 303
09-13 21:47:44.539  1203  1523 D BatteryService: Sending ACTION_BATTERY_CHANGED: level:99, status:2, health:2, ac:false, usb:true, wireless:false, pogo:false, misc:0x30000, charge_type:1, charger_type:0, voltage:4090, temperature:285, online:5, current_avg:612, ps:false, hvc:false, capacity:280000, current_event:0x8000, current_now:-66, mcc:0, mcv:0, cc:4046368, present:true, scale:100, technology:Li-ion
09-13 21:47:44.540  1203  1501 D MotionRecognitionService: [SAR]  onReceive : ACTION_BATTERY_CHANGED, Plugged: 2
09-13 21:47:44.540  1203  1203 D PhoneWindowManagerExt: ACTION_BATTERY_CHANGED - Level=99, status=2
09-13 21:47:44.540  1203  1650 I DeviceBatteryInfoService: action: android.intent.action.BATTERY_CHANGED
09-13 21:47:44.540  1203  1650 I DeviceBatteryInfoService: phone battery level: 99
09-13 21:47:44.540  1203  1650 I DeviceBatteryInfoService: phone battery status: 2
09-13 21:47:44.540  1203  1203 D AdaptiveBrightnessLongtermModelBuilder: Received android.intent.action.BATTERY_CHANGED
09-13 21:47:44.540  1203  1203 D SemWifiApBroadcastReceiver: Received : android.intent.action.BATTERY_CHANGED
09-13 21:47:44.540  1701  1701 D SemBigDataInfoController: Intent: android.intent.action.BATTERY_CHANGED
09-13 21:47:44.540  1701  1701 D SemBigDataInfoController: Intent: android.intent.action.BATTERY_CHANGED
09-13 21:47:44.540  1203  1293 D BaseRestrictionMgr: Package: com.whatsapp, userid: 0, hostingType: broadcast is Restricted by policy: 4 caller is: null
09-13 21:47:44.540  1203  1293 W BroadcastQueue: intent:Intent { act=android.intent.action.BATTERY_CHANGED flg=0x60000010 (has extras) } is skipped in RestrictedPackage to ProcessRecord{c0e9a55 12699:com.whatsapp/u0a354}
09-13 21:47:44.540  1721  1721 I AODBatteryManager: updateBatteryData: ACTION_BATTERY_CHANGED
09-13 21:47:44.540  1203  1293 D BaseRestrictionMgr: Package: com.google.android.youtube, userid: 0, hostingType: broadcast is Restricted by policy: 4 caller is: null
09-13 21:47:44.540  1203  1293 W BroadcastQueue: intent:Intent { act=android.intent.action.BATTERY_CHANGED flg=0x60000010 (has extras) } is skipped in RestrictedPackage to ProcessRecord{d99997 3751:com.google.android.youtube/u0a256}
09-13 21:47:44.541  1721  1721 I AODBatteryManager: saveBatteryData : AOD BatteryData [mBatteryLevel=99, mBatteryStatus=CHARGING, mBatteryPlugType=USB, mBatteryPlugged=true, mRemainingChargeTime=179000, mBatteryChargingType=1, mBatteryChargerType=NORMAL, mBatteryOnline=NOT_DEFINED, mBatterySwellingMode=NONE, mBatteryProtectMode=false]
09-13 21:47:44.541  1721  1721 D SamsungBatteryMeterDrawable: onBatteryLevelChanged isSomethingChanged: false
09-13 21:47:44.542  1721  1721 D SamsungBatteryMeterDrawable: onBatteryLevelChanged isSomethingChanged: false
09-13 21:47:44.542  1721  1721 D SamsungBatteryMeterDrawable: onBatteryLevelChanged isSomethingChanged: false
09-13 21:47:44.542  1721  1721 D SamsungBatteryMeterDrawable: onBatteryLevelChanged isSomethingChanged: false
09-13 21:47:44.542  1721  1721 I PowerUI : mBootCompleted = true |  mFullyConnected = true
09-13 21:47:44.542  1721  1721 I PowerUI : BATTERY_HEALTH_CHECK extraHealth=2 mBatteryMiscEvent=196608
09-13 21:47:44.542  1721  1721 W PowerUI : Plug reason
09-13 21:47:44.542  1721  1721 W PowerUI : Skip charging animation - by plug status
09-13 21:47:44.542  1721  1721 D PowerUI : priorPlugType = 2 mPlugType = 2 priorBatteryStatus = 2 mBatteryStatus = 2
09-13 21:47:44.542  1721  1721 W PowerUI : Plug reason
09-13 21:47:44.542  1721  1721 W PowerUI : Skip charging sound - by plug status
09-13 21:47:44.542  1721  1721 I PowerUI : oldMisalign : false, curMisalign : false
09-13 21:47:44.542  1721  8282 D SecPowerUI.Notification: dismissing low battery warning: level=99
09-13 21:47:44.542  1721  8282 D SecPowerUI.Notification: updateNotification mWarning=false mPlaySound=false
09-13 21:47:44.542  1721  8282 D SecPowerUI.Notification: SecBatteryStatsSnapshot{batteryLevel=99, currentBatteryMode=1, chargingTime=179000, chargingType=11, batteryHealth=2, automaticTestMode=false, isHiccupState=false}
09-13 21:47:44.542  1721  8282 D SecPowerUI.Notification: 1. restoreScreenTimeOut - saved_value : :
09-13 21:47:44.542  1721  8282 E SecPowerUI.Notification: no saved value, so we do nothing !!
09-13 21:47:44.542  1721  1721 D SecPowerUI.Notification: showChargingNotice oldChargingType : 11 / currentChargingType : 11, oldChargingTime : 179000 / mChargingTime : 179000
09-13 21:47:44.542  1721  1721 D SecPowerUI.Notification: There is no change about charging status, so return!
09-13 21:47:44.542  1721  1721 D PowerUI : Battery swelling mode - priorBatterySwellingMode = 0 mBatterySwellingMode = 0 mBatteryStatus = 2
09-13 21:47:44.542  1721  1721 I PowerUI : mBatteryMiscEvent = 196608
09-13 21:47:44.542  1721  1721 D KeyguardUpdateMonitor: received broadcast android.intent.action.BATTERY_CHANGED
09-13 21:47:44.542  1721  1721 D KeyguardUpdateMonitor: handleBatteryUpdate
09-13 21:47:44.551  1203  1289 E Watchdog: !@Sync: 724 heap: 152 / 163 FD: 1171 [2025-09-13 21:47:44.551]
09-13 21:47:44.557   797 20675 I HYPER-HAL: [ResourceManager.cpp]removeResource(): [CPUMinFreq] RemoveResource Request ID : 748496
09-13 21:47:44.557   797 20675 I HYPER-HAL: [RequestManager.cpp]releaseLocked(): Released ID : 748496
09-13 21:47:44.558  4350  4350 I Utils   : isCurrentUser current = 0, ownerId = 0
09-13 21:47:44.558  4350  4350 I TrayVisibilityController: getComputedTrayVisible : keyguardState = 1
09-13 21:47:44.558  4350  4350 I TrayVisibilityController: updateTrayVisible: State=1 visible=1 mCurrentVisible=1 specificMode=0
09-13 21:47:44.558  4350  4350 I TrayStateController: onNotifyUpdateTray: state=0
09-13 21:47:44.568  1203  1272 D CompatibilityChangeReporter: Compat change id reported: 194532703; UID 1000; state: ENABLED
09-13 21:47:44.570  1203  1272 D CompatibilityChangeReporter: Compat change id reported: 194532703; UID 1000; state: DISABLED
09-13 21:47:44.592  1203  1272 D PackageManager: setEnabledSetting : userId = 0 packageName = com.samsung.android.lool cmp = androidx.work.impl.background.systemalarm.RescheduleReceiver newState = 1 callingPackage = 1000/com.samsung.android.lool
09-13 21:47:44.592  1203  1272 D ApplicationPolicy: getApplicationStateEnabled : pkg = com.samsung.android.lool userId : 0
09-13 21:47:44.593  1203  1272 D ApplicationPolicy: getApplicationComponentState : pkg = com.samsung.android.lool userId : 0
09-13 21:47:44.604  1203  1299 W libprocessgroup: Failed to open /dev/blkio//cgroup.procs: No such file or directory
09-13 21:47:44.604  1203  1299 W libprocessgroup: Failed to open /dev/blkio//cgroup.procs: No such file or directory
09-13 21:47:44.700  1203  1286 W ActivityTaskManager: Activity top resumed state loss timeout for ActivityRecord{c4ec193 u0 org.cosmosmataro.skymap/.activities.SplashScreenActivity} t-1 f}}
09-13 21:47:44.700  1203  1286 D ActivityTaskManager: scheduleTopResumedActivityChanged, onTop=true r=ActivityRecord{4c27c12 u0 com.samsung.android.app.galaxyfinder/.GalaxyFinderActivity} t3117} caller=com.android.server.wm.ActivityTaskSupervisor.scheduleTopResumedActivityStateIfNeeded:2535 com.android.server.wm.ActivityTaskSupervisor.handleTopResumedStateReleased:2564 com.android.server.wm.ActivityTaskSupervisor$ActivityTaskSupervisorHandler.handleMessageInner:2990 com.android.server.wm.ActivityTaskSupervisor$ActivityTaskSupervisorHandler.handleMessage:2888 android.os.Handler.dispatchMessage:106 android.os.Looper.loopOnce:226 
09-13 21:47:44.713 20478 20705 I SdhmsIntegrationWorker: integrate: 6
09-13 21:47:44.724 20478 20702 I WM-WorkerWrapper: Worker result SUCCESS for Work [ id=2c626dd8-3a0a-4fdd-9f73-eea973755e33, tags={ com.samsung.android.sm.history.SdhmsIntegrationWorker } ]
09-13 21:47:44.877   875   875 D SurfaceFlinger: GPIS:: requestGPIS
09-13 21:47:44.980   797 20635 I HYPER-HAL: [ResourceManager.cpp]removeResource(): [CPUMinFreq] RemoveResource Request ID : 747272
09-13 21:47:44.980   797 20635 I HYPER-HAL: [RequestManager.cpp]releaseLocked(): Released ID : 747272
09-13 21:47:45.446   793   793 I Sensors : batch(19) - light_cct_sensor try to batching with 200000000
09-13 21:47:45.446   793   793 I Sensors : LightCCT_Sensor old sensor_state 279041, new sensor_state : 1409595381924353 en : 1
09-13 21:47:45.450   793   793 I Sensors : enable:: light_cct_sensor(19)
09-13 21:47:45.450  1203  1999 D SensorManager: registerListener :: 33, TMD4910 RGB Sensor, 200000, 0, com.samsung.android.displaysolution.EyeComfortSolutionService$2@8de718b
09-13 21:47:45.450   793   793 I Sensors : flush light_cct_sensor
09-13 21:47:45.450   793   793 I Sensors : MetaEvent:: reportMetaEvent
09-13 21:47:45.450   793   793 I Sensors : wakeMessage
09-13 21:47:45.450   793  1452 E Sensors : MetaEvent:: 33
09-13 21:47:45.450   793  1452 E Sensors : MetaEvent: hasPendingEvent+++(1)
09-13 21:47:45.451  1203  1999 D SensorManager: registerListener :: 33, TMD4910 RGB Sensor, 200000, 0, com.samsung.android.displaysolution.EyeComfortSolutionService$1@10f6cef
09-13 21:47:45.593   793  1452 I Sensors : lux = 3, CCT = 1370, r = 9, g = 0, b = 8, c = 0, atime = 128, again = 2048, lux_raw = 3, brightness = 66, time = 32119863490693
09-13 21:47:45.594  1203  1999 V EyeComfortSolutionService: count : 102 , bopr_value : 68.0, platform_value : 66.0 , app_weighting : 1.0 , cal_value : 3.5721986 , sum_value : 663.0809 , BOPR_MAX_VALUE : 21000
09-13 21:47:45.594  1203  1999 D SensorService: Calling activate off 33
09-13 21:47:45.594   793   793 I Sensors : batch(19) - light_cct_sensor try to batching with 200000000
09-13 21:47:45.594  1203  1999 D SensorManager: unregisterListener :: com.samsung.android.displaysolution.EyeComfortSolutionService$1@10f6cef
09-13 21:47:45.595  1203  1999 D SensorService: Calling activate off 33
09-13 21:47:45.595   793   793 I Sensors : LightCCT_Sensor old sensor_state 279041, new sensor_state : 1409591086957057 en : 0
09-13 21:47:45.598   793   793 I Sensors : disable:: light_cct_sensor(19)
09-13 21:47:45.598  1203  1999 D SensorManager: unregisterListener :: com.samsung.android.displaysolution.EyeComfortSolutionService$2@8de718b
09-13 21:47:45.745   797 20634 I HYPER-HAL: [ResourceManager.cpp]removeResource(): [CPUMaxFreq] RemoveResource Request ID : 8642415
09-13 21:47:45.746   797 20634 I HYPER-HAL: [RequestManager.cpp]releaseLocked(): Released ID : 8642415
09-13 21:47:45.803 13561 23962 I WindowsLink: (YpcSignatureChecker) isSignatureAllowed in
09-13 21:47:45.804 13561 23962 I WindowsLink: (BaseContentProvider) call: method = TaskInfoManager@getRecentTasks / subMethod = getRecentTasks
09-13 21:47:45.806 13561 23962 I WindowsLink: (VirtualDisplayInfoHelper) getRecentTaskInfo() taskIncluded : true
09-13 21:47:45.806 13561 23962 I WindowsLink: (VirtualDisplayInfoHelper) getRecentTaskInfo() taskIncluded : true
09-13 21:47:45.806 13561 23962 I WindowsLink: (VirtualDisplayInfoHelper) getRecentTaskInfo() taskIncluded : true
09-13 21:47:45.806 13561 23962 I WindowsLink: (VirtualDisplayInfoHelper) getRecentTaskInfo() taskIncluded : true
09-13 21:47:45.806 13561 23962 I WindowsLink: (VirtualDisplayInfoHelper) getRecentTaskInfo() taskIncluded : true
09-13 21:47:45.806 13561 23962 I WindowsLink: (VirtualDisplayInfoHelper) getRecentTaskInfo() taskIncluded : true
09-13 21:47:45.806 13561 23962 I WindowsLink: (VirtualDisplayInfoHelper) getRecentTaskInfo() taskIncluded : true
09-13 21:47:45.806 13561 23962 I WindowsLink: (VirtualDisplayInfoHelper) getRecentTaskInfo() taskIncluded : true
09-13 21:47:45.806 13561 23962 I WindowsLink: (TaskInfoManager) getRecentTasks() size : 8
09-13 21:47:45.843 13561 23962 I WindowsLink: (YpcSignatureChecker) isSignatureAllowed in
09-13 21:47:45.843 13561 23962 I WindowsLink: (BaseContentProvider) call: method = UserInfo@isTwoPhoneModeEnabled / subMethod = isTwoPhoneModeEnabled
09-13 21:47:45.843 13561 23962 I WindowsLink: (UserInfoContentProvider) isEnabled: 0 - isTwoPhoneMode: false
09-13 21:47:45.843 13561 23962 I WindowsLink: (UserInfoContentProvider) isTwoPhoneModeEnabled: result = false
09-13 21:47:45.855 13561 23962 I WindowsLink: (YpcSignatureChecker) isSignatureAllowed in
09-13 21:47:45.855 13561 23962 I WindowsLink: (BaseContentProvider) call: method = DeviceInfo@getVendorRssiLevel / subMethod = getVendorRssiLevel
09-13 21:47:45.856 13561 23962 I WindowsLink: (YpcSignatureChecker) isSignatureAllowed in
09-13 21:47:45.856 13561 23962 I WindowsLink: (BaseContentProvider) call: method = DeviceInfo@getMAXRssiLevel / subMethod = getMAXRssiLevel
09-13 21:47:45.884  1203  3220 D SemWifiUsabilityStatsMonitor: onWifiUsabilityStats - seqNum 415, isSameBssidAndFreq true
09-13 21:47:45.884  1203  1616 I SemWifiLinkQualityMonitor: Link Qos Query: 0,013 ms / 593,341 Mbps (866 / 0,004 / 1,000)
09-13 21:47:45.887 13561 23962 I WindowsLink: (YpcSignatureChecker) isSignatureAllowed in
09-13 21:47:45.888 13561 23962 I WindowsLink: (BaseContentProvider) call: method = capability_android_apps_on_windows / subMethod = capability_android_apps_on_windows
09-13 21:47:45.888 13561 23962 I WindowsLink: (BaseContentProvider) call: method = capability_android_apps_on_windows / subMethod = capability_android_apps_on_windows
09-13 21:47:45.888 13561 23962 I WindowsLink: (YpcSignatureChecker) isSignatureAllowed in
09-13 21:47:45.888 13561 23962 I WindowsLink: (BaseContentProvider) call: method = capability_adaptive_layout / subMethod = capability_adaptive_layout
09-13 21:47:45.888 13561 23962 I WindowsLink: (BaseContentProvider) call: method = capability_adaptive_layout / subMethod = capability_adaptive_layout
09-13 21:47:45.889 13561 23962 I WindowsLink: (YpcSignatureChecker) isSignatureAllowed in
09-13 21:47:45.889 13561 23962 I WindowsLink: (BaseContentProvider) call: method = capability_android_apps_on_windows / subMethod = capability_android_apps_on_windows
09-13 21:47:45.889 13561 23962 I WindowsLink: (BaseContentProvider) call: method = capability_android_apps_on_windows / subMethod = capability_android_apps_on_windows
09-13 21:47:45.889 13561 23962 I WindowsLink: (YpcSignatureChecker) isSignatureAllowed in
09-13 21:47:45.890 13561 23962 I WindowsLink: (BaseContentProvider) call: method = capability_recent_apps_R2_3 / subMethod = capability_recent_apps_R2_3
09-13 21:47:45.890 13561 23962 I WindowsLink: (BaseContentProvider) call: method = capability_recent_apps_R2_3 / subMethod = capability_recent_apps_R2_3
09-13 21:47:45.890  1203  3900 D [RAMS]RemoteAppModeService: isAllowed = true
09-13 21:47:45.891 13561 23962 I WindowsLink: (YpcSignatureChecker) isSignatureAllowed in
09-13 21:47:45.891 13561 23962 I WindowsLink: (BaseContentProvider) call: method = capability_input_inject / subMethod = capability_input_inject
09-13 21:47:45.891 13561 23962 I WindowsLink: (BaseContentProvider) call: method = capability_input_inject / subMethod = capability_input_inject
09-13 21:47:45.891 13561 23962 I WindowsLink: (YpcSignatureChecker) isSignatureAllowed in
09-13 21:47:45.891 13561 23962 I WindowsLink: (BaseContentProvider) call: method = capability_remote_lock_simulation / subMethod = capability_remote_lock_simulation
09-13 21:47:45.891 13561 23962 I WindowsLink: (BaseContentProvider) call: method = capability_remote_lock_simulation / subMethod = capability_remote_lock_simulation
09-13 21:47:45.892 13561 23962 I WindowsLink: (YpcSignatureChecker) isSignatureAllowed in
09-13 21:47:45.892 13561 23962 I WindowsLink: (BaseContentProvider) call: method = capability_audio_streaming / subMethod = capability_audio_streaming
09-13 21:47:45.892 13561 23962 I WindowsLink: (BaseContentProvider) call: method = capability_audio_streaming / subMethod = capability_audio_streaming
09-13 21:47:45.940   549   549 D io_stats: !@   8,0 r 3146269 46907052 w 539456 3982912 d 248838 2759336 f 0 0 iot 553308 0 th 0 0 0 pt 0 inp 0 0 21721.066
09-13 21:47:45.992   797 20637 I HYPER-HAL: [RequestManager.cpp]releaseLocked(): Released ID : 1759750
09-13 21:47:46.717 13561 23962 I WindowsLink: (YpcSignatureChecker) isSignatureAllowed in
09-13 21:47:46.718 13561 23962 I WindowsLink: (BaseContentProvider) call: method = UserInfo@isTwoPhoneModeEnabled / subMethod = isTwoPhoneModeEnabled
09-13 21:47:46.718 13561 23962 I WindowsLink: (UserInfoContentProvider) isEnabled: 0 - isTwoPhoneMode: false
09-13 21:47:46.718 13561 23962 I WindowsLink: (UserInfoContentProvider) isTwoPhoneModeEnabled: result = false
09-13 21:47:46.853  3131 20346 I NearbyMediums: No BLE Fast/GATT advertisements found in the latest cycle.
09-13 21:47:46.854  3131 20346 I NearbyMediums: Current Tracked Scanning Clients are : {NearbyConnections.EnvironmentMonitor, NearbyConnections.TxAdvertisement}
09-13 21:47:46.886  1203  1359 D PowerManagerService: UserActivityStateListenerState: 0
09-13 21:47:46.945  1203  1614 I SemWifiServiceDetector: Traff. tracking started
09-13 21:47:47.222   738   738 E audit   : type=1400 audit(1757792867.219:7157): avc:  denied  { write } for  pid=3443 comm="ThreadPoolForeg" name="traced_producer" dev="tmpfs" ino=26721 scontext=u:r:gmscore_app:s0:c662,c768 tcontext=u:object_r:traced_producer_socket:s0 tclass=sock_file permissive=0 SEPF_SM-G986B_12_0001 audit_filtered
09-13 21:47:47.222   738   738 E audit   : type=1300 audit(1757792867.219:7157): arch=c00000b7 syscall=203 success=no exit=-13 a0=5e a1=7312ee2bd0 a2=1e a3=ffffffff973a8a77 items=0 ppid=764 pid=3443 auid=4294967295 uid=15010242 gid=15010242 euid=15010242 suid=15010242 fsuid=15010242 egid=15010242 sgid=15010242 fsgid=15010242 tty=(none) ses=4294967295 comm="ThreadPoolForeg" exe="/system/bin/app_process64" subj=u:r:gmscore_app:s0:c662,c768 key=(null)
09-13 21:47:47.222   738   738 E audit   : type=1327 audit(1757792867.219:7157): proctitle="com.google.android.gms.persistent"
09-13 21:47:47.446  1203  1614 D SemNscXgbMsL1: Probability - Cloud gaming: [0.04336829]
09-13 21:47:47.446  1203  1614 D SemNscXgbMsL1: Probability - Real time: [0.1819429]
09-13 21:47:47.446  1203  1614 D SemNscXgbMsL1: Probability - Non real time: [0.9279607]
09-13 21:47:47.446  1203  1614 D SemNscXgbMsL1: 1 sample inference time: 0.262731 msecs
09-13 21:47:47.447  1203  1614 D SemNscXgbL2Rt: L2 RT 1 sample inference time: 0.3375 msecs
09-13 21:47:47.447  1203  1614 D SemNscXgbL2Nrt: L2 NRT 1 sample inference time: 0.201269 msecs
09-13 21:47:47.940   549   549 D io_stats: !@   8,0 r 3146275 46907076 w 539510 3983624 d 248838 2759336 f 0 0 iot 553320 0 th 0 0 0 pt 0 inp 0 0 21723.066
09-13 21:47:47.948  1203  1614 D SemNscXgbMsL1: Probability - Cloud gaming: [0.035336226]
09-13 21:47:47.948  1203  1614 D SemNscXgbMsL1: Probability - Real time: [0.15115266]
09-13 21:47:47.948  1203  1614 D SemNscXgbMsL1: Probability - Non real time: [0.902044]
09-13 21:47:47.948  1203  1614 D SemNscXgbMsL1: 1 sample inference time: 0.252423 msecs
09-13 21:47:47.948  1203  1614 D SemNscXgbL2Rt: L2 RT 1 sample inference time: 0.355 msecs
09-13 21:47:47.948  1203  1614 D SemNscXgbL2Nrt: L2 NRT 1 sample inference time: 0.209153 msecs
09-13 21:47:47.983   797 20636 I HYPER-HAL: [ResourceManager.cpp]removeResource(): [CPUMaxFreq] RemoveResource Request ID : 8650734
09-13 21:47:47.984   797 20636 I HYPER-HAL: [RequestManager.cpp]releaseLocked(): Released ID : 8650734
09-13 21:47:47.988  1203  4205 E TaskPersister: File error accessing recents directory (directory doesn't exist?).
09-13 21:47:47.988  1203  4205 E TaskPersister: File error accessing recents directory (directory doesn't exist?).
09-13 21:47:47.989  1203  4205 E TaskPersister: File error accessing recents directory (directory doesn't exist?).
09-13 21:47:48.449  1203  1614 D SemNscXgbMsL1: Probability - Cloud gaming: [0.029772067]
09-13 21:47:48.449  1203  1614 D SemNscXgbMsL1: Probability - Real time: [0.51177853]
09-13 21:47:48.449  1203  1614 D SemNscXgbMsL1: Probability - Non real time: [0.8443732]
09-13 21:47:48.449  1203  1614 D SemNscXgbMsL1: 1 sample inference time: 0.286769 msecs
09-13 21:47:48.449  1203  1614 D SemNscXgbL2Rt: L2 RT 1 sample inference time: 0.420038 msecs
09-13 21:47:48.450  1203  1614 D SemNscXgbL2Nrt: L2 NRT 1 sample inference time: 0.238884 msecs
09-13 21:47:48.950  1203  1614 D SemNscXgbMsL1: Probability - Cloud gaming: [0.030996159]
09-13 21:47:48.950  1203  1614 D SemNscXgbMsL1: Probability - Real time: [0.35479906]
09-13 21:47:48.950  1203  1614 D SemNscXgbMsL1: Probability - Non real time: [0.86384076]
09-13 21:47:48.951  1203  1614 D SemNscXgbMsL1: 1 sample inference time: 0.272577 msecs
09-13 21:47:48.951  1203  1614 D SemNscXgbL2Rt: L2 RT 1 sample inference time: 0.356769 msecs
09-13 21:47:48.951  1203  1614 D SemNscXgbL2Nrt: L2 NRT 1 sample inference time: 0.235308 msecs
09-13 21:47:48.964  1203  3220 D SemWifiUsabilityStatsMonitor: onWifiUsabilityStats - seqNum 416, isSameBssidAndFreq true
09-13 21:47:48.964  1203  1616 I SemWifiLinkQualityMonitor: Link Qos Query: 0,012 ms / 641,609 Mbps (866 / 0,003 / 1,000)
09-13 21:47:49.097  1203  1702 I Pageboost: IoRecord pid : 20639
09-13 21:47:49.098  1203  1702 W System.err: java.io.FileNotFoundException: /proc/20639/io_record_control: open failed: ENOENT (No such file or directory)
09-13 21:47:49.098  1203  1702 W System.err: 	at libcore.io.IoBridge.open(IoBridge.java:574)
09-13 21:47:49.098  1203  1702 W System.err: 	at java.io.FileOutputStream.<init>(FileOutputStream.java:236)
09-13 21:47:49.098  1203  1702 W System.err: 	at java.io.FileOutputStream.<init>(FileOutputStream.java:186)
09-13 21:47:49.098  1203  1702 W System.err: 	at java.io.FileWriter.<init>(FileWriter.java:96)
09-13 21:47:49.098  1203  1702 W System.err: 	at com.android.server.am.Pageboost$IoRecord.write(Pageboost.java:1699)
09-13 21:47:49.098  1203  1702 W System.err: 	at com.android.server.am.Pageboost$IoRecord.getResultFromKernel(Pageboost.java:1923)
09-13 21:47:49.098  1203  1702 W System.err: 	at com.android.server.am.Pageboost$PageboostHandler.handleMessage(Pageboost.java:2451)
09-13 21:47:49.098  1203  1702 W System.err: 	at android.os.Handler.dispatchMessage(Handler.java:106)
09-13 21:47:49.098  1203  1702 W System.err: 	at android.os.Looper.loopOnce(Looper.java:226)
09-13 21:47:49.098  1203  1702 W System.err: 	at android.os.Looper.loop(Looper.java:313)
09-13 21:47:49.098  1203  1702 W System.err: 	at android.os.HandlerThread.run(HandlerThread.java:67)
09-13 21:47:49.098  1203  1702 W System.err: 	at com.android.server.ServiceThread.run(ServiceThread.java:44)
09-13 21:47:49.098  1203  1702 W System.err: Caused by: android.system.ErrnoException: open failed: ENOENT (No such file or directory)
09-13 21:47:49.098  1203  1702 W System.err: 	at libcore.io.Linux.open(Native Method)
09-13 21:47:49.098  1203  1702 W System.err: 	at libcore.io.ForwardingOs.open(ForwardingOs.java:563)
09-13 21:47:49.098  1203  1702 W System.err: 	at libcore.io.BlockGuardOs.open(BlockGuardOs.java:274)
09-13 21:47:49.098  1203  1702 W System.err: 	at libcore.io.IoBridge.open(IoBridge.java:560)
09-13 21:47:49.098  1203  1702 W System.err: 	... 11 more
09-13 21:47:49.098  1203  1702 E Pageboost: StopRecording Failed
09-13 21:47:49.098  1203  1702 E Pageboost: captureFinished fail
09-13 21:47:49.112  1203  1702 I Pageboost: db update :org.cosmosmataro.skymap ret 1
09-13 21:47:49.452  1203  1614 D SemNscXgbMsL1: Probability - Cloud gaming: [0.021267481]
09-13 21:47:49.452  1203  1614 D SemNscXgbMsL1: Probability - Real time: [0.28929892]
09-13 21:47:49.452  1203  1614 D SemNscXgbMsL1: Probability - Non real time: [0.71492827]
09-13 21:47:49.452  1203  1614 D SemNscXgbMsL1: 1 sample inference time: 0.290808 msecs
09-13 21:47:49.453  1203  1614 D SemNscXgbL2Rt: L2 RT 1 sample inference time: 0.374924 msecs
09-13 21:47:49.453  1203  1614 D SemNscXgbL2Nrt: L2 NRT 1 sample inference time: 0.235846 msecs
09-13 21:47:49.549  1721  1721 D SecPowerUI.Notification: showChargingNotice oldChargingType : 11 / currentChargingType : 11, oldChargingTime : 179000 / mChargingTime : 179000
09-13 21:47:49.549  1721  1721 D SecPowerUI.Notification: There is no change about charging status, so return!
09-13 21:47:49.940   549   549 D io_stats: !@   8,0 r 3146275 46907076 w 539516 3983644 d 248838 2759336 f 0 0 iot 553340 0 th 0 0 0 pt 0 inp 0 0 21725.067
09-13 21:47:50.086  1203  8638 D SGM:GameManager: identifyGamePackage. com.samsung.android.app.galaxyfinder, mCurrentUserId: 0, callerUserId: 0, callingMethodInfo: com.android.server.ssrm.SortingMachine.isGame(SortingMachine.java:162)
09-13 21:47:50.086  1203  8638 D SGM:PkgDataHelper: getGamePkgData(). com.samsung.android.app.galaxyfinder
09-13 21:47:50.446  1203  1614 D SemNscXgbMsL1: Probability - Cloud gaming: [0.26513708]
09-13 21:47:50.446  1203  1614 D SemNscXgbMsL1: Probability - Real time: [0.16304818]
09-13 21:47:50.446  1203  1614 D SemNscXgbMsL1: Probability - Non real time: [0.7733708]
09-13 21:47:50.446  1203  1614 D SemNscXgbMsL1: 1 sample inference time: 0.301884 msecs
09-13 21:47:50.447  1203  1614 D SemNscXgbL2Rt: L2 RT 1 sample inference time: 0.411154 msecs
09-13 21:47:50.447  1203  1614 D SemNscXgbL2Nrt: L2 NRT 1 sample inference time: 0.278616 msecs
09-13 21:47:50.948  1203  1614 D SemNscXgbMsL1: Probability - Cloud gaming: [0.18766034]
09-13 21:47:50.948  1203  1614 D SemNscXgbMsL1: Probability - Real time: [0.16227494]
09-13 21:47:50.948  1203  1614 D SemNscXgbMsL1: Probability - Non real time: [0.85406685]
09-13 21:47:50.948  1203  1614 D SemNscXgbMsL1: 1 sample inference time: 0.273 msecs
09-13 21:47:50.948  1203  1614 D SemNscXgbL2Rt: L2 RT 1 sample inference time: 0.414616 msecs
09-13 21:47:50.948  1782  1782 I wpa_supplicant: Heartbeat 2152
09-13 21:47:50.949  1203  1614 D SemNscXgbL2Nrt: L2 NRT 1 sample inference time: 0.246039 msecs
09-13 21:47:51.449  1203  1614 D SemNscXgbMsL1: Probability - Cloud gaming: [0.14366502]
09-13 21:47:51.449  1203  1614 D SemNscXgbMsL1: Probability - Real time: [0.16411838]
09-13 21:47:51.449  1203  1614 D SemNscXgbMsL1: Probability - Non real time: [0.7756047]
09-13 21:47:51.449  1203  1614 D SemNscXgbMsL1: 1 sample inference time: 0.274423 msecs
09-13 21:47:51.450  1203  1614 D SemNscXgbL2Rt: L2 RT 1 sample inference time: 0.390923 msecs
09-13 21:47:51.450  1203  1614 D SemNscXgbL2Nrt: L2 NRT 1 sample inference time: 0.264962 msecs
09-13 21:47:51.951  1203  1614 D SemNscXgbMsL1: Probability - Cloud gaming: [0.11661315]
09-13 21:47:51.951  1203  1614 D SemNscXgbMsL1: Probability - Real time: [0.040240474]
09-13 21:47:51.951  1203  1614 D SemNscXgbMsL1: Probability - Non real time: [0.74613833]
09-13 21:47:51.951  1203  1614 D SemNscXgbMsL1: 1 sample inference time: 0.275731 msecs
09-13 21:47:51.952  1203  1614 D SemNscXgbL2Rt: L2 RT 1 sample inference time: 0.397615 msecs
09-13 21:47:51.952  1203  1614 D SemNscXgbL2Nrt: L2 NRT 1 sample inference time: 0.236577 msecs
09-13 21:47:52.056  1203  3900 D SGM:GameManager: identifyForegroundApp. com.samsung.android.app.galaxyfinder, mCurrentUserId: 0, callerUserId: 0
09-13 21:47:52.056  1203  3900 D SGM:PkgDataHelper: getGamePkgData(). com.samsung.android.app.galaxyfinder
09-13 21:47:52.056  1203  4248 D SGM:GameManager: identifyForegroundApp. com.samsung.android.app.galaxyfinder, mCurrentUserId: 0, callerUserId: 150
09-13 21:47:52.056  1203  4248 D SGM:PkgDataHelper: getGamePkgData(). com.samsung.android.app.galaxyfinder
09-13 21:47:52.056  7606  7764 I PolicyManager: [#CMH#] Is foreground game app: false
09-13 21:47:52.056 13304 13375 I PolicyManager: [#CMH#] Is foreground game app: false
09-13 21:47:52.062  1203  3220 D SemWifiUsabilityStatsMonitor: onWifiUsabilityStats - seqNum 417, isSameBssidAndFreq true
09-13 21:47:52.063  1203  1616 I SemWifiLinkQualityMonitor: Link Qos Query: 0,013 ms / 623,438 Mbps (866 / 0,004 / 1,000)
09-13 21:47:52.452  1203  1614 D SemNscXgbMsL1: Probability - Cloud gaming: [0.3677628]
09-13 21:47:52.452  1203  1614 D SemNscXgbMsL1: Probability - Real time: [0.05197548]
09-13 21:47:52.452  1203  1614 D SemNscXgbMsL1: Probability - Non real time: [0.7688396]
09-13 21:47:52.452  1203  1614 D SemNscXgbMsL1: 1 sample inference time: 0.270962 msecs
09-13 21:47:52.452  1203  1614 D SemNscXgbL2Rt: L2 RT 1 sample inference time: 0.352577 msecs
09-13 21:47:52.453  1203  1614 D SemNscXgbL2Nrt: L2 NRT 1 sample inference time: 0.225039 msecs
09-13 21:47:52.482   738   738 E audit   : type=1400 audit(1757792872.479:7158): avc:  denied  { write } for  pid=3246 comm="PerfettoTrace" name="traced_producer" dev="tmpfs" ino=26721 scontext=u:r:gmscore_app:s0:c512,c768 tcontext=u:object_r:traced_producer_socket:s0 tclass=sock_file permissive=0 SEPF_SM-G986B_12_0001 audit_filtered
09-13 21:47:52.482   738   738 E audit   : type=1300 audit(1757792872.479:7158): arch=c00000b7 syscall=203 success=no exit=-13 a0=163 a1=6e0002cd70 a2=1e a3=ffffffff973a8a77 items=0 ppid=764 pid=3246 auid=4294967295 uid=10242 gid=10242 euid=10242 suid=10242 fsuid=10242 egid=10242 sgid=10242 fsgid=10242 tty=(none) ses=4294967295 comm="PerfettoTrace" exe="/system/bin/app_process64" subj=u:r:gmscore_app:s0:c512,c768 key=(null)
09-13 21:47:52.482   738   738 E audit   : type=1327 audit(1757792872.479:7158): proctitle="com.google.android.gms"
09-13 21:47:52.950  1203  1614 I SemWifiServiceDetector: Traff. tracking stopped
