--------- beginning of main
09-13 22:02:46.757  1203  3220 D SemWifiUsabilityStatsMonitor: onWifiUsabilityStats - seqNum 667, isSameBssidAndFreq true
09-13 22:02:46.758  1203  1616 I SemWifiLinkQualityMonitor: Link Qos Query: 0,019 ms / 415,725 Mbps (650 / 0,007 / 1,000)
09-13 22:02:47.318   793   793 I Sensors : batch(19) - light_cct_sensor try to batching with 200000000
09-13 22:02:47.318   793   793 I Sensors : LightCCT_Sensor old sensor_state 279041, new sensor_state : 1409595381924353 en : 1
09-13 22:02:47.321   793   793 I Sensors : enable:: light_cct_sensor(19)
09-13 22:02:47.322  1203  1999 D SensorManager: registerListener :: 33, TMD4910 RGB Sensor, 200000, 0, com.samsung.android.displaysolution.EyeComfortSolutionService$1@10f6cef
09-13 22:02:47.322   793   793 I Sensors : flush light_cct_sensor
09-13 22:02:47.322   793   793 I Sensors : MetaEvent:: reportMetaEvent
09-13 22:02:47.322   793   793 I Sensors : wakeMessage
09-13 22:02:47.322   793  1452 E Sensors : MetaEvent:: 33
09-13 22:02:47.322   793  1452 E Sensors : MetaEvent: hasPendingEvent+++(1)
09-13 22:02:47.322  1203  1999 D SensorManager: registerListener :: 33, TMD4910 RGB Sensor, 200000, 0, com.samsung.android.displaysolution.EyeComfortSolutionService$2@8de718b
09-13 22:02:47.468   793  1452 I Sensors : lux = 2, CCT = 1541, r = 3, g = 0, b = 8, c = 0, atime = 157, again = 2048, lux_raw = 0, brightness = 99, time = 33021739122087
09-13 22:02:47.469  1203  1999 D SensorService: Calling activate off 33
09-13 22:02:47.469   793   793 I Sensors : batch(19) - light_cct_sensor try to batching with 200000000
09-13 22:02:47.469  1203  1999 D SensorManager: unregisterListener :: com.samsung.android.displaysolution.EyeComfortSolutionService$2@8de718b
--------- beginning of system
09-13 22:02:47.469  1203  1999 V EyeComfortSolutionService: count : 178 , bopr_value : 32.0, platform_value : 99.0 , app_weighting : 1.0 , cal_value : 1.0205568 , sum_value : 980.41064 , BOPR_MAX_VALUE : 21000
09-13 22:02:47.470  1203  1999 D SensorService: Calling activate off 33
09-13 22:02:47.470   793   793 I Sensors : LightCCT_Sensor old sensor_state 279041, new sensor_state : 1409591086957057 en : 0
09-13 22:02:47.473   793   793 I Sensors : disable:: light_cct_sensor(19)
09-13 22:02:47.473  1203  1999 D SensorManager: unregisterListener :: com.samsung.android.displaysolution.EyeComfortSolutionService$1@10f6cef
09-13 22:02:48.864  2099 12512 I SimpleEventLog: ImsSettingsProvider Read written lines: 501(2 ms)
09-13 22:02:48.881  2099 17662 I SimpleEventLog: RcsPolicySettings Read written lines: 304(1 ms)
09-13 22:02:49.834  1203  3220 D SemWifiUsabilityStatsMonitor: onWifiUsabilityStats - seqNum 668, isSameBssidAndFreq true
09-13 22:02:49.834  1203  1616 I SemWifiLinkQualityMonitor: Link Qos Query: 0,020 ms / 404,164 Mbps (650 / 0,007 / 1,000)
09-13 22:02:50.145   549   549 D io_stats: !@   8,0 r 3239337 48118704 w 566859 4233104 d 262325 2919844 f 0 0 iot 569132 0 th 0 0 0 pt 0 inp 0 0 22625.272
09-13 22:02:51.206  1203 26103 D TrafficStats: tagSocket(923) with statsTag=0xffffffff, statsUid=-1
09-13 22:02:51.207  1203 26103 D TrafficStats: tagSocket(1153) with statsTag=0xffffffff, statsUid=-1
09-13 22:02:51.275  1782  1782 I wpa_supplicant: Heartbeat 2242
09-13 22:02:51.408  1203 26103 D WifiConnectivityMonitor.DnsThread:  [|202] []
09-13 22:02:51.408  1203  1634 D WifiConnectivityMonitor.NetworkStatsAnalyzer: DNS resultType : 0, responseTime : 202
09-13 22:02:51.409  1203  1632 D OpenNetworkQos[4.00]: updateBssidLatestDnsResultType - result: 0
09-13 22:02:51.409  1203  1632 D OpenNetworkQos[4.00]: updateBssidNoInternet: mBssidNoInternet = false
09-13 22:02:51.409  1203  1632 D OpenNetworkQos[4.00]: getOpenNetworkQosNoInternetStatus: false
09-13 22:02:51.409  1203  1632 D OpenNetworkQos[4.00]: getOpenNetworkQosScores: 26 0 25 
09-13 22:02:51.409  1203  1632 D SettingsProvider: isChangeAllowed() : name = wifi_wcm_qos_sharing_score_summary
09-13 22:02:51.409  1203  1632 I WifiProfileShare: network QoS data was changed (internet), updateQoSData networkType: true, qosData: false
09-13 22:02:51.409  1203  2815 V WifiProfileShare.Caster: update wips network, size: 0
09-13 22:02:51.409  1203  2815 D WifiProfileShare: nearby scanning settings run
09-13 22:02:51.409  1203  2815 D WifiProfileShare: network score provider settings enabled
09-13 22:02:51.409  1203  2815 D OpenNetworkQos[4.00]: getOpenNetworkQosScores: 26 0 25 
09-13 22:02:51.409  1203  2815 D OpenNetworkQos[4.00]: getOpenNetworkQosNoInternetStatus: false
09-13 22:02:51.409  1203  2815 I WifiProfileShare.Caster: current network type: 0, score: [26, 0, 25]
09-13 22:02:51.409  1203  2815 V WifiProfileShare.Cache: update network score 86:78:71:**:**:7e
09-13 22:02:51.409  1203  2815 D WifiProfileShare.ScanMatcher: getMcfDataList size:2
09-13 22:02:51.409  1203  2815 I WifiProfileShare.Caster: qos data was updated , before:type:QOS, pBssid:6f:d6:f8, qosData:68 after:type:QOS, pBssid:6f:d6:f8, qosData:68
09-13 22:02:51.410  1203  2815 I [MCFSDK_android_1.2.4010]_4_b: isNetworkEnabled - type : 1 ret : true
09-13 22:02:51.410  1203  2815 D WifiProfileShare.McfCast: -ME--- mIsNetworkEnabled :true
09-13 22:02:51.410  1203  2815 D WifiProfileShare.McfCast: updateQoSData ignored, same contents
09-13 22:02:51.410  1203  2815 D WifiProfileShare.MCF: success update QosData !
09-13 22:02:51.410  1203  2815 I [MCFSDK_android_1.2.4010]_4_b: isNetworkEnabled - type : 1 ret : true
09-13 22:02:51.410  1203  2815 D WifiProfileShare.McfCast: -ME--- mIsNetworkEnabled :true
09-13 22:02:51.410  1203  2815 D WifiProfileShare.McfCast: -ME--- updatePasswordDate pwdData size:2
09-13 22:02:52.912  1203  3220 D SemWifiUsabilityStatsMonitor: onWifiUsabilityStats - seqNum 669, isSameBssidAndFreq true
09-13 22:02:52.912  1203  1616 I SemWifiLinkQualityMonitor: Link Qos Query: 0,016 ms / 488,695 Mbps (650 / 0,004 / 1,000)
09-13 22:02:53.049   738   738 E audit   : type=1400 audit(1757793773.043:7330): avc:  denied  { write } for  pid=3246 comm="PerfettoTrace" name="traced_producer" dev="tmpfs" ino=26721 scontext=u:r:gmscore_app:s0:c512,c768 tcontext=u:object_r:traced_producer_socket:s0 tclass=sock_file permissive=0 SEPF_SM-G986B_12_0001 audit_filtered
09-13 22:02:53.049   738   738 E audit   : type=1300 audit(1757793773.043:7330): arch=c00000b7 syscall=203 success=no exit=-13 a0=163 a1=6e0002cd70 a2=1e a3=ffffffff973a8a77 items=0 ppid=764 pid=3246 auid=4294967295 uid=10242 gid=10242 euid=10242 suid=10242 fsuid=10242 egid=10242 sgid=10242 fsgid=10242 tty=(none) ses=4294967295 comm="PerfettoTrace" exe="/system/bin/app_process64" subj=u:r:gmscore_app:s0:c512,c768 key=(null)
09-13 22:02:53.049   738   738 E audit   : type=1327 audit(1757793773.043:7330): proctitle="com.google.android.gms"
09-13 22:02:54.654   738   738 E audit   : type=1400 audit(1757793774.651:7331): avc:  denied  { write } for  pid=3131 comm="ThreadPoolForeg" name="traced_producer" dev="tmpfs" ino=26721 scontext=u:r:gmscore_app:s0:c512,c768 tcontext=u:object_r:traced_producer_socket:s0 tclass=sock_file permissive=0 SEPF_SM-G986B_12_0001 audit_filtered
09-13 22:02:54.654   738   738 E audit   : type=1300 audit(1757793774.651:7331): arch=c00000b7 syscall=203 success=no exit=-13 a0=85 a1=7312f6abc0 a2=1e a3=ffffffff973a8a77 items=0 ppid=764 pid=3131 auid=4294967295 uid=10242 gid=10242 euid=10242 suid=10242 fsuid=10242 egid=10242 sgid=10242 fsgid=10242 tty=(none) ses=4294967295 comm="ThreadPoolForeg" exe="/system/bin/app_process64" subj=u:r:gmscore_app:s0:c512,c768 key=(null)
09-13 22:02:54.654   738   738 E audit   : type=1327 audit(1757793774.651:7331): proctitle="com.google.android.gms.persistent"
09-13 22:02:55.992  1203  3220 D SemWifiUsabilityStatsMonitor: onWifiUsabilityStats - seqNum 670, isSameBssidAndFreq true
09-13 22:02:55.992  1203  1616 I SemWifiLinkQualityMonitor: Link Qos Query: 0,018 ms / 439,985 Mbps (650 / 0,006 / 1,000)
09-13 22:02:56.501  3131 25918 I NearbyMediums: No BLE Fast/GATT advertisements found in the latest cycle.
09-13 22:02:56.501  3131 25918 I NearbyMediums: Current Tracked Scanning Clients are : {NearbyConnections.EnvironmentMonitor, NearbyConnections.TxAdvertisement}
09-13 22:02:56.595 31621 31767 I Finsky  : [1094] AIM: AppInfoManager-Perf > Destroying AppInfoManager ...
09-13 22:02:57.478   793   793 I Sensors : batch(19) - light_cct_sensor try to batching with 200000000
09-13 22:02:57.478   793   793 I Sensors : LightCCT_Sensor old sensor_state 279041, new sensor_state : 1409595381924353 en : 1
09-13 22:02:57.482   793   793 I Sensors : enable:: light_cct_sensor(19)
09-13 22:02:57.482  1203  1999 D SensorManager: registerListener :: 33, TMD4910 RGB Sensor, 200000, 0, com.samsung.android.displaysolution.EyeComfortSolutionService$2@8de718b
09-13 22:02:57.482   793   793 I Sensors : flush light_cct_sensor
09-13 22:02:57.482   793   793 I Sensors : MetaEvent:: reportMetaEvent
09-13 22:02:57.482   793   793 I Sensors : wakeMessage
09-13 22:02:57.482   793  1452 E Sensors : MetaEvent:: 33
09-13 22:02:57.482   793  1452 E Sensors : MetaEvent: hasPendingEvent+++(1)
09-13 22:02:57.483  1203  1999 D SensorManager: registerListener :: 33, TMD4910 RGB Sensor, 200000, 0, com.samsung.android.displaysolution.EyeComfortSolutionService$1@10f6cef
09-13 22:02:57.628   793  1452 I Sensors : lux = 2, CCT = 1541, r = 4, g = 0, b = 12, c = 0, atime = 157, again = 2048, lux_raw = 1, brightness = 99, time = 33031898801272
09-13 22:02:57.629  1203  1999 D SensorService: Calling activate off 33
09-13 22:02:57.629   793   793 I Sensors : batch(19) - light_cct_sensor try to batching with 200000000
09-13 22:02:57.629  1203  1999 D SensorManager: unregisterListener :: com.samsung.android.displaysolution.EyeComfortSolutionService$2@8de718b
09-13 22:02:57.630  1203  1999 V EyeComfortSolutionService: count : 179 , bopr_value : 32.0, platform_value : 99.0 , app_weighting : 1.0 , cal_value : 1.0205568 , sum_value : 981.4312 , BOPR_MAX_VALUE : 21000
09-13 22:02:57.630  1203  1999 D SensorService: Calling activate off 33
09-13 22:02:57.630   793   793 I Sensors : LightCCT_Sensor old sensor_state 279041, new sensor_state : 1409591086957057 en : 0
09-13 22:02:57.633   793   793 I Sensors : disable:: light_cct_sensor(19)
09-13 22:02:57.634  1203  1999 D SensorManager: unregisterListener :: com.samsung.android.displaysolution.EyeComfortSolutionService$1@10f6cef
09-13 22:02:57.947   785   785 I android.hardware.health@2.1-service-samsung: updateLrpSysfs: write: 319
09-13 22:02:58.146   549   549 D io_stats: !@   8,0 r 3239337 48118704 w 566891 4233344 d 262325 2919844 f 0 0 iot 569136 0 th 0 0 0 pt 0 inp 0 0 22633.273
09-13 22:02:58.834  1203  1996 V MdnieScenarioControlService: burn_in_prevention_mode(), enabled : true, mBurnInDisableAppEnabled : false , mAutoBrightnessMode : true, mHighBrightnessModeEnabled : false , mBurnInPreventionACL : false , platform_brightness_value : 99 , BURN_IN_PREVENTION_SUPPORT_VALUE : 143 , mBurnInPreventionEnabled : false , mGameAppLauncher : false
09-13 22:02:59.104  1203  3220 D SemWifiUsabilityStatsMonitor: onWifiUsabilityStats - seqNum 671, isSameBssidAndFreq true
09-13 22:02:59.104  1203  1616 I SemWifiLinkQualityMonitor: Link Qos Query: 0,054 ms / 147,059 Mbps (650 / 0,042 / 1,000)
09-13 22:02:59.104  1721  1721 D NetworkController.WifiSignalController: notifyListener: visible=true, connected=true, inetCondition=1, isDefault=true, wifiTestReported=true, receivedInetCondition=-1, hideDuringMobileSwitching=false
09-13 22:02:59.105  1721  1833 D Tile.WifiTile: handleUpdateState isTransient=false transientEnabling =false cb.isTransient=false state.state = 2 mStateBeforeClick.value =false enabled =true
09-13 22:02:59.135   875   981 I VSyncReactor: Current= 60, TransitioningTo= 60, Distance= 60
09-13 22:02:59.813 19798 19987 I hirsdk  : keepalive request to{:8.211.8.132:27413}, length:71.
09-13 22:02:59.888 19798 19987 I hirsdk  : local{192.168.1.44:59328} received from {8.211.8.132:27413} keepalive response.
09-13 22:03:00.001  1721  2320 D QSClockBellTower: onReceive(android.intent.action.TIME_TICK) mTimeZoneString:null
09-13 22:03:00.002  1203  1203 I EyeComfortSolutionService: action  :  android.intent.action.TIME_TICK
09-13 22:03:00.003  1721  1721 D KeyguardUpdateMonitor: received broadcast android.intent.action.TIME_TICK
09-13 22:03:00.003  1203  1999 I EyeComfortSolutionService: Week : Sat , Hour : 22 , Minute : 03 , TimeValue : 1323 , wakeup state, defaultBedTime : 43 , start sleep : -317
09-13 22:03:00.003  1203  1999 I EyeComfortSolutionService: currentWakeupStep : 21
09-13 22:03:00.003  1203  1999 I EyeComfortSolutionService: Change BLF step by mCurrentStateWakeup, BLF dayIndex : [21] , boprIndex : [2]
09-13 22:03:00.003  1203  1999 I EyeComfortSolutionService: BLF Adaptive Mode Enable : true , targetIndex : [23 + 11] = 5488.888888888889
09-13 22:03:00.003  1203  1999 V EyeComfortSolutionService: mMdnieManager : com.samsung.android.hardware.display.SemMdnieManager@f6beaac
09-13 22:03:00.003  1203  1999 I SemMdnieManagerService: setNightModeStep : 34
09-13 22:03:00.004  1203  1999 I SemMdnieManagerService: setNightMode_2 : true, index : 34, str : (1 34)
09-13 22:03:00.004  1203  1999 D EyeComfortSolutionService: updateNightDimSettings index : 23 , mNightDimFontConfigValue : 0
09-13 22:03:00.021  1721  1721 D QSClockBellTower: He is ready to ring the bell. (((QSClockBellSound - TimeText:22:03, TimeContentDescription:22:03, DateText:s치b, 13 de septiembre, ShortDateText:s치b, 13 sept, Demo:false, QuickStar-Second(false|12:34:56))))
09-13 22:03:00.021  1721  1721 D QSClockIndicatorView: Home Indicator status_bar_clock 22:03 notifyTimeChanged(QSClockBellSound - TimeText:22:03, TimeContentDescription:22:03, DateText:s치b, 13 de septiembre, ShortDateText:s치b, 13 sept, Demo:false, QuickStar-Second(false|12:34:56)) ClockVisibleByPolicy:true, ClockVisibleByUser:true, visible?true, parent:android.widget.LinearLayout{8719d77 V.E...... ......ID 0,0-97,56 #7f0b04f0 app:id/left_clock_container}
09-13 22:03:00.021  1721  1721 D QSClockBellTower: Everyone heard the bell. run(currentTime:1757793780020,   getTime():Sat Sep 13 22:03:00 GMT+02:00 2025,   getTimeZone():libcore.util.ZoneInfo[mDstSavings=3600000,mUseDst=true,mDelegate=[id="Europe/Madrid",mRawOffset=3600000,mEarliestRawOffset=-884000,transitions=162]])
09-13 22:03:00.022  1721  1721 D KeyguardUpdateMonitor: handleTimeUpdate
09-13 22:03:00.022  1721  1721 D FaceWidgetPagesController: onTimeChanged()
09-13 22:03:00.033  2236  2236 W NavigableAppWidgetHostView: setResizeScaleResult() 1002/ 349 scaleToResize = 1.0(widget id = 5) 3f32d22 0,0-1002,349
09-13 22:03:00.033  2236  2236 W NavigableAppWidgetHostView: setResizeScaleResult() 1002/ 349 scaleToResize = 1.0(widget id = 6) 15bc01b 0,1065-1002,1414
09-13 22:03:00.033  2236  2236 W NavigableAppWidgetHostView: setResizeScaleResult() 1002/ 349 scaleToResize = 1.0(widget id = 9) 357e482 0,355-1002,704
09-13 22:03:00.034  1721  1721 I FaceWidgetPositionAlgorithm: getClockContainerHeight() supplier = 290, bottom margin = 0, real height = 358
09-13 22:03:00.034  1721  1721 I FaceWidgetPositionAlgorithm: getClockContainerHeight() supplier = 290, bottom margin = 68, real height = 358
09-13 22:03:00.034  1721  1721 I FaceWidgetPositionAlgorithm: getMediaContainerHeight() height = 0 container Visibility = 8, isValid = false, mIsDozing = false, fraction = 1.0, source = 0, target = 0
09-13 22:03:00.034  1721  1721 I FaceWidgetPositionAlgorithm: getMediaContainerHeight() supplier = 0
09-13 22:03:00.035  1721  1721 V QsExpandAnimator: setQsExpansionPosition 0.0
09-13 22:03:00.037  1721  1721 V QsExpandAnimator: updateAnimators
09-13 22:03:00.037  1721  1721 V QsExpandAnimator: clearAnimationState 
09-13 22:03:00.037  1721  1721 V QsExpandAnimator: updateViews
09-13 22:03:00.038  1721  1721 V QsExpandAnimator: updateTileAnimator
09-13 22:03:00.039  1721  1721 V QsExpandAnimator: updateHeaderAnimator
09-13 22:03:00.039  1721  1721 V QsExpandAnimator: updateBarAnimator
09-13 22:03:00.039  1721  1721 V QsExpandAnimator: setQsExpansionPosition 0.0
09-13 22:03:00.039  1721  1721 V QsExpandAnimator: onAnimationAtStart
09-13 22:03:00.047   875   981 I VSyncReactor: Current= 60, TransitioningTo= 60, Distance= 61
09-13 22:03:00.058   875  2652 D NativeSemDvfsManager: acquire:: timeout = 2000 mIsAcquired = 1  mTagName : SurfaceFlinger 
09-13 22:03:00.059   875  2652 E NativeCustomFrequencyManager: [NativeCFMS] BpCustomFrequencyManager::acquire()
09-13 22:03:00.059   797   883 I HYPER-HAL: [RequestManager.cpp]acquire(): Acquired ID : 1759750  [875 / 1000]    HINT : SF_GPU_MINLOCK    list : [TIMEOUT / 2000] 
09-13 22:03:00.147   549   549 D io_stats: !@   8,0 r 3239337 48118704 w 566898 4233372 d 262325 2919844 f 0 0 iot 569140 0 th 0 0 0 pt 0 inp 0 0 22635.273
09-13 22:03:01.186  3131  3131 D BoundBrokerSvc: onUnbind: Intent { act=com.google.android.gms.libs.gmscorelogger.service.START dat=chimera-action:/... cmp=com.google.android.gms/.chimera.PersistentDirectBootAwareApiService }
09-13 22:03:01.285  1782  1782 I wpa_supplicant: Heartbeat 2243
09-13 22:03:02.059   797 26104 I HYPER-HAL: [RequestManager.cpp]releaseLocked(): Released ID : 1759750
09-13 22:03:02.181  1203  3220 D SemWifiUsabilityStatsMonitor: onWifiUsabilityStats - seqNum 672, isSameBssidAndFreq true
09-13 22:03:02.181  1203  1616 I SemWifiLinkQualityMonitor: Link Qos Query: 0,024 ms / 334,128 Mbps (650 / 0,007 / 1,250)
09-13 22:03:02.182  1721  1721 D NetworkController.WifiSignalController: notifyListener: visible=true, connected=true, inetCondition=1, isDefault=true, wifiTestReported=true, receivedInetCondition=-1, hideDuringMobileSwitching=false
09-13 22:03:02.182  1721  1833 D Tile.WifiTile: handleUpdateState isTransient=false transientEnabling =false cb.isTransient=false state.state = 2 mStateBeforeClick.value =false enabled =true
09-13 22:03:02.190  3131  3131 D BoundBrokerSvc: onRebind: Intent { act=com.google.android.gms.libs.gmscorelogger.service.START dat=chimera-action:/... cmp=com.google.android.gms/.chimera.PersistentDirectBootAwareApiService }
09-13 22:03:02.206   875   981 I VSyncReactor: Current= 60, TransitioningTo= 60, Distance= 61
09-13 22:03:02.213   875   875 I SurfaceFlinger: SFWD update time=22637340372577
09-13 22:03:02.214   875   875 D SurfaceFlinger: GPIS:: requestGPIS
09-13 22:03:02.223   875  2652 D NativeSemDvfsManager: acquire:: timeout = 2000 mIsAcquired = 1  mTagName : SurfaceFlinger 
09-13 22:03:02.224   875  2652 E NativeCustomFrequencyManager: [NativeCFMS] BpCustomFrequencyManager::acquire()
09-13 22:03:02.224   797   883 I HYPER-HAL: [RequestManager.cpp]acquire(): Acquired ID : 1759750  [875 / 1000]    HINT : SF_GPU_MINLOCK    list : [TIMEOUT / 2000] 
09-13 22:03:04.147   549   549 D io_stats: !@   8,0 r 3239337 48118704 w 566904 4233396 d 262325 2919844 f 0 0 iot 569144 0 th 0 0 0 pt 0 inp 0 0 22639.274
09-13 22:03:04.172 19798 19981 I MeariIotController: meariIot---------------------Response:
09-13 22:03:04.225   797 26105 I HYPER-HAL: [RequestManager.cpp]releaseLocked(): Released ID : 1759750
09-13 22:03:05.276  1203  3220 D SemWifiUsabilityStatsMonitor: onWifiUsabilityStats - seqNum 673, isSameBssidAndFreq true
09-13 22:03:05.277  1203  1616 I SemWifiLinkQualityMonitor: Link Qos Query: 0,018 ms / 457,047 Mbps (585 / 0,004 / 1,000)
09-13 22:03:07.314   738   738 E audit   : type=1400 audit(1757793787.311:7332): avc:  denied  { write } for  pid=3246 comm="ThreadPoolForeg" name="traced_producer" dev="tmpfs" ino=26721 scontext=u:r:gmscore_app:s0:c512,c768 tcontext=u:object_r:traced_producer_socket:s0 tclass=sock_file permissive=0 SEPF_SM-G986B_12_0001 audit_filtered
09-13 22:03:07.314   738   738 E audit   : type=1300 audit(1757793787.311:7332): arch=c00000b7 syscall=203 success=no exit=-13 a0=163 a1=7312f31830 a2=1e a3=ffffffff973a8a77 items=0 ppid=764 pid=3246 auid=4294967295 uid=10242 gid=10242 euid=10242 suid=10242 fsuid=10242 egid=10242 sgid=10242 fsgid=10242 tty=(none) ses=4294967295 comm="ThreadPoolForeg" exe="/system/bin/app_process64" subj=u:r:gmscore_app:s0:c512,c768 key=(null)
09-13 22:03:07.314   738   738 E audit   : type=1327 audit(1757793787.311:7332): proctitle="com.google.android.gms"
09-13 22:03:07.634   793   793 I Sensors : batch(19) - light_cct_sensor try to batching with 200000000
09-13 22:03:07.634   793   793 I Sensors : LightCCT_Sensor old sensor_state 279041, new sensor_state : 1409595381924353 en : 1
09-13 22:03:07.635   793   793 I Sensors : enable:: light_cct_sensor(19)
09-13 22:03:07.635  1203  1999 D SensorManager: registerListener :: 33, TMD4910 RGB Sensor, 200000, 0, com.samsung.android.displaysolution.EyeComfortSolutionService$2@8de718b
09-13 22:03:07.636   793   793 I Sensors : flush light_cct_sensor
09-13 22:03:07.636   793   793 I Sensors : MetaEvent:: reportMetaEvent
09-13 22:03:07.636   793   793 I Sensors : wakeMessage
09-13 22:03:07.636  1203  1999 D SensorManager: registerListener :: 33, TMD4910 RGB Sensor, 200000, 0, com.samsung.android.displaysolution.EyeComfortSolutionService$1@10f6cef
09-13 22:03:07.636   793  1452 E Sensors : MetaEvent:: 33
09-13 22:03:07.636   793  1452 E Sensors : MetaEvent: hasPendingEvent+++(1)
09-13 22:03:07.789   793  1452 I Sensors : lux = 2, CCT = 1541, r = 3, g = 0, b = 8, c = 0, atime = 157, again = 2048, lux_raw = 1, brightness = 99, time = 33042057542419
09-13 22:03:07.790  1203  1999 V EyeComfortSolutionService: count : 180 , bopr_value : 32.0, platform_value : 99.0 , app_weighting : 1.0 , cal_value : 1.0205568 , sum_value : 982.4518 , BOPR_MAX_VALUE : 21000
09-13 22:03:07.790  1203  1999 D SensorService: Calling activate off 33
09-13 22:03:07.790   793   793 I Sensors : batch(19) - light_cct_sensor try to batching with 200000000
09-13 22:03:07.790  1203  1999 D SensorManager: unregisterListener :: com.samsung.android.displaysolution.EyeComfortSolutionService$1@10f6cef
09-13 22:03:07.791  1203  1999 D SensorService: Calling activate off 33
09-13 22:03:07.791   793   793 I Sensors : LightCCT_Sensor old sensor_state 279041, new sensor_state : 1409591086957057 en : 0
09-13 22:03:07.794   793   793 I Sensors : disable:: light_cct_sensor(19)
09-13 22:03:07.794  1203  1999 D SensorManager: unregisterListener :: com.samsung.android.displaysolution.EyeComfortSolutionService$2@8de718b
09-13 22:03:08.380  1203  3220 D SemWifiUsabilityStatsMonitor: onWifiUsabilityStats - seqNum 674, isSameBssidAndFreq true
09-13 22:03:08.381  1203  1616 I SemWifiLinkQualityMonitor: Link Qos Query: 0,051 ms / 157,868 Mbps (585 / 0,037 / 1,000)
09-13 22:03:08.381  1721  1721 D NetworkController.WifiSignalController: notifyListener: visible=true, connected=true, inetCondition=1, isDefault=true, wifiTestReported=true, receivedInetCondition=-1, hideDuringMobileSwitching=false
09-13 22:03:08.381  1721  1833 D Tile.WifiTile: handleUpdateState isTransient=false transientEnabling =false cb.isTransient=false state.state = 2 mStateBeforeClick.value =false enabled =true
09-13 22:03:08.401   875   981 I VSyncReactor: Current= 60, TransitioningTo= 60, Distance= 60
09-13 22:03:08.406   875   875 D SurfaceFlinger: GPIS:: requestGPIS
09-13 22:03:08.415   875  2652 D NativeSemDvfsManager: acquire:: timeout = 2000 mIsAcquired = 1  mTagName : SurfaceFlinger 
09-13 22:03:08.415   797   883 I HYPER-HAL: [RequestManager.cpp]acquire(): Acquired ID : 1759750  [875 / 1000]    HINT : SF_GPU_MINLOCK    list : [TIMEOUT / 2000] 
09-13 22:03:08.416   875  2652 E NativeCustomFrequencyManager: [NativeCFMS] BpCustomFrequencyManager::acquire()
09-13 22:03:09.489  1721  1833 D MobileStatusTracker(0/4): onSignalStrengthsChanged level=2, vendorLevel=1
09-13 22:03:09.489  1721  1833 D MobileSignalController(0/4): notifyListener: enabled=true, connected=true, dataConnected=true, networkType=LTE (4G), emergencyOnly=false, roaming=false, isDefault=false, dataActivity=, level=1, ca=false, mmWave=false, disabledDataIcon=false, simCard=ETC
09-13 22:03:09.490  1721  1833 D NetworkController: SignalStrength from intent slotId=0
09-13 22:03:10.149   549   549 D io_stats: !@   8,0 r 3239337 48118704 w 566918 4233460 d 262325 2919844 f 0 0 iot 569148 0 th 0 0 0 pt 0 inp 0 0 22645.275
09-13 22:03:10.416   797 26106 I HYPER-HAL: [RequestManager.cpp]releaseLocked(): Released ID : 1759750
09-13 22:03:10.713   738   738 E audit   : type=1400 audit(1757793790.707:7333): avc:  denied  { write } for  pid=23012 comm="ThreadPoolForeg" name="traced_producer" dev="tmpfs" ino=26721 scontext=u:r:gmscore_app:s0:c662,c768 tcontext=u:object_r:traced_producer_socket:s0 tclass=sock_file permissive=0 SEPF_SM-G986B_12_0001 audit_filtered
09-13 22:03:10.713   738   738 E audit   : type=1300 audit(1757793790.707:7333): arch=c00000b7 syscall=203 success=no exit=-13 a0=6 a1=7312eb6620 a2=1e a3=ffffffff973a8a77 items=0 ppid=764 pid=23012 auid=4294967295 uid=15010242 gid=15010242 euid=15010242 suid=15010242 fsuid=15010242 egid=15010242 sgid=15010242 fsgid=15010242 tty=(none) ses=4294967295 comm="ThreadPoolForeg" exe="/system/bin/app_process64" subj=u:r:gmscore_app:s0:c662,c768 key=(null)
09-13 22:03:10.713   738   738 E audit   : type=1327 audit(1757793790.707:7333): proctitle="com.google.android.gms.persistent"
09-13 22:03:10.804  6389  6865 I ContactsProvider_EventLog: cp_s: [CONTACT con(0) dat(0) acc({}) calls([]) Iso(ES) uId(150) ]
09-13 22:03:10.804  6389  6865 I ContactsProvider_EventLog: cp_s: [ agr({}) ]
09-13 22:03:10.804  6389  6865 I ContactsProvider_EventLog: cp_s: [ cnt({}) ]
09-13 22:03:10.804  6389  6865 I ContactsProvider_EventLog: cp_s: [PROFILE ] [SAPROFILE ]
09-13 22:03:10.804  6389  6865 I ContactsProvider_EventLog: cp_s: [STATE R(F) ]
09-13 22:03:11.293  1782  1782 I wpa_supplicant: Heartbeat 2244
09-13 22:03:11.360  4145  5152 I SDHMS:D : SIOP:: AP:331 BAT:305 USB:311 CHG:317 PA:-777 CP:324 WIFI:328 SKIN:318 SKINF:318 SKINB:312 LRP:318 LRF:318 LRB:312 BLRF:318 BLRB:312 
09-13 22:03:11.362   793   793 I Sensors : batch(6) - uncal_light_sensor try to batching with 200000000
09-13 22:03:11.363   793   793 I Sensors : UncalLightSensor old sensor_state 279041, new sensor_state : 1410690598584833 en : 1
09-13 22:03:11.363  1203  1203 D SemWifiP2pGoPowerSave: GopsReceiver : received : com.samsung.intent.action.CHECK_SIOP_LEVEL
09-13 22:03:11.363  1203  1203 I SemWifiP2pGoPowerSave: siop_level = -3
09-13 22:03:11.364  7606  7750 I SystemBroadcastReceiver: [#CMH#] onReceive completed :  0
09-13 22:03:11.364  7606  7606 I PolicyManager: [#CMH#] onReceive action = EVENT_SIOP
09-13 22:03:11.364 13304 13366 I SystemBroadcastReceiver: [#CMH#] onReceive completed :  0
09-13 22:03:11.365   793   793 I Sensors : enable:: uncal_light_sensor(6)
09-13 22:03:11.365 13304 13304 I PolicyManager: [#CMH#] onReceive action = EVENT_SIOP
09-13 22:03:11.366 25160 25322 I [SC]CtbDeviceRepository: updateSiopLevel. siopLevel: -3
09-13 22:03:11.367   793   793 D SensorsFlicker: Als_common::setDelay, handle : 1 time : 10000000ns
09-13 22:03:11.367   793   793 D SensorsFlicker: Als_common::enable, handle : 1, mode : 1, en : 1
09-13 22:03:11.367   793   793 D SensorsFlicker: Als_common::sendCommand, send enable command
09-13 22:03:11.380  1203  2216 D SemContextService: lock : registerCallback
09-13 22:03:11.381  1203  2216 W CAE     : registerCallback(ContextAwareService.java:192) - [regi 01] Mutex is locked for TEST_FLAT_MOTION
09-13 22:03:11.381  1203  2216 W CAE     : registerCallback(ContextAwareService.java:199) - [regi 04]  com.samsung.android.contextaware.ContextAwareManager$CaListenerDelegate@760023f
09-13 22:03:11.381  1203  2216 W CAE     : getListener(ListenerListManager.java:127) - [getListener1]  com.samsung.android.contextaware.ContextAwareManager$CaListenerDelegate@760023f
09-13 22:03:11.381  1203  2216 W CAE     : getListener(ListenerListManager.java:128) - [getListener2]  com.samsung.android.contextaware.manager.ContextAwareService$Listener@8ef5e5e
09-13 22:03:11.381  1203  2216 V CAE     : start(ContextProvider.java:128)
09-13 22:03:11.382  1203  2216 V CAE     : clear(TestFlatMotionRunner.java:126)
09-13 22:03:11.382  1203  2216 V CAE     : enable(TestFlatMotionRunner.java:102)
09-13 22:03:11.382  1203  1497 D SensorService: setSContextDataLocked ints length 2 , byte length 4
09-13 22:03:11.382  1203  1497 D SensorService: setSContextDataLocked 17b1
09-13 22:03:11.382   793   793 D Sensors : b1 17 00 00  
09-13 22:03:11.382   793   793 E Sensors : inject_scontext_data: New ssp_data_injection_fd(42)
09-13 22:03:11.384   793   793 D Sensors : SContext Data Injection return 4
09-13 22:03:11.385  1203  2216 D CAE     : getFaultDetectionResult(TestFlatMotionRunner.java:139) - true
09-13 22:03:11.385  1203  2216 I CAE     : notifyCmdProcessResultObserver(ContextProvider.java:627) - CheckResult = 0, Cause = Success
09-13 22:03:11.387  1203  2216 D CAE     : doCommendProcess(ContextAwareService.java:400) - complete notify the operation result.
09-13 22:03:11.387  1203  2216 I CAE     : displayUsedCountForService(ContextAwareService.java:464) - totalCnt = 1, serviceCount = 1, subCollectionCount = 0
09-13 22:03:11.387  1203  2216 D CAE     : showListenerList(ContextAwareService.java:329) - ===== Context Aware Service List =====
09-13 22:03:11.387  1203  2216 I CAE     : showListenerList(ContextAwareService.java:338) - Listener : com.samsung.android.contextaware.manager.ContextAwareService$Listener@8ef5e5e, Service : ACTIVITY_TRACKER_BATCH(1)
09-13 22:03:11.387  1203  2216 I CAE     : showListenerList(ContextAwareService.java:338) - Listener : com.samsung.android.contextaware.manager.ContextAwareService$Listener@8ef5e5e, Service : PEDOMETER(1)
09-13 22:03:11.387  1203  2216 I CAE     : showListenerList(ContextAwareService.java:338) - Listener : com.samsung.android.contextaware.manager.ContextAwareService$Listener@8ef5e5e, Service : SLOCATION_RUNNER(1)
09-13 22:03:11.387  1203  2216 I CAE     : showListenerList(ContextAwareService.java:338) - Listener : com.samsung.android.contextaware.manager.ContextAwareService$Listener@8ef5e5e, Service : FREE_FALL_DETECTION(1)
09-13 22:03:11.387  1203  2216 I CAE     : showListenerList(ContextAwareService.java:338) - Listener : com.samsung.android.contextaware.manager.ContextAwareService$Listener@8ef5e5e, Service : TEST_FLAT_MOTION(1)
09-13 22:03:11.387  1203  2216 I CAE     : showListenerList(ContextAwareService.java:338) - Listener : com.samsung.android.contextaware.manager.ContextAwareService$Listener@8ef5e5e, Service : SENSOR_STATUS_CHECK_RUNNER(1)
09-13 22:03:11.387  1203  2216 W CAE     : registerCallback(ContextAwareService.java:213) - [regi 02] Mutex is unlocked for TEST_FLAT_MOTION
09-13 22:03:11.387  1203  2216 E SemContext.CaeProvider: setAttribute() : attribute is null!
09-13 22:03:11.388  1203  2216 D SemContextService: 	.registerCallback : 7, client= com.sec.android.sdhms
09-13 22:03:11.388  1203  2216 D SemContextConnectionList: client packageName : com.sec.android.sdhms
09-13 22:03:11.388  1203  2216 D SemContextService: unlock : registerCallback
09-13 22:03:11.388  1203  4212 E SensorService: BigData:Pakage) 5 already enabled. 
09-13 22:03:11.436  1203  4212 D SensorService: Calling activate off 33554433
09-13 22:03:11.437   793   793 D SensorsFlicker: Als_common::setDelay, handle : 1 time : 10000000ns
09-13 22:03:11.438  1203  2216 D SensorService: Calling activate off 33554433
09-13 22:03:11.438   793   793 D SensorsFlicker: Als_common::enable, handle : 1, mode : 1, en : 0
09-13 22:03:11.438   793   793 D SensorsFlicker: Als_common::sendCommand, send disable command
09-13 22:03:11.447   793  1452 I Sensors : Uncalibrated lux = 3, CCT = 1541, r = 4, g = 0, b = 8, c = 0, atime = 16000, again = 0, time = 33045718273642
09-13 22:03:11.447   793  1452 I Sensors : luminance 99
09-13 22:03:11.502  3131 25918 I NearbyMediums: No BLE Fast/GATT advertisements found in the latest cycle.
09-13 22:03:11.502  3131 25918 I NearbyMediums: Current Tracked Scanning Clients are : {NearbyConnections.EnvironmentMonitor, NearbyConnections.TxAdvertisement}
09-13 22:03:11.505  1203  3220 D SemWifiUsabilityStatsMonitor: onWifiUsabilityStats - seqNum 675, isSameBssidAndFreq true
09-13 22:03:11.506  1203  1616 I SemWifiLinkQualityMonitor: Link Qos Query: 0,019 ms / 421,774 Mbps (585 / 0,005 / 1,000)
09-13 22:03:11.506  1721  1721 D NetworkController.WifiSignalController: notifyListener: visible=true, connected=true, inetCondition=1, isDefault=true, wifiTestReported=true, receivedInetCondition=-1, hideDuringMobileSwitching=false
09-13 22:03:11.507  1721  1833 D Tile.WifiTile: handleUpdateState isTransient=false transientEnabling =false cb.isTransient=false state.state = 2 mStateBeforeClick.value =false enabled =true
09-13 22:03:11.534   875   875 D SurfaceFlinger: GPIS:: requestGPIS
09-13 22:03:11.539   875   981 I VSyncReactor: Current= 60, TransitioningTo= 60, Distance= 61
09-13 22:03:11.546   793  1452 I Sensors : Uncalibrated lux = 1, CCT = 1541, r = 2, g = 0, b = 8, c = 0, atime = 16000, again = 0, time = 33045821128795
09-13 22:03:11.546   793  1452 I Sensors : luminance 99
09-13 22:03:11.547  1203  2216 D SensorService: Calling activate off 41
09-13 22:03:11.547   793   793 I Sensors : batch(6) - uncal_light_sensor try to batching with 200000000
09-13 22:03:11.548  1203  2216 E SensorService: BigData:Pakage) 5 already disabled. 
09-13 22:03:11.548  1203  2216 D SensorService: Calling activate off 41
09-13 22:03:11.548   793   793 I Sensors : UncalLightSensor old sensor_state 279041, new sensor_state : 1409591086957057 en : 0
09-13 22:03:11.551   793   793 I Sensors : disable:: uncal_light_sensor(6)
09-13 22:03:11.646  1203  1495 D CAE     : onGetSensorHubData(SensorHubParserProvider.java:89) - onGetSensorHubData Event [event buffer len :4], AP_WAKEUP
09-13 22:03:11.646  1203  1495 I CAE     : parse(SensorHubParserProvider.java:190) - buffer size = 4
09-13 22:03:11.647  1203  1495 I CAE     : parse(SensorHubParserProvider.java:201) - 1, 1, 23, 1,
09-13 22:03:11.647  1203  1495 D CAE     : display(ContextProvider.java:375) - ================= TEST_FLAT_MOTION =================
09-13 22:03:11.647  1203  1495 I CAE     : display(ContextProvider.java:391) - Action=[1]
09-13 22:03:11.647  1203  1492 D SemContextService: Service.updateContext() : service = Device Position
09-13 22:03:11.648  1203  2216 D SemContextService: lock : unregisterCallback
09-13 22:03:11.648  1203  2216 D SemContextService: Service.removeListenerLocked() : listener = com.samsung.android.hardware.context.SemContextService$Listener@9af2ddb, service = Device Position, used = 0
09-13 22:03:11.648  1203  2216 W CAE     : unregisterCallback(ContextAwareService.java:234) - [unregi 01] Mutex is locked for TEST_FLAT_MOTION
09-13 22:03:11.648  1203  2216 W CAE     : getListener(ListenerListManager.java:127) - [getListener1]  com.samsung.android.contextaware.ContextAwareManager$CaListenerDelegate@760023f
09-13 22:03:11.648  1203  2216 W CAE     : getListener(ListenerListManager.java:128) - [getListener2]  com.samsung.android.contextaware.manager.ContextAwareService$Listener@8ef5e5e
09-13 22:03:11.648  1203  2216 V CAE     : stop(ContextProvider.java:155)
09-13 22:03:11.648  1203  2216 V CAE     : clear(TestFlatMotionRunner.java:126)
09-13 22:03:11.648  1203  2216 V CAE     : disable(TestFlatMotionRunner.java:115)
09-13 22:03:11.648  1203  1497 D SensorService: setSContextDataLocked ints length 2 , byte length 4
09-13 22:03:11.648  1203  1497 D SensorService: setSContextDataLocked 17b2
09-13 22:03:11.649   793   793 D Sensors : b2 17 00 00  
09-13 22:03:11.649   793   793 E Sensors : inject_scontext_data: New ssp_data_injection_fd(42)
09-13 22:03:11.652   793   793 D Sensors : SContext Data Injection return 4
09-13 22:03:11.652  1203  2216 D CAE     : getFaultDetectionResult(TestFlatMotionRunner.java:139) - true
09-13 22:03:11.652  1203  2216 I CAE     : notifyCmdProcessResultObserver(ContextProvider.java:627) - CheckResult = 0, Cause = Success
09-13 22:03:11.654  1203  2216 D CAE     : doCommendProcess(ContextAwareService.java:400) - complete notify the operation result.
09-13 22:03:11.654  1203  2216 I CAE     : displayUsedCountForService(ContextAwareService.java:464) - totalCnt = 0, serviceCount = 0, subCollectionCount = 0
09-13 22:03:11.654  1203  2216 D CAE     : showListenerList(ContextAwareService.java:329) - ===== Context Aware Service List =====
09-13 22:03:11.655  1203  2216 I CAE     : showListenerList(ContextAwareService.java:338) - Listener : com.samsung.android.contextaware.manager.ContextAwareService$Listener@8ef5e5e, Service : ACTIVITY_TRACKER_BATCH(1)
09-13 22:03:11.655  1203  2216 I CAE     : showListenerList(ContextAwareService.java:338) - Listener : com.samsung.android.contextaware.manager.ContextAwareService$Listener@8ef5e5e, Service : PEDOMETER(1)
09-13 22:03:11.655  1203  2216 I CAE     : showListenerList(ContextAwareService.java:338) - Listener : com.samsung.android.contextaware.manager.ContextAwareService$Listener@8ef5e5e, Service : SLOCATION_RUNNER(1)
09-13 22:03:11.655  1203  2216 I CAE     : showListenerList(ContextAwareService.java:338) - Listener : com.samsung.android.contextaware.manager.ContextAwareService$Listener@8ef5e5e, Service : FREE_FALL_DETECTION(1)
09-13 22:03:11.655  1203  2216 I CAE     : showListenerList(ContextAwareService.java:338) - Listener : com.samsung.android.contextaware.manager.ContextAwareService$Listener@8ef5e5e, Service : SENSOR_STATUS_CHECK_RUNNER(1)
09-13 22:03:11.655  1203  2216 W CAE     : unregisterCallback(ContextAwareService.java:255) - [unregi 02] Mutex is unlocked for TEST_FLAT_MOTION
09-13 22:03:11.655  1203  2216 D SemContextService: 	.unregisterCallback : 7, client= com.sec.android.sdhms
09-13 22:03:11.655  1203  2216 D SemContextService: unlock : unregisterCallback
09-13 22:03:12.044  1721  1833 D MobileStatusTracker(0/4): onSignalStrengthsChanged level=2, vendorLevel=1
09-13 22:03:12.046  1721  1833 D MobileSignalController(0/4): notifyListener: enabled=true, connected=true, dataConnected=true, networkType=LTE (4G), emergencyOnly=false, roaming=false, isDefault=false, dataActivity=, level=1, ca=false, mmWave=false, disabledDataIcon=false, simCard=ETC
09-13 22:03:12.046  1721  1833 D NetworkController: SignalStrength from intent slotId=0
09-13 22:03:13.365  1203  2216 D SGM:GameManager: identifyForegroundApp. com.samsung.android.lool, mCurrentUserId: 0, callerUserId: 0
09-13 22:03:13.365  1203  2216 D SGM:PkgDataHelper: getGamePkgData(). com.samsung.android.lool
09-13 22:03:13.365  7606  7764 I PolicyManager: [#CMH#] Is foreground game app: false
09-13 22:03:13.366  1203  2216 D SGM:GameManager: identifyForegroundApp. com.samsung.android.lool, mCurrentUserId: 0, callerUserId: 150
09-13 22:03:13.366  1203  2216 D SGM:PkgDataHelper: getGamePkgData(). com.samsung.android.lool
09-13 22:03:13.367 13304 13375 I PolicyManager: [#CMH#] Is foreground game app: false
09-13 22:03:13.444  1203  1515 D InputReader: Btn_touch(2): value=1 when=22648.570569
09-13 22:03:13.444  1203  1515 I InputReader: Touch event's action is 0x0 (id=6, t=0) [pCnt=1, s=0.226 ] when=22648.570569
09-13 22:03:13.445  1203  1514 I InputDispatcher: Delivering touch to (1721): action: 0x4, f=0x0, d=0, '60c90e4', t=1 
09-13 22:03:13.445  1203  1514 I InputDispatcher: Delivering touch to (20478): action: 0x0, f=0x0, d=0, 'e238887', t=1 +(0,-1467)*(0.75)
09-13 22:03:13.445  1203  1514 D PowerManagerService: [api] userActivityFromNative :  (event: 2 flags: 0 displayId: 0) eventTime = 22648570
09-13 22:03:13.446 20478 20478 I ViewRootImpl@a6b5920[AppErrorDialogActivity]: ViewPostIme pointer 0
09-13 22:03:13.446  1203  1284 I GestureDetector: obtain mCurrentDownEvent. id: 217999147 caller: com.android.server.wm.SystemGesturesPointerEventListener.onPointerEvent:203 com.android.server.wm.PointerEventDispatcher.onInputEvent:53 android.view.InputEventReceiver.dispatchInputEvent:285 
09-13 22:03:13.446  1203  1284 I GestureDetector: obtain mCurrentDownEvent. id: 217999147 caller: com.android.server.wm.SystemPerformancePointerEventListener.onPointerEvent:89 com.android.server.wm.PointerEventDispatcher.onInputEvent:53 android.view.InputEventReceiver.dispatchInputEvent:285 
09-13 22:03:13.447  1203  1514 D PowerManagerService: UserActivityStateListenerState: 1
09-13 22:03:13.453  1203  1284 I GestureDetector: obtain mCurrentMotionEventRaw. action: 2 id: 997245043
09-13 22:03:13.453  1203  1284 I GestureDetector: obtain mCurrentMotionEventRaw. action: 2 id: 997245043
09-13 22:03:13.467   875   981 I VSyncReactor: Current= 60, TransitioningTo= 60, Distance= 60
09-13 22:03:13.576  1203  1515 D InputReader: Btn_touch(2): value=0 when=22648.702857
09-13 22:03:13.576  1203  1515 I InputReader: Touch event's action is 0x1 (id=6, t=0) [pCnt=1, s=] when=22648.702857
09-13 22:03:13.576  1203  1514 I InputDispatcher: Delivering touch to (20478): action: 0x1, f=0x0, d=0, 'e238887', t=1 +(0,-1467)*(0.75)
09-13 22:03:13.576 20478 20478 I ViewRootImpl@a6b5920[AppErrorDialogActivity]: ViewPostIme pointer 1
09-13 22:03:13.577 20478 20478 W ContextImpl: Calling a method in the system process without a qualified user: android.app.ContextImpl.sendBroadcast:1252 android.content.ContextWrapper.sendBroadcast:509 android.content.ContextWrapper.sendBroadcast:509 ci.a.b:40 bi.f.I0:16 
09-13 22:03:13.578 20478 20478 I MSHandlerLifeCycle: removeMultiSplitHandler: no exist. decor=DecorView@67a5e8d[AppErrorDialogActivity]
09-13 22:03:13.579  1203  1810 D CoreBackPreview: Window{e238887 u0 com.samsung.android.lool/com.samsung.android.sm.iafd.dialog.AppErrorDialogActivity}: Setting back callback null
09-13 22:03:13.581 20478 20478 I ViewRootImpl@a6b5920[AppErrorDialogActivity]: dispatchDetachedFromWindow
09-13 22:03:13.581  1203  1810 D InputTransport: Input channel destroyed: 'e238887', fd=1184
09-13 22:03:13.581  1203  1810 W InputManager-JNI: Input channel object 'e238887 com.samsung.android.lool/com.samsung.android.sm.iafd.dialog.AppErrorDialogActivity (client)' was disposed without first being removed with the input manager!
09-13 22:03:13.581  1203  1810 D InputTransport: Input channel destroyed: 'e238887', fd=1185
09-13 22:03:13.581  1203  1810 V WindowManager: Remove Window{e238887 u0 com.samsung.android.lool/com.samsung.android.sm.iafd.dialog.AppErrorDialogActivity}: mSurfaceController=Surface(name=com.samsung.android.lool/com.samsung.android.sm.iafd.dialog.AppErrorDialogActivity$_20478)/@0x97b67b6 mAnimatingExit=false mRemoveOnExit=false mHasSurface=true surfaceShowing=true animating=false app-animation=false mWillReplaceWindow=false mDisplayFrozen=false callers=com.android.server.wm.WindowState.removeIfPossible:3041 com.android.server.wm.WindowManagerService.removeWindow:2289 com.android.server.wm.Session.remove:236 android.view.IWindowSession$Stub.onTransact:743 com.android.server.wm.Session.onTransact:188 android.os.Binder.execTransactInternal:1316 
09-13 22:03:13.582  1203  1810 I WindowManager: Reparenting to leash, surface=Surface(name=e238887 com.samsung.android.lool/com.samsung.android.sm.iafd.dialog.AppErrorDialogActivity)/@0xedaac4b, leashParent=Surface(name=ActivityRecord{42b51f0 u0 com.samsung.android.lool/com.samsung.android.sm.iafd.dialog.AppErrorDialogActivity} t3136})/@0x9c6628
09-13 22:03:13.582   875  2457 I SurfaceFlinger: id=1703 createSurf flag=24000, Surface(name=e238887 com.samsung.android.lool/com.samsung.android.sm.iafd.dialog.AppErrorDialogActivity)/@0xedaac4b - animation-leash of window_animation#1703
09-13 22:03:13.582  1203  1810 D WindowManager: makeSurface duration=1 leash=Surface(name=Surface(name=e238887 com.samsung.android.lool/com.samsung.android.sm.iafd.dialog.AppErrorDialogActivity)/@0xedaac4b - animation-leash of window_animation)/@0xfe8ccb7
09-13 22:03:13.583  1203  1810 V WindowManager: removeIfPossible 2, Window{e238887 u0 com.samsung.android.lool/com.samsung.android.sm.iafd.dialog.AppErrorDialogActivity}: mAnimatingExit=true caller=com.android.server.wm.WindowState.removeIfPossible:3041 com.android.server.wm.WindowManagerService.removeWindow:2289 com.android.server.wm.Session.remove:236 android.view.IWindowSession$Stub.onTransact:743 com.android.server.wm.Session.onTransact:188 
09-13 22:03:13.583  1203  1810 V WindowManager: Changing focus from Window{e238887 u0 com.samsung.android.lool/com.samsung.android.sm.iafd.dialog.AppErrorDialogActivity EXITING} to Window{fffd667 u0 com.samsung.android.lool/com.samsung.android.sm.iafd.dialog.AppErrorDialogActivity} displayId=0 Callers=com.android.server.wm.RootWindowContainer.updateFocusedWindowLocked:595 com.android.server.wm.WindowManagerService.updateFocusedWindowLocked:6810 com.android.server.wm.WindowState.setupWindowForRemoveOnExit:3252 com.android.server.wm.WindowState.removeIfPossible:3220 
09-13 22:03:13.583  1203  1810 D MARsPolicyManager: onPackageResumedFG pkgName = com.samsung.android.lool, userId = 0
09-13 22:03:13.584  1203  1810 I WindowManager: Cancelling animation restarting=true, leash=Surface(name=Surface(name=27a7298 StatusBar)/@0xca4a678 - animation-leash of insets_animation)/@0x92b017f
09-13 22:03:13.584  1203  1810 I WindowManager: Reparenting to original parent: Surface(name=WindowToken{dd0647b type=2000 android.os.BinderProxy@4365c75})/@0x5a3a151, destroy=false, surface=Surface(name=27a7298 StatusBar)/@0xca4a678
09-13 22:03:13.584  1203  1810 I WindowManager: Reparenting to leash, surface=Surface(name=27a7298 StatusBar)/@0xca4a678, leashParent=Surface(name=WindowToken{dd0647b type=2000 android.os.BinderProxy@4365c75})/@0x5a3a151
09-13 22:03:13.584   875  2457 I SurfaceFlinger: id=1704 createSurf flag=24000, Surface(name=27a7298 StatusBar)/@0xca4a678 - animation-leash of insets_animation#1704
09-13 22:03:13.584  1203  4212 D InputDispatcher: Focus left window (0): e238887 com.samsung.android.lool/com.samsung.android.sm.iafd.dialog.AppErrorDialogActivity
09-13 22:03:13.585  1203  1810 D WindowManager: makeSurface duration=1 leash=Surface(name=Surface(name=27a7298 StatusBar)/@0xca4a678 - animation-leash of insets_animation)/@0xf4c238d
09-13 22:03:13.585  1203  1810 I WindowManager: Cancelling animation restarting=true, leash=Surface(name=Surface(name=60c90e4 NavigationBar0)/@0xa45fab7 - animation-leash of insets_animation)/@0x2887aaa
09-13 22:03:13.585  1203  1810 I WindowManager: Reparenting to original parent: Surface(name=WindowToken{5321c77 type=2019 android.os.BinderProxy@470fd11})/@0x2b9b224, destroy=false, surface=Surface(name=60c90e4 NavigationBar0)/@0xa45fab7
09-13 22:03:13.585  1203  1810 I WindowManager: Reparenting to leash, surface=Surface(name=60c90e4 NavigationBar0)/@0xa45fab7, leashParent=Surface(name=WindowToken{5321c77 type=2019 android.os.BinderProxy@470fd11})/@0x2b9b224
09-13 22:03:13.585   875  2457 I SurfaceFlinger: id=1705 createSurf flag=24000, Surface(name=60c90e4 NavigationBar0)/@0xa45fab7 - animation-leash of insets_animation#1705
09-13 22:03:13.585  1203  1810 D WindowManager: makeSurface duration=1 leash=Surface(name=Surface(name=60c90e4 NavigationBar0)/@0xa45fab7 - animation-leash of insets_animation)/@0xb37d53
09-13 22:03:13.586  1203  1810 D StatusBarManagerService: notifyRequestedSystemKey recent=false home=false
09-13 22:03:13.586  1203  1810 I WindowManager: Reparenting to leash, surface=Surface(name=Dim Layer for - WindowedMagnification:0:31)/@0xec60ce6, leashParent=Surface(name=WindowedMagnification:0:31)/@0x6168dee
09-13 22:03:13.586   875  2457 I SurfaceFlinger: id=1706 createSurf flag=24000, Surface(name=Dim Layer for - WindowedMagnification:0:31)/@0xec60ce6 - animation-leash of dimmer#1706
09-13 22:03:13.587  1203  1810 D WindowManager: makeSurface duration=1 leash=Surface(name=Surface(name=Dim Layer for - WindowedMagnification:0:31)/@0xec60ce6 - animation-leash of dimmer)/@0xdcdd690
09-13 22:03:13.590  1203  1286 V WindowManager: Unknown focus tokens, dropping reportFocusChanged
09-13 22:03:13.592  1203  1810 V WindowManager: Changing focus from Window{fffd667 u0 com.samsung.android.lool/com.samsung.android.sm.iafd.dialog.AppErrorDialogActivity} to Window{cb0180e u0 com.sec.android.app.launcher/com.sec.android.app.launcher.activities.LauncherActivity} displayId=0 Callers=com.android.server.wm.RootWindowContainer.updateFocusedWindowLocked:595 com.android.server.wm.WindowManagerService.updateFocusedWindowLocked:6810 com.android.server.wm.DisplayContent.layoutAndAssignWindowLayersIfNeeded:4794 com.android.server.wm.TaskDisplayArea.positionChildTaskAt:587 
09-13 22:03:13.592  1203  1810 D MARsPolicyManager: onPackageResumedFG pkgName = com.sec.android.app.launcher, userId = 0
09-13 22:03:13.592  1203  1810 I WindowManager: Cancelling animation restarting=true, leash=Surface(name=Surface(name=27a7298 StatusBar)/@0xca4a678 - animation-leash of insets_animation)/@0xf4c238d
09-13 22:03:13.592  1203  1810 I WindowManager: Reparenting to original parent: Surface(name=WindowToken{dd0647b type=2000 android.os.BinderProxy@4365c75})/@0x5a3a151, destroy=false, surface=Surface(name=27a7298 StatusBar)/@0xca4a678
09-13 22:03:13.592  1203  1810 I WindowManager: Reparenting to leash, surface=Surface(name=27a7298 StatusBar)/@0xca4a678, leashParent=Surface(name=WindowToken{dd0647b type=2000 android.os.BinderProxy@4365c75})/@0x5a3a151
09-13 22:03:13.593   875  1030 I SurfaceFlinger: id=1707 createSurf flag=24000, Surface(name=27a7298 StatusBar)/@0xca4a678 - animation-leash of insets_animation#1707
09-13 22:03:13.593  1203  1810 D WindowManager: makeSurface duration=1 leash=Surface(name=Surface(name=27a7298 StatusBar)/@0xca4a678 - animation-leash of insets_animation)/@0x77bb78e
09-13 22:03:13.593  1203  1810 I WindowManager: Cancelling animation restarting=true, leash=Surface(name=Surface(name=60c90e4 NavigationBar0)/@0xa45fab7 - animation-leash of insets_animation)/@0xb37d53
09-13 22:03:13.593  1203  1810 I WindowManager: Reparenting to original parent: Surface(name=WindowToken{5321c77 type=2019 android.os.BinderProxy@470fd11})/@0x2b9b224, destroy=false, surface=Surface(name=60c90e4 NavigationBar0)/@0xa45fab7
