09-13 22:03:16.980  1203  2216 D ActivityTaskManager: scheduleTopResumedActivityChanged, onTop=true r=ActivityRecord{2faa24e u0 org.cosmosmataro.skymap/.activities.SplashScreenActivity} t3137} caller=com.android.server.wm.ActivityTaskSupervisor.scheduleTopResumedActivityStateIfNeeded:2535 com.android.server.wm.ActivityTaskSupervisor.updateTopResumedActivityIfNeeded:2527 com.android.server.wm.TaskFragment.setResumedActivity:493 com.android.server.wm.TaskFragment.onActivityStateChanged:805 com.android.server.wm.ActivityRecord.setState:6406 com.android.server.wm.Task.minimalResumeActivityLocked:6155 
09-13 22:03:16.980  1203  2216 D InputDispatcher: Focused application(0): ActivityRecord{2faa24e u0 org.cosmosmataro.skymap/.activities.SplashScreenActivity} t3137}
09-13 22:03:16.980 13561 13609 I WindowsLink: (TaskInfoManager) +++++++++++onRecentTaskStackUpdated
09-13 22:03:16.981  1203  2216 V WindowManager: Changing focus from Window{cb0180e u0 com.sec.android.app.launcher/com.sec.android.app.launcher.activities.LauncherActivity} to null displayId=0 Callers=com.android.server.wm.RootWindowContainer.updateFocusedWindowLocked:595 com.android.server.wm.WindowManagerService.updateFocusedWindowLocked:6810 com.android.server.wm.ActivityTaskManagerService.setResumedActivityUncheckLocked:5766 com.android.server.wm.TaskFragment.onActivityStateChanged:807 
09-13 22:03:16.981  1203  2216 D MARsPolicyManager: onPackageResumedFG pkgName = com.sec.android.app.launcher, userId = 0
09-13 22:03:16.988  1203  2216 D StatusBarManagerService: notifyRequestedSystemKey recent=false home=false
09-13 22:03:16.988  1203  2216 D SGM:FgCheckThread: TaskStackListener.onTaskFocusChanged(), taskId=7, focused=false
09-13 22:03:16.988  1203  2216 D SGM:FgCheckThread: TaskStackListener.onTaskFocusChanged(), taskId=3137, focused=true
09-13 22:03:16.989  1203  2216 D SGM:FgCheckThread:   sendRunningComponentFocus(), pkgName: org.cosmosmataro.skymap, userId: 0
09-13 22:03:16.989  1203  1531 D SGM:FgCheckThread: onLooperPrepared(), msg: MSG_TASK_FOCUSED, pkgName: org.cosmosmataro.skymap, userId: 0
09-13 22:03:16.989  1203  1531 D SGM:FgCheckThread: handleTaskFocused().
09-13 22:03:16.989  1203  1531 D SGM:FgCheckThread: sendFocusOutConditionally() - mPrevNotiPkg: (unknown), userId: 0
09-13 22:03:16.989  1203  1531 D SGM:FgCheckThread:   handleTaskFocused(), pkgName: org.cosmosmataro.skymap, userID:0
09-13 22:03:16.989  1203  1531 D SGM:FgCheckThread: handleResume().
09-13 22:03:16.989  1203  1531 D SGM:FgCheckThread: sendFocusOutConditionally() - mPrevNotiPkg: (unknown), userId: 0
09-13 22:03:16.989  1203  1531 D SGM:FgCheckThread:   handleResume(). pkgName: org.cosmosmataro.skymap, userId: 0, isTunableApp: null
09-13 22:03:16.989  1203  1531 D SGM:FgCheckThread: notifyFocusInOut(). of pkg: org.cosmosmataro.skymap, type: 4, isTunableApp: false, userId: 0
09-13 22:03:16.989  1203  1531 D SGM:FgCheckThread:   notifyFocusInOut(). unexpected mPrevNotiType: -1
09-13 22:03:16.989  1203  1531 D SGM:SystemHelper: callReleaseBlock needReleaseBlock:false
09-13 22:03:16.989  1203  2216 W WindowManager: Execute app transition: mNextAppTransitionRequests=[TRANSIT_OPEN, TRANSIT_OPEN], mNextAppTransitionFlags=, displayId: 0 Callers=com.android.server.wm.RootWindowContainer.executeAppTransitionForAllDisplay:2580 com.android.server.wm.ActivityTaskSupervisor.reportResumedActivityLocked:2287 com.android.server.wm.ActivityRecord.completeResumeLocked:6987 com.android.server.wm.Task.minimalResumeActivityLocked:6156 com.android.server.wm.ActivityTaskSupervisor.realStartActivityLocked:1137 
09-13 22:03:16.989  1203  3065 V WindowManager: Relayout Window{457d881 u0 Splash Screen org.cosmosmataro.skymap}: viewVisibility=0 req=1080x2400 d0
09-13 22:03:16.990  1203  3065 D RestrictionPolicy: isScreenCaptureEnabled : ret=true userId=0
09-13 22:03:16.990   875  1029 I SurfaceFlinger: id=1716 createSurf flag=40004, Splash Screen org.cosmosmataro.skymap$_1721#1716
09-13 22:03:16.990  1203  1271 I AppOps  : updateUidProcState uid: 10053 procState: 1 capability:15
09-13 22:03:16.990  1026  1026 I CameraService: onUidStateChanged: uid=10053, procState is changed. (0 -> 1)
09-13 22:03:16.991  1203  1299 W libprocessgroup: Failed to open /dev/blkio//cgroup.procs: No such file or directory
09-13 22:03:16.992 26116 26116 D CompatibilityChangeReporter: Compat change id reported: 171979766; UID 10500; state: ENABLED
09-13 22:03:16.992  1203  3065 D WindowManager: makeSurface duration=2 name=Splash Screen org.cosmosmataro.skymap$_1721
09-13 22:03:16.992   879   905 I heimdall: insert_task_to_group:67, insert tgid 26116 to group org.cosmosmataro.skymap, ret = 0
09-13 22:03:16.994  1203  3065 V WindowManager: Relayout hash=457d881, pid=1721, syncId=-1: mAttrs={(0,0)(fillxfill) sim={adjust=pan} ty=APPLICATION_STARTING fmt=TRANSLUCENT wanim=0x1030302
09-13 22:03:16.994  1203  3065 V WindowManager:   fl=81030118
09-13 22:03:16.994  1203  3065 V WindowManager:   pfl=16000010
09-13 22:03:16.994  1203  3065 V WindowManager:   bhv=DEFAULT
09-13 22:03:16.994  1203  3065 V WindowManager:   fitSides= naviIconColor=0}
09-13 22:03:16.994  1203  1576 D AS.MultiSoundManager: mForegroundUid = 10500
09-13 22:03:16.995  1721  1792 D InsetsController: onStateChanged: InsetsState: {mDisplayFrame=Rect(0, 0 - 1080, 2400), mDisplayCutout=DisplayCutout{insets=Rect(0, 73 - 0, 0) waterfall=Insets{left=0, top=0, right=0, bottom=0} boundingRect={Bounds=[Rect(0, 0 - 0, 0), Rect(692, 0 - 748, 73), Rect(0, 0 - 0, 0), Rect(0, 0 - 0, 0)]} cutoutPathParserInfo={CutoutPathParserInfo{displayWidth=1080 displayHeight=2400 physicalDisplayWidth=1440 physicalDisplayHeight=3200 density={2.8125} cutoutSpec={M 0,0 H -9.866666666666667 V 25.86666666666667 H 9.866666666666667 V 0 H 0 Z @dp} rotation={0} scale={1.0} physicalPixelDisplaySizeRatio={1.0}}}}, mRoundedCorners=RoundedCorners{[RoundedCorner{position=TopLeft, radius=68, center=Point(68, 68)}, RoundedCorner{position=TopRight, radius=68, center=Point(1012, 68)}, RoundedCorner{position=BottomRight, radius=68, center=Point(1012, 2332)}, RoundedCorner{position=BottomLeft, radius=68, center=Point(68, 2332)}]}  mRoundedCornerFrame=Rect(0, 0 - 1080, 2400), mPrivacyIndicatorBounds=PrivacyIndicatorBounds {static bounds=Rect(956, 0 - 1080, 73) rotation=0}, mSources= { InsetsSource: {mType=ITYPE_STATUS_BAR, mFrame=[0,0][1080,73], mVisible=true, mInsetsRoundedCornerFrame=false}, InsetsSource: {mType=ITYPE_NAVIGATION_BAR, mFrame=[0,2265][1080,2400], mVisible=true, mInsetsRoundedCornerFrame=false}, InsetsSource: {mType=ITYPE_LEFT_GESTURES, mFrame=[0,0][0,2400], mVisible=true, mInsetsRoundedCornerFrame=false}, InsetsSource: {mType=ITYPE_RIGHT_GESTURES, mFrame=[1080,0][1080,2400], mVisible=true, mInsetsRoundedCornerFrame=false}, InsetsSource: {mType=ITYPE_TOP_MANDATORY_GESTURES, mFrame=[0,0][1080,107], mVisible=true, mInsetsRoundedCornerFrame=false}, InsetsSource: {mType=ITYPE_BOTTOM_MANDATORY_GESTURES, mFrame=[0,2265][1080,2400], mVisible=true, mInsetsRoundedCornerFrame=false}, InsetsSource: {mType=ITYPE_LEFT_DISPLAY_CUTOUT, mFrame=[0,0][-100000,2400], mVisible=true, mInsetsRoundedCornerFrame=false}, InsetsSource: {mType=ITYPE_TOP_DISPLAY_CUTOUT, mFrame=[0,0][1080,73], mVisible=true, mInsetsRoundedCornerFrame=false}, InsetsSource: {mType=ITYPE_RIGHT_DISPLAY_CUTOUT, mFrame=[100000,0][1080,2400], mVisible=true, mInsetsRoundedCornerFrame=false}, InsetsSource: {mType=ITYPE_BOTTOM_DISPLAY_CUTOUT, mFrame=[0,100000][1080,2400], mVisible=true, mInsetsRoundedCornerFrame=false}, InsetsSource: {mType=ITYPE_TOP_TAPPABLE_ELEMENT, mFrame=[0,0][1080,73], mVisible=true, mInsetsRoundedCornerFrame=false}, InsetsSource: {mType=ITYPE_BOTTOM_TAPPABLE_ELEMENT, mFrame=[0,2265][1080,2400], mVisible=true, mInsetsRoundedCornerFrame=false}, InsetsSource: {mType=ITYPE_IME, mFrame=[0,0][0,0], mVisibleFrame=[0,1392][1080,2400], mVisible=false, mInsetsRoundedCornerFrame=false} } host=Splash Screen org.cosmosmataro.skymap from=android.view.ViewRootImpl.relayoutWindow:9802
09-13 22:03:16.996  1721  1792 I ViewRootImpl@af2cad3[skymap]: updateBlastSurfaceIfNeeded mBlastBufferQueue=null isSameSurfaceControl=false
09-13 22:03:16.997  1721  1792 I BLASTBufferQueue: new BLASTBufferQueue, mName= ViewRootImpl@af2cad3[skymap] mNativeObject= 0x73e2ec4b50 sc.mNativeObject= 0x73730afbd0 caller= android.view.ViewRootImpl.updateBlastSurfaceIfNeeded:2909 android.view.ViewRootImpl.relayoutWindow:9847 android.view.ViewRootImpl.performTraversals:3884 android.view.ViewRootImpl.doTraversal:3116 android.view.ViewRootImpl$TraversalRunnable.run:10885 android.view.Choreographer$CallbackRecord.run:1301 android.view.Choreographer$CallbackRecord.run:1309 android.view.Choreographer.doCallbacks:923 android.view.Choreographer.doFrame:852 android.view.Choreographer$FrameDisplayEventReceiver.run:1283 
09-13 22:03:16.997  1721  1792 I BLASTBufferQueue: update, w= 1080 h= 2400 mName = ViewRootImpl@af2cad3[skymap] mNativeObject= 0x73e2ec4b50 sc.mNativeObject= 0x73730afbd0 format= -3 caller= android.graphics.BLASTBufferQueue.<init>:84 android.view.ViewRootImpl.updateBlastSurfaceIfNeeded:2909 android.view.ViewRootImpl.relayoutWindow:9847 android.view.ViewRootImpl.performTraversals:3884 android.view.ViewRootImpl.doTraversal:3116 android.view.ViewRootImpl$TraversalRunnable.run:10885 
09-13 22:03:16.997  1721  1792 I ViewRootImpl@af2cad3[skymap]: Relayout returned: old=(0,0,1080,2400) new=(0,0,1080,2400) req=(1080,2400)0 dur=17 res=0x3 s={true 0x74731b0040} ch=true seqId=0
09-13 22:03:16.998  1721  1792 I ViewRootImpl@af2cad3[skymap]: mThreadedRenderer.initialize() mSurface={isValid=true 0x74731b0040} hwInitialized=true
09-13 22:03:16.998  1721  1798 D OpenGLRenderer: eglCreateWindowSurface
09-13 22:03:16.998   781   988 D gralloc : [mali_gralloc_allocate] begin
09-13 22:03:16.998   781   988 D gralloc : buffer_descriptor: wh(1080 2400) usage_pc(0x40000000000b00 0x40000000000b00) hal_format(0x1) layer_count(1) sizes(0 0 0) strde(0) byte_stride(0) alloc_wh(0 0) internal_format(0x0) alloc_format(0x0) fd_count(1) plane_count(0)
09-13 22:03:16.999   781   988 D gralloc : [mali_gralloc_allocate] allocation successful
09-13 22:03:16.999   781   988 D gralloc : [mali_gralloc_allocate] begin
09-13 22:03:16.999   781   988 D gralloc : buffer_descriptor: wh(1080 2400) usage_pc(0x40000000000b00 0x40000000000b00) hal_format(0x1) layer_count(1) sizes(0 0 0) strde(0) byte_stride(0) alloc_wh(0 0) internal_format(0x0) alloc_format(0x0) fd_count(1) plane_count(0)
09-13 22:03:16.999  1721  1792 I ViewRootImpl@af2cad3[skymap]: reportNextDraw android.view.ViewRootImpl.performTraversals:4438 android.view.ViewRootImpl.doTraversal:3116 android.view.ViewRootImpl$TraversalRunnable.run:10885 android.view.Choreographer$CallbackRecord.run:1301 android.view.Choreographer$CallbackRecord.run:1309 
09-13 22:03:16.999  1721  1792 I ViewRootImpl@af2cad3[skymap]: Setup new sync id=0
09-13 22:03:16.999  1721  1792 I ViewRootImpl@af2cad3[skymap]: Setting syncFrameCallback
09-13 22:03:16.999  1721  1792 I ViewRootImpl@af2cad3[skymap]: registerCallbacksForSync syncBuffer=false
09-13 22:03:17.000   781   988 D gralloc : [mali_gralloc_allocate] allocation successful
09-13 22:03:17.000   781   988 D gralloc : [mali_gralloc_allocate] begin
09-13 22:03:17.000   781   988 D gralloc : buffer_descriptor: wh(1080 2400) usage_pc(0x40000000000b00 0x40000000000b00) hal_format(0x1) layer_count(1) sizes(0 0 0) strde(0) byte_stride(0) alloc_wh(0 0) internal_format(0x0) alloc_format(0x0) fd_count(1) plane_count(0)
09-13 22:03:17.000 26116 26116 W ziparchive: Unable to open '/data/app/~~WwosQLrojvMicFwGLkRepA==/org.cosmosmataro.skymap-Wn6MV_GEVOZ58bYqAiLYxg==/base.dm': No such file or directory
09-13 22:03:17.000 26116 26116 W ziparchive: Unable to open '/data/app/~~WwosQLrojvMicFwGLkRepA==/org.cosmosmataro.skymap-Wn6MV_GEVOZ58bYqAiLYxg==/base.dm': No such file or directory
09-13 22:03:17.000   781   988 D gralloc : [mali_gralloc_allocate] allocation successful
09-13 22:03:17.000   781   988 D gralloc : [mali_gralloc_allocate] begin
09-13 22:03:17.000   781   988 D gralloc : buffer_descriptor: wh(1080 2400) usage_pc(0x40000000000b00 0x40000000000b00) hal_format(0x1) layer_count(1) sizes(0 0 0) strde(0) byte_stride(0) alloc_wh(0 0) internal_format(0x0) alloc_format(0x0) fd_count(1) plane_count(0)
09-13 22:03:17.001   781   988 D gralloc : [mali_gralloc_allocate] allocation successful
09-13 22:03:17.001  1203  1286 I ActivityManager: Changes in 10500 20 to 2, 0 to 15
09-13 22:03:17.001  1203  1286 I AppOps  : updateUidProcState uid: 10500 procState: 2 capability:15
09-13 22:03:17.001  1203  1286 I AppOps  : commitUidPendingStateLocked() :: UID - 10500, 700 > 200, 0 > 15
09-13 22:03:17.001  1721  1831 I ViewRootImpl@af2cad3[skymap]: Received frameDrawingCallback syncResult=0 frameNum=1.
09-13 22:03:17.001  1721  1831 I ViewRootImpl@af2cad3[skymap]: Setting up sync and frameCommitCallback
09-13 22:03:17.001  1203  1286 I ActivityManager: updateOomAdj start time is before than pendingPid added, don't delete it
09-13 22:03:17.002  1203  1299 W libprocessgroup: Failed to open /dev/blkio//cgroup.procs: No such file or directory
09-13 22:03:17.003  1721  1798 I BLASTBufferQueue: [ViewRootImpl@af2cad3[skymap]#73](f:0,a:0) onFrameAvailable the first frame is available
09-13 22:03:17.004  1203  1286 D SGM:FgCheckThread: notePauseComponent(), received pkgName: com.sec.android.app.launcher, userId: 0
09-13 22:03:17.004   875   875 I SurfaceFlinger: [cb0180e com.sec.android.app.launcher/com.sec.android.app.launcher.activities.LauncherActivity#110] FrameRatePriority: -1
09-13 22:03:17.004  1203  1203 I CocktailBarManagerServiceContainer: handleMessage: entry what = 6
09-13 22:03:17.005  1721  1798 I ViewRootImpl@af2cad3[skymap]: Received frameCommittedCallback lastAttemptedDrawFrameNum=1 didProduceBuffer=true
09-13 22:03:17.005  1721  1798 D OpenGLRenderer: CFMS:: SetUp Pid : 1721    Tid : 1798
09-13 22:03:17.006  1721  1798 W Parcel  : Expecting binder but got null!
09-13 22:03:17.006  1721  1792 I ViewRootImpl@af2cad3[skymap]: onSyncComplete
09-13 22:03:17.006  1721  1792 I ViewRootImpl@af2cad3[skymap]: setupSync seqId=0 mSyncId=0 fn=1 caller=android.view.ViewRootImpl$$ExternalSyntheticLambda11.accept:6 android.window.SurfaceSyncer.lambda$setupSync$1$android-window-SurfaceSyncer:128 android.window.SurfaceSyncer$$ExternalSyntheticLambda1.accept:8 android.window.SurfaceSyncer$SyncSet.checkIfSyncIsComplete:382 android.window.SurfaceSyncer$SyncSet.markSyncReady:359 android.window.SurfaceSyncer.markSyncReady:151 android.view.ViewRootImpl.performTraversals:4503 
09-13 22:03:17.006  1721  1792 I ViewRootImpl@af2cad3[skymap]: reportDrawFinished seqId=0 mSyncId=-1 fn=1 mSurfaceChangedTransaction=0x73a2f39dd0
09-13 22:03:17.006  1203  1948 D InputDispatcher: Focus left window (0): cb0180e com.sec.android.app.launcher/com.sec.android.app.launcher.activities.LauncherActivity
09-13 22:03:17.007  1203  4212 D WindowManager: finishDrawingWindow: Window{457d881 u0 Splash Screen org.cosmosmataro.skymap} mDrawState=DRAW_PENDING seqId=0
09-13 22:03:17.007  1203  4212 V WindowManager: Finishing drawing window Window{457d881 u0 Splash Screen org.cosmosmataro.skymap}: mDrawState=DRAW_PENDING
09-13 22:03:17.007  2236  2236 I ViewRootImpl@d303222[LauncherActivity]: MSG_WINDOW_FOCUS_CHANGED 0 0
09-13 22:03:17.007  1203  4212 V WindowManager: Draw state now committed in Window{457d881 u0 Splash Screen org.cosmosmataro.skymap}
09-13 22:03:17.007  2236  2236 I BaseActivity: removeActivityFlags, flags : 8
09-13 22:03:17.009  1203  1287 D WindowManager: performShow logReadyForDisplay win=Window{457d881 u0 Splash Screen org.cosmosmataro.skymap} mToken.waitingToShow:true isTransitionSet:true
09-13 22:03:17.011  1203  1287 D WindowManager: createAnimationAdapter(): container=Task{ae5d2c4 #1 type=home ?? U=0 visible=false visibleRequested=false mode=fullscreen translucent=true sz=1}
09-13 22:03:17.011  1203  1287 I WindowManager: Reparenting to leash, surface=Surface(name=Task=1)/@0x5ddb, leashParent=Surface(name=DefaultTaskDisplayArea)/@0xf22e078
09-13 22:03:17.011   875  1029 I SurfaceFlinger: id=1717 createSurf flag=24000, Surface(name=Task=1)/@0x5ddb - animation-leash of app_transition#1717
09-13 22:03:17.012  1203  1287 D WindowManager: makeSurface duration=1 leash=Surface(name=Surface(name=Task=1)/@0x5ddb - animation-leash of app_transition)/@0xc1ded5b
09-13 22:03:17.012  1203  1287 D WindowManager: startAnimation
09-13 22:03:17.012  1203  1287 D WindowManager: createAnimationAdapter(): container=Task{87f0f6f #3137 type=standard A=10500:org.cosmosmataro.skymap U=0 visible=true visibleRequested=true mode=fullscreen translucent=false sz=1}
09-13 22:03:17.012  1203  1287 I WindowManager: Reparenting to leash, surface=Surface(name=Task=3137)/@0x671f9f8, leashParent=Surface(name=DefaultTaskDisplayArea)/@0xf22e078
09-13 22:03:17.013   875  1029 I SurfaceFlinger: id=1718 createSurf flag=24004, Surface(name=Task=3137)/@0x671f9f8 - animation-leash of app_transition#1718
09-13 22:03:17.013  1203  1287 D WindowManager: makeSurface duration=1 leash=Surface(name=Surface(name=Task=3137)/@0x671f9f8 - animation-leash of app_transition)/@0x7440437
09-13 22:03:17.014  1203  1287 D WindowManager: startAnimation
09-13 22:03:17.014  1203  1287 V WindowManager: performShowLocked: mDrawState=HAS_DRAWN in Window{457d881 u0 Splash Screen org.cosmosmataro.skymap}
09-13 22:03:17.014  1203  1287 D WindowManager: goodToGo(RemoteAnimationController@ac8bda4)
09-13 22:03:17.014  1203  1287 D WindowManager: createAppAnimations()
09-13 22:03:17.015  1203  1287 D WindowManager: 	Add container=Task{87f0f6f #3137 type=standard A=10500:org.cosmosmataro.skymap U=0 visible=true visibleRequested=true mode=fullscreen translucent=false sz=1}
09-13 22:03:17.015  1203  1287 D WindowManager: 	Add container=Task{ae5d2c4 #1 type=home ?? U=0 visible=false visibleRequested=false mode=fullscreen translucent=true sz=1}
09-13 22:03:17.015  1203  1287 D WindowManager: createWallpaperAnimations()
09-13 22:03:17.015  1203  1287 I WindowManager: Reparenting to leash, surface=Surface(name=WallpaperWindowToken{b7b5f82 token=android.os.Binder@5c2aacd})/@0x21cfcb7, leashParent=Surface(name=Leaf:0:1)/@0x7e18c24
09-13 22:03:17.015   875  1029 I SurfaceFlinger: id=1719 createSurf flag=24000, Surface(name=WallpaperWindowToken{b7b5f82 token=android.os.Binder@5c2aacd})/@0x21cfcb7 - animation-leash of window_animation#1719
09-13 22:03:17.016  1203  1287 D WindowManager: makeSurface duration=0 leash=Surface(name=Surface(name=WallpaperWindowToken{b7b5f82 token=android.os.Binder@5c2aacd})/@0x21cfcb7 - animation-leash of window_animation)/@0xc0e86c2
09-13 22:03:17.016  1203  1287 D WindowManager: startAnimation
09-13 22:03:17.016  1203  1287 D WindowManager: createNonAppWindowAnimations()
09-13 22:03:17.018   875  1029 I SurfaceFlinger: id=1720 createSurf flag=80000, ab54949 ActivityRecordInputSink org.cosmosmataro.skymap/.activities.SplashScreenActivity#1720
09-13 22:03:17.020  1721  1779 D Bubbles : onLocusVisibilityChanged: LocusId[17_chars] visible=false
09-13 22:03:17.020  1203  1287 D WindowManager: goodToGo(RemoteAnimationController@ac8bda4): onAnimationStart, transit=TRANSIT_OLD_WALLPAPER_CLOSE, apps=2, wallpapers=1, nonApps=0
09-13 22:03:17.020  1203  1287 D WindowManager: startAnimation(): Notify animation start:
09-13 22:03:17.020  1203  1287 I WindowManager: Starting remote animation
09-13 22:03:17.020  2236  8850 I LauncherAnimationRunner: onAnimationStart, appTargets : [Lcom.android.systemui.shared.system.RemoteAnimationTargetCompat;@321a581 mStartAtFrontOfQueue : true
09-13 22:03:17.020  2236  2236 W AppTransitionAnimatorImpl: animation with floating icon
09-13 22:03:17.021   875   875 I Layer   : Layer [Splash Screen org.cosmosmataro.skymap$_1721#1716] hidden!! flag(0)
09-13 22:03:17.021  1203  1287 I WindowManager: container=Task{87f0f6f #3137 type=standard A=10500:org.cosmosmataro.skymap U=0 visible=true visibleRequested=true mode=fullscreen translucent=false sz=1}
09-13 22:03:17.021  1203  1287 I WindowManager: Target:
09-13 22:03:17.021  1203  1287 I WindowManager:   mode=0 taskId=3137 isTranslucent=false clipRect=[0,0][0,0] contentInsets=[0,73][0,135] prefixOrderIndex=40 position=[0,0] sourceContainerBounds=[0,0][1080,2400] screenSpaceBounds=[0,0][1080,2400] localBounds=[0,0][1080,2400]
09-13 22:03:17.021  1203  1287 I WindowManager:   windowConfiguration={ mBounds=Rect(0, 0 - 1080, 2400) mAppBounds=Rect(0, 73 - 1080, 2265) mMaxBounds=Rect(0, 0 - 1080, 2400) mDisplayRotation=ROTATION_0 mWindowingMode=fullscreen mDisplayWindowingMode=fullscreen mActivityType=standard mAlwaysOnTop=undefined mRotation=ROTATION_0 mPopOver=undefined mStageConfig=undefined mFreeformTaskPinningState=unpinned mFreeformStashState=undefined mDexTaskDockingState=undefined}
09-13 22:03:17.021  1203  1287 I WindowManager:   leash=Surface(name=Surface(name=Task=3137)/@0x671f9f8 - animation-leash of app_transition)/@0x7440437
09-13 22:03:17.021  1203  1287 I WindowManager:   taskInfo=TaskInfo{userId=0 taskId=3137 displayId=0 isRunning=true baseIntent=Intent { act=android.intent.action.MAIN cat=[android.intent.category.LAUNCHER] flg=0x10200000 cmp=org.cosmosmataro.skymap/.activities.SplashScreenActivity } baseActivity=ComponentInfo{org.cosmosmataro.skymap/org.cosmosmataro.skymap.activities.SplashScreenActivity} topActivity=ComponentInfo{org.cosmosmataro.skymap/org.cosmosmataro.skymap.activities.SplashScreenActivity} origActivity=null realActivity=ComponentInfo{org.cosmosmataro.skymap/org.cosmosmataro.skymap.activities.SplashScreenActivity} numActivities=1 lastActiveTime=33051272 supportsSplitScreenMultiWindow=true supportsMultiWindow=true resizeMode=1 isResizeable=true minWidth=-1 minHeight=-1 defaultMinSize=220 token=WCT{RemoteToken{b4aacd3 Task{87f0f6f #3137 type=standard A=10500:org.cosmosmataro.skymap U=0 visible=true visibleRequested=true mode=fullscreen translucent=false sz=1}}} topActivityType=1 pictureInPictureParams=null shouldDockBigOverlays=false launchIntoPipHostTaskId=0 displayCutoutSafeInsets=Rect(0, 73 - 0, 0) topActivityInfo=ActivityInfo{da61010 org.cosmosmataro.skymap.activities.SplashScreenActivity} launchCookies=[android.os.BinderProxy@4f9e709] positionInParent=Point(0, 0) parentTaskId=-1 isFocused=true isVisible=true isSleeping=false topActivityInSizeCompat=false topActivityEligibleForLetterboxEducation= false locusId=null displayAreaFeatureId=1 cameraCompatControlState=hidden originallySupportedSplitScreen=true hasWallpaper=false isTopTransparentActivity=false topActivityInFixedAspectRatio=false topActivityInDisplayCompat=false topActivityInBoundsCompat=false topActivityBounds=null}
09-13 22:03:17.021  1203  1287 I WindowManager:   allowEnterPip=true
09-13 22:03:17.021  1203  1287 I WindowManager:   windowType=-1  hasAnimatingParent=false  backgroundColor=0container=Task{ae5d2c4 #1 type=home ?? U=0 visible=false visibleRequested=false mode=fullscreen translucent=true sz=1}
09-13 22:03:17.021  1203  1287 I WindowManager: Target:
09-13 22:03:17.021  1203  1287 I WindowManager:   mode=1 taskId=7 isTranslucent=false clipRect=[0,0][0,0] contentInsets=[0,73][0,135] prefixOrderIndex=37 position=[0,0] sourceContainerBounds=[0,0][1080,2400] screenSpaceBounds=[0,0][1080,2400] localBounds=[0,0][1080,2400]
09-13 22:03:17.021  1203  1287 I WindowManager:   windowConfiguration={ mBounds=Rect(0, 0 - 1080, 2400) mAppBounds=Rect(0, 73 - 1080, 2265) mMaxBounds=Rect(0, 0 - 1080, 2400) mDisplayRotation=ROTATION_0 mWindowingMode=fullscreen mDisplayWindowingMode=fullscreen mActivityType=home mAlwaysOnTop=undefined mRotation=ROTATION_0 mPopOver=undefined mStageConfig=undefined mFreeformTaskPinningState=unpinned mFreeformStashState=undefined mDexTaskDockingState=undefined}
09-13 22:03:17.021  1203  1287 I WindowManager:   leash=Surface(name=Surface(name=Task=1)/@0x5ddb - animation-leash of app_transition)/@0xc1ded5b
09-13 22:03:17.021  2236  2236 I FloatingIconView: drawable is not adaptive icon: false
09-13 22:03:17.021  1203  1287 I WindowManager:   taskInfo=TaskInfo{userId=0 taskId=7 displayId=0 isRunning=true baseIntent=Intent { act=android.intent.action.MAIN cat=[android.intent.category.HOME] flg=0x10000100 cmp=com.sec.android.app.launcher/.activities.LauncherActivity } baseActivity=ComponentInfo{com.sec.android.app.launcher/com.sec.android.app.launcher.activities.LauncherActivity} topActivity=ComponentInfo{com.sec.android.app.launcher/com.android.launcher3.uioverrides.QuickstepLauncher} origActivity=ComponentInfo{com.sec.android.app.launcher/com.sec.android.app.launcher.activities.LauncherActivity} realActivity=ComponentInfo{com.sec.android.app.launcher/com.android.launcher3.uioverrides.QuickstepLauncher} numActivities=1 lastActiveTime=33051265 supportsSplitScreenMultiWindow=true supportsMultiWindow=true resizeMode=2 isResizeable=true minWidth=-1 minHeight=-1 defaultMinSize=220 token=WCT{RemoteToken{e287175 Task{fd7694e #7 type=home A=10140:com.sec.android.app.launcher.activities.LauncherActivity U=0 rootTaskId=1 visible=false visibleRequested=false mode=fullscreen translucent=true sz=1}}} topActivityType=2 pictureInPictureParams=null shouldDockBigOverlays=false launchIntoPipHostTaskId=0 displayCutoutSafeInsets=Rect(0, 73 - 0, 0) topActivityInfo=ActivityInfo{f48250a com.sec.android.app.launcher.activities.LauncherActivity} launchCookies=[] positionInParent=Point(0, 0) parentTaskId=-1 isFocused=false isVisible=false isSleeping=false topActivityInSizeCompat=false topActivityEligibleForLetterboxEducation= false locusId=LocusId[17_chars] displayAreaFeatureId=1 cameraCompatControlState=hidden originallySupportedSplitScreen=true hasWallpaper=false isTopTransparentActivity=false topActivityInFixedAspectRatio=false topActivityInDisplayCompat=false topActivityInBoundsCompat=false topActivityBounds=null}
09-13 22:03:17.021  1203  1287 I WindowManager:   allowEnterPip=true
09-13 22:03:17.021  1203  1287 I WindowManager:   windowType=-1  hasAnimatingParent=false  backgroundColor=0
09-13 22:03:17.021  2236  2236 I RemoteAnimationTargets: RemoteAnimationTargets : 3137 - 0, 0
09-13 22:03:17.021  2236  2236 I RemoteAnimationTargets: RemoteAnimationTargets : 7 - 1, 0
09-13 22:03:17.021  2236  2236 I QuickstepTransition: onCreateAnimation : com.android.launcher3.util.RunnableList@2fc83b9 - com.android.launcher3.g@fbca3fe
09-13 22:03:17.021  2236  2236 I AnimationResult: setAnimation : com.android.launcher3.g@fbca3fe
09-13 22:03:17.024  1203  1286 I SemPersonaManager: SecureFolder personaId = 150
09-13 22:03:17.025 19802 20017 I Rubin   : [1459] s9.a.c(SourceFile:1) : Notify com.samsung.android.rubin.inferenceengine.contextanalytics.engine.loggers.d's database is updated.
09-13 22:03:17.026  1203  1271 D SGM:GameManager: identifyForegroundApp. org.cosmosmataro.skymap, mCurrentUserId: 0, callerUserId: 0
09-13 22:03:17.026  1203  1271 D SGM:PkgDataHelper: getGamePkgData(). org.cosmosmataro.skymap
09-13 22:03:17.027  1203  4212 D SGM:GameManager: identifyGamePackage. org.cosmosmataro.skymap, mCurrentUserId: 0, callerUserId: 0, callingMethodInfo: com.samsung.android.game.IGameManagerService$Stub.onTransact(IGameManagerService.java:233)
09-13 22:03:17.028  1203  4212 D SGM:PkgDataHelper: getGamePkgData(). org.cosmosmataro.skymap
09-13 22:03:17.028  1203  1286 D EnterpriseDeviceManagerService: isMdmAdminPresentInternal() : MDM Admin Found - com.samsung.knox.securefolder
09-13 22:03:17.029 19802 20017 I Rubin   : [1459] ga.e.m(SourceFile:6) : isSatisfiedByCmh is false
09-13 22:03:17.029  1203  1286 D SGM:GameManager: identifyGamePackage. org.cosmosmataro.skymap, mCurrentUserId: 0, callerUserId: 0, callingMethodInfo: com.android.server.ssrm.SortingMachine.isGame(SortingMachine.java:162)
09-13 22:03:17.029  1203  1286 D SGM:PkgDataHelper: getGamePkgData(). org.cosmosmataro.skymap
09-13 22:03:17.030  1203  1546 V NetworkPolicy: getFirewallRuleWifi UID:10500 policy:0
09-13 22:03:17.030  1203  1286 D SGM:GameManager: identifyGamePackage. org.cosmosmataro.skymap, mCurrentUserId: 0, callerUserId: 0, callingMethodInfo: com.samsung.android.game.SemGameManager.isGamePackage(SemGameManager.java:104)
09-13 22:03:17.030  1203  1286 D SGM:PkgDataHelper: getGamePkgData(). org.cosmosmataro.skymap
09-13 22:03:17.030  1203  1286 D SGM:SemGameManager: isGamePackage(), pkgName=org.cosmosmataro.skymap, ret=false
09-13 22:03:17.031  1203  2978 I MediaSessionMonitor: Media session stopped : not playing state
09-13 22:03:17.031  1203  1286 D SGM:FgCheckThread: noteResumeComponent(), received pkgName: org.cosmosmataro.skymap, userId: 0
09-13 22:03:17.031  1203  1286 I GameSDK@LifeCycle: noteResumeComponent(): package name  : org.cosmosmataro.skymap
09-13 22:03:17.031  1203  1531 D SGM:FgCheckThread: onLooperPrepared(), msg: MSG_APP_RESUME, pkgName: org.cosmosmataro.skymap, userid: 0
09-13 22:03:17.031  1203  1531 D SGM:FgCheckThread: handleResume().
09-13 22:03:17.031  1203  1531 D SGM:FgCheckThread: sendFocusOutConditionally() - mPrevNotiPkg: (unknown), userId: 0
09-13 22:03:17.031  1203  1531 D SGM:FgCheckThread:   handleResume(). pkgName: org.cosmosmataro.skymap, userId: 0, isTunableApp: null
09-13 22:03:17.031  1203  1531 D SGM:FgCheckThread: notifyFocusInOut(). of pkg: org.cosmosmataro.skymap, type: 4, isTunableApp: false, userId: 0
09-13 22:03:17.031  1203  1531 D SGM:FgCheckThread:   notifyFocusInOut(). unexpected mPrevNotiType: -1
09-13 22:03:17.031  1203  1531 D SGM:SystemHelper: callReleaseBlock needReleaseBlock:false
09-13 22:03:17.032  1203  1203 I CocktailBarManagerServiceContainer: handleMessage: entry what = 5
09-13 22:03:17.034  4350  4350 I ActivityUtils: HomePackage : com.sec.android.app.launcher, resumePackageName : org.cosmosmataro.skymap
09-13 22:03:17.036  1203  1656 D NetdEventListenerService: DNS Requested by : 117, 1000
09-13 22:03:17.036  1203  1628 D TrafficStats: tagSocket(923) with statsTag=0xffffffff, statsUid=-1
09-13 22:03:17.037  2236  2236 W AppTransitionAnimatorImpl: onAnimationStart - APP IN
09-13 22:03:17.038  2236  5055 I ViewRootImpl@d303222[LauncherActivity]: mWNT: t=0x73a2ebacf0 mBlastBufferQueue=0x73e2e91250 fn= 178 caller= com.android.systemui.shared.launcher.ViewRootImplCompat.mergeWithNextTransaction:2 com.android.quickstep.util.SurfaceTransactionApplier.lambda$scheduleApply$0:2 com.android.quickstep.util.SurfaceTransactionApplier.b:0 
09-13 22:03:17.044   875  2652 D NativeSemDvfsManager: acquire:: timeout = 2000 mIsAcquired = 1  mTagName : SurfaceFlinger 
09-13 22:03:17.045   875  2652 E NativeCustomFrequencyManager: [NativeCFMS] BpCustomFrequencyManager::acquire()
09-13 22:03:17.045   797   883 I HYPER-HAL: [RequestManager.cpp]acquire(): Acquired ID : 1759750  [875 / 1000]    HINT : SF_GPU_MINLOCK    list : [TIMEOUT / 2000] 
09-13 22:03:17.055   875   875 D SurfaceFlinger: GPIS:: requestGPIS
09-13 22:03:17.055  2236  5056 I ViewRootImpl@d303222[LauncherActivity]: mWNT: t=0x73a2ebb4d0 mBlastBufferQueue=0x73e2e91250 fn= 179 caller= com.android.systemui.shared.launcher.ViewRootImplCompat.mergeWithNextTransaction:2 com.android.quickstep.util.SurfaceTransactionApplier.lambda$scheduleApply$0:2 com.android.quickstep.util.SurfaceTransactionApplier.b:0 
09-13 22:03:17.071  2236  5055 I ViewRootImpl@d303222[LauncherActivity]: mWNT: t=0x73a2ecdcb0 mBlastBufferQueue=0x73e2e91250 fn= 180 caller= com.android.systemui.shared.launcher.ViewRootImplCompat.mergeWithNextTransaction:2 com.android.quickstep.util.SurfaceTransactionApplier.lambda$scheduleApply$0:2 com.android.quickstep.util.SurfaceTransactionApplier.b:0 
09-13 22:03:17.077  2236  8850 I RecentModel: onTaskStackChangedBackground
09-13 22:03:17.079   875   875 D SurfaceFlinger: Display 4633128672291735937 HWC layers:
09-13 22:03:17.079   875   875 D SurfaceFlinger:      CLIENT | 0x7b1641be30 | 0100 | RGBx_8888    |  660.0    0.0 1740.0 2400.0 |    0    0 1080 2400 | Wallpaper BBQ wrapper#84
09-13 22:03:17.079   875   875 D SurfaceFlinger:      CLIENT | 0x7b1645ca50 | 0100 | RGBA_8888    |    0.0    0.0 1080.0 2400.0 |    0    0 1080 2400 | com.sec.android.app.launcher/com.sec[...]herActivity$_2236#1637 (blurRegions)
09-13 22:03:17.079   875   875 D SurfaceFlinger:      CLIENT | 0x7b16464070 | 0100 | RGBA_8888    |    0.0  639.0 1080.0 1719.0 |   72 1066  266 1260 | Splash Screen org.cosmosmataro.skymap$_1721#1716
09-13 22:03:17.079   875   875 D SurfaceFlinger:      DEVICE | 0x7b16434eb0 | 0100 | RGBA_8888    |    0.0    0.0 1080.0   73.0 |    0    0 1080   73 | StatusBar$_1721#81
09-13 22:03:17.079   875   875 D SurfaceFlinger:      DEVICE | 0x7b1646be70 | 0100 | RGBA_8888    |    0.0    0.0   67.0  411.0 |    0  619   67 1030 | com.samsung.android.app.cocktailbars[...]ervice.CocktailBarService$_4350#1585
09-13 22:03:17.079   875   875 D SurfaceFlinger:      DEVICE | 0x7b1644f370 | 0100 | RGBA_8888    |    0.0    0.0 1080.0  135.0 |    0 2265 1080 2400 | NavigationBar0$_1721#76
09-13 22:03:17.079   875   875 D SurfaceFlinger: 
09-13 22:03:17.080  2236  2439 I RecentTasksList: loadTasksInBackground : groupTask = GroupTask{task1=[id=3098 windowingMode=1 user=0 lastActiveTime=26050952] null, task2=null, task3=null, mStagedSplitBounds=null}
09-13 22:03:17.080  2236  2439 I RecentTasksList: loadTasksInBackground : groupTask = GroupTask{task1=[id=3118 windowingMode=1 user=0 lastActiveTime=28315192] null, task2=null, task3=null, mStagedSplitBounds=null}
09-13 22:03:17.080  2236  2439 I RecentTasksList: loadTasksInBackground : groupTask = GroupTask{task1=[id=3137 windowingMode=1 user=0 lastActiveTime=33051356] null, task2=null, task3=null, mStagedSplitBounds=null}
09-13 22:03:17.088  2236  5056 I ViewRootImpl@d303222[LauncherActivity]: mWNT: t=0x73a2eac410 mBlastBufferQueue=0x73e2e91250 fn= 181 caller= com.android.systemui.shared.launcher.ViewRootImplCompat.mergeWithNextTransaction:2 com.android.quickstep.util.SurfaceTransactionApplier.lambda$scheduleApply$0:2 com.android.quickstep.util.SurfaceTransactionApplier.b:0 
09-13 22:03:17.105  2236  5055 I ViewRootImpl@d303222[LauncherActivity]: mWNT: t=0x73a2e8aff0 mBlastBufferQueue=0x73e2e91250 fn= 182 caller= com.android.systemui.shared.launcher.ViewRootImplCompat.mergeWithNextTransaction:2 com.android.quickstep.util.SurfaceTransactionApplier.lambda$scheduleApply$0:2 com.android.quickstep.util.SurfaceTransactionApplier.b:0 
09-13 22:03:17.106 26116 26116 D nativeloader: Configuring classloader-namespace for other apk /data/app/~~WwosQLrojvMicFwGLkRepA==/org.cosmosmataro.skymap-Wn6MV_GEVOZ58bYqAiLYxg==/base.apk. target_sdk_version=34, uses_libraries=, library_path=/data/app/~~WwosQLrojvMicFwGLkRepA==/org.cosmosmataro.skymap-Wn6MV_GEVOZ58bYqAiLYxg==/lib/arm64, permitted_path=/data:/mnt/expand:/data/user/0/org.cosmosmataro.skymap
09-13 22:03:17.116 26116 26116 V GraphicsEnvironment: ANGLE Developer option for 'org.cosmosmataro.skymap' set to: 'default'
09-13 22:03:17.116 26116 26116 V GraphicsEnvironment: ANGLE GameManagerService for org.cosmosmataro.skymap: false
09-13 22:03:17.116 26116 26116 V GraphicsEnvironment: App is not on the allowlist for updatable production driver.
09-13 22:03:17.118 26116 26116 D NetworkSecurityConfig: No Network Security Config specified, using platform default
09-13 22:03:17.122  2236  5056 I ViewRootImpl@d303222[LauncherActivity]: mWNT: t=0x73a2ecce10 mBlastBufferQueue=0x73e2e91250 fn= 183 caller= com.android.systemui.shared.launcher.ViewRootImplCompat.mergeWithNextTransaction:2 com.android.quickstep.util.SurfaceTransactionApplier.lambda$scheduleApply$0:2 com.android.quickstep.util.SurfaceTransactionApplier.b:0 
09-13 22:03:17.127 26116 26116 D NetworkSecurityConfig: No Network Security Config specified, using platform default
09-13 22:03:17.132 26116 26116 W FirebaseApp: Default FirebaseApp failed to initialize because no default options were found. This usually means that com.google.gms:google-services was not applied to your gradle project.
09-13 22:03:17.132 26116 26116 I FirebaseInitProvider: FirebaseApp initialization unsuccessful
09-13 22:03:17.138  2236  5055 I ViewRootImpl@d303222[LauncherActivity]: mWNT: t=0x73a2eb9c10 mBlastBufferQueue=0x73e2e91250 fn= 184 caller= com.android.systemui.shared.launcher.ViewRootImplCompat.mergeWithNextTransaction:2 com.android.quickstep.util.SurfaceTransactionApplier.lambda$scheduleApply$0:2 com.android.quickstep.util.SurfaceTransactionApplier.b:0 
09-13 22:03:17.147 26116 26146 D OpenGLRenderer: RenderThread::requireGlContext()
09-13 22:03:17.148 26116 26116 D AndroidRuntime: Shutting down VM
--------- beginning of crash
09-13 22:03:17.149 26116 26116 E AndroidRuntime: FATAL EXCEPTION: main
09-13 22:03:17.149 26116 26116 E AndroidRuntime: Process: org.cosmosmataro.skymap, PID: 26116
09-13 22:03:17.149 26116 26116 E AndroidRuntime: java.lang.RuntimeException: Unable to instantiate activity ComponentInfo{org.cosmosmataro.skymap/org.cosmosmataro.skymap.activities.SplashScreenActivity}: java.lang.ClassNotFoundException: Didn't find class "org.cosmosmataro.skymap.activities.SplashScreenActivity" on path: DexPathList[[zip file "/data/app/~~WwosQLrojvMicFwGLkRepA==/org.cosmosmataro.skymap-Wn6MV_GEVOZ58bYqAiLYxg==/base.apk"],nativeLibraryDirectories=[/data/app/~~WwosQLrojvMicFwGLkRepA==/org.cosmosmataro.skymap-Wn6MV_GEVOZ58bYqAiLYxg==/lib/arm64, /system/lib64, /system/system_ext/lib64]]
09-13 22:03:17.149 26116 26116 E AndroidRuntime: 	at android.app.ActivityThread.performLaunchActivity(ActivityThread.java:4051)
09-13 22:03:17.149 26116 26116 E AndroidRuntime: 	at android.app.ActivityThread.handleLaunchActivity(ActivityThread.java:4325)
09-13 22:03:17.149 26116 26116 E AndroidRuntime: 	at android.app.servertransaction.LaunchActivityItem.execute(LaunchActivityItem.java:101)
09-13 22:03:17.149 26116 26116 E AndroidRuntime: 	at android.app.servertransaction.TransactionExecutor.executeCallbacks(TransactionExecutor.java:135)
09-13 22:03:17.149 26116 26116 E AndroidRuntime: 	at android.app.servertransaction.TransactionExecutor.execute(TransactionExecutor.java:95)
09-13 22:03:17.149 26116 26116 E AndroidRuntime: 	at android.app.ActivityThread$H.handleMessage(ActivityThread.java:2574)
09-13 22:03:17.149 26116 26116 E AndroidRuntime: 	at android.os.Handler.dispatchMessage(Handler.java:106)
09-13 22:03:17.149 26116 26116 E AndroidRuntime: 	at android.os.Looper.loopOnce(Looper.java:226)
09-13 22:03:17.149 26116 26116 E AndroidRuntime: 	at android.os.Looper.loop(Looper.java:313)
09-13 22:03:17.149 26116 26116 E AndroidRuntime: 	at android.app.ActivityThread.main(ActivityThread.java:8762)
09-13 22:03:17.149 26116 26116 E AndroidRuntime: 	at java.lang.reflect.Method.invoke(Native Method)
09-13 22:03:17.149 26116 26116 E AndroidRuntime: 	at com.android.internal.os.RuntimeInit$MethodAndArgsCaller.run(RuntimeInit.java:604)
09-13 22:03:17.149 26116 26116 E AndroidRuntime: 	at com.android.internal.os.ZygoteInit.main(ZygoteInit.java:1067)
09-13 22:03:17.149 26116 26116 E AndroidRuntime: Caused by: java.lang.ClassNotFoundException: Didn't find class "org.cosmosmataro.skymap.activities.SplashScreenActivity" on path: DexPathList[[zip file "/data/app/~~WwosQLrojvMicFwGLkRepA==/org.cosmosmataro.skymap-Wn6MV_GEVOZ58bYqAiLYxg==/base.apk"],nativeLibraryDirectories=[/data/app/~~WwosQLrojvMicFwGLkRepA==/org.cosmosmataro.skymap-Wn6MV_GEVOZ58bYqAiLYxg==/lib/arm64, /system/lib64, /system/system_ext/lib64]]
09-13 22:03:17.149 26116 26116 E AndroidRuntime: 	at dalvik.system.BaseDexClassLoader.findClass(BaseDexClassLoader.java:259)
09-13 22:03:17.149 26116 26116 E AndroidRuntime: 	at java.lang.ClassLoader.loadClass(ClassLoader.java:379)
09-13 22:03:17.149 26116 26116 E AndroidRuntime: 	at java.lang.ClassLoader.loadClass(ClassLoader.java:312)
09-13 22:03:17.149 26116 26116 E AndroidRuntime: 	at android.app.AppComponentFactory.instantiateActivity(AppComponentFactory.java:95)
09-13 22:03:17.149 26116 26116 E AndroidRuntime: 	at androidx.core.app.CoreComponentFactory.instantiateActivity(CoreComponentFactory.java:44)
09-13 22:03:17.149 26116 26116 E AndroidRuntime: 	at android.app.Instrumentation.newActivity(Instrumentation.java:1328)
09-13 22:03:17.149 26116 26116 E AndroidRuntime: 	at android.app.ActivityThread.performLaunchActivity(ActivityThread.java:4038)
09-13 22:03:17.149 26116 26116 E AndroidRuntime: 	... 12 more
09-13 22:03:17.151  1203 26155 I DropBoxManagerService: add tag=data_app_crash isTagEnabled=true flags=0x2
09-13 22:03:17.151  1203  4212 D Debug   : low && ship && 3rdparty app crash, do not dump
09-13 22:03:17.151  1203  1996 D MdnieScenarioControlService:  packageName : org.cosmosmataro.skymap    className : org.cosmosmataro.skymap.activities.SplashScreenActivity
09-13 22:03:17.152  1203  4212 W ContextImpl: Calling a method in the system process without a qualified user: android.app.ContextImpl.sendBroadcast:1252 com.android.server.am.AppErrors.crashApplicationInner:722 com.android.server.am.AppErrors.crashApplication:598 com.android.server.am.ActivityManagerService.handleApplicationCrashInner:10509 com.android.server.am.ActivityManagerService.handleApplicationCrash:10378 
09-13 22:03:17.152  1203  1996 V MdnieScenarioControlService: setUIMode from UI function(3)
09-13 22:03:17.152  1203  4212 W ActivityManager: crash : org.cosmosmataro.skymap,10500
09-13 22:03:17.152  1203  4212 W ActivityTaskManager:   Force finishing activity org.cosmosmataro.skymap/.activities.SplashScreenActivity
09-13 22:03:17.152  1203  4212 W WindowManager: Prepare app transition: mNextAppTransitionRequests=[TRANSIT_CLOSE], mNextAppTransitionFlags=TRANSIT_FLAG_KEYGUARD_GOING_AWAY_TO_LAUNCHER_WITH_IN_WINDOW_ANIMATIONS | TRANSIT_FLAG_APP_CRASHED, displayId: 0 Callers=com.android.server.wm.DisplayContent.prepareAppTransition:6493 com.android.server.wm.DisplayContent.requestTransitionAndLegacyPrepare:6509 com.android.server.wm.Task.finishTopCrashedActivityLocked:6797 com.android.server.wm.RootWindowContainer.lambda$finishTopCrashedActivities$19:2688 com.android.server.wm.RootWindowContainer.$r8$lambda$4nB35TzseTo6qyVD9NxDieoJN1Y:0 
09-13 22:03:17.153  1203  4212 D ActivityTaskManager: scheduleTopResumedActivityChanged, onTop=false r=ActivityRecord{2faa24e u0 org.cosmosmataro.skymap/.activities.SplashScreenActivity} t3137 f}} caller=com.android.server.wm.ActivityTaskSupervisor.updateTopResumedActivityIfNeeded:2510 com.android.server.wm.TaskDisplayArea.positionChildTaskAt:602 com.android.server.wm.TaskDisplayArea.positionChildAt:537 com.android.server.wm.WindowContainer.positionChildAt:970 com.android.server.wm.Task.positionChildAt:3354 com.android.server.wm.Task.moveToFrontInner:6053 
09-13 22:03:17.153  1203  4212 D InputDispatcher: Focused application(0): ActivityRecord{77ccc49 u0 com.sec.android.app.launcher/.activities.LauncherActivity} t7}
09-13 22:03:17.153  1203  4212 D SGM:FgCheckThread: TaskStackListener.onTaskFocusChanged(), taskId=3137, focused=false
09-13 22:03:17.153  1203  4212 D SGM:FgCheckThread: TaskStackListener.onTaskFocusChanged(), taskId=7, focused=true
09-13 22:03:17.153  1203  4212 D SGM:FgCheckThread:   sendRunningComponentFocus(), pkgName: com.sec.android.app.launcher, userId: 0
09-13 22:03:17.153  1203  1531 D SGM:FgCheckThread: onLooperPrepared(), msg: MSG_TASK_FOCUSED, pkgName: com.sec.android.app.launcher, userId: 0
09-13 22:03:17.153  1203  1531 D SGM:FgCheckThread: handleTaskFocused().
09-13 22:03:17.154  1203  1576 D AS.MultiSoundManager: mForegroundUid = 10140
09-13 22:03:17.154  1203  1531 D SGM:FgCheckThread: sendFocusOutConditionally() - mPrevNotiPkg: (unknown), userId: 0
09-13 22:03:17.154  1203  1531 D SGM:FgCheckThread:   handleTaskFocused(), pkgName: com.sec.android.app.launcher, userID:0 mResumedPkgMap does not containsKey.
09-13 22:03:17.154  1203  4212 W WindowManager: Prepare app transition: mNextAppTransitionRequests=[TRANSIT_CLOSE, TRANSIT_CLOSE], mNextAppTransitionFlags=TRANSIT_FLAG_KEYGUARD_GOING_AWAY_TO_LAUNCHER_WITH_IN_WINDOW_ANIMATIONS | TRANSIT_FLAG_APP_CRASHED, displayId: 0 Callers=com.android.server.wm.DisplayContent.prepareAppTransition:6493 com.android.server.wm.DisplayContent.prepareAppTransition:6484 com.android.server.wm.ActivityRecord.finishIfPossible:4151 com.android.server.wm.ActivityRecord.finishIfPossible:3966 com.android.server.wm.Task.finishTopCrashedActivityLocked:6798 
09-13 22:03:17.154  1203  4212 D RestrictionPolicy: isScreenCaptureEnabled : ret=true userId=0
09-13 22:03:17.154  1203  4212 D RestrictionPolicy: isScreenCaptureEnabled : ret=true userId=0
09-13 22:03:17.154   781   988 D gralloc : [mali_gralloc_allocate] begin
09-13 22:03:17.154   781   988 D gralloc : buffer_descriptor: wh(1080 2400) usage_pc(0xb66 0xb06) hal_format(0x1) layer_count(1) sizes(0 0 0) strde(0) byte_stride(0) alloc_wh(0 0) internal_format(0x0) alloc_format(0x0) fd_count(1) plane_count(0)
09-13 22:03:17.155   781   988 D gralloc : [mali_gralloc_allocate] allocation successful
09-13 22:03:17.155  2236  5056 I ViewRootImpl@d303222[LauncherActivity]: mWNT: t=0x73a2e9cc90 mBlastBufferQueue=0x73e2e91250 fn= 185 caller= com.android.systemui.shared.launcher.ViewRootImplCompat.mergeWithNextTransaction:2 com.android.quickstep.util.SurfaceTransactionApplier.lambda$scheduleApply$0:2 com.android.quickstep.util.SurfaceTransactionApplier.b:0 
09-13 22:03:17.159 26116 26146 D OpenGLRenderer: RenderThread::setGrContext()
09-13 22:03:17.160   875   875 I Layer   : id=1721 Destroyed Screenshot Parent#1721
09-13 22:03:17.162  1203 18963 D RemoteAppTaskWatcher:  ****** RemoteAppTaskWatcher: Message Received 5 Task ID = 0
09-13 22:03:17.164  2236  2236 I TopTaskTracker: onTaskMovedToFront : taskId = 7
09-13 22:03:17.165  1203  1286 D PersonaActivityHelper: Activity not in resumed state, do not run immediate lock
09-13 22:03:17.166  1203  1293 W BroadcastQueue: Background execution not allowed: receiving Intent { act=android.intent.action.DROPBOX_ENTRY_ADDED flg=0x10 (has extras) } to com.google.android.gms/.stats.service.DropBoxEntryAddedReceiver
09-13 22:03:17.166 26116 26116 I Process : Sending signal. PID: 26116 SIG: 9
09-13 22:03:17.166  1203  1293 W BroadcastQueue: Background execution not allowed: receiving Intent { act=android.intent.action.DROPBOX_ENTRY_ADDED flg=0x10 (has extras) } to com.google.android.gms/.stats.service.DropBoxEntryAddedReceiver
09-13 22:03:17.167  4068  4068 I DMASA[D]: [a]blockList : com.samsung.context.sdk.sampleapp2
09-13 22:03:17.167  4068  4068 W DMASA[D]: [a]This app does not allow 3rd-party FC detection: org.cosmosmataro.skymap
09-13 22:03:17.168  1203  1948 D CompatibilityChangeReporter: Compat change id reported: 168419799; UID 10242; state: DISABLED
09-13 22:03:17.171  2236  5055 I ViewRootImpl@d303222[LauncherActivity]: mWNT: t=0x73a2e4a190 mBlastBufferQueue=0x73e2e91250 fn= 186 caller= com.android.systemui.shared.launcher.ViewRootImplCompat.mergeWithNextTransaction:2 com.android.quickstep.util.SurfaceTransactionApplier.lambda$scheduleApply$0:2 com.android.quickstep.util.SurfaceTransactionApplier.b:0 
09-13 22:03:17.173  1203  1293 D CompatibilityChangeReporter: Compat change id reported: 168419799; UID 1000; state: DISABLED
09-13 22:03:17.174  1203  4212 D CompatibilityChangeReporter: Compat change id reported: 168419799; UID 15010242; state: DISABLED
09-13 22:03:17.176  4145  4145 I SDHMS:BarTender:Gatherer:AppError: update AppError : uid=10500, pkg=org.cosmosmataro.skymap, errorType=crash
09-13 22:03:17.180  4145  4145 I SDHMS:BarTender:Analyzer:AppError: analyze app error : uid=10500, pkg=org.cosmosmataro.skymap, appErrorCount=3
09-13 22:03:17.188  2236  5056 I ViewRootImpl@d303222[LauncherActivity]: mWNT: t=0x73a2e47370 mBlastBufferQueue=0x73e2e91250 fn= 187 caller= com.android.systemui.shared.launcher.ViewRootImplCompat.mergeWithNextTransaction:2 com.android.quickstep.util.SurfaceTransactionApplier.lambda$scheduleApply$0:2 com.android.quickstep.util.SurfaceTransactionApplier.b:0 
09-13 22:03:17.198  1203  1948 I ActivityManager: Process org.cosmosmataro.skymap (pid 26116) has died: fg  TOP (1427,3740)
09-13 22:03:17.199  1203  1295 I libprocessgroup: Successfully killed process cgroup uid 10500 pid 26116 in 0ms
09-13 22:03:17.199   764   764 I Zygote  : Process 26116 exited due to signal 9 (Killed)
09-13 22:03:17.199  1203  1948 V WindowManager: Schedule remove starting ActivityRecord{2faa24e u0 org.cosmosmataro.skymap/.activities.SplashScreenActivity} t3137 f}} startingWindow=null startingView=null Callers=com.android.server.wm.ActivityRecord.removeStartingWindow:3233 com.android.server.wm.ActivityRecord.onRemovedFromDisplay:4966 com.android.server.wm.DisplayContent.removeAppToken:1683 com.android.server.wm.ActivityRecord.removeFromHistory:4605 com.android.server.wm.ActivityRecord.handleAppDied:4861 
09-13 22:03:17.200  1203  1948 V MARsPolicyManager: Current Home Package com.sec.android.app.launcher Resumed
09-13 22:03:17.200  1203  1948 D MARsPolicyManager: onPackageResumedFG pkgName = com.sec.android.app.launcher, userId = 0
09-13 22:03:17.200  1203  1948 I SemDvfsHyPerManager: acquire hyper - AMS_APP_HOME/1203@35, type = -999
09-13 22:03:17.200   797   883 I HYPER-HAL: [RequestManager.cpp]acquire(): Acquired ID : 766976  [1203 / 35]    HINT : AMS_APP_HOME    list : 
09-13 22:03:17.200   797   883 I HYPER-HAL: [ResourceManager.cpp]updateResource(): [CPUMinFreq] UpdateResource Request ID : 766976    Value : 2623359
09-13 22:03:17.201  4145  4145 I SemDvfsHyPerManager: acquire hyper - APP_START_HOME/4145@13, type = -999
09-13 22:03:17.201  1203  1948 D ActivityManagerPerformance: AMP_acquire() HOME
09-13 22:03:17.201   797   883 I HYPER-HAL: [RequestManager.cpp]acquire(): Acquired ID : 8646574  [4145 / 13]    HINT : APP_START    list : [KERNEL_APP_START_NOTIFY / 0] [TIMEOUT / 1500] 
