09-13 21:47:44.085   797   883 I HYPER-HAL: [RequestManager.cpp]acquire(): Acquired ID : 5592845  [3339 / 5]    HINT : FINDER_BOOSTER    list : [TIMEOUT / 150] 
09-13 21:47:44.085   797   883 I HYPER-HAL: [ResourceManager.cpp]updateResource(): [CPUMinFreq] UpdateResource Request ID : 5592845    Value : 1018417
09-13 21:47:44.086   797   883 I HYPER-HAL: [RequestManager.cpp]acquire(): Acquired ID : 5592845  [3339 / 5]    HINT : FINDER_BOOSTER    list : [TIMEOUT / 150] 
09-13 21:47:44.086   797   883 I HYPER-HAL: [ResourceManager.cpp]updateResource(): [CPUMinFreq] UpdateResource Request ID : 5592845    Value : 1018417
09-13 21:47:44.086   797   883 I HYPER-HAL: [RequestManager.cpp]acquire(): Acquired ID : 5592845  [3339 / 5]    HINT : FINDER_BOOSTER    list : [TIMEOUT / 150] 
09-13 21:47:44.086   797   883 I HYPER-HAL: [ResourceManager.cpp]updateResource(): [CPUMinFreq] UpdateResource Request ID : 5592845    Value : 1018417
09-13 21:47:44.086   797   883 I HYPER-HAL: [RequestManager.cpp]acquire(): Acquired ID : 5592845  [3339 / 5]    HINT : FINDER_BOOSTER    list : [TIMEOUT / 150] 
09-13 21:47:44.086   797   883 I HYPER-HAL: [ResourceManager.cpp]updateResource(): [CPUMinFreq] UpdateResource Request ID : 5592845    Value : 1018417
09-13 21:47:44.097  3339  3339 W Settings: Setting accessibility_reduce_transparency has moved from android.provider.Settings.System to android.provider.Settings.Global, returning read-only value.
09-13 21:47:44.167 20639 20639 D nativeloader: Configuring classloader-namespace for other apk /data/app/~~5aN-d3ZGmUNV41sjgwrrlA==/org.cosmosmataro.skymap-dQIvivhVuO4MstgAI2xynw==/base.apk. target_sdk_version=34, uses_libraries=, library_path=/data/app/~~5aN-d3ZGmUNV41sjgwrrlA==/org.cosmosmataro.skymap-dQIvivhVuO4MstgAI2xynw==/lib/arm64, permitted_path=/data:/mnt/expand:/data/user/0/org.cosmosmataro.skymap
09-13 21:47:44.176 20639 20639 V GraphicsEnvironment: ANGLE Developer option for 'org.cosmosmataro.skymap' set to: 'default'
09-13 21:47:44.176 20639 20639 V GraphicsEnvironment: ANGLE GameManagerService for org.cosmosmataro.skymap: false
09-13 21:47:44.177 20639 20639 V GraphicsEnvironment: App is not on the allowlist for updatable production driver.
09-13 21:47:44.178 20639 20639 D NetworkSecurityConfig: No Network Security Config specified, using platform default
09-13 21:47:44.183  1203  1996 D MdnieScenarioControlService:  packageName : org.cosmosmataro.skymap    className : org.cosmosmataro.skymap.activities.SplashScreenActivity
09-13 21:47:44.183  1203  1996 V MdnieScenarioControlService: setUIMode from UI function(3)
09-13 21:47:44.184  1203  1203 I GestureDetector: handleMessage TAP
09-13 21:47:44.185  1203  1284 I GestureDetector: handleMessage TAP
09-13 21:47:44.188 20639 20639 D NetworkSecurityConfig: No Network Security Config specified, using platform default
09-13 21:47:44.193 20639 20639 W FirebaseApp: Default FirebaseApp failed to initialize because no default options were found. This usually means that com.google.gms:google-services was not applied to your gradle project.
09-13 21:47:44.193 20639 20639 I FirebaseInitProvider: FirebaseApp initialization unsuccessful
09-13 21:47:44.193 20639 20639 D AndroidRuntime: Shutting down VM
--------- beginning of crash
09-13 21:47:44.194 20639 20639 E AndroidRuntime: FATAL EXCEPTION: main
09-13 21:47:44.194 20639 20639 E AndroidRuntime: Process: org.cosmosmataro.skymap, PID: 20639
09-13 21:47:44.194 20639 20639 E AndroidRuntime: java.lang.RuntimeException: Unable to get provider org.cosmosmataro.skymap.search.SearchTermsProvider: java.lang.ClassNotFoundException: Didn't find class "org.cosmosmataro.skymap.search.SearchTermsProvider" on path: DexPathList[[zip file "/data/app/~~5aN-d3ZGmUNV41sjgwrrlA==/org.cosmosmataro.skymap-dQIvivhVuO4MstgAI2xynw==/base.apk"],nativeLibraryDirectories=[/data/app/~~5aN-d3ZGmUNV41sjgwrrlA==/org.cosmosmataro.skymap-dQIvivhVuO4MstgAI2xynw==/lib/arm64, /system/lib64, /system/system_ext/lib64]]
09-13 21:47:44.194 20639 20639 E AndroidRuntime: 	at android.app.ActivityThread.installProvider(ActivityThread.java:8333)
09-13 21:47:44.194 20639 20639 E AndroidRuntime: 	at android.app.ActivityThread.installContentProviders(ActivityThread.java:7833)
09-13 21:47:44.194 20639 20639 E AndroidRuntime: 	at android.app.ActivityThread.handleBindApplication(ActivityThread.java:7582)
09-13 21:47:44.194 20639 20639 E AndroidRuntime: 	at android.app.ActivityThread.-$$Nest$mhandleBindApplication(Unknown Source:0)
09-13 21:47:44.194 20639 20639 E AndroidRuntime: 	at android.app.ActivityThread$H.handleMessage(ActivityThread.java:2400)
09-13 21:47:44.194 20639 20639 E AndroidRuntime: 	at android.os.Handler.dispatchMessage(Handler.java:106)
09-13 21:47:44.194 20639 20639 E AndroidRuntime: 	at android.os.Looper.loopOnce(Looper.java:226)
09-13 21:47:44.194 20639 20639 E AndroidRuntime: 	at android.os.Looper.loop(Looper.java:313)
09-13 21:47:44.194 20639 20639 E AndroidRuntime: 	at android.app.ActivityThread.main(ActivityThread.java:8762)
09-13 21:47:44.194 20639 20639 E AndroidRuntime: 	at java.lang.reflect.Method.invoke(Native Method)
09-13 21:47:44.194 20639 20639 E AndroidRuntime: 	at com.android.internal.os.RuntimeInit$MethodAndArgsCaller.run(RuntimeInit.java:604)
09-13 21:47:44.194 20639 20639 E AndroidRuntime: 	at com.android.internal.os.ZygoteInit.main(ZygoteInit.java:1067)
09-13 21:47:44.194 20639 20639 E AndroidRuntime: Caused by: java.lang.ClassNotFoundException: Didn't find class "org.cosmosmataro.skymap.search.SearchTermsProvider" on path: DexPathList[[zip file "/data/app/~~5aN-d3ZGmUNV41sjgwrrlA==/org.cosmosmataro.skymap-dQIvivhVuO4MstgAI2xynw==/base.apk"],nativeLibraryDirectories=[/data/app/~~5aN-d3ZGmUNV41sjgwrrlA==/org.cosmosmataro.skymap-dQIvivhVuO4MstgAI2xynw==/lib/arm64, /system/lib64, /system/system_ext/lib64]]
09-13 21:47:44.194 20639 20639 E AndroidRuntime: 	at dalvik.system.BaseDexClassLoader.findClass(BaseDexClassLoader.java:259)
09-13 21:47:44.194 20639 20639 E AndroidRuntime: 	at java.lang.ClassLoader.loadClass(ClassLoader.java:379)
09-13 21:47:44.194 20639 20639 E AndroidRuntime: 	at java.lang.ClassLoader.loadClass(ClassLoader.java:312)
09-13 21:47:44.194 20639 20639 E AndroidRuntime: 	at android.app.AppComponentFactory.instantiateProvider(AppComponentFactory.java:147)
09-13 21:47:44.194 20639 20639 E AndroidRuntime: 	at androidx.core.app.CoreComponentFactory.instantiateProvider(CoreComponentFactory.java:66)
09-13 21:47:44.194 20639 20639 E AndroidRuntime: 	at android.app.ActivityThread.installProvider(ActivityThread.java:8317)
09-13 21:47:44.194 20639 20639 E AndroidRuntime: 	... 11 more
09-13 21:47:44.196  1203 20664 I DropBoxManagerService: add tag=data_app_crash isTagEnabled=true flags=0x2
09-13 21:47:44.196  1203  3149 D Debug   : low && ship && 3rdparty app crash, do not dump
09-13 21:47:44.197  1203  3149 W ContextImpl: Calling a method in the system process without a qualified user: android.app.ContextImpl.sendBroadcast:1252 com.android.server.am.AppErrors.crashApplicationInner:722 com.android.server.am.AppErrors.crashApplication:598 com.android.server.am.ActivityManagerService.handleApplicationCrashInner:10509 com.android.server.am.ActivityManagerService.handleApplicationCrash:10378 
09-13 21:47:44.197  1203  3149 W ActivityManager: crash : org.cosmosmataro.skymap,10492
09-13 21:47:44.198  1203  3149 W ActivityTaskManager:   Force finishing activity org.cosmosmataro.skymap/.activities.SplashScreenActivity
09-13 21:47:44.198  1203  3149 W WindowManager: Prepare app transition: mNextAppTransitionRequests=[TRANSIT_CLOSE], mNextAppTransitionFlags=TRANSIT_FLAG_KEYGUARD_GOING_AWAY_TO_LAUNCHER_WITH_IN_WINDOW_ANIMATIONS | TRANSIT_FLAG_APP_CRASHED, displayId: 0 Callers=com.android.server.wm.DisplayContent.prepareAppTransition:6493 com.android.server.wm.DisplayContent.requestTransitionAndLegacyPrepare:6509 com.android.server.wm.Task.finishTopCrashedActivityLocked:6797 com.android.server.wm.RootWindowContainer.lambda$finishTopCrashedActivities$19:2688 com.android.server.wm.RootWindowContainer.$r8$lambda$4nB35TzseTo6qyVD9NxDieoJN1Y:0 
09-13 21:47:44.199  1203  3149 D ActivityTaskManager: scheduleTopResumedActivityChanged, onTop=false r=ActivityRecord{c4ec193 u0 org.cosmosmataro.skymap/.activities.SplashScreenActivity} t3129 f}} caller=com.android.server.wm.ActivityTaskSupervisor.updateTopResumedActivityIfNeeded:2510 com.android.server.wm.TaskDisplayArea.positionChildTaskAt:602 com.android.server.wm.TaskDisplayArea.positionChildAt:537 com.android.server.wm.Task.moveToFrontInner:6053 com.android.server.wm.Task.moveToFront:6019 com.android.server.wm.Task.moveToFront:5953 
09-13 21:47:44.200  1203  3149 W WindowManager: Prepare app transition: mNextAppTransitionRequests=[TRANSIT_CLOSE, TRANSIT_CLOSE], mNextAppTransitionFlags=TRANSIT_FLAG_KEYGUARD_GOING_AWAY_TO_LAUNCHER_WITH_IN_WINDOW_ANIMATIONS | TRANSIT_FLAG_APP_CRASHED, displayId: 0 Callers=com.android.server.wm.DisplayContent.prepareAppTransition:6493 com.android.server.wm.DisplayContent.prepareAppTransition:6484 com.android.server.wm.ActivityRecord.finishIfPossible:4151 com.android.server.wm.ActivityRecord.finishIfPossible:3966 com.android.server.wm.Task.finishTopCrashedActivityLocked:6798 
09-13 21:47:44.201  1203  3149 D RestrictionPolicy: isScreenCaptureEnabled : ret=true userId=0
09-13 21:47:44.201  1203  3149 D RestrictionPolicy: isScreenCaptureEnabled : ret=true userId=0
09-13 21:47:44.201   781   988 D gralloc : [mali_gralloc_allocate] begin
09-13 21:47:44.201   781   988 D gralloc : buffer_descriptor: wh(1080 2400) usage_pc(0xb66 0xb06) hal_format(0x1) layer_count(1) sizes(0 0 0) strde(0) byte_stride(0) alloc_wh(0 0) internal_format(0x0) alloc_format(0x0) fd_count(1) plane_count(0)
09-13 21:47:44.202   781   988 D gralloc : [mali_gralloc_allocate] allocation successful
09-13 21:47:44.202   875   875 I Layer   : id=1565 Destroyed Screenshot Parent#1565
09-13 21:47:44.205  1203 18963 D RemoteAppTaskWatcher:  ****** RemoteAppTaskWatcher: Message Received 5 Task ID = 0
09-13 21:47:44.207 20639 20639 I Process : Sending signal. PID: 20639 SIG: 9
09-13 21:47:44.207  2236  2236 I TopTaskTracker: onTaskMovedToFront : taskId = 3117
09-13 21:47:44.208  1203  1293 W BroadcastQueue: Background execution not allowed: receiving Intent { act=android.intent.action.DROPBOX_ENTRY_ADDED flg=0x10 (has extras) } to com.google.android.gms/.stats.service.DropBoxEntryAddedReceiver
09-13 21:47:44.208  1203  1293 W BroadcastQueue: Background execution not allowed: receiving Intent { act=android.intent.action.DROPBOX_ENTRY_ADDED flg=0x10 (has extras) } to com.google.android.gms/.stats.service.DropBoxEntryAddedReceiver
09-13 21:47:44.212  4068  4068 I DMASA[D]: [a]blockList : com.samsung.context.sdk.sampleapp2
09-13 21:47:44.212  4068  4068 W DMASA[D]: [a]This app does not allow 3rd-party FC detection: org.cosmosmataro.skymap
09-13 21:47:44.220   875   875 D SurfaceFlinger: Display 4633128672291735937 HWC layers:
09-13 21:47:44.220   875   875 D SurfaceFlinger:      CLIENT | 0x7b1641be30 | 0100 | RGBx_8888    |  660.0    0.0 1740.0 2400.0 |    0    0 1080 2400 | Wallpaper BBQ wrapper#84
09-13 21:47:44.220   875   875 D SurfaceFlinger:      CLIENT | 0x7b1642acb0 | 0100 | RGBA_8888    |    0.0    0.0 1080.0 2400.0 |   11   25 1069 2375 | Splash Screen org.cosmosmataro.skymap$_1721#1560
09-13 21:47:44.220   875   875 D SurfaceFlinger:      CLIENT | 0x7b16461010 | 0100 | RGBA_8888    |    0.0    0.0 1080.0 2400.0 |    0    0 1080 2400 | com.samsung.android.app.galaxyfinder[...]derActivity$_3339#1481 (blurRegions)
09-13 21:47:44.220   875   875 D SurfaceFlinger:      DEVICE | 0x7b1642f5d0 | 0100 | RGBA_8888    |    0.0    0.0 1080.0   73.0 |    0    0 1080   73 | StatusBar$_1721#81
09-13 21:47:44.220   875   875 D SurfaceFlinger:      DEVICE | 0x7b16469290 | 0100 | RGBA_8888    |    0.0    0.0   67.0  411.0 |    0  619   67 1030 | com.samsung.android.app.cocktailbars[...]ervice.CocktailBarService$_4350#1480
09-13 21:47:44.220   875   875 D SurfaceFlinger:      DEVICE | 0x7b16466b30 | 0100 | RGBA_8888    |    0.0    0.0 1080.0  135.0 |    0 2265 1080 2400 | NavigationBar0$_1721#76
09-13 21:47:44.220   875   875 D SurfaceFlinger: 
09-13 21:47:44.221  4145  4145 I SDHMS:BarTender:Gatherer:AppError: update AppError : uid=10492, pkg=org.cosmosmataro.skymap, errorType=crash
09-13 21:47:44.228  1203  1754 I ActivityManager: Process org.cosmosmataro.skymap (pid 20639) has died: fg  TOP (1418,3518)
09-13 21:47:44.228  1203  1295 I libprocessgroup: Successfully killed process cgroup uid 10492 pid 20639 in 0ms
09-13 21:47:44.228   764   764 I Zygote  : Process 20639 exited due to signal 9 (Killed)
09-13 21:47:44.229  4145  4145 I SDHMS:BarTender:Analyzer:AppError: analyze app error : uid=10492, pkg=org.cosmosmataro.skymap, appErrorCount=10
09-13 21:47:44.229  4145  4145 I SDHMS:BarTender:Analyzer:AppError: detected app error : uid=10492, pkg=org.cosmosmataro.skymap
09-13 21:47:44.229  4145  4145 I SDHMS:BatteryStatsDBProvider: BarTender DB Provider Query Start
09-13 21:47:44.231  1203  1754 V WindowManager: Schedule remove starting ActivityRecord{c4ec193 u0 org.cosmosmataro.skymap/.activities.SplashScreenActivity} t3129 f}} startingWindow=null startingView=null Callers=com.android.server.wm.ActivityRecord.removeStartingWindow:3233 com.android.server.wm.ActivityRecord.onRemovedFromDisplay:4966 com.android.server.wm.DisplayContent.removeAppToken:1683 com.android.server.wm.ActivityRecord.removeFromHistory:4605 com.android.server.wm.ActivityRecord.handleAppDied:4861 
09-13 21:47:44.232  1203  1754 D MARsPolicyManager: onPackageResumedFG pkgName = com.samsung.android.app.galaxyfinder, userId = 0
09-13 21:47:44.232  1203  1754 W WindowManager: Prepare app transition: mNextAppTransitionRequests=[TRANSIT_CLOSE, TRANSIT_CLOSE, TRANSIT_OPEN], mNextAppTransitionFlags=TRANSIT_FLAG_KEYGUARD_GOING_AWAY_TO_LAUNCHER_WITH_IN_WINDOW_ANIMATIONS | TRANSIT_FLAG_APP_CRASHED, displayId: 0 Callers=com.android.server.wm.DisplayContent.prepareAppTransition:6493 com.android.server.wm.DisplayContent.prepareAppTransition:6484 com.android.server.wm.TaskFragment.resumeTopActivity:1583 com.android.server.wm.TaskFragment.resumeTopActivity:1307 com.android.server.wm.Task.resumeTopActivityInnerLocked:6451 
09-13 21:47:44.232  1203  1754 D InputDispatcher: Focused application(0): ActivityRecord{4c27c12 u0 com.samsung.android.app.galaxyfinder/.GalaxyFinderActivity} t3117}
09-13 21:47:44.233  1203  2405 I SemDvfsHyPerManager: acquire hyper - AMS_APP_SWITCH/1203@22, type = -999
09-13 21:47:44.234   797   883 I HYPER-HAL: [RequestManager.cpp]acquire(): Acquired ID : 750947  [1203 / 22]    HINT : AMS_APP_SWITCH    list : 
09-13 21:47:44.234   797   883 I HYPER-HAL: [ResourceManager.cpp]updateResource(): [CPUMinFreq] UpdateResource Request ID : 750947    Value : 2623359
09-13 21:47:44.234  1203  1754 V WindowManager: Changing focus from null to Window{38fb6f6 u0 com.samsung.android.app.galaxyfinder/com.samsung.android.app.galaxyfinder.GalaxyFinderActivity} displayId=0 Callers=com.android.server.wm.RootWindowContainer.updateFocusedWindowLocked:595 com.android.server.wm.WindowManagerService.updateFocusedWindowLocked:6810 com.android.server.wm.ActivityTaskManagerService.setResumedActivityUncheckLocked:5766 com.android.server.wm.TaskFragment.onActivityStateChanged:807 
09-13 21:47:44.234  1203  1754 D StatusBarManagerService: notifyRequestedSystemKey recent=false home=false
09-13 21:47:44.234  1203  1754 D SGM:FgCheckThread: TaskStackListener.onTaskFocusChanged(), taskId=3129, focused=false
09-13 21:47:44.234  1203  1754 D SGM:FgCheckThread: TaskStackListener.onTaskFocusChanged(), taskId=3117, focused=true
09-13 21:47:44.235  1203  1754 D SGM:FgCheckThread:   sendRunningComponentFocus(), pkgName: com.samsung.android.app.galaxyfinder, userId: 0
09-13 21:47:44.235  1203  1576 D AS.MultiSoundManager: mForegroundUid = 10079
09-13 21:47:44.235  1203  1531 D SGM:FgCheckThread: onLooperPrepared(), msg: MSG_TASK_FOCUSED, pkgName: com.samsung.android.app.galaxyfinder, userId: 0
09-13 21:47:44.235  1203  1531 D SGM:FgCheckThread: handleTaskFocused().
09-13 21:47:44.235  1203  1531 D SGM:FgCheckThread: sendFocusOutConditionally() - mPrevNotiPkg: (unknown), userId: 0
09-13 21:47:44.235  1203  1531 D SGM:FgCheckThread:   handleTaskFocused(), pkgName: com.samsung.android.app.galaxyfinder, userID:0 mResumedPkgMap does not containsKey.
09-13 21:47:44.235  1203  1754 D WindowManagerServiceExt: notifyOccludeChangeNotice: cn=ComponentInfo{com.samsung.android.app.galaxyfinder/com.samsung.android.app.galaxyfinder.GalaxyFinderActivity} occludesParent=true inMultiWindow=false styleFloating=false caller=com.android.server.wm.WindowManagerServiceExt.updateOccludeTargetIfNeeded:1402 com.android.server.wm.DisplayContent.ensureActivitiesVisible:7532 com.android.server.wm.RootWindowContainer.ensureActivitiesVisible:2248 com.android.server.wm.RootWindowContainer.ensureVisibilityAndConfig:2126 com.android.server.wm.TaskFragment.resumeTopActivity:1652 
09-13 21:47:44.235  1203  1754 V WindowManager: rotationForOrientation(orient=SCREEN_ORIENTATION_UNSPECIFIED (-1), last=ROTATION_0 (0)); user=ROTATION_0 (0) USER_ROTATION_LOCKED
09-13 21:47:44.235  1203  1754 D WindowManager: rotationForOrientation, orientationSource=ActivityRecord{4c27c12 u0 com.samsung.android.app.galaxyfinder/.GalaxyFinderActivity} t3117}
09-13 21:47:44.235  1203  1754 V WindowManager: Computed rotation=ROTATION_0 (0) for display id=0 based on lastOrientation=SCREEN_ORIENTATION_UNSPECIFIED (-1) and oldRotation=ROTATION_0 (0), caller=com.android.server.wm.DisplayRotation.updateOrientation:414 com.android.server.wm.DisplayContent.updateOrientation:1990 com.android.server.wm.DisplayContent.updateOrientation:1891 com.android.server.wm.RootWindowContainer.ensureVisibilityAndConfig:2139 com.android.server.wm.TaskFragment.resumeTopActivity:1652 com.android.server.wm.TaskFragment.resumeTopActivity:1307 
09-13 21:47:44.235  1203  1754 V WindowManager: updateDisplayAndOrientation: Change 530.086x527.792dpi to 397.5645x395.844dpi, BaseDpi=530.086x527.792, DisplayRatio=0.75x0.75
09-13 21:47:44.236   797 20661 I HYPER-HAL: [ResourceManager.cpp]removeResource(): [CPUMinFreq] RemoveResource Request ID : 5592845
09-13 21:47:44.236  1203  1754 D TspStateManager: updateCustomValue customSetting=
09-13 21:47:44.236   797 20661 I HYPER-HAL: [RequestManager.cpp]releaseLocked(): Released ID : 5592845
09-13 21:47:44.236  1203  1754 V WindowManager: updateDisplayAndOrientation: Change 530.086x527.792dpi to 397.5645x395.844dpi, BaseDpi=530.086x527.792, DisplayRatio=0.75x0.75
09-13 21:47:44.236  1203  1754 D TspStateManager: updateCustomValue customSetting=
09-13 21:47:44.237  1203  1754 W WindowManager: Execute app transition: mNextAppTransitionRequests=[TRANSIT_CLOSE, TRANSIT_CLOSE, TRANSIT_OPEN], mNextAppTransitionFlags=TRANSIT_FLAG_KEYGUARD_GOING_AWAY_TO_LAUNCHER_WITH_IN_WINDOW_ANIMATIONS | TRANSIT_FLAG_APP_CRASHED, displayId: 0 Callers=com.android.server.wm.RootWindowContainer.executeAppTransitionForAllDisplay:2580 com.android.server.wm.ActivityTaskSupervisor.reportResumedActivityLocked:2287 com.android.server.wm.ActivityRecord.completeResumeLocked:6987 com.android.server.wm.TaskFragment.resumeTopActivity:1743 com.android.server.wm.TaskFragment.resumeTopActivity:1307 
09-13 21:47:44.237  3339  3339 I ViewRootImpl@600473e[GalaxyFinderActivity]: stopped(false) old = false
09-13 21:47:44.237  3339  3339 I DecorView: notifyKeepScreenOnChanged: keepScreenOn=false
09-13 21:47:44.238  3339  3339 I DecorView: notifyKeepScreenOnChanged: keepScreenOn=false
09-13 21:47:44.238  1203  1754 D WindowManager: Loading animation for app transition. transit=TRANSIT_OLD_CRASHING_ACTIVITY_CLOSE enter=false frame=Rect(0, 0 - 1080, 2192) insets=Rect(0, 0 - 0, 0) surfaceInsets=Rect(0, 0 - 0, 0)
09-13 21:47:44.238  1203  1754 D WindowManager: Loading animation for app transition. transit=TRANSIT_OLD_CRASHING_ACTIVITY_CLOSE enter=true frame=Rect(0, 0 - 1080, 2400) insets=Rect(0, 73 - 0, 135) surfaceInsets=Rect(0, 0 - 0, 0)
09-13 21:47:44.238  1203  1754 D ActivityTaskManager: mStartingWindow and mStartingData is null for token=ActivityRecord{4c27c12 u0 com.samsung.android.app.galaxyfinder/.GalaxyFinderActivity} t3117}
09-13 21:47:44.239  1203  2405 D ActivityManagerPerformance: AMP_acquire() APP_SWITCH
09-13 21:47:44.240  1203  1287 V WindowManager: Removing startingView=com.android.server.wm.StartingSurfaceController$StartingSurface@1530efc
09-13 21:47:44.240  3339  3339 I MSHandlerLifeCycle: removeMultiSplitHandler: no exist. decor=DecorView@fac9e39[GalaxyFinderActivity]
09-13 21:47:44.241  1203  1299 W libprocessgroup: Failed to open /dev/blkio//cgroup.procs: No such file or directory
09-13 21:47:44.242  1203  1286 I SemPersonaManager: SecureFolder personaId = 150
09-13 21:47:44.242  1203  1754 I ActivityManager: updateOomAdj start time is before than pendingPid added, don't delete it
09-13 21:47:44.244  4145  4145 I SemDvfsHyPerManager: acquire hyper - APP_START_SHORT/4145@12, type = -999
09-13 21:47:44.245   797   883 I HYPER-HAL: [RequestManager.cpp]acquire(): Acquired ID : 8642415  [4145 / 12]    HINT : APP_START    list : [TIMEOUT / 1500] 
09-13 21:47:44.245   797   883 I HYPER-HAL: [ResourceManager.cpp]updateResource(): [CPUMaxFreq] UpdateResource Request ID : 8642415    Value : 2730000
09-13 21:47:44.246   875   875 I SurfaceFlinger: [38fb6f6 com.samsung.android.app.galaxyfinder/com.samsung.android.app.galaxyfinder.GalaxyFinderActivity#1354] FrameRatePriority: 1
09-13 21:47:44.247  1203  1287 D ActivityTaskManager: mStartingWindow and mStartingData is null for token=ActivityRecord{4c27c12 u0 com.samsung.android.app.galaxyfinder/.GalaxyFinderActivity} t3117}
09-13 21:47:44.247  1203  1286 D EnterpriseDeviceManagerService: isMdmAdminPresentInternal() : MDM Admin Found - com.samsung.knox.securefolder
09-13 21:47:44.248  3339  3339 I ViewRootImpl@600473e[GalaxyFinderActivity]: performTraversals params={(0,0)(fillxfill) sim={adjust=nothing forwardNavigation} layoutInDisplayCutoutMode=shortEdges ty=BASE_APPLICATION fmt=TRANSLUCENT wanim=0x10302f4
09-13 21:47:44.248  3339  3339 I ViewRootImpl@600473e[GalaxyFinderActivity]:   fl=81910100
09-13 21:47:44.248  3339  3339 I ViewRootImpl@600473e[GalaxyFinderActivity]:   pfl=12020040
09-13 21:47:44.248  3339  3339 I ViewRootImpl@600473e[GalaxyFinderActivity]:   vsysui=100
09-13 21:47:44.248  3339  3339 I ViewRootImpl@600473e[GalaxyFinderActivity]:   bhv=DEFAULT
09-13 21:47:44.248  3339  3339 I ViewRootImpl@600473e[GalaxyFinderActivity]:   fitSides= naviIconColor=0}
09-13 21:47:44.248  3339  3339 I ViewRootImpl@600473e[GalaxyFinderActivity]: performTraversals mFirst=false windowShouldResize=false viewVisibilityChanged=false mForceNextWindowRelayout=false params={(0,0)(fillxfill) sim={adjust=nothing forwardNavigation} layoutInDisplayCutoutMode=shortEdges ty=BASE_APPLICATION fmt=TRANSLUCENT wanim=0x10302f4
09-13 21:47:44.248  3339  3339 I ViewRootImpl@600473e[GalaxyFinderActivity]:   fl=81910100
09-13 21:47:44.248  3339  3339 I ViewRootImpl@600473e[GalaxyFinderActivity]:   pfl=12020040
09-13 21:47:44.248  3339  3339 I ViewRootImpl@600473e[GalaxyFinderActivity]:   vsysui=100
09-13 21:47:44.248  3339  3339 I ViewRootImpl@600473e[GalaxyFinderActivity]:   bhv=DEFAULT
09-13 21:47:44.248  3339  3339 I ViewRootImpl@600473e[GalaxyFinderActivity]:   fitSides= naviIconColor=0}
09-13 21:47:44.249 20478 20478 I DC.AnomalyReceiver: Received action : com.sec.android.sdhms.action.NOTIFY_ANOMALY
09-13 21:47:44.250  1203  1754 V WindowManager: Relayout Window{38fb6f6 u0 com.samsung.android.app.galaxyfinder/com.samsung.android.app.galaxyfinder.GalaxyFinderActivity}: viewVisibility=0 req=1080x2400 d0
09-13 21:47:44.251 20478 20478 I DC.AnomalyReceiver: anomalyUserId 0, currentMyProcessUserId 0
09-13 21:47:44.252 20478 20478 W ContextImpl: Calling a method in the system process without a qualified user: android.app.ContextImpl.startService:1926 android.content.ContextWrapper.startService:834 com.samsung.android.sm.anomaly.AnomalyReceiver.onReceive:355 android.app.ActivityThread.handleReceiver:4894 android.app.ActivityThread.-$$Nest$mhandleReceiver:0 
09-13 21:47:44.251  1203  1380 D AnalyticsContainerHandler: handleMessage : { when=0 what=1 target=com.android.server.knox.KnoxAnalyticsContainer$AnalyticsHandler }
09-13 21:47:44.255  1203  1754 V WindowManager: Relayout hash=38fb6f6, pid=3339, syncId=-1: mAttrs={(0,0)(fillxfill) sim={adjust=nothing forwardNavigation} layoutInDisplayCutoutMode=shortEdges ty=BASE_APPLICATION fmt=TRANSLUCENT wanim=0x10302f4
09-13 21:47:44.255  1203  1754 V WindowManager:   fl=81910100
09-13 21:47:44.255  1203  1754 V WindowManager:   pfl=12020040
09-13 21:47:44.255  1203  1754 V WindowManager:   vsysui=100
09-13 21:47:44.255  1203  1754 V WindowManager:   bhv=DEFAULT
09-13 21:47:44.255  1203  1754 V WindowManager:   fitSides= naviIconColor=0}
09-13 21:47:44.255  1203  1286 D SGM:GameManager: identifyGamePackage. com.samsung.android.app.galaxyfinder, mCurrentUserId: 0, callerUserId: 0, callingMethodInfo: com.android.server.ssrm.SortingMachine.isGame(SortingMachine.java:162)
09-13 21:47:44.255  1203  1286 D SGM:PkgDataHelper: getGamePkgData(). com.samsung.android.app.galaxyfinder
09-13 21:47:44.256  3339  3339 I ViewRootImpl@600473e[GalaxyFinderActivity]: updateBlastSurfaceIfNeeded mBlastBufferQueue=0x73e307d550 isSameSurfaceControl=true
09-13 21:47:44.256  1203  1286 D SGM:GameManager: identifyGamePackage. com.samsung.android.app.galaxyfinder, mCurrentUserId: 0, callerUserId: 0, callingMethodInfo: com.samsung.android.game.SemGameManager.isGamePackage(SemGameManager.java:104)
09-13 21:47:44.256  1203  1286 D SGM:PkgDataHelper: getGamePkgData(). com.samsung.android.app.galaxyfinder
09-13 21:47:44.256  3339  3339 I BLASTBufferQueue: update, w= 1080 h= 2400 mName = ViewRootImpl@600473e[GalaxyFinderActivity] mNativeObject= 0x73e307d550 sc.mNativeObject= 0x7373007bb0 format= -3 caller= android.view.ViewRootImpl.updateBlastSurfaceIfNeeded:2898 android.view.ViewRootImpl.relayoutWindow:9847 android.view.ViewRootImpl.performTraversals:3884 android.view.ViewRootImpl.doTraversal:3116 android.view.ViewRootImpl$TraversalRunnable.run:10885 android.view.Choreographer$CallbackRecord.run:1301 
09-13 21:47:44.256  1203  1286 D SGM:SemGameManager: isGamePackage(), pkgName=com.samsung.android.app.galaxyfinder, ret=false
09-13 21:47:44.256  3339  3339 I ViewRootImpl@600473e[GalaxyFinderActivity]: Relayout returned: old=(0,0,1080,2400) new=(0,0,1080,2400) req=(1080,2400)0 dur=8 res=0x0 s={true 0x7472f02820} ch=false seqId=0
09-13 21:47:44.256  1203  3149 I SemDvfsHyPerManager: acquire hyper - AMS_RESUME_TAIL/1203@20, type = -999
09-13 21:47:44.256  1203  2978 I MediaSessionMonitor: Media session stopped : not playing state
09-13 21:47:44.256  1203  1203 I CocktailBarManagerServiceContainer: handleMessage: entry what = 5
09-13 21:47:44.256  1203  3149 I SemDvfsHyPerManager: acquire hyper - AMS_ACT_LAZY/1203@21, type = -999
09-13 21:47:44.256  1203  3149 D ActivityManagerPerformance: AMP_acquire() TAIL
09-13 21:47:44.256  1203  3149 D ActivityManagerPerformance: AMP_release() APP_SWITCH
09-13 21:47:44.256  1203  3149 W ActivityTaskManager: Request to remove task ignored for non-existent task 3127
09-13 21:47:44.257   797   883 I HYPER-HAL: [RequestManager.cpp]acquire(): Acquired ID : 748496  [1203 / 20]    HINT : AMS_RESUME_TAIL    list : 
09-13 21:47:44.257   797   883 I HYPER-HAL: [ResourceManager.cpp]updateResource(): [CPUMinFreq] UpdateResource Request ID : 748496    Value : 1844882
09-13 21:47:44.257  1203  1286 D SGM:FgCheckThread: noteResumeComponent(), received pkgName: com.samsung.android.app.galaxyfinder, userId: 0
09-13 21:47:44.257  1203  1286 I GameSDK@LifeCycle: noteResumeComponent(): package name  : com.samsung.android.app.galaxyfinder
09-13 21:47:44.257  1203  1531 D SGM:FgCheckThread: onLooperPrepared(), msg: MSG_APP_RESUME, pkgName: com.samsung.android.app.galaxyfinder, userid: 0
09-13 21:47:44.257  1203  1531 D SGM:FgCheckThread: handleResume().
09-13 21:47:44.257   797   883 I HYPER-HAL: [ResourceManager.cpp]removeResource(): [CPUMinFreq] RemoveResource Request ID : 750947
09-13 21:47:44.257  1203  1531 D SGM:FgCheckThread: sendFocusOutConditionally() - mPrevNotiPkg: (unknown), userId: 0
09-13 21:47:44.257  1203  1531 D SGM:FgCheckThread:   handleResume(). pkgName: com.samsung.android.app.galaxyfinder, userId: 0, isTunableApp: null
09-13 21:47:44.257  1203  1531 D SGM:FgCheckThread: notifyFocusInOut(). of pkg: com.samsung.android.app.galaxyfinder, type: 4, isTunableApp: false, userId: 0
09-13 21:47:44.257  1203  1531 D SGM:FgCheckThread:   notifyFocusInOut(). unexpected mPrevNotiType: -1
09-13 21:47:44.257  1203  1531 D SGM:SystemHelper: callReleaseBlock needReleaseBlock:false
09-13 21:47:44.258   797   883 I HYPER-HAL: [RequestManager.cpp]releaseLocked(): Released ID : 750947
09-13 21:47:44.258  4350  4350 I ActivityUtils: HomePackage : com.sec.android.app.launcher, resumePackageName : com.samsung.android.app.galaxyfinder
09-13 21:47:44.259  1203  1286 I ActivityManager: updateOomAdj start time is before than pendingPid added, don't delete it
09-13 21:47:44.262   875   875 D SurfaceFlinger: [input] inputWindowCommands.focusRequests size is 1
09-13 21:47:44.264   875   992 D SurfaceFlinger: [input] setFocusedWindow: 38fb6f6 com.samsung.android.app.galaxyfinder/com.samsung.android.app.galaxyfinder.GalaxyFinderActivity
09-13 21:47:44.264 20478 20676 I DC.AnomalyNotiService: pkg:org.cosmosmataro.skymap,uid:10492,auto:0,type:1008,reason:4
09-13 21:47:44.264  1203  3149 D InputDispatcher: Focus entered window (0): 38fb6f6 com.samsung.android.app.galaxyfinder/com.samsung.android.app.galaxyfinder.GalaxyFinderActivity
09-13 21:47:44.265  3339  3339 I ViewRootImpl@600473e[GalaxyFinderActivity]: MSG_WINDOW_FOCUS_CHANGED 1 0
09-13 21:47:44.266  3339  3339 I ViewRootImpl@600473e[GalaxyFinderActivity]: mThreadedRenderer.initializeIfNeeded()#2 mSurface={isValid=true 0x7472f02820}
09-13 21:47:44.266  3339  3339 I InputMethodManager: startInputInner - mService.startInputOrWindowGainedFocus
09-13 21:47:44.266  1203  1272 V InputMethodManagerService: hideCurrentInputLocked : canceled, shouldHideSoftInput=false, mInputShown=false, mImeWindowVis=0
09-13 21:47:44.266  1203  1272 I InputMethodBindingController: setCurrentMethodNotVisible: mVisibleBound=false, mHasConnection=true, caller = com.android.server.inputmethod.InputMethodManagerService.hideCurrentInputLocked:4356 com.android.server.inputmethod.InputMethodManagerService.startInputOrWindowGainedFocusInternalLocked:4783 com.android.server.inputmethod.InputMethodManagerService.startInputOrWindowGainedFocusInternal:4440 com.android.server.inputmethod.InputMethodManagerService.startInputOrWindowGainedFocus:4379 com.android.internal.view.IInputMethodManager$Stub.onTransact:518 com.android.server.inputmethod.InputMethodManagerService.onTransact:2302 android.os.Binder.execTransactInternal:1316 android.os.Binder.execTransact:1280 <bottom of call stack> <bottom of call stack> 
09-13 21:47:44.266  1203  1272 D InputMethodManagerService: DESKTOP MODE! : 2
09-13 21:47:44.266  1203  1272 D InputMethodManagerService: NOT IN KNOX DESKTOP MODE!
09-13 21:47:44.266  1203  1272 V InputMethodManagerService: getDisplayIdOfInputMethodWindowToBeAdded: displayId=0
09-13 21:47:44.266  1203  1272 D InputMethodManagerService: isImeSwitcherDisabledPackage : false
09-13 21:47:44.266  1203  1272 D InputMethodManagerService: shouldShowImeSwitcherLocked : checking vis : 3
09-13 21:47:44.267  1203  1272 D InputMethodManagerService: checkDisplayOfStartInputAndUpdateKeyboard: displayId=0, mFocusedDisplayId=0
09-13 21:47:44.267  1203  1272 D InputTransport: Input channel constructed: 'ClientS', fd=1163
09-13 21:47:44.267  1203  1272 D InputTransport: Input channel destroyed: 'ClientS', fd=1163
09-13 21:47:44.271  5300  5300 I HBD     : HoneyBoardService onFinishInput 
09-13 21:47:44.271  5300  5300 I HBD     : a IC have been unbinding,  RemoteInputConnection{idHash=#49144de}
09-13 21:47:44.271  5300  5300 I HBD     : HoneyBoardService [PF_CL][onFinishInput]  0 ms 
09-13 21:47:44.271  5300  5300 I HBD     : HoneyBoardService [IMI] onStartInput - caller pid : 3339 , caller uid : 10079 
09-13 21:47:44.271  5300  5300 I HBD     : j updateConfigs 
09-13 21:47:44.272  5300  5300 I HBD     : j isEnabledNightMode : true 
09-13 21:47:44.272  5300  5300 I HBD     : a IC have been binding, RemoteInputConnection{idHash=#49144de} 
09-13 21:47:44.272  5300  5300 I HBD     : h [EditorInputType]setPrivateImeOptionsToTable privateImeOptions ( null )
09-13 21:47:44.272  5300  5300 I HBD     : b incognitoMode : false 
09-13 21:47:44.272  5300  5300 I HBD     : b needOff = true , isForceOff = false, isNullInputClass : true 
09-13 21:47:44.272  5300  5300 I HBD     : h getDefaultInputRange : UNKNOWN 
09-13 21:47:44.272  5300  5300 I HBD     : h getDefaultInputRange : UNKNOWN 
09-13 21:47:44.272  5300  5300 I HBD     : h getDefaultInputRange : UNKNOWN 
09-13 21:47:44.273  1203  3149 W ProcessStats: Tracking association SourceState{c68e29a com.microsoft.appmanager/10148 BTopFgs #71298} whose proc state 2 is better than process ProcessState{4d43611 com.samsung.android.mdx/10093 pkg=com.samsung.android.mdx} proc state 3 (48 skipped)
09-13 21:47:44.273 13561 23962 I WindowsLink: (YpcSignatureChecker) isSignatureAllowed in
09-13 21:47:44.274 13561 23962 I WindowsLink: (BaseContentProvider) call: method = TaskInfoManager@getRecentTasks / subMethod = getRecentTasks
09-13 21:47:44.274  5300  5300 I HBD     : b needOff = true , isForceOff = false, isNullInputClass : true 
09-13 21:47:44.274  5300  5300 I HBD     : b update cached prediction status : false 
09-13 21:47:44.275  5300  5300 I HBD     : h getDefaultInputRange : UNKNOWN 
09-13 21:47:44.275  5300  5300 I HBD     : a currentState : 0 
09-13 21:47:44.275  5300  5300 I HBD     : a [UpdatePolicy] [post] a: 0 cl: 1179653 kit: [0/11] vt: 0 ir: 1 
09-13 21:47:44.275  5300  5300 I HBD     : a [NRIC] resetNoResponseState 
09-13 21:47:44.275  5300  5300 I HBD     : b needOff = true , isForceOff = false, isNullInputClass : true 
09-13 21:47:44.275  5300  5300 I HBD     : b update cached prediction status : false 
09-13 21:47:44.275 13561 23962 I WindowsLink: (VirtualDisplayInfoHelper) getRecentTaskInfo() taskIncluded : true
09-13 21:47:44.275 13561 23962 I WindowsLink: (VirtualDisplayInfoHelper) getRecentTaskInfo() taskIncluded : true
09-13 21:47:44.275 13561 23962 I WindowsLink: (VirtualDisplayInfoHelper) getRecentTaskInfo() taskIncluded : true
09-13 21:47:44.275 13561 23962 I WindowsLink: (VirtualDisplayInfoHelper) getRecentTaskInfo() taskIncluded : true
09-13 21:47:44.275 13561 23962 I WindowsLink: (VirtualDisplayInfoHelper) getRecentTaskInfo() taskIncluded : true
09-13 21:47:44.275 13561 23962 I WindowsLink: (VirtualDisplayInfoHelper) getRecentTaskInfo() taskIncluded : true
09-13 21:47:44.275 13561 23962 I WindowsLink: (VirtualDisplayInfoHelper) getRecentTaskInfo() taskIncluded : true
09-13 21:47:44.275 13561 23962 I WindowsLink: (VirtualDisplayInfoHelper) getRecentTaskInfo() taskIncluded : true
09-13 21:47:44.275 13561 23962 I WindowsLink: (TaskInfoManager) getRecentTasks() size : 8
09-13 21:47:44.277  5300  5300 I HBD     : HoneyBoardService [PF_OP][onStartInput]  5 ms 
09-13 21:47:44.284  1203  1996 V MdnieScenarioControlService: mAclOffEnabled : false mAclPreviewState : false mAclCompensationState : false
09-13 21:47:44.292 13561 23962 I WindowsLink: (YpcSignatureChecker) isSignatureAllowed in
09-13 21:47:44.292 13561 23962 I WindowsLink: (BaseContentProvider) call: method = capability_android_apps_on_windows / subMethod = capability_android_apps_on_windows
09-13 21:47:44.292 13561 23962 I WindowsLink: (BaseContentProvider) call: method = capability_android_apps_on_windows / subMethod = capability_android_apps_on_windows
09-13 21:47:44.292 13561 23962 I WindowsLink: (YpcSignatureChecker) isSignatureAllowed in
09-13 21:47:44.292 13561 23962 I WindowsLink: (BaseContentProvider) call: method = capability_recent_apps_R2_3 / subMethod = capability_recent_apps_R2_3
09-13 21:47:44.292 13561 23962 I WindowsLink: (BaseContentProvider) call: method = capability_recent_apps_R2_3 / subMethod = capability_recent_apps_R2_3
09-13 21:47:44.292  1203  4049 D [RAMS]RemoteAppModeService: isAllowed = true
09-13 21:47:44.296  1203  1272 D SGM:GameManager: identifyGamePackage. com.samsung.android.app.galaxyfinder, mCurrentUserId: 0, callerUserId: 0, callingMethodInfo: com.samsung.android.game.IGameManagerService$Stub.onTransact(IGameManagerService.java:233)
09-13 21:47:44.296  1203  1272 D SGM:PkgDataHelper: getGamePkgData(). com.samsung.android.app.galaxyfinder
09-13 21:47:44.296 13561 23962 I WindowsLink: (TaskInfoManager) +++++++++++onRecentTaskStackUpdated
09-13 21:47:44.297  1203  4248 I AppOps  : updateUidProcState uid: 10053 procState: 0 capability:15
09-13 21:47:44.297  1721  1798 D OpenGLRenderer: setSurface called with nullptr
09-13 21:47:44.297  1721  1798 D OpenGLRenderer: setSurface() destroyed EGLSurface
09-13 21:47:44.297  1026  2348 I CameraService: onUidStateChanged: uid=10053, procState is changed. (1 -> 0)
09-13 21:47:44.297  1721  1798 D OpenGLRenderer: destroyEglSurface
09-13 21:47:44.298  1203  1299 W libprocessgroup: Failed to open /dev/blkio//cgroup.procs: No such file or directory
09-13 21:47:44.300 13561 23962 I WindowsLink: (YpcSignatureChecker) isSignatureAllowed in
09-13 21:47:44.300 13561 23962 I WindowsLink: (BaseContentProvider) call: method = TaskInfoManager@getRecentTasks / subMethod = getRecentTasks
09-13 21:47:44.301  1721  1792 I ViewRootImpl@df3132e[skymap]: performTraversals params={(0,0)(fillxfill) sim={adjust=pan} ty=APPLICATION_STARTING fmt=TRANSLUCENT wanim=0x1030302 alpha=0.0
09-13 21:47:44.301  1721  1792 I ViewRootImpl@df3132e[skymap]:   fl=81030118
09-13 21:47:44.301  1721  1792 I ViewRootImpl@df3132e[skymap]:   pfl=16000010
09-13 21:47:44.301  1721  1792 I ViewRootImpl@df3132e[skymap]:   bhv=DEFAULT
09-13 21:47:44.301  1721  1792 I ViewRootImpl@df3132e[skymap]:   fitSides= naviIconColor=0}
09-13 21:47:44.302  1721  1792 I ViewRootImpl@df3132e[skymap]: performTraversals mFirst=false windowShouldResize=false viewVisibilityChanged=true mForceNextWindowRelayout=false params={(0,0)(fillxfill) sim={adjust=pan} ty=APPLICATION_STARTING fmt=TRANSLUCENT wanim=0x1030302 alpha=0.0
09-13 21:47:44.302  1721  1792 I ViewRootImpl@df3132e[skymap]:   fl=81030118
09-13 21:47:44.302  1721  1792 I ViewRootImpl@df3132e[skymap]:   pfl=16000010
09-13 21:47:44.302  1721  1792 I ViewRootImpl@df3132e[skymap]:   bhv=DEFAULT
09-13 21:47:44.302  1721  1792 I ViewRootImpl@df3132e[skymap]:   fitSides= naviIconColor=0}
09-13 21:47:44.302 13561 23962 I WindowsLink: (VirtualDisplayInfoHelper) getRecentTaskInfo() taskIncluded : true
09-13 21:47:44.302 13561 23962 I WindowsLink: (VirtualDisplayInfoHelper) getRecentTaskInfo() taskIncluded : true
09-13 21:47:44.302  1203  3900 V WindowManager: Relayout Window{968d3da u0 Splash Screen org.cosmosmataro.skymap EXITING}: viewVisibility=8 req=1080x2400 d0
09-13 21:47:44.302 13561 23962 I WindowsLink: (VirtualDisplayInfoHelper) getRecentTaskInfo() taskIncluded : true
09-13 21:47:44.302 13561 23962 I WindowsLink: (VirtualDisplayInfoHelper) getRecentTaskInfo() taskIncluded : true
09-13 21:47:44.302 13561 23962 I WindowsLink: (VirtualDisplayInfoHelper) getRecentTaskInfo() taskIncluded : true
09-13 21:47:44.302 13561 23962 I WindowsLink: (VirtualDisplayInfoHelper) getRecentTaskInfo() taskIncluded : true
09-13 21:47:44.302 13561 23962 I WindowsLink: (VirtualDisplayInfoHelper) getRecentTaskInfo() taskIncluded : true
09-13 21:47:44.302 13561 23962 I WindowsLink: (VirtualDisplayInfoHelper) getRecentTaskInfo() taskIncluded : true
09-13 21:47:44.302 13561 23962 I WindowsLink: (TaskInfoManager) getRecentTasks() size : 8
09-13 21:47:44.303  1203  3900 V WindowManager: Relayout hash=968d3da, pid=1721, syncId=-1: mAttrs={(0,0)(fillxfill) sim={adjust=pan} ty=APPLICATION_STARTING fmt=TRANSLUCENT wanim=0x1030302 alpha=0.0
09-13 21:47:44.303  1203  3900 V WindowManager:   fl=81030118
09-13 21:47:44.303  1203  3900 V WindowManager:   pfl=16000010
09-13 21:47:44.303  1203  3900 V WindowManager:   bhv=DEFAULT
09-13 21:47:44.303  1203  3900 V WindowManager:   fitSides= naviIconColor=0}
09-13 21:47:44.304  1721  1792 I ViewRootImpl@df3132e[skymap]: Relayout returned: old=(0,0,1080,2400) new=(0,0,1080,2400) req=(1080,2400)8 dur=2 res=0x0 s={false 0x0} ch=true seqId=0
09-13 21:47:44.304  1203  4248 D CoreBackPreview: Window{968d3da u0 Splash Screen org.cosmosmataro.skymap EXITING}: Setting back callback null
09-13 21:47:44.305  1721  1792 I ViewRootImpl@df3132e[skymap]: dispatchDetachedFromWindow
09-13 21:47:44.305  1203  4248 D WindowManager: Starting window removed Window{968d3da u0 Splash Screen org.cosmosmataro.skymap EXITING}
09-13 21:47:44.305  1203  4248 D InputTransport: Input channel destroyed: '968d3da', fd=810
09-13 21:47:44.305  1203  4248 W InputManager-JNI: Input channel object '968d3da Splash Screen org.cosmosmataro.skymap (client)' was disposed without first being removed with the input manager!
09-13 21:47:44.305  1203  4248 D InputTransport: Input channel destroyed: '968d3da', fd=863
09-13 21:47:44.305  1203  4248 V WindowManager: Remove Window{968d3da u0 Splash Screen org.cosmosmataro.skymap EXITING}: mSurfaceController=Surface(name=Splash Screen org.cosmosmataro.skymap$_1721)/@0x6a9ae5f mAnimatingExit=true mRemoveOnExit=true mHasSurface=true surfaceShowing=true animating=true app-animation=true mWillReplaceWindow=false mDisplayFrozen=false callers=com.android.server.wm.WindowState.removeIfPossible:3041 com.android.server.wm.WindowManagerService.removeWindow:2289 com.android.server.wm.Session.remove:236 android.view.IWindowSession$Stub.onTransact:743 com.android.server.wm.Session.onTransact:188 android.os.Binder.execTransactInternal:1321 
09-13 21:47:44.305  1203  4248 I WindowManager: Destroying surface Surface(name=Splash Screen org.cosmosmataro.skymap$_1721)/@0x6a9ae5f called by com.android.server.wm.WindowStateAnimator.destroySurface:942 com.android.server.wm.WindowStateAnimator.destroySurfaceLocked:536 com.android.server.wm.WindowState.removeImmediately:2969 com.android.server.wm.WindowState.removeIfPossible:3228 com.android.server.wm.WindowState.removeIfPossible:3041 com.android.server.wm.WindowManagerService.removeWindow:2289 com.android.server.wm.Session.remove:236 android.view.IWindowSession$Stub.onTransact:743 
09-13 21:47:44.305  1203  4248 V WindowManager: Nulling last startingData
09-13 21:47:44.307  1721  1792 D InputTransport: Input channel destroyed: '968d3da', fd=215
09-13 21:47:44.312 13561 23962 I WindowsLink: (YpcSignatureChecker) isSignatureAllowed in
09-13 21:47:44.312 13561 23962 I WindowsLink: (BaseContentProvider) call: method = capability_android_apps_on_windows / subMethod = capability_android_apps_on_windows
09-13 21:47:44.312 13561 23962 I WindowsLink: (BaseContentProvider) call: method = capability_android_apps_on_windows / subMethod = capability_android_apps_on_windows
09-13 21:47:44.313 13561 23962 I WindowsLink: (YpcSignatureChecker) isSignatureAllowed in
09-13 21:47:44.313   875   875 I Layer   : id=1560 removeFromCurrentState Splash Screen org.cosmosmataro.skymap$_1721#1560 (136)
09-13 21:47:44.313 13561 23962 I WindowsLink: (BaseContentProvider) call: method = capability_recent_apps_R2_3 / subMethod = capability_recent_apps_R2_3
09-13 21:47:44.313 13561 23962 I WindowsLink: (BaseContentProvider) call: method = capability_recent_apps_R2_3 / subMethod = capability_recent_apps_R2_3
09-13 21:47:44.313   875   875 I Layer   : id=1559 removeFromCurrentState 968d3da Splash Screen org.cosmosmataro.skymap#1559 (136)
09-13 21:47:44.313  1203  1272 D [RAMS]RemoteAppModeService: isAllowed = true
09-13 21:47:44.313   875   875 I SurfaceFlinger: id=1559 Removed 968d3da Splash Screen org.cosmosmataro.skymap#1559 (136)
09-13 21:47:44.313   875   875 I SurfaceFlinger: id=1560 Removed Splash Screen org.cosmosmataro.skymap$_1721#1560 (136)
09-13 21:47:44.314   875   875 I Layer   : id=1559 Destroyed 968d3da Splash Screen org.cosmosmataro.skymap#1559
09-13 21:47:44.315   875   875 I Layer   : id=1560 Destroyed Splash Screen org.cosmosmataro.skymap$_1721#1560
09-13 21:47:44.317  1203  1272 D SGM:GameManager: identifyGamePackage. com.samsung.android.app.galaxyfinder, mCurrentUserId: 0, callerUserId: 0, callingMethodInfo: com.samsung.android.game.IGameManagerService$Stub.onTransact(IGameManagerService.java:233)
09-13 21:47:44.317  1203  1272 D SGM:PkgDataHelper: getGamePkgData(). com.samsung.android.app.galaxyfinder
09-13 21:47:44.317 13561 23962 I WindowsLink: (TaskInfoManager) +++++++++++onRecentTaskStackUpdated
09-13 21:47:44.325   875   875 D SurfaceFlinger: Display 4633128672291735937 HWC layers:
09-13 21:47:44.325   875   875 D SurfaceFlinger:      CLIENT | 0x7b1641be30 | 0100 | RGBx_8888    |  660.0    0.0 1740.0 2400.0 |    0    0 1080 2400 | Wallpaper BBQ wrapper#84
09-13 21:47:44.325   875   875 D SurfaceFlinger:      CLIENT | 0x7b16469170 | 0100 | RGBA_8888    |    0.0    0.0 1080.0 2400.0 |    0    0 1080 2400 | com.samsung.android.app.galaxyfinder[...]derActivity$_3339#1481 (blurRegions)
09-13 21:47:44.325   875   875 D SurfaceFlinger:      DEVICE | 0x7b1642f5d0 | 0100 | RGBA_8888    |    0.0    0.0 1080.0   73.0 |    0    0 1080   73 | StatusBar$_1721#81
09-13 21:47:44.325   875   875 D SurfaceFlinger:      DEVICE | 0x7b16469290 | 0100 | RGBA_8888    |    0.0    0.0   67.0  411.0 |    0  619   67 1030 | com.samsung.android.app.cocktailbars[...]ervice.CocktailBarService$_4350#1480
09-13 21:47:44.325   875   875 D SurfaceFlinger:      DEVICE | 0x7b16466b30 | 0100 | RGBA_8888    |    0.0    0.0 1080.0  135.0 |    0 2265 1080 2400 | NavigationBar0$_1721#76
09-13 21:47:44.325   875   875 D SurfaceFlinger: 
09-13 21:47:44.341  1203  4248 I ActivityManager: com.samsung.android.lool is exempt from freezer
09-13 21:47:44.341  1203  4248 D CompatibilityChangeReporter: Compat change id reported: 135634846; UID 1000; state: DISABLED
09-13 21:47:44.341  1203  4248 D CompatibilityChangeReporter: Compat change id reported: 177438394; UID 1000; state: DISABLED
09-13 21:47:44.341  1203  4248 D CompatibilityChangeReporter: Compat change id reported: 135772972; UID 1000; state: DISABLED
09-13 21:47:44.342  1203  4248 D CompatibilityChangeReporter: Compat change id reported: 135754954; UID 1000; state: ENABLED
09-13 21:47:44.349   764   764 D Zygote  : Forked child process 20681
09-13 21:47:44.350  1203  1294 I ActivityManager: Start proc 20681:com.samsung.android.sm.provider/1000 for content provider {com.samsung.android.lool/com.samsung.android.sm.database.SmProvider}
09-13 21:47:44.374 20681 20681 I oid.sm.provider: Using CollectorTypeCC GC.
09-13 21:47:44.378 20681 20681 E oid.sm.provider: Not starting debugger since process cannot load the jdwp agent.
09-13 21:47:44.379  1203  1287 I WindowManager: Reparenting to original parent: Surface(name=DefaultTaskDisplayArea)/@0xf22e078, destroy=true, surface=Surface(name=Task=3117)/@0xe29bb4c
09-13 21:47:44.381  1203  1287 I WindowManager: Reparenting to original parent: Surface(name=DefaultTaskDisplayArea)/@0xf22e078, destroy=true, surface=Surface(name=Task=3129)/@0xbaa46de
09-13 21:47:44.386 20681 20681 D ActivityThread: setConscryptValidator
09-13 21:47:44.387 20681 20681 D ActivityThread: setConscryptValidator - put
09-13 21:47:44.389  1203  4248 I ActivityManager: DSS OFF for com.samsung.android.lool
09-13 21:47:44.392 20681 20681 D CompatibilityChangeReporter: Compat change id reported: 171979766; UID 1000; state: ENABLED
09-13 21:47:44.393   879   905 I heimdall: insert_task_to_group:67, insert tgid 20681 to group com.samsung.android.sm.provider, ret = 0
09-13 21:47:44.396   875   875 I Layer   : id=1561 removeFromCurrentState Surface(name=Task=3117)/@0xe29bb4c - animation-leash of app_transition#1561 (134)
09-13 21:47:44.396   875   875 I Layer   : id=1562 removeFromCurrentState Surface(name=Task=3129)/@0xbaa46de - animation-leash of app_transition#1562 (134)
09-13 21:47:44.396   875   875 I Layer   : id=1557 removeFromCurrentState Task=3129#1557 (134)
09-13 21:47:44.396   875   875 I Layer   : id=1558 removeFromCurrentState ActivityRecord{c4ec193 u0 org.cosmosmataro.skymap/.activities.SplashScreenActivity} t3129}#1558 (134)
09-13 21:47:44.396   875   875 I Layer   : id=1564 removeFromCurrentState 76f682 ActivityRecordInputSink org.cosmosmataro.skymap/.activities.SplashScreenActivity#1564 (134)
09-13 21:47:44.396   875   875 I Layer   : id=1557 addToCurrentState Task=3129#1557 (134)
09-13 21:47:44.396   875   875 I Layer   : id=1558 addToCurrentState ActivityRecord{c4ec193 u0 org.cosmosmataro.skymap/.activities.SplashScreenActivity} t3129}#1558 (134)
09-13 21:47:44.396   875   875 I Layer   : id=1564 addToCurrentState 76f682 ActivityRecordInputSink org.cosmosmataro.skymap/.activities.SplashScreenActivity#1564 (134)
09-13 21:47:44.396   875  1029 I SurfaceFlinger: id=1564 Removed 76f682 ActivityRecordInputSink org.cosmosmataro.skymap/.activities.SplashScreenActivity#1564 (134)
09-13 21:47:44.396   875   875 I SurfaceFlinger: id=1562 Removed Surface(name=Task=3129)/@0xbaa46de - animation-leash of app_transition#1562 (134)
09-13 21:47:44.396   875   875 I SurfaceFlinger: id=1561 Removed Surface(name=Task=3117)/@0xe29bb4c - animation-leash of app_transition#1561 (134)
09-13 21:47:44.396   875  1029 I SurfaceFlinger: id=1566 createSurf flag=24004, Task=3129#1566
09-13 21:47:44.396   875   875 I Layer   : id=1562 Destroyed Surface(name=Task=3129)/@0xbaa46de - animation-leash of app_transition#1562
09-13 21:47:44.396   875   875 I Layer   : id=1561 Destroyed Surface(name=Task=3117)/@0xe29bb4c - animation-leash of app_transition#1561
