--------- beginning of main
09-13 22:37:37.678   793   793 I Sensors : batch(19) - light_cct_sensor try to batching with 200000000
09-13 22:37:37.679   793   793 I Sensors : LightCCT_Sensor old sensor_state 410129, new sensor_state : 1409595382055441 en : 1
09-13 22:37:37.682   793   793 I Sensors : enable:: light_cct_sensor(19)
09-13 22:37:37.682  1203  1999 D SensorManager: registerListener :: 33, TMD4910 RGB Sensor, 200000, 0, com.samsung.android.displaysolution.EyeComfortSolutionService$2@8de718b
09-13 22:37:37.683   793   793 I Sensors : flush light_cct_sensor
09-13 22:37:37.683   793   793 I Sensors : MetaEvent:: reportMetaEvent
09-13 22:37:37.683   793   793 I Sensors : wakeMessage
09-13 22:37:37.683   793  1452 E Sensors : MetaEvent:: 33
09-13 22:37:37.683   793  1452 E Sensors : MetaEvent: hasPendingEvent+++(1)
09-13 22:37:37.683  1203  1999 D SensorManager: registerListener :: 33, TMD4910 RGB Sensor, 200000, 0, com.samsung.android.displaysolution.EyeComfortSolutionService$1@10f6cef
09-13 22:37:37.829   793  1452 I Sensors : lux = 2, CCT = 1541, r = 0, g = 0, b = 4, c = 0, atime = 157, again = 2048, lux_raw = 1, brightness = 99, time = 35112097393900
--------- beginning of system
09-13 22:37:37.830  1203  1999 V EyeComfortSolutionService: count : 254 , bopr_value : 49.0, platform_value : 99.0 , app_weighting : 1.0 , cal_value : 2.6057851 , sum_value : 1483.3829 , BOPR_MAX_VALUE : 21000
09-13 22:37:37.830  1203  1999 D SensorService: Calling activate off 33
09-13 22:37:37.830   793   793 I Sensors : batch(19) - light_cct_sensor try to batching with 200000000
09-13 22:37:37.830  1203  1999 D SensorManager: unregisterListener :: com.samsung.android.displaysolution.EyeComfortSolutionService$1@10f6cef
09-13 22:37:37.830  1203  1999 D SensorService: Calling activate off 33
09-13 22:37:37.831   793   793 I Sensors : LightCCT_Sensor old sensor_state 410129, new sensor_state : 1409591087088145 en : 0
09-13 22:37:37.832   793   793 I Sensors : disable:: light_cct_sensor(19)
09-13 22:37:37.832  1203  1999 D SensorManager: unregisterListener :: com.samsung.android.displaysolution.EyeComfortSolutionService$2@8de718b
09-13 22:37:38.064  1203  3220 D SemWifiUsabilityStatsMonitor: onWifiUsabilityStats - seqNum 922, isSameBssidAndFreq true
09-13 22:37:38.065  1203  1616 I SemWifiLinkQualityMonitor: Link Qos Query: 0,054 ms / 148,042 Mbps (585 / 0,040 / 1,000)
09-13 22:37:38.065  1721  1721 D NetworkController.WifiSignalController: notifyListener: visible=true, connected=true, inetCondition=1, isDefault=true, wifiTestReported=true, receivedInetCondition=-1, hideDuringMobileSwitching=false
09-13 22:37:38.065  1721  1833 D Tile.WifiTile: handleUpdateState isTransient=false transientEnabling =false cb.isTransient=false state.state = 2 mStateBeforeClick.value =false enabled =true
09-13 22:37:38.086   875   981 I VSyncReactor: Current= 60, TransitioningTo= 60, Distance= 60
09-13 22:37:38.105  3131  1338 I NearbyMediums: No BLE Fast/GATT advertisements found in the latest cycle.
09-13 22:37:38.105  3131  1338 I NearbyMediums: Current Tracked Scanning Clients are : {NearbyConnections.EnvironmentMonitor, NearbyConnections.TxAdvertisement}
09-13 22:37:38.908   738   738 E audit   : type=1400 audit(1757795858.903:7720): avc:  denied  { write } for  pid=3246 comm="ThreadPoolForeg" name="traced_producer" dev="tmpfs" ino=26721 scontext=u:r:gmscore_app:s0:c512,c768 tcontext=u:object_r:traced_producer_socket:s0 tclass=sock_file permissive=0 SEPF_SM-G986B_12_0001 audit_filtered
09-13 22:37:38.908   738   738 E audit   : type=1300 audit(1757795858.903:7720): arch=c00000b7 syscall=203 success=no exit=-13 a0=163 a1=7312f03ea0 a2=1e a3=ffffffff973a8a77 items=0 ppid=764 pid=3246 auid=4294967295 uid=10242 gid=10242 euid=10242 suid=10242 fsuid=10242 egid=10242 sgid=10242 fsgid=10242 tty=(none) ses=4294967295 comm="ThreadPoolForeg" exe="/system/bin/app_process64" subj=u:r:gmscore_app:s0:c512,c768 key=(null)
09-13 22:37:38.908   738   738 E audit   : type=1327 audit(1757795858.903:7720): proctitle="com.google.android.gms"
09-13 22:37:39.011  4145  4145 I SDHMS:LOAD: type: LoadsFreqs, value: 0:17:11:546000:546000:546000:2182959:2314000:2106000:156:156:156
09-13 22:37:40.847   793  1452 I Sensors : AutoRotation: data = -541448396, time = 104
09-13 22:37:40.847  1721  1721 D AppController: AppControlSensorListener.onSensorChanged, Rotation: 0
09-13 22:37:40.847  1203  1284 I WindowOrientationListener: OrientationSensorJudge.onSensorChanged, Rotation: 0
09-13 22:37:40.848  1203  1284 V WindowManager: rotationForOrientation(orient=SCREEN_ORIENTATION_NOSENSOR (5), last=ROTATION_0 (0)); user=ROTATION_0 (0) USER_ROTATION_LOCKED
09-13 22:37:40.848  1203  1284 D WindowManager: rotationForOrientation, orientationSource=ActivityRecord{550727f u0 org.cosmosmataro.skymap/com.google.android.stardroid.activities.DynamicStarMapActivity} t3140}
09-13 22:37:40.848  1203  1284 V WindowManager: Computed rotation=ROTATION_0 (0) for display id=0 based on lastOrientation=SCREEN_ORIENTATION_NOSENSOR (5) and oldRotation=ROTATION_0 (0), caller=com.android.server.wm.DisplayContent.updateRotationUnchecked:2410 com.android.server.wm.WindowManagerService.updateRotationUnchecked:4778 com.android.server.wm.WindowManagerService.updateRotation:4759 com.android.server.wm.DisplayRotation$OrientationListener.onProposedRotationChanged:1861 com.android.server.wm.WindowOrientationListener$OrientationSensorJudge.finalizeRotation:1407 com.android.server.wm.WindowOrientationListener$OrientationSensorJudge.onSensorChanged:1330 
09-13 22:37:40.876   875   981 I VSyncReactor: Current= 60, TransitioningTo= 60, Distance= 60
09-13 22:37:41.168  1203  3220 D SemWifiUsabilityStatsMonitor: onWifiUsabilityStats - seqNum 923, isSameBssidAndFreq true
09-13 22:37:41.168  1203  1616 I SemWifiLinkQualityMonitor: Link Qos Query: 0,022 ms / 363,633 Mbps (585 / 0,008 / 1,000)
09-13 22:37:41.168  1721  1721 D NetworkController.WifiSignalController: notifyListener: visible=true, connected=true, inetCondition=1, isDefault=true, wifiTestReported=true, receivedInetCondition=-1, hideDuringMobileSwitching=false
09-13 22:37:41.169  1721  1833 D Tile.WifiTile: handleUpdateState isTransient=false transientEnabling =false cb.isTransient=false state.state = 2 mStateBeforeClick.value =false enabled =true
09-13 22:37:41.426 31621 31852 I PlayCommon: [1113] Preparing logs for uploading
09-13 22:37:41.429 31621 31852 I PlayCommon: [1113] Connecting to server: https://play.googleapis.com/play/log?format=raw&proto_v2=true
09-13 22:37:41.433  1203  1656 D NetdEventListenerService: DNS Requested by : 117, 10247
09-13 22:37:41.433 31621 31852 D TrafficStats: tagSocket(160) with statsTag=0x6900, statsUid=-1
09-13 22:37:41.439  4145  5152 I SDHMS:D : SIOP:: AP:355 BAT:310 USB:309 CHG:331 PA:-777 CP:337 WIFI:337 SKIN:325 SKINF:325 SKINB:320 LRP:325 LRF:325 LRB:320 BLRF:325 BLRB:320 
09-13 22:37:41.558 31621 31852 I PlayCommon: [1113] Successfully uploaded logs.
09-13 22:37:42.529  2048  2285 D BtGatt.GattService: onScanResult to scannerId: 10- eventType=0x10, addressType=1, address=2C24A0_6, primaryPhy=1, secondaryPhy=0, advertisingSid=0xff, txPower=127, rssi=-90, periodicAdvInt=0x0
09-13 22:37:42.610   738   738 E audit   : type=1400 audit(1757795862.607:7721): avc:  denied  { write } for  pid=23012 comm="ThreadPoolForeg" name="traced_producer" dev="tmpfs" ino=26721 scontext=u:r:gmscore_app:s0:c662,c768 tcontext=u:object_r:traced_producer_socket:s0 tclass=sock_file permissive=0 SEPF_SM-G986B_12_0001 audit_filtered
09-13 22:37:42.610   738   738 E audit   : type=1300 audit(1757795862.607:7721): arch=c00000b7 syscall=203 success=no exit=-13 a0=6 a1=7312ebbde0 a2=1e a3=ffffffff973a8a77 items=0 ppid=764 pid=23012 auid=4294967295 uid=15010242 gid=15010242 euid=15010242 suid=15010242 fsuid=15010242 egid=15010242 sgid=15010242 fsgid=15010242 tty=(none) ses=4294967295 comm="ThreadPoolForeg" exe="/system/bin/app_process64" subj=u:r:gmscore_app:s0:c662,c768 key=(null)
09-13 22:37:42.610   738   738 E audit   : type=1327 audit(1757795862.607:7721): proctitle="com.google.android.gms.persistent"
09-13 22:37:42.717  1782  1782 I wpa_supplicant: Heartbeat 2451
09-13 22:37:42.935  1203  1614 I SemWifiServiceDetector: Traff. tracking started
09-13 22:37:43.017   549   549 D io_stats: !@   8,0 r 3304748 48982476 w 616839 4617716 d 283050 3179796 f 0 0 iot 591256 0 th 0 0 0 pt 0 inp 0 0 24718.144
09-13 22:37:43.104 19798 19981 I MeariIotController: meariIot---------------------Response:
09-13 22:37:43.436  1203  1614 D SemNscXgbMsL1: Probability - Cloud gaming: [0.07462785]
09-13 22:37:43.436  1203  1614 D SemNscXgbMsL1: Probability - Real time: [0.13455755]
09-13 22:37:43.436  1203  1614 D SemNscXgbMsL1: Probability - Non real time: [0.73537815]
09-13 22:37:43.436  1203  1614 D SemNscXgbMsL1: 1 sample inference time: 0.284038 msecs
09-13 22:37:43.437  1203  1614 D SemNscXgbL2Rt: L2 RT 1 sample inference time: 0.376923 msecs
09-13 22:37:43.437  1203  1614 D SemNscXgbL2Nrt: L2 NRT 1 sample inference time: 0.27577 msecs
09-13 22:37:43.937  1203  1614 D SemNscXgbMsL1: Probability - Cloud gaming: [0.051803794]
09-13 22:37:43.937  1203  1614 D SemNscXgbMsL1: Probability - Real time: [0.1249018]
09-13 22:37:43.937  1203  1614 D SemNscXgbMsL1: Probability - Non real time: [0.69487584]
09-13 22:37:43.937  1203  1614 D SemNscXgbMsL1: 1 sample inference time: 0.272808 msecs
09-13 22:37:43.937  1203  1614 D SemNscXgbL2Rt: L2 RT 1 sample inference time: 0.446154 msecs
09-13 22:37:43.938  1203  1614 D SemNscXgbL2Nrt: L2 NRT 1 sample inference time: 0.250385 msecs
09-13 22:37:44.288  1203  3220 D SemWifiUsabilityStatsMonitor: onWifiUsabilityStats - seqNum 924, isSameBssidAndFreq true
09-13 22:37:44.288  1203  1616 I SemWifiLinkQualityMonitor: Link Qos Query: 0,018 ms / 454,590 Mbps (585 / 0,004 / 1,000)
09-13 22:37:44.438  1203  1614 D SemNscXgbMsL1: Probability - Cloud gaming: [0.09579066]
09-13 22:37:44.439  1203  1614 D SemNscXgbMsL1: Probability - Real time: [0.07584529]
09-13 22:37:44.439  1203  1614 D SemNscXgbMsL1: Probability - Non real time: [0.87042004]
09-13 22:37:44.439  1203  1614 D SemNscXgbMsL1: 1 sample inference time: 0.27477 msecs
09-13 22:37:44.439  1203  1614 D SemNscXgbL2Rt: L2 RT 1 sample inference time: 0.364654 msecs
09-13 22:37:44.439  1203  1614 D SemNscXgbL2Nrt: L2 NRT 1 sample inference time: 0.246231 msecs
09-13 22:37:44.665  1721  1833 D MobileStatusTracker(0/4): onSignalStrengthsChanged level=1, vendorLevel=3
09-13 22:37:44.666  1721  1833 D MobileSignalController(0/4): notifyListener: enabled=true, connected=true, dataConnected=true, networkType=HSPA+ (H+), emergencyOnly=false, roaming=false, isDefault=false, dataActivity=, level=3, ca=false, mmWave=false, disabledDataIcon=false, simCard=ETC
09-13 22:37:44.666  1721  1833 D NetworkController: SignalStrength from intent slotId=0
09-13 22:37:44.940  1203  1614 D SemNscXgbMsL1: Probability - Cloud gaming: [0.072350524]
09-13 22:37:44.940  1203  1614 D SemNscXgbMsL1: Probability - Real time: [0.043371666]
09-13 22:37:44.940  1203  1614 D SemNscXgbMsL1: Probability - Non real time: [0.7563787]
09-13 22:37:44.940  1203  1614 D SemNscXgbMsL1: 1 sample inference time: 0.271115 msecs
09-13 22:37:44.941  1203  1614 D SemNscXgbL2Rt: L2 RT 1 sample inference time: 0.374462 msecs
09-13 22:37:44.941  1203  1614 D SemNscXgbL2Nrt: L2 NRT 1 sample inference time: 0.245731 msecs
09-13 22:37:45.022  1203  1515 D InputReader: Btn_touch(2): value=1 when=24720.148376
09-13 22:37:45.022  1203  1515 I InputReader: Touch event's action is 0x0 (id=6, t=0) [pCnt=1, s=0.269 ] when=24720.148376
09-13 22:37:45.022  1203  1514 I InputDispatcher: Delivering touch to (1721): action: 0x4, f=0x0, d=0, '60c90e4', t=1 
09-13 22:37:45.022  1203  1514 I InputDispatcher: Delivering touch to (2051): action: 0x0, f=0x0, d=0, 'c9ae5b7', t=1 +(0,-72)*(0.75)
09-13 22:37:45.022  1203  1514 D PowerManagerService: [api] userActivityFromNative :  (event: 2 flags: 0 displayId: 0) eventTime = 24720148
09-13 22:37:45.023  1203  1284 I GestureDetector: obtain mCurrentDownEvent. id: 441176612 caller: com.android.server.wm.SystemGesturesPointerEventListener.onPointerEvent:203 com.android.server.wm.PointerEventDispatcher.onInputEvent:53 android.view.InputEventReceiver.dispatchInputEvent:285 
09-13 22:37:45.023  1203  1284 I GestureDetector: obtain mCurrentDownEvent. id: 441176612 caller: com.android.server.wm.SystemPerformancePointerEventListener.onPointerEvent:89 com.android.server.wm.PointerEventDispatcher.onInputEvent:53 android.view.InputEventReceiver.dispatchInputEvent:285 
09-13 22:37:45.023  2051  2051 I ViewRootImpl@42381[DynamicStarMapActivity]: ViewPostIme pointer 0
09-13 22:37:45.023  1203  1514 D PowerManagerService: UserActivityStateListenerState: 1
09-13 22:37:45.024  2051  2051 I GestureDetector: obtain mCurrentDownEvent. id: 441176612 caller: com.google.android.stardroid.activities.DynamicStarMapActivity.onTouchEvent:583 android.app.Activity.dispatchTouchEvent:4391 com.android.internal.policy.DecorView.dispatchTouchEvent:1074 
09-13 22:37:45.024  2051  2051 D Stardroid.GestureInterpreter: Tap down
09-13 22:37:45.024  2051  2051 D Stardroid.Flinger: Fling stopped
09-13 22:37:45.039  1203  1284 I GestureDetector: obtain mCurrentMotionEventRaw. action: 2 id: 670473074
09-13 22:37:45.039  1203  1284 I GestureDetector: obtain mCurrentMotionEventRaw. action: 2 id: 670473074
09-13 22:37:45.044   875   981 I VSyncReactor: Current= 60, TransitioningTo= 60, Distance= 60
09-13 22:37:45.061  2051  2051 I GestureDetector: obtain mCurrentMotionEventRaw. action: 2 id: 670473074
09-13 22:37:45.106  1203  1284 D WindowManager: requestTransientBars: swipeTarget=Window{60c90e4 u0 NavigationBar0}, controlTarget=Window{c9ae5b7 u0 org.cosmosmataro.skymap/com.google.android.stardroid.activities.DynamicStarMapActivity}, canShowTransient=true, restorePositionTypes=0x0, from=com.android.server.wm.DisplayPolicy.-$$Nest$mrequestTransientBars:0 com.android.server.wm.DisplayPolicy$1.onSwipeFromBottom:608 
09-13 22:37:45.106  1203  1284 I WindowManager: Cancelling animation restarting=true, leash=Surface(name=Surface(name=27a7298 StatusBar)/@0xca4a678 - animation-leash of insets_animation)/@0xda23ab9
09-13 22:37:45.106  1203  1284 I WindowManager: Reparenting to original parent: Surface(name=WindowToken{dd0647b type=2000 android.os.BinderProxy@4365c75})/@0x5a3a151, destroy=false, surface=Surface(name=27a7298 StatusBar)/@0xca4a678
09-13 22:37:45.106  1721  1721 D BarTransitions.FrameLayout: MODE_LIGHTS_OUT_TRANSPARENT -> MODE_SEMI_TRANSPARENT animate=false
09-13 22:37:45.106  1203  1284 I WindowManager: Reparenting to leash, surface=Surface(name=27a7298 StatusBar)/@0xca4a678, leashParent=Surface(name=WindowToken{dd0647b type=2000 android.os.BinderProxy@4365c75})/@0x5a3a151
09-13 22:37:45.106   875  1030 I SurfaceFlinger: id=2039 createSurf flag=24004, Surface(name=27a7298 StatusBar)/@0xca4a678 - animation-leash of insets_animation#2039
09-13 22:37:45.106  1721  1721 V Navbar.Store: handleEvent(0) OnNavBarTransitionModeChanged(transitionMode=1) [Module] NavigationBar
09-13 22:37:45.106  1721  1721 V Navbar.Store: --[Band]GESTURE_PACK_SHOW_FLOATING_GAMETOOLS_ICON
09-13 22:37:45.106  1721  1721 D BarTransitions.SamsungNavigationBarView: MODE_LIGHTS_OUT_TRANSPARENT -> MODE_SEMI_TRANSPARENT animate=false
09-13 22:37:45.107  1203  1284 D WindowManager: makeSurface duration=1 leash=Surface(name=Surface(name=27a7298 StatusBar)/@0xca4a678 - animation-leash of insets_animation)/@0xbd8374
09-13 22:37:45.107  1203  1284 I WindowManager: Cancelling animation restarting=true, leash=Surface(name=Surface(name=60c90e4 NavigationBar0)/@0xa45fab7 - animation-leash of insets_animation)/@0xdcb765f
09-13 22:37:45.107  1203  1284 I WindowManager: Reparenting to original parent: Surface(name=WindowToken{5321c77 type=2019 android.os.BinderProxy@470fd11})/@0x2b9b224, destroy=false, surface=Surface(name=60c90e4 NavigationBar0)/@0xa45fab7
09-13 22:37:45.107  1203  1284 I WindowManager: Reparenting to leash, surface=Surface(name=60c90e4 NavigationBar0)/@0xa45fab7, leashParent=Surface(name=WindowToken{5321c77 type=2019 android.os.BinderProxy@470fd11})/@0x2b9b224
09-13 22:37:45.107   875  1030 I SurfaceFlinger: id=2040 createSurf flag=24004, Surface(name=60c90e4 NavigationBar0)/@0xa45fab7 - animation-leash of insets_animation#2040
09-13 22:37:45.107  1203  1284 D WindowManager: makeSurface duration=1 leash=Surface(name=Surface(name=60c90e4 NavigationBar0)/@0xa45fab7 - animation-leash of insets_animation)/@0xa12c912
09-13 22:37:45.108  1203  2648 I SystemUiVisibilityPolicyController: handleMessage: entry what = 1
09-13 22:37:45.108  4350  4350 I TrayStateController: systemUiVisibilityChanged : 7 2
09-13 22:37:45.109  4350  4350 I Utils   : isCurrentUser current = 0, ownerId = 0
09-13 22:37:45.109  4350  4350 I TrayVisibilityController: getComputedTrayVisible : keyguardState = 1
09-13 22:37:45.109  4350  4350 I TrayVisibilityController: updateTrayVisible: State=1 visible=1 mCurrentVisible=2 specificMode=0
09-13 22:37:45.109  4350  4350 I TrayStateController: onNotifyUpdateTray: state=2
09-13 22:37:45.109  4350  4350 I MSHandlerLifeCycle: check: return. pkg=com.samsung.android.app.cocktailbarservice isActivity=false callers=com.android.internal.policy.DecorView.setVisibility:4412 l4.r.F:11 l4.o.U0:41 l4.o$g.e:4 l4.o$g.c:7 
09-13 22:37:45.109  4350  4350 I MSHandlerLifeCycle: removeMultiSplitHandler: no exist. decor=DecorView@59dce27[CocktailBarService]
09-13 22:37:45.109  4350  4350 I MSHandlerLifeCycle: check: return. pkg=com.samsung.android.app.cocktailbarservice isActivity=false callers=com.android.internal.policy.DecorView.setVisibility:4412 l4.v.E:2 l4.o.U0:46 l4.o$g.e:4 l4.o$g.c:7 
09-13 22:37:45.109  4350  4350 I MSHandlerLifeCycle: removeMultiSplitHandler: no exist. decor=DecorView@59dce27[CocktailBarService]
09-13 22:37:45.111  1721  1721 V Navbar.Store: --NavBarStates canUseNavBarBackgroundFrame: false
09-13 22:37:45.112  4350  4350 I HandleSettingUtils: getTriggerMarginOnTop retY=619 halfHandleSize=206 getTriggerPosition=27.635029
09-13 22:37:45.113  4350  4350 I TrayStateController: setUiState 0 : 2 --> 0
09-13 22:37:45.114  4350  4350 I ViewRootImpl@8a79059[CocktailBarService]: performTraversals mFirst=false windowShouldResize=false viewVisibilityChanged=true mForceNextWindowRelayout=false params=null
09-13 22:37:45.114  1203  1287 D InsetsSourceProvider: updateVisibility: serverVisible=true, clientVisible=true, source=InsetsSource: {mType=ITYPE_NAVIGATION_BAR, mFrame=[0,2265][1080,2400], mVisible=true, mInsetsRoundedCornerFrame=false}, controlTarget=com.android.server.wm.InsetsPolicy$1@66c07d2, from=com.android.server.wm.InsetsSourceProvider.setClientVisible:536 com.android.server.wm.InsetsSourceProvider.updateClientVisibility:518 com.android.server.wm.InsetsStateController.onInsetsModified:250 com.android.server.wm.InsetsStateController.lambda$notifyPendingInsetsControlChanged$5:414 com.android.server.wm.InsetsStateController.$r8$lambda$ni7v3ZO6TRbLZqXOFahDjPeXTS0:0 com.android.server.wm.InsetsStateController$$ExternalSyntheticLambda4.run:2 com.android.server.wm.WindowAnimator.executeAfterPrepareSurfacesRunnables:345 com.android.server.wm.WindowAnimator.animate:226 com.android.server.wm.WindowAnimator.lambda$new$1:106 com.android.server.wm.WindowAnimator.$r8$lambda$fo2Nk5bb9hY3lvmHsTnTEwtZMbI:0 
09-13 22:37:45.114  1203  1287 D InsetsSourceProvider: updateVisibility: serverVisible=true, clientVisible=true, source=InsetsSource: {mType=ITYPE_STATUS_BAR, mFrame=[0,0][1080,73], mVisible=true, mInsetsRoundedCornerFrame=false}, controlTarget=com.android.server.wm.InsetsPolicy$1@66c07d2, from=com.android.server.wm.InsetsSourceProvider.setClientVisible:536 com.android.server.wm.InsetsSourceProvider.updateClientVisibility:518 com.android.server.wm.InsetsStateController.onInsetsModified:250 com.android.server.wm.InsetsStateController.lambda$notifyPendingInsetsControlChanged$5:414 com.android.server.wm.InsetsStateController.$r8$lambda$ni7v3ZO6TRbLZqXOFahDjPeXTS0:0 com.android.server.wm.InsetsStateController$$ExternalSyntheticLambda4.run:2 com.android.server.wm.WindowAnimator.executeAfterPrepareSurfacesRunnables:345 com.android.server.wm.WindowAnimator.animate:226 com.android.server.wm.WindowAnimator.lambda$new$1:106 com.android.server.wm.WindowAnimator.$r8$lambda$fo2Nk5bb9hY3lvmHsTnTEwtZMbI:0 
09-13 22:37:45.115  1203  1948 V WindowManager: Relayout Window{2c682b9 u0 com.samsung.android.app.cocktailbarservice/com.samsung.android.app.cocktailbarservice.CocktailBarService}: viewVisibility=0 req=67x411 d0
09-13 22:37:45.116  1203  1948 D RestrictionPolicy: isScreenCaptureEnabled : ret=true userId=0
09-13 22:37:45.116  2236  2453 I TouchInteractionService: onSystemUiStateChanged, stateFlags : 0 |
09-13 22:37:45.116  1721  1721 V Navbar.Store: handleEvent(0) OnNavBarWindowStateShowing(noArguments=true) [Module] NavigationBar
09-13 22:37:45.116   875  1030 I SurfaceFlinger: id=2041 createSurf flag=40004, com.samsung.android.app.cocktailbarservice/com.samsung.android.app.cocktailbarservice.CocktailBarService$_4350#2041
09-13 22:37:45.116  2236  2236 I RecentsAnimationDeviceState: setSystemUiFlags, stateFlags : 0
09-13 22:37:45.116  2236  2236 I TouchInteractionService: onSystemUiFlagsChanged, lastSysUIFlags : 2
09-13 22:37:45.117  1203  1948 D WindowManager: makeSurface duration=1 name=com.samsung.android.app.cocktailbarservice/com.samsung.android.app.cocktailbarservice.CocktailBarService$_4350
09-13 22:37:45.119  1721  7118 I ViewRootImpl@8eb5fa4[StatusBar]: Resizing android.view.ViewRootImpl@850d210: frame = [0,0][1080,73] reportDraw = false forceLayout = false syncSeqId = 0
09-13 22:37:45.119  1721  7118 I ViewRootImpl@e65d35d[NavigationBar0]: Resizing android.view.ViewRootImpl@bdd1c1e: frame = [0,2265][1080,2400] reportDraw = false forceLayout = false syncSeqId = 0
09-13 22:37:45.119  2051  2166 I ViewRootImpl@42381[DynamicStarMapActivity]: Resizing android.view.ViewRootImpl@4127c03: frame = [0,73][1080,2400] reportDraw = false forceLayout = false syncSeqId = 0
09-13 22:37:45.119  2051  2051 I ViewRootImpl@42381[DynamicStarMapActivity]: handleResized, msg = 4 frames=ClientWindowFrames{frame=[0,73][1080,2400] display=[0,73][1080,2400] parentFrame=[0,0][0,0] parentClippedByDisplayCutout=false} forceNextWindowRelayout=false displayId=0 resizeMode=-1 frameChanged=false displayFrameChanged=false configChanged=false displayChanged=false
09-13 22:37:45.120  4350 17693 I ViewRootImpl@8a79059[CocktailBarService]: Resizing android.view.ViewRootImpl@92a042a: frame = [0,619][67,1030] reportDraw = true forceLayout = false syncSeqId = 0
09-13 22:37:45.121  1203  1948 V WindowManager: Relayout hash=2c682b9, pid=4350, syncId=-1: mAttrs={(0,619)(67x411) gr=TOP LEFT CENTER sim={adjust=nothing forwardNavigation} layoutInDisplayCutoutMode=shortEdges ty=2226 fmt=TRANSPARENT
09-13 22:37:45.121  1203  1948 V WindowManager:   fl=81800508
09-13 22:37:45.121  1203  1948 V WindowManager:   pfl=2000050
09-13 22:37:45.121  1203  1948 V WindowManager:   bhv=SHOW_TRANSIENT_BARS_BY_SWIPE
09-13 22:37:45.121  1203  1948 V WindowManager:   fitTypes=NAVIGATION_BARS CAPTION_BAR
09-13 22:37:45.121  1203  1948 V WindowManager:  dimAmount=0.0 dimDuration=0 naviIconColor=0
09-13 22:37:45.121  1203  1948 V WindowManager:   sfl=220000}
09-13 22:37:45.122  4350  4350 I ViewRootImpl@8a79059[CocktailBarService]: updateBlastSurfaceIfNeeded mBlastBufferQueue=null isSameSurfaceControl=false
09-13 22:37:45.123  4350  4350 I BLASTBufferQueue: new BLASTBufferQueue, mName= ViewRootImpl@8a79059[CocktailBarService] mNativeObject= 0x73e2e5d950 sc.mNativeObject= 0x7372e64660 caller= android.view.ViewRootImpl.updateBlastSurfaceIfNeeded:2909 android.view.ViewRootImpl.relayoutWindow:9847 android.view.ViewRootImpl.performTraversals:3884 android.view.ViewRootImpl.doTraversal:3116 android.view.ViewRootImpl$TraversalRunnable.run:10885 android.view.Choreographer$CallbackRecord.run:1301 android.view.Choreographer$CallbackRecord.run:1309 android.view.Choreographer.doCallbacks:923 android.view.Choreographer.doFrame:852 android.view.Choreographer$FrameDisplayEventReceiver.run:1283 
09-13 22:37:45.123  4350  4350 I BLASTBufferQueue: update, w= 67 h= 411 mName = ViewRootImpl@8a79059[CocktailBarService] mNativeObject= 0x73e2e5d950 sc.mNativeObject= 0x7372e64660 format= -2 caller= android.graphics.BLASTBufferQueue.<init>:84 android.view.ViewRootImpl.updateBlastSurfaceIfNeeded:2909 android.view.ViewRootImpl.relayoutWindow:9847 android.view.ViewRootImpl.performTraversals:3884 android.view.ViewRootImpl.doTraversal:3116 android.view.ViewRootImpl$TraversalRunnable.run:10885 
09-13 22:37:45.123  4350  4350 I ViewRootImpl@8a79059[CocktailBarService]: Relayout returned: old=(0,619,67,1030) new=(0,619,67,1030) req=(67,411)0 dur=8 res=0x3 s={true 0x7472e87080} ch=true seqId=0
09-13 22:37:45.124  4350  4350 I ViewRootImpl@8a79059[CocktailBarService]: mThreadedRenderer.initialize() mSurface={isValid=true 0x7472e87080} hwInitialized=true
09-13 22:37:45.124  4350  4350 I ViewRootImpl@8a79059[CocktailBarService]: reportNextDraw android.view.ViewRootImpl.performTraversals:4438 android.view.ViewRootImpl.doTraversal:3116 android.view.ViewRootImpl$TraversalRunnable.run:10885 android.view.Choreographer$CallbackRecord.run:1301 android.view.Choreographer$CallbackRecord.run:1309 
09-13 22:37:45.124  4350  4350 I ViewRootImpl@8a79059[CocktailBarService]: Setup new sync id=45
09-13 22:37:45.124  4350  4350 I ViewRootImpl@8a79059[CocktailBarService]: Setting syncFrameCallback
09-13 22:37:45.124  4350  4350 I ViewRootImpl@8a79059[CocktailBarService]: registerCallbacksForSync syncBuffer=false
09-13 22:37:45.124  4350  6388 I ViewRootImpl@8a79059[CocktailBarService]: Received frameDrawingCallback syncResult=0 frameNum=1.
09-13 22:37:45.124  4350  6388 I ViewRootImpl@8a79059[CocktailBarService]: Setting up sync and frameCommitCallback
09-13 22:37:45.125   781   814 D gralloc : [mali_gralloc_allocate] begin
09-13 22:37:45.125   781   814 D gralloc : buffer_descriptor: wh(67 411) usage_pc(0x40000000000b00 0x40000000000b00) hal_format(0x1) layer_count(1) sizes(0 0 0) strde(0) byte_stride(0) alloc_wh(0 0) internal_format(0x0) alloc_format(0x0) fd_count(1) plane_count(0)
09-13 22:37:45.125   781   814 D gralloc : [mali_gralloc_allocate] allocation successful
09-13 22:37:45.125   781   814 D gralloc : [mali_gralloc_allocate] begin
09-13 22:37:45.125   781   814 D gralloc : buffer_descriptor: wh(67 411) usage_pc(0x40000000000b00 0x40000000000b00) hal_format(0x1) layer_count(1) sizes(0 0 0) strde(0) byte_stride(0) alloc_wh(0 0) internal_format(0x0) alloc_format(0x0) fd_count(1) plane_count(0)
09-13 22:37:45.125   781   814 D gralloc : [mali_gralloc_allocate] allocation successful
09-13 22:37:45.125   781   814 D gralloc : [mali_gralloc_allocate] begin
09-13 22:37:45.125   781   814 D gralloc : buffer_descriptor: wh(67 411) usage_pc(0x40000000000b00 0x40000000000b00) hal_format(0x1) layer_count(1) sizes(0 0 0) strde(0) byte_stride(0) alloc_wh(0 0) internal_format(0x0) alloc_format(0x0) fd_count(1) plane_count(0)
09-13 22:37:45.125   781   814 D gralloc : [mali_gralloc_allocate] allocation successful
09-13 22:37:45.126   781   814 D gralloc : [mali_gralloc_allocate] begin
09-13 22:37:45.126   781   814 D gralloc : buffer_descriptor: wh(67 411) usage_pc(0x40000000000b00 0x40000000000b00) hal_format(0x1) layer_count(1) sizes(0 0 0) strde(0) byte_stride(0) alloc_wh(0 0) internal_format(0x0) alloc_format(0x0) fd_count(1) plane_count(0)
09-13 22:37:45.126   781   814 D gralloc : [mali_gralloc_allocate] allocation successful
09-13 22:37:45.126  4350  6237 I BLASTBufferQueue: [ViewRootImpl@8a79059[CocktailBarService]#40](f:0,a:0) onFrameAvailable the first frame is available
09-13 22:37:45.126  4350  6237 I ViewRootImpl@8a79059[CocktailBarService]: Received frameCommittedCallback lastAttemptedDrawFrameNum=1 didProduceBuffer=true
09-13 22:37:45.127  4350  4350 I ViewRootImpl@8a79059[CocktailBarService]: onSyncComplete
09-13 22:37:45.127  4350  4350 I ViewRootImpl@8a79059[CocktailBarService]: setupSync seqId=0 mSyncId=45 fn=1 caller=android.view.ViewRootImpl$$ExternalSyntheticLambda11.accept:6 android.window.SurfaceSyncer.lambda$setupSync$1$android-window-SurfaceSyncer:128 android.window.SurfaceSyncer$$ExternalSyntheticLambda1.accept:8 android.window.SurfaceSyncer$SyncSet.checkIfSyncIsComplete:382 android.window.SurfaceSyncer$SyncSet.markSyncReady:359 android.window.SurfaceSyncer.markSyncReady:151 android.view.ViewRootImpl.performTraversals:4503 
09-13 22:37:45.127  4350  4350 I ViewRootImpl@8a79059[CocktailBarService]: reportDrawFinished seqId=0 mSyncId=-1 fn=1 mSurfaceChangedTransaction=0x73a2e4a610
09-13 22:37:45.127  4350  4350 I TrayStateController: putInputRect mDynamicInputRegion=7641856@LastEvent=t=1757795831654Rect(0, 0 - 42, 411),Rect=Rect(0, 0 - 42, 411)
09-13 22:37:45.127   875   875 I Layer   : id=2037 removeFromCurrentState Surface(name=27a7298 StatusBar)/@0xca4a678 - animation-leash of insets_animation#2037 (135)
09-13 22:37:45.127  4350  4350 I DecorView: notifyKeepScreenOnChanged: keepScreenOn=false
09-13 22:37:45.127  1203  4212 D WindowManager: finishDrawingWindow: Window{2c682b9 u0 com.samsung.android.app.cocktailbarservice/com.samsung.android.app.cocktailbarservice.CocktailBarService} mDrawState=DRAW_PENDING seqId=0
09-13 22:37:45.127   875   875 I Layer   : id=2038 removeFromCurrentState Surface(name=60c90e4 NavigationBar0)/@0xa45fab7 - animation-leash of insets_animation#2038 (135)
09-13 22:37:45.128   875   875 I SurfaceFlinger: id=2037 Removed Surface(name=27a7298 StatusBar)/@0xca4a678 - animation-leash of insets_animation#2037 (135)
09-13 22:37:45.128   875   875 I SurfaceFlinger: id=2038 Removed Surface(name=60c90e4 NavigationBar0)/@0xa45fab7 - animation-leash of insets_animation#2038 (135)
09-13 22:37:45.128  1203  2651 D TspStateManager: wrote command: cmd=0,1,825,1373, type=3
09-13 22:37:45.128   875   875 I Layer   : id=2037 Destroyed Surface(name=27a7298 StatusBar)/@0xca4a678 - animation-leash of insets_animation#2037
09-13 22:37:45.128   875   875 I Layer   : id=2038 Destroyed Surface(name=60c90e4 NavigationBar0)/@0xa45fab7 - animation-leash of insets_animation#2038
09-13 22:37:45.129  4350  4350 I TrayStateTrigger: showTriggerView
09-13 22:37:45.129  1721  1721 I ViewRootImpl@8eb5fa4[StatusBar]: handleResized, msg = 4 frames=ClientWindowFrames{frame=[0,0][1080,73] display=[0,0][1080,2400] parentFrame=[0,0][0,0] parentClippedByDisplayCutout=false} forceNextWindowRelayout=false displayId=0 resizeMode=-1 frameChanged=false displayFrameChanged=false configChanged=false displayChanged=false
09-13 22:37:45.129  1721  1721 I ViewRootImpl@e65d35d[NavigationBar0]: handleResized, msg = 4 frames=ClientWindowFrames{frame=[0,2265][1080,2400] display=[0,0][1080,2400] parentFrame=[0,0][0,0] parentClippedByDisplayCutout=false} forceNextWindowRelayout=false displayId=0 resizeMode=-1 frameChanged=false displayFrameChanged=false configChanged=false displayChanged=false
09-13 22:37:45.129   829   829 I sysinput:Touch: writeInformation:249, OK
09-13 22:37:45.129  1203  1527 D SysinputHAL_V1_3(V1_2): runTspCmdNoRead(1): set_grip_data,0,1,825,1373(0)
09-13 22:37:45.131  4350  4350 I ViewRootImpl@8a79059[CocktailBarService]: handleResized, msg = 5 frames=ClientWindowFrames{frame=[0,619][67,1030] display=[0,0][1080,2400] parentFrame=[0,0][0,0] parentClippedByDisplayCutout=false} forceNextWindowRelayout=false displayId=0 resizeMode=-1 frameChanged=false displayFrameChanged=false configChanged=false displayChanged=false
09-13 22:37:45.131  4350  4350 I ViewRootImpl@8a79059[CocktailBarService]: handleResized mSyncSeqId = 0
09-13 22:37:45.131  1203  1287 V WindowManager: performShowLocked: mDrawState=HAS_DRAWN in Window{2c682b9 u0 com.samsung.android.app.cocktailbarservice/com.samsung.android.app.cocktailbarservice.CocktailBarService}
09-13 22:37:45.131  4350  4350 I ViewRootImpl@8a79059[CocktailBarService]: reportNextDraw android.view.ViewRootImpl.handleResized:2450 android.view.ViewRootImpl.-$$Nest$mhandleResized:0 android.view.ViewRootImpl$ViewRootHandler.handleMessageImpl:6728 android.view.ViewRootImpl$ViewRootHandler.handleMessage:6697 android.os.Handler.dispatchMessage:106 
09-13 22:37:45.144   875   875 I Layer   : Layer [com.samsung.android.app.cocktailbarservice/com.samsung.android.app.cocktailbarservice.CocktailBarService$_4350#2041] hidden!! flag(0)
09-13 22:37:45.144  4350  4350 I ViewRootImpl@8a79059[CocktailBarService]: performTraversals params={(0,619)(67x411) gr=TOP LEFT CENTER sim={adjust=nothing forwardNavigation} layoutInDisplayCutoutMode=shortEdges ty=2226 fmt=TRANSPARENT
09-13 22:37:45.144  4350  4350 I ViewRootImpl@8a79059[CocktailBarService]:   fl=81800508
09-13 22:37:45.144  4350  4350 I ViewRootImpl@8a79059[CocktailBarService]:   pfl=2000050
09-13 22:37:45.144  4350  4350 I ViewRootImpl@8a79059[CocktailBarService]:   bhv=SHOW_TRANSIENT_BARS_BY_SWIPE
09-13 22:37:45.144  4350  4350 I ViewRootImpl@8a79059[CocktailBarService]:   fitTypes=STATUS_BARS NAVIGATION_BARS CAPTION_BAR
09-13 22:37:45.144  4350  4350 I ViewRootImpl@8a79059[CocktailBarService]:  dimAmount=0.0 dimDuration=0 naviIconColor=0
09-13 22:37:45.144  4350  4350 I ViewRootImpl@8a79059[CocktailBarService]:   sfl=220000}
09-13 22:37:45.144  4350  4350 I ViewRootImpl@8a79059[CocktailBarService]: performTraversals mFirst=false windowShouldResize=false viewVisibilityChanged=false mForceNextWindowRelayout=false params={(0,619)(67x411) gr=TOP LEFT CENTER sim={adjust=nothing forwardNavigation} layoutInDisplayCutoutMode=shortEdges ty=2226 fmt=TRANSPARENT
09-13 22:37:45.144  4350  4350 I ViewRootImpl@8a79059[CocktailBarService]:   fl=81800508
09-13 22:37:45.144  4350  4350 I ViewRootImpl@8a79059[CocktailBarService]:   pfl=2000050
09-13 22:37:45.144  4350  4350 I ViewRootImpl@8a79059[CocktailBarService]:   bhv=SHOW_TRANSIENT_BARS_BY_SWIPE
09-13 22:37:45.144  4350  4350 I ViewRootImpl@8a79059[CocktailBarService]:   fitTypes=NAVIGATION_BARS CAPTION_BAR
09-13 22:37:45.144  4350  4350 I ViewRootImpl@8a79059[CocktailBarService]:  dimAmount=0.0 dimDuration=0 naviIconColor=0
09-13 22:37:45.144  4350  4350 I ViewRootImpl@8a79059[CocktailBarService]:   sfl=220000}
09-13 22:37:45.145  1203  4212 V WindowManager: Relayout Window{2c682b9 u0 com.samsung.android.app.cocktailbarservice/com.samsung.android.app.cocktailbarservice.CocktailBarService}: viewVisibility=0 req=67x411 d0
09-13 22:37:45.147  1203  4212 V WindowManager: Relayout hash=2c682b9, pid=4350, syncId=-1: mAttrs={(0,619)(67x411) gr=TOP LEFT CENTER sim={adjust=nothing forwardNavigation} layoutInDisplayCutoutMode=shortEdges ty=2226 fmt=TRANSPARENT
09-13 22:37:45.147  1203  4212 V WindowManager:   fl=81800508
09-13 22:37:45.147  1203  4212 V WindowManager:   pfl=2000050
09-13 22:37:45.147  1203  4212 V WindowManager:   bhv=SHOW_TRANSIENT_BARS_BY_SWIPE
09-13 22:37:45.147  1203  4212 V WindowManager:   fitTypes=NAVIGATION_BARS CAPTION_BAR
09-13 22:37:45.147  1203  4212 V WindowManager:  dimAmount=0.0 dimDuration=0 naviIconColor=0
09-13 22:37:45.147  1203  4212 V WindowManager:   sfl=220000}
09-13 22:37:45.147   875   875 D SurfaceFlinger: Display 4633128672291735937 HWC layers:
09-13 22:37:45.147   875   875 D SurfaceFlinger:  SOLID_COLOR |              | 0000 |  Unknown  |    0.0    0.0    0.0    0.0 |    0    0 1080   73 | Letterbox - top#1994
09-13 22:37:45.147   875   875 D SurfaceFlinger:      DEVICE | 0x7b1645f2d0 | 0102 | RGBx_8888    |    0.0    0.0 1080.0 2327.0 |    0   73 1080 2400 | SurfaceView[org.cosmosmataro.skymap/[...]ynamicStarMapActivity]@0(BLAST)#1989
09-13 22:37:45.147   875   875 D SurfaceFlinger:      DEVICE | 0x7b16435c30 | 0100 | RGBA_8888    |    0.0    0.0   67.0  411.0 |    0  619   67 1030 | com.samsung.android.app.cocktailbars[...]ervice.CocktailBarService$_4350#2041
09-13 22:37:45.147   875   875 D SurfaceFlinger: 
09-13 22:37:45.148  4350  4350 I ViewRootImpl@8a79059[CocktailBarService]: updateBlastSurfaceIfNeeded mBlastBufferQueue=0x73e2e5d950 isSameSurfaceControl=true
09-13 22:37:45.148  4350  4350 I BLASTBufferQueue: update, w= 67 h= 411 mName = ViewRootImpl@8a79059[CocktailBarService] mNativeObject= 0x73e2e5d950 sc.mNativeObject= 0x7372e96cd0 format= -2 caller= android.view.ViewRootImpl.updateBlastSurfaceIfNeeded:2898 android.view.ViewRootImpl.relayoutWindow:9847 android.view.ViewRootImpl.performTraversals:3884 android.view.ViewRootImpl.doTraversal:3116 android.view.ViewRootImpl$TraversalRunnable.run:10885 android.view.Choreographer$CallbackRecord.run:1301 
09-13 22:37:45.148  4350  4350 I ViewRootImpl@8a79059[CocktailBarService]: Relayout returned: old=(0,619,67,1030) new=(0,619,67,1030) req=(67,411)0 dur=4 res=0x0 s={true 0x7472e87080} ch=false seqId=0
09-13 22:37:45.148  4350  4350 I ViewRootImpl@8a79059[CocktailBarService]: Setup new sync id=46
09-13 22:37:45.148  4350  4350 I ViewRootImpl@8a79059[CocktailBarService]: Setting syncFrameCallback
09-13 22:37:45.148  4350  4350 I ViewRootImpl@8a79059[CocktailBarService]: registerCallbacksForSync syncBuffer=false
09-13 22:37:45.149  4350  6387 I ViewRootImpl@8a79059[CocktailBarService]: Received frameDrawingCallback syncResult=0 frameNum=2.
09-13 22:37:45.149  4350  6387 I ViewRootImpl@8a79059[CocktailBarService]: Setting up sync and frameCommitCallback
09-13 22:37:45.150  4350  6237 I ViewRootImpl@8a79059[CocktailBarService]: Received frameCommittedCallback lastAttemptedDrawFrameNum=2 didProduceBuffer=true
09-13 22:37:45.150  4350  4350 I ViewRootImpl@8a79059[CocktailBarService]: onSyncComplete
09-13 22:37:45.150  4350  4350 I ViewRootImpl@8a79059[CocktailBarService]: setupSync seqId=0 mSyncId=46 fn=2 caller=android.view.ViewRootImpl$$ExternalSyntheticLambda11.accept:6 android.window.SurfaceSyncer.lambda$setupSync$1$android-window-SurfaceSyncer:128 android.window.SurfaceSyncer$$ExternalSyntheticLambda1.accept:8 android.window.SurfaceSyncer$SyncSet.checkIfSyncIsComplete:382 android.window.SurfaceSyncer$SyncSet.markSyncReady:359 android.window.SurfaceSyncer.markSyncReady:151 android.view.ViewRootImpl.performTraversals:4503 
09-13 22:37:45.150  4350  4350 I ViewRootImpl@8a79059[CocktailBarService]: reportDrawFinished seqId=0 mSyncId=-1 fn=2 mSurfaceChangedTransaction=0x73a2e4a610
09-13 22:37:45.150  4350  4350 I CocktailBarUiController: onCocktailBarStateChanged: flag=0x1 vis=1 bgType= showTimeout=-1 activate=true
09-13 22:37:45.151  1203  1948 D WindowManager: finishDrawingWindow: Window{2c682b9 u0 com.samsung.android.app.cocktailbarservice/com.samsung.android.app.cocktailbarservice.CocktailBarService} mDrawState=HAS_DRAWN seqId=0
09-13 22:37:45.165   875   875 D SurfaceFlinger: Display 4633128672291735937 HWC layers:
09-13 22:37:45.165   875   875 D SurfaceFlinger:  SOLID_COLOR |              | 0000 |  Unknown  |    0.0    0.0    0.0    0.0 |    0    0 1080   73 | Letterbox - top#1994
09-13 22:37:45.165   875   875 D SurfaceFlinger:      DEVICE | 0x7b16459570 | 0102 | RGBx_8888    |    0.0    0.0 1080.0 2327.0 |    0   73 1080 2400 | SurfaceView[org.cosmosmataro.skymap/[...]ynamicStarMapActivity]@0(BLAST)#1989
09-13 22:37:45.165   875   875 D SurfaceFlinger:      DEVICE | 0x7b1643cef0 | 0100 | RGBA_8888    |    0.0    0.0   67.0  411.0 |    0  619   67 1030 | com.samsung.android.app.cocktailbars[...]ervice.CocktailBarService$_4350#2041
09-13 22:37:45.165   875   875 D SurfaceFlinger:      DEVICE | 0x7b16466b30 | 0100 | RGBA_8888    |    0.0    0.0 1080.0    1.0 |    0 2399 1080 2400 | NavigationBar0$_1721#76
09-13 22:37:45.165   875   875 D SurfaceFlinger: 
09-13 22:37:45.181   875   875 D SurfaceFlinger: Display 4633128672291735937 HWC layers:
09-13 22:37:45.181   875   875 D SurfaceFlinger:  SOLID_COLOR |              | 0000 |  Unknown  |    0.0    0.0    0.0    0.0 |    0    0 1080   73 | Letterbox - top#1994
09-13 22:37:45.181   875   875 D SurfaceFlinger:      DEVICE | 0x7b16468630 | 0102 | RGBx_8888    |    0.0    0.0 1080.0 2327.0 |    0   73 1080 2400 | SurfaceView[org.cosmosmataro.skymap/[...]ynamicStarMapActivity]@0(BLAST)#1989
09-13 22:37:45.181   875   875 D SurfaceFlinger:      DEVICE | 0x7b164362f0 | 0100 | RGBA_8888    |    0.0   71.0 1080.0   73.0 |    0    0 1080    2 | StatusBar$_1721#81
09-13 22:37:45.181   875   875 D SurfaceFlinger:      DEVICE | 0x7b1643cef0 | 0100 | RGBA_8888    |    0.0    0.0   67.0  411.0 |    0  619   67 1030 | com.samsung.android.app.cocktailbars[...]ervice.CocktailBarService$_4350#2041
09-13 22:37:45.181   875   875 D SurfaceFlinger:      DEVICE | 0x7b164655d0 | 0100 | RGBA_8888    |    0.0    0.0 1080.0    5.0 |    0 2395 1080 2400 | NavigationBar0$_1721#76
09-13 22:37:45.181   875   875 D SurfaceFlinger: 
09-13 22:37:45.187  1203  1515 D InputReader: Btn_touch(2): value=0 when=24720.313969
09-13 22:37:45.187  1203  1515 I InputReader: Touch event's action is 0x1 (id=6, t=0) [pCnt=1, s=] when=24720.313969
09-13 22:37:45.187  1203  1514 I InputDispatcher: Delivering touch to (2051): action: 0x1, f=0x0, d=0, 'c9ae5b7', t=1 +(0,-72)*(0.75)
09-13 22:37:45.188  2051  2051 I ViewRootImpl@42381[DynamicStarMapActivity]: ViewPostIme pointer 1
09-13 22:37:45.188  2051  2051 D Stardroid.GestureInterpreter: Flinging 1409.4164, -2558.6995
09-13 22:37:45.188  2051  2051 D Stardroid.Flinger: Doing the fling
09-13 22:37:45.189  1203  1203 D SGM:GameManager: identifyGamePackage. org.cosmosmataro.skymap, mCurrentUserId: 0, callerUserId: 0, callingMethodInfo: com.android.server.ssrm.fgapps.GameAppUtils.isGame(GameAppUtils.java:84)
09-13 22:37:45.189  1203  1203 D SGM:PkgDataHelper: getGamePkgData(). org.cosmosmataro.skymap
09-13 22:37:45.189  1203  1203 I SemDvfsHyPerManager: acquire hyper - GESTURE_DETECTED_HRR/1203@31, type = -999
09-13 22:37:45.189  1203  1203 I SemDvfsHyPerManager: acquire hyper - SMOOTH_SCROLL/1203@24, type = -999
09-13 22:37:45.189   797   883 I HYPER-HAL: [RequestManager.cpp]acquire(): Acquired ID : 762026  [1203 / 31]    HINT : GESTURE_DETECTED_HRR    list : [TIMEOUT / 1304] 
09-13 22:37:45.190   797   883 I HYPER-HAL: [ResourceManager.cpp]updateResource(): [CPUMinFreq] UpdateResource Request ID : 762026    Value : 1410322
09-13 22:37:45.190  1203  1203 D SGM:GameManager: identifyGamePackage. org.cosmosmataro.skymap, mCurrentUserId: 0, callerUserId: 0, callingMethodInfo: com.android.server.ssrm.fgapps.GameAppUtils.isGame(GameAppUtils.java:84)
09-13 22:37:45.190  1203  1203 D SGM:PkgDataHelper: getGamePkgData(). org.cosmosmataro.skymap
09-13 22:37:45.190  1203  1203 I SemDvfsHyPerManager: acquire hyper - GESTURE_DETECTED_HRR/1203@31, type = -999
09-13 22:37:45.191   797   883 I HYPER-HAL: [RequestManager.cpp]acquire(): Acquired ID : 753402  [1203 / 24]    HINT : SMOOTH_SCROLL    list : 
09-13 22:37:45.191   797   883 I HYPER-HAL: [ResourceManager.cpp]updateResource(): [CPUMinFreq] UpdateResource Request ID : 753402    Value : 1258359
09-13 22:37:45.191   797   883 I HYPER-HAL: [RequestManager.cpp]acquire(): Acquired ID : 762026  [1203 / 31]    HINT : GESTURE_DETECTED_HRR    list : [TIMEOUT / 1304] 
09-13 22:37:45.192   797   883 I HYPER-HAL: [ResourceManager.cpp]updateResource(): [CPUMinFreq] UpdateResource Request ID : 762026    Value : 1410322
09-13 22:37:45.192   797   883 I HYPER-HAL: [ResourceManager.cpp]removeResource(): [CPUMinFreq] RemoveResource Request ID : 753402
09-13 22:37:45.192   797   883 I HYPER-HAL: [RequestManager.cpp]releaseLocked(): Released ID : 753402
09-13 22:37:45.266   785   785 I android.hardware.health@2.1-service-samsung: updateLrpSysfs: write: 325
09-13 22:37:45.441  1203  1614 D SemNscXgbMsL1: Probability - Cloud gaming: [0.13871284]
09-13 22:37:45.441  1203  1614 D SemNscXgbMsL1: Probability - Real time: [0.03428646]
09-13 22:37:45.441  1203  1614 D SemNscXgbMsL1: Probability - Non real time: [0.80954725]
09-13 22:37:45.441  1203  1614 D SemNscXgbMsL1: 1 sample inference time: 0.2685 msecs
09-13 22:37:45.441  1203  1614 D SemNscXgbL2Rt: L2 RT 1 sample inference time: 0.376 msecs
09-13 22:37:45.442  1203  1614 D SemNscXgbL2Nrt: L2 NRT 1 sample inference time: 0.248846 msecs
09-13 22:37:45.523  1203  1289 E Watchdog: !@Sync: 824 heap: 152 / 163 FD: 1160 [2025-09-13 22:37:45.523]
09-13 22:37:45.805  1203  1571 W DeviceStorageMonitorService: updateBroadcasts(/data) oldLevel:0, newLevel:0, seq:1
09-13 22:37:45.806  1203  1571 D DeviceStorageMonitorService: Available File Node Number is [13028708]
09-13 22:37:45.806  1203  1571 W DeviceStorageMonitorService: updateBroadcasts_filenode(/data) fn_oldLevel:0, fn_newLevel:0, seq:1
09-13 22:37:45.936  1203  1614 I SemWifiServiceDetector: Traff. tracking stopped
09-13 22:37:46.268  2048  2285 D BtGatt.GattService: onScanResult to scannerId: 10- eventType=0x0, addressType=1, address=1557A3_4, primaryPhy=1, secondaryPhy=1, advertisingSid=0x1, txPower=127, rssi=-92, periodicAdvInt=0x0
09-13 22:37:46.275  1203  1515 D InputReader: Btn_touch(2): value=1 when=24721.401640
09-13 22:37:46.275  1203  1515 I InputReader: Touch event's action is 0x0 (id=6, t=0) [pCnt=1, s=0.270 ] when=24721.401640
09-13 22:37:46.276  1203  1514 I InputDispatcher: Delivering touch to (1721): action: 0x4, f=0x0, d=0, '60c90e4', t=1 
09-13 22:37:46.276  1203  1514 I InputDispatcher: Delivering touch to (2051): action: 0x0, f=0x0, d=0, 'c9ae5b7', t=1 +(0,-72)*(0.75)
09-13 22:37:46.276  1203  1514 D PowerManagerService: [api] userActivityFromNative :  (event: 2 flags: 0 displayId: 0) eventTime = 24721401
09-13 22:37:46.276  2051  2051 I ViewRootImpl@42381[DynamicStarMapActivity]: ViewPostIme pointer 0
09-13 22:37:46.276  1203  1284 I GestureDetector: obtain mCurrentDownEvent. id: 748678524 caller: com.android.server.wm.SystemGesturesPointerEventListener.onPointerEvent:203 com.android.server.wm.PointerEventDispatcher.onInputEvent:53 android.view.InputEventReceiver.dispatchInputEvent:285 
09-13 22:37:46.277  1203  1284 I GestureDetector: obtain mCurrentDownEvent. id: 748678524 caller: com.android.server.wm.SystemPerformancePointerEventListener.onPointerEvent:89 com.android.server.wm.PointerEventDispatcher.onInputEvent:53 android.view.InputEventReceiver.dispatchInputEvent:285 
09-13 22:37:46.277  2051  2051 I GestureDetector: obtain mCurrentDownEvent. id: 748678524 caller: com.google.android.stardroid.activities.DynamicStarMapActivity.onTouchEvent:583 android.app.Activity.dispatchTouchEvent:4391 com.android.internal.policy.DecorView.dispatchTouchEvent:1074 
09-13 22:37:46.277  2051  2051 D Stardroid.GestureInterpreter: Tap down
09-13 22:37:46.277  2051  2051 D Stardroid.Flinger: Fling stopped
09-13 22:37:46.306   875   981 I VSyncReactor: Current= 60, TransitioningTo= 60, Distance= 60
09-13 22:37:46.308  1203  1284 I GestureDetector: obtain mCurrentMotionEventRaw. action: 2 id: 610149321
09-13 22:37:46.308  1203  1284 I GestureDetector: obtain mCurrentMotionEventRaw. action: 2 id: 610149321
09-13 22:37:46.323  2051  2051 I GestureDetector: obtain mCurrentMotionEventRaw. action: 2 id: 610149321
09-13 22:37:46.342  1203  1515 D InputReader: Btn_touch(2): value=0 when=24721.468050
09-13 22:37:46.342  1203  1515 I InputReader: Touch event's action is 0x1 (id=6, t=0) [pCnt=1, s=] when=24721.468050
09-13 22:37:46.342  1203  1514 I InputDispatcher: Delivering touch to (2051): action: 0x1, f=0x0, d=0, 'c9ae5b7', t=1 +(0,-72)*(0.75)
09-13 22:37:46.343  2051  2051 I ViewRootImpl@42381[DynamicStarMapActivity]: ViewPostIme pointer 1
09-13 22:37:46.343  2051  2051 D Stardroid.GestureInterpreter: Tap up
09-13 22:37:46.343  2051  2051 D Stardroid.FullscreenControlsManager: Toggling the UI
09-13 22:37:46.356  2051  2051 I DecorView: notifyKeepScreenOnChanged: keepScreenOn=true
09-13 22:37:46.357  2051  2051 D InsetsSourceConsumer: setRequestedVisible: visible=true, type=23, host=org.cosmosmataro.skymap/com.google.android.stardroid.activities.DynamicStarMapActivity, from=android.view.InsetsSourceConsumer.show:250 android.view.InsetsController.collectSourceControls:1303 android.view.InsetsController.controlAnimationUnchecked:1164 android.view.InsetsController.applyAnimation:1576 android.view.InsetsController.applyAnimation:1557 android.view.InsetsController.show:1063 android.view.InsetsController.show:1004 android.view.ViewRootImpl.controlInsetsForCompatibility:3342 android.view.ViewRootImpl.performTraversals:3833 android.view.ViewRootImpl.doTraversal:3116 
09-13 22:37:46.358  2051  2051 D InsetsSourceConsumer: setRequestedVisible: visible=true, type=22, host=org.cosmosmataro.skymap/com.google.android.stardroid.activities.DynamicStarMapActivity, from=android.view.InsetsSourceConsumer.show:250 android.view.InsetsController.collectSourceControls:1303 android.view.InsetsController.controlAnimationUnchecked:1164 android.view.InsetsController.applyAnimation:1576 android.view.InsetsController.applyAnimation:1557 android.view.InsetsController.show:1063 android.view.InsetsController.show:1004 android.view.ViewRootImpl.controlInsetsForCompatibility:3342 android.view.ViewRootImpl.performTraversals:3833 android.view.ViewRootImpl.doTraversal:3116 
09-13 22:37:46.358  2051  2051 D InsetsSourceConsumer: setRequestedVisible: visible=true, type=21, host=org.cosmosmataro.skymap/com.google.android.stardroid.activities.DynamicStarMapActivity, from=android.view.InsetsSourceConsumer.show:250 android.view.InsetsController.collectSourceControls:1303 android.view.InsetsController.controlAnimationUnchecked:1164 android.view.InsetsController.applyAnimation:1576 android.view.InsetsController.applyAnimation:1557 android.view.InsetsController.show:1063 android.view.InsetsController.show:1004 android.view.ViewRootImpl.controlInsetsForCompatibility:3342 android.view.ViewRootImpl.performTraversals:3833 android.view.ViewRootImpl.doTraversal:3116 
